rails aborted!
fatal: exception reentered
/usr/local/rvm/gems/ruby-2.3.0/gems/activerecord-5.0.0.1/lib/active_record/transactions.rb:337:in `rescue in rollback_active_record_state!'
/usr/local/rvm/gems/ruby-2.3.0/gems/activerecord-5.0.0.1/lib/active_record/transactions.rb:340:in `rollback_active_record_state!'
/usr/local/rvm/gems/ruby-2.3.0/gems/activerecord-5.0.0.1/lib/active_record/transactions.rb:318:in `save'
/usr/local/rvm/gems/ruby-2.3.0/gems/activerecord-5.0.0.1/lib/active_record/suppressor.rb:41:in `save'
/usr/local/rvm/gems/ruby-2.3.0/gems/activerecord-5.0.0.1/lib/active_record/persistence.rb:266:in `block in update'
/usr/local/rvm/gems/ruby-2.3.0/gems/activerecord-5.0.0.1/lib/active_record/transactions.rb:395:in `block in with_transaction_returning_status'
/usr/local/rvm/gems/ruby-2.3.0/gems/activerecord-5.0.0.1/lib/active_record/connection_adapters/abstract/database_statements.rb:230:in `transaction'
/usr/local/rvm/gems/ruby-2.3.0/gems/activerecord-5.0.0.1/lib/active_record/transactions.rb:211:in `transaction'
/usr/local/rvm/gems/ruby-2.3.0/gems/activerecord-5.0.0.1/lib/active_record/transactions.rb:392:in `with_transaction_returning_status'
/usr/local/rvm/gems/ruby-2.3.0/gems/activerecord-5.0.0.1/lib/active_record/persistence.rb:264:in `update'
/home/ubuntu/workspace/matchme/app/models/match.rb:25:in `add_percent'
/usr/local/rvm/gems/ruby-2.3.0/gems/activesupport-5.0.0.1/lib/active_support/callbacks.rb:382:in `block in make_lambda'
/usr/local/rvm/gems/ruby-2.3.0/gems/activesupport-5.0.0.1/lib/active_support/callbacks.rb:207:in `block in halting_and_conditional'
/usr/local/rvm/gems/ruby-2.3.0/gems/activesupport-5.0.0.1/lib/active_support/callbacks.rb:456:in `block in call'
/usr/local/rvm/gems/ruby-2.3.0/gems/activesupport-5.0.0.1/lib/active_support/callbacks.rb:456:in `each'
/usr/local/rvm/gems/ruby-2.3.0/gems/activesupport-5.0.0.1/lib/active_support/callbacks.rb:456:in `call'
/usr/local/rvm/gems/ruby-2.3.0/gems/activesupport-5.0.0.1/lib/active_support/callbacks.rb:101:in `__run_callbacks__'
/usr/local/rvm/gems/ruby-2.3.0/gems/activesupport-5.0.0.1/lib/active_support/callbacks.rb:750:in `_run_save_callbacks'
/usr/local/rvm/gems/ruby-2.3.0/gems/activerecord-5.0.0.1/lib/active_record/callbacks.rb:298:in `create_or_update'
/usr/local/rvm/gems/ruby-2.3.0/gems/activerecord-5.0.0.1/lib/active_record/persistence.rb:125:in `save'
/usr/local/rvm/gems/ruby-2.3.0/gems/activerecord-5.0.0.1/lib/active_record/validations.rb:44:in `save'
/usr/local/rvm/gems/ruby-2.3.0/gems/activerecord-5.0.0.1/lib/active_record/attribute_methods/dirty.rb:22:in `save'
/usr/local/rvm/gems/ruby-2.3.0/gems/activerecord-5.0.0.1/lib/active_record/transactions.rb:319:in `block (2 levels) in save'
/usr/local/rvm/gems/ruby-2.3.0/gems/activerecord-5.0.0.1/lib/active_record/transactions.rb:395:in `block in with_transaction_returning_status'
/usr/local/rvm/gems/ruby-2.3.0/gems/activerecord-5.0.0.1/lib/active_record/connection_adapters/abstract/database_statements.rb:230:in `transaction'
/usr/local/rvm/gems/ruby-2.3.0/gems/activerecord-5.0.0.1/lib/active_record/transactions.rb:211:in `transaction'
/usr/local/rvm/gems/ruby-2.3.0/gems/activerecord-5.0.0.1/lib/active_record/transactions.rb:392:in `with_transaction_returning_status'
/usr/local/rvm/gems/ruby-2.3.0/gems/activerecord-5.0.0.1/lib/active_record/transactions.rb:319:in `block in save'
/usr/local/rvm/gems/ruby-2.3.0/gems/activerecord-5.0.0.1/lib/active_record/transactions.rb:334:in `rollback_active_record_state!'
/usr/local/rvm/gems/ruby-2.3.0/gems/activerecord-5.0.0.1/lib/active_record/transactions.rb:318:in `save'
/usr/local/rvm/gems/ruby-2.3.0/gems/activerecord-5.0.0.1/lib/active_record/suppressor.rb:41:in `save'
/usr/local/rvm/gems/ruby-2.3.0/gems/activerecord-5.0.0.1/lib/active_record/persistence.rb:266:in `block in update'
/usr/local/rvm/gems/ruby-2.3.0/gems/activerecord-5.0.0.1/lib/active_record/transactions.rb:395:in `block in with_transaction_returning_status'
/usr/local/rvm/gems/ruby-2.3.0/gems/activerecord-5.0.0.1/lib/active_record/connection_adapters/abstract/database_statements.rb:230:in `transaction'
/usr/local/rvm/gems/ruby-2.3.0/gems/activerecord-5.0.0.1/lib/active_record/transactions.rb:211:in `transaction'
/usr/local/rvm/gems/ruby-2.3.0/gems/activerecord-5.0.0.1/lib/active_record/transactions.rb:392:in `with_transaction_returning_status'
/usr/local/rvm/gems/ruby-2.3.0/gems/activerecord-5.0.0.1/lib/active_record/persistence.rb:264:in `update'
/home/ubuntu/workspace/matchme/app/models/match.rb:25:in `add_percent'
/usr/local/rvm/gems/ruby-2.3.0/gems/activesupport-5.0.0.1/lib/active_support/callbacks.rb:382:in `block in make_lambda'
/usr/local/rvm/gems/ruby-2.3.0/gems/activesupport-5.0.0.1/lib/active_support/callbacks.rb:207:in `block in halting_and_conditional'
/usr/local/rvm/gems/ruby-2.3.0/gems/activesupport-5.0.0.1/lib/active_support/callbacks.rb:456:in `block in call'
/usr/local/rvm/gems/ruby-2.3.0/gems/activesupport-5.0.0.1/lib/active_support/callbacks.rb:456:in `each'
/usr/local/rvm/gems/ruby-2.3.0/gems/activesupport-5.0.0.1/lib/active_support/callbacks.rb:456:in `call'
/usr/local/rvm/gems/ruby-2.3.0/gems/activesupport-5.0.0.1/lib/active_support/callbacks.rb:101:in `__run_callbacks__'
/usr/local/rvm/gems/ruby-2.3.0/gems/activesupport-5.0.0.1/lib/active_support/callbacks.rb:750:in `_run_save_callbacks'
/usr/local/rvm/gems/ruby-2.3.0/gems/activerecord-5.0.0.1/lib/active_record/callbacks.rb:298:in `create_or_update'
/usr/local/rvm/gems/ruby-2.3.0/gems/activerecord-5.0.0.1/lib/active_record/persistence.rb:125:in `save'
/usr/local/rvm/gems/ruby-2.3.0/gems/activerecord-5.0.0.1/lib/active_record/validations.rb:44:in `save'
/usr/local/rvm/gems/ruby-2.3.0/gems/activerecord-5.0.0.1/lib/active_record/attribute_methods/dirty.rb:22:in `save'
/usr/local/rvm/gems/ruby-2.3.0/gems/activerecord-5.0.0.1/lib/active_record/transactions.rb:319:in `block (2 levels) in save'
/usr/local/rvm/gems/ruby-2.3.0/gems/activerecord-5.0.0.1/lib/active_record/transactions.rb:395:in `block in with_transaction_returning_status'
/usr/local/rvm/gems/ruby-2.3.0/gems/activerecord-5.0.0.1/lib/active_record/connection_adapters/abstract/database_statements.rb:230:in `transaction'
/usr/local/rvm/gems/ruby-2.3.0/gems/activerecord-5.0.0.1/lib/active_record/transactions.rb:211:in `transaction'
/usr/local/rvm/gems/ruby-2.3.0/gems/activerecord-5.0.0.1/lib/active_record/transactions.rb:392:in `with_transaction_returning_status'
/usr/local/rvm/gems/ruby-2.3.0/gems/activerecord-5.0.0.1/lib/active_record/transactions.rb:319:in `block in save'
/usr/local/rvm/gems/ruby-2.3.0/gems/activerecord-5.0.0.1/lib/active_record/transactions.rb:334:in `rollback_active_record_state!'
/usr/local/rvm/gems/ruby-2.3.0/gems/activerecord-5.0.0.1/lib/active_record/transactions.rb:318:in `save'
/usr/local/rvm/gems/ruby-2.3.0/gems/activerecord-5.0.0.1/lib/active_record/suppressor.rb:41:in `save'
/usr/local/rvm/gems/ruby-2.3.0/gems/activerecord-5.0.0.1/lib/active_record/persistence.rb:266:in `block in update'
/usr/local/rvm/gems/ruby-2.3.0/gems/activerecord-5.0.0.1/lib/active_record/transactions.rb:395:in `block in with_transaction_returning_status'
/usr/local/rvm/gems/ruby-2.3.0/gems/activerecord-5.0.0.1/lib/active_record/connection_adapters/abstract/database_statements.rb:230:in `transaction'
/usr/local/rvm/gems/ruby-2.3.0/gems/activerecord-5.0.0.1/lib/active_record/transactions.rb:211:in `transaction'
/usr/local/rvm/gems/ruby-2.3.0/gems/activerecord-5.0.0.1/lib/active_record/transactions.rb:392:in `with_transaction_returning_status'
/usr/local/rvm/gems/ruby-2.3.0/gems/activerecord-5.0.0.1/lib/active_record/persistence.rb:264:in `update'
/home/ubuntu/workspace/matchme/app/models/match.rb:25:in `add_percent'
/usr/local/rvm/gems/ruby-2.3.0/gems/activesupport-5.0.0.1/lib/active_support/callbacks.rb:382:in `block in make_lambda'
/usr/local/rvm/gems/ruby-2.3.0/gems/activesupport-5.0.0.1/lib/active_support/callbacks.rb:207:in `block in halting_and_conditional'
/usr/local/rvm/gems/ruby-2.3.0/gems/activesupport-5.0.0.1/lib/active_support/callbacks.rb:456:in `block in call'
/usr/local/rvm/gems/ruby-2.3.0/gems/activesupport-5.0.0.1/lib/active_support/callbacks.rb:456:in `each'
/usr/local/rvm/gems/ruby-2.3.0/gems/activesupport-5.0.0.1/lib/active_support/callbacks.rb:456:in `call'
/usr/local/rvm/gems/ruby-2.3.0/gems/activesupport-5.0.0.1/lib/active_support/callbacks.rb:101:in `__run_callbacks__'
/usr/local/rvm/gems/ruby-2.3.0/gems/activesupport-5.0.0.1/lib/active_support/callbacks.rb:750:in `_run_save_callbacks'
/usr/local/rvm/gems/ruby-2.3.0/gems/activerecord-5.0.0.1/lib/active_record/callbacks.rb:298:in `create_or_update'
/usr/local/rvm/gems/ruby-2.3.0/gems/activerecord-5.0.0.1/lib/active_record/persistence.rb:125:in `save'
/usr/local/rvm/gems/ruby-2.3.0/gems/activerecord-5.0.0.1/lib/active_record/validations.rb:44:in `save'
/usr/local/rvm/gems/ruby-2.3.0/gems/activerecord-5.0.0.1/lib/active_record/attribute_methods/dirty.rb:22:in `save'
/usr/local/rvm/gems/ruby-2.3.0/gems/activerecord-5.0.0.1/lib/active_record/transactions.rb:319:in `block (2 levels) in save'
/usr/local/rvm/gems/ruby-2.3.0/gems/activerecord-5.0.0.1/lib/active_record/transactions.rb:395:in `block in with_transaction_returning_status'
/usr/local/rvm/gems/ruby-2.3.0/gems/activerecord-5.0.0.1/lib/active_record/connection_adapters/abstract/database_statements.rb:230:in `transaction'
/usr/local/rvm/gems/ruby-2.3.0/gems/activerecord-5.0.0.1/lib/active_record/transactions.rb:211:in `transaction'
/usr/local/rvm/gems/ruby-2.3.0/gems/activerecord-5.0.0.1/lib/active_record/transactions.rb:392:in `with_transaction_returning_status'
/usr/local/rvm/gems/ruby-2.3.0/gems/activerecord-5.0.0.1/lib/active_record/transactions.rb:319:in `block in save'
/usr/local/rvm/gems/ruby-2.3.0/gems/activerecord-5.0.0.1/lib/active_record/transactions.rb:334:in `rollback_active_record_state!'
/usr/local/rvm/gems/ruby-2.3.0/gems/activerecord-5.0.0.1/lib/active_record/transactions.rb:318:in `save'
/usr/local/rvm/gems/ruby-2.3.0/gems/activerecord-5.0.0.1/lib/active_record/suppressor.rb:41:in `save'
/usr/local/rvm/gems/ruby-2.3.0/gems/activerecord-5.0.0.1/lib/active_record/persistence.rb:266:in `block in update'
/usr/local/rvm/gems/ruby-2.3.0/gems/activerecord-5.0.0.1/lib/active_record/transactions.rb:395:in `block in with_transaction_returning_status'
/usr/local/rvm/gems/ruby-2.3.0/gems/activerecord-5.0.0.1/lib/active_record/connection_adapters/abstract/database_statements.rb:230:in `transaction'
/usr/local/rvm/gems/ruby-2.3.0/gems/activerecord-5.0.0.1/lib/active_record/transactions.rb:211:in `transaction'
/usr/local/rvm/gems/ruby-2.3.0/gems/activerecord-5.0.0.1/lib/active_record/transactions.rb:392:in `with_transaction_returning_status'
/usr/local/rvm/gems/ruby-2.3.0/gems/activerecord-5.0.0.1/lib/active_record/persistence.rb:264:in `update'
/home/ubuntu/workspace/matchme/app/models/match.rb:25:in `add_percent'
/usr/local/rvm/gems/ruby-2.3.0/gems/activesupport-5.0.0.1/lib/active_support/callbacks.rb:382:in `block in make_lambda'
/usr/local/rvm/gems/ruby-2.3.0/gems/activesupport-5.0.0.1/lib/active_support/callbacks.rb:207:in `block in halting_and_conditional'
/usr/local/rvm/gems/ruby-2.3.0/gems/activesupport-5.0.0.1/lib/active_support/callbacks.rb:456:in `block in call'
/usr/local/rvm/gems/ruby-2.3.0/gems/activesupport-5.0.0.1/lib/active_support/callbacks.rb:456:in `each'
/usr/local/rvm/gems/ruby-2.3.0/gems/activesupport-5.0.0.1/lib/active_support/callbacks.rb:456:in `call'
/usr/local/rvm/gems/ruby-2.3.0/gems/activesupport-5.0.0.1/lib/active_support/callbacks.rb:101:in `__run_callbacks__'
/usr/local/rvm/gems/ruby-2.3.0/gems/activesupport-5.0.0.1/lib/active_support/callbacks.rb:750:in `_run_save_callbacks'
/usr/local/rvm/gems/ruby-2.3.0/gems/activerecord-5.0.0.1/lib/active_record/callbacks.rb:298:in `create_or_update'
/usr/local/rvm/gems/ruby-2.3.0/gems/activerecord-5.0.0.1/lib/active_record/persistence.rb:125:in `save'
/usr/local/rvm/gems/ruby-2.3.0/gems/activerecord-5.0.0.1/lib/active_record/validations.rb:44:in `save'
/usr/local/rvm/gems/ruby-2.3.0/gems/activerecord-5.0.0.1/lib/active_record/attribute_methods/dirty.rb:22:in `save'
/usr/local/rvm/gems/ruby-2.3.0/gems/activerecord-5.0.0.1/lib/active_record/transactions.rb:319:in `block (2 levels) in save'
/usr/local/rvm/gems/ruby-2.3.0/gems/activerecord-5.0.0.1/lib/active_record/transactions.rb:395:in `block in with_transaction_returning_status'
/usr/local/rvm/gems/ruby-2.3.0/gems/activerecord-5.0.0.1/lib/active_record/connection_adapters/abstract/database_statements.rb:230:in `transaction'
/usr/local/rvm/gems/ruby-2.3.0/gems/activerecord-5.0.0.1/lib/active_record/transactions.rb:211:in `transaction'
/usr/local/rvm/gems/ruby-2.3.0/gems/activerecord-5.0.0.1/lib/active_record/transactions.rb:392:in `with_transaction_returning_status'
/usr/local/rvm/gems/ruby-2.3.0/gems/activerecord-5.0.0.1/lib/active_record/transactions.rb:319:in `block in save'
/usr/local/rvm/gems/ruby-2.3.0/gems/activerecord-5.0.0.1/lib/active_record/transactions.rb:334:in `rollback_active_record_state!'
/usr/local/rvm/gems/ruby-2.3.0/gems/activerecord-5.0.0.1/lib/active_record/transactions.rb:318:in `save'
/usr/local/rvm/gems/ruby-2.3.0/gems/activerecord-5.0.0.1/lib/active_record/suppressor.rb:41:in `save'
/usr/local/rvm/gems/ruby-2.3.0/gems/activerecord-5.0.0.1/lib/active_record/persistence.rb:266:in `block in update'
/usr/local/rvm/gems/ruby-2.3.0/gems/activerecord-5.0.0.1/lib/active_record/transactions.rb:395:in `block in with_transaction_returning_status'
/usr/local/rvm/gems/ruby-2.3.0/gems/activerecord-5.0.0.1/lib/active_record/connection_adapters/abstract/database_statements.rb:230:in `transaction'
/usr/local/rvm/gems/ruby-2.3.0/gems/activerecord-5.0.0.1/lib/active_record/transactions.rb:211:in `transaction'
/usr/local/rvm/gems/ruby-2.3.0/gems/activerecord-5.0.0.1/lib/active_record/transactions.rb:392:in `with_transaction_returning_status'
/usr/local/rvm/gems/ruby-2.3.0/gems/activerecord-5.0.0.1/lib/active_record/persistence.rb:264:in `update'
/home/ubuntu/workspace/matchme/app/models/match.rb:25:in `add_percent'
/usr/local/rvm/gems/ruby-2.3.0/gems/activesupport-5.0.0.1/lib/active_support/callbacks.rb:382:in `block in make_lambda'
/usr/local/rvm/gems/ruby-2.3.0/gems/activesupport-5.0.0.1/lib/active_support/callbacks.rb:207:in `block in halting_and_conditional'
/usr/local/rvm/gems/ruby-2.3.0/gems/activesupport-5.0.0.1/lib/active_support/callbacks.rb:456:in `block in call'
/usr/local/rvm/gems/ruby-2.3.0/gems/activesupport-5.0.0.1/lib/active_support/callbacks.rb:456:in `each'
/usr/local/rvm/gems/ruby-2.3.0/gems/activesupport-5.0.0.1/lib/active_support/callbacks.rb:456:in `call'
/usr/local/rvm/gems/ruby-2.3.0/gems/activesupport-5.0.0.1/lib/active_support/callbacks.rb:101:in `__run_callbacks__'
/usr/local/rvm/gems/ruby-2.3.0/gems/activesupport-5.0.0.1/lib/active_support/callbacks.rb:750:in `_run_save_callbacks'
/usr/local/rvm/gems/ruby-2.3.0/gems/activerecord-5.0.0.1/lib/active_record/callbacks.rb:298:in `create_or_update'
/usr/local/rvm/gems/ruby-2.3.0/gems/activerecord-5.0.0.1/lib/active_record/persistence.rb:125:in `save'
/usr/local/rvm/gems/ruby-2.3.0/gems/activerecord-5.0.0.1/lib/active_record/validations.rb:44:in `save'
/usr/local/rvm/gems/ruby-2.3.0/gems/activerecord-5.0.0.1/lib/active_record/attribute_methods/dirty.rb:22:in `save'
/usr/local/rvm/gems/ruby-2.3.0/gems/activerecord-5.0.0.1/lib/active_record/transactions.rb:319:in `block (2 levels) in save'
/usr/local/rvm/gems/ruby-2.3.0/gems/activerecord-5.0.0.1/lib/active_record/transactions.rb:395:in `block in with_transaction_returning_status'
/usr/local/rvm/gems/ruby-2.3.0/gems/activerecord-5.0.0.1/lib/active_record/connection_adapters/abstract/database_statements.rb:230:in `transaction'
/usr/local/rvm/gems/ruby-2.3.0/gems/activerecord-5.0.0.1/lib/active_record/transactions.rb:211:in `transaction'
/usr/local/rvm/gems/ruby-2.3.0/gems/activerecord-5.0.0.1/lib/active_record/transactions.rb:392:in `with_transaction_returning_status'
/usr/local/rvm/gems/ruby-2.3.0/gems/activerecord-5.0.0.1/lib/active_record/transactions.rb:319:in `block in save'
/usr/local/rvm/gems/ruby-2.3.0/gems/activerecord-5.0.0.1/lib/active_record/transactions.rb:334:in `rollback_active_record_state!'
/usr/local/rvm/gems/ruby-2.3.0/gems/activerecord-5.0.0.1/lib/active_record/transactions.rb:318:in `save'
/usr/local/rvm/gems/ruby-2.3.0/gems/activerecord-5.0.0.1/lib/active_record/suppressor.rb:41:in `save'
/usr/local/rvm/gems/ruby-2.3.0/gems/activerecord-5.0.0.1/lib/active_record/persistence.rb:266:in `block in update'
/usr/local/rvm/gems/ruby-2.3.0/gems/activerecord-5.0.0.1/lib/active_record/transactions.rb:395:in `block in with_transaction_returning_status'
/usr/local/rvm/gems/ruby-2.3.0/gems/activerecord-5.0.0.1/lib/active_record/connection_adapters/abstract/database_statements.rb:230:in `transaction'
/usr/local/rvm/gems/ruby-2.3.0/gems/activerecord-5.0.0.1/lib/active_record/transactions.rb:211:in `transaction'
/usr/local/rvm/gems/ruby-2.3.0/gems/activerecord-5.0.0.1/lib/active_record/transactions.rb:392:in `with_transaction_returning_status'
/usr/local/rvm/gems/ruby-2.3.0/gems/activerecord-5.0.0.1/lib/active_record/persistence.rb:264:in `update'
/home/ubuntu/workspace/matchme/app/models/match.rb:25:in `add_percent'
/usr/local/rvm/gems/ruby-2.3.0/gems/activesupport-5.0.0.1/lib/active_support/callbacks.rb:382:in `block in make_lambda'
/usr/local/rvm/gems/ruby-2.3.0/gems/activesupport-5.0.0.1/lib/active_support/callbacks.rb:207:in `block in halting_and_conditional'
/usr/local/rvm/gems/ruby-2.3.0/gems/activesupport-5.0.0.1/lib/active_support/callbacks.rb:456:in `block in call'
/usr/local/rvm/gems/ruby-2.3.0/gems/activesupport-5.0.0.1/lib/active_support/callbacks.rb:456:in `each'
/usr/local/rvm/gems/ruby-2.3.0/gems/activesupport-5.0.0.1/lib/active_support/callbacks.rb:456:in `call'
/usr/local/rvm/gems/ruby-2.3.0/gems/activesupport-5.0.0.1/lib/active_support/callbacks.rb:101:in `__run_callbacks__'
/usr/local/rvm/gems/ruby-2.3.0/gems/activesupport-5.0.0.1/lib/active_support/callbacks.rb:750:in `_run_save_callbacks'
/usr/local/rvm/gems/ruby-2.3.0/gems/activerecord-5.0.0.1/lib/active_record/callbacks.rb:298:in `create_or_update'
/usr/local/rvm/gems/ruby-2.3.0/gems/activerecord-5.0.0.1/lib/active_record/persistence.rb:125:in `save'
/usr/local/rvm/gems/ruby-2.3.0/gems/activerecord-5.0.0.1/lib/active_record/validations.rb:44:in `save'
/usr/local/rvm/gems/ruby-2.3.0/gems/activerecord-5.0.0.1/lib/active_record/attribute_methods/dirty.rb:22:in `save'
/usr/local/rvm/gems/ruby-2.3.0/gems/activerecord-5.0.0.1/lib/active_record/transactions.rb:319:in `block (2 levels) in save'
/usr/local/rvm/gems/ruby-2.3.0/gems/activerecord-5.0.0.1/lib/active_record/transactions.rb:395:in `block in with_transaction_returning_status'
/usr/local/rvm/gems/ruby-2.3.0/gems/activerecord-5.0.0.1/lib/active_record/connection_adapters/abstract/database_statements.rb:230:in `transaction'
/usr/local/rvm/gems/ruby-2.3.0/gems/activerecord-5.0.0.1/lib/active_record/transactions.rb:211:in `transaction'
/usr/local/rvm/gems/ruby-2.3.0/gems/activerecord-5.0.0.1/lib/active_record/transactions.rb:392:in `with_transaction_returning_status'
/usr/local/rvm/gems/ruby-2.3.0/gems/activerecord-5.0.0.1/lib/active_record/transactions.rb:319:in `block in save'
/usr/local/rvm/gems/ruby-2.3.0/gems/activerecord-5.0.0.1/lib/active_record/transactions.rb:334:in `rollback_active_record_state!'
/usr/local/rvm/gems/ruby-2.3.0/gems/activerecord-5.0.0.1/lib/active_record/transactions.rb:318:in `save'
/usr/local/rvm/gems/ruby-2.3.0/gems/activerecord-5.0.0.1/lib/active_record/suppressor.rb:41:in `save'
/usr/local/rvm/gems/ruby-2.3.0/gems/activerecord-5.0.0.1/lib/active_record/persistence.rb:266:in `block in update'
/usr/local/rvm/gems/ruby-2.3.0/gems/activerecord-5.0.0.1/lib/active_record/transactions.rb:395:in `block in with_transaction_returning_status'
/usr/local/rvm/gems/ruby-2.3.0/gems/activerecord-5.0.0.1/lib/active_record/connection_adapters/abstract/database_statements.rb:230:in `transaction'
/usr/local/rvm/gems/ruby-2.3.0/gems/activerecord-5.0.0.1/lib/active_record/transactions.rb:211:in `transaction'
/usr/local/rvm/gems/ruby-2.3.0/gems/activerecord-5.0.0.1/lib/active_record/transactions.rb:392:in `with_transaction_returning_status'
/usr/local/rvm/gems/ruby-2.3.0/gems/activerecord-5.0.0.1/lib/active_record/persistence.rb:264:in `update'
/home/ubuntu/workspace/matchme/app/models/match.rb:25:in `add_percent'
/usr/local/rvm/gems/ruby-2.3.0/gems/activesupport-5.0.0.1/lib/active_support/callbacks.rb:382:in `block in make_lambda'
/usr/local/rvm/gems/ruby-2.3.0/gems/activesupport-5.0.0.1/lib/active_support/callbacks.rb:207:in `block in halting_and_conditional'
/usr/local/rvm/gems/ruby-2.3.0/gems/activesupport-5.0.0.1/lib/active_support/callbacks.rb:456:in `block in call'
/usr/local/rvm/gems/ruby-2.3.0/gems/activesupport-5.0.0.1/lib/active_support/callbacks.rb:456:in `each'
/usr/local/rvm/gems/ruby-2.3.0/gems/activesupport-5.0.0.1/lib/active_support/callbacks.rb:456:in `call'
/usr/local/rvm/gems/ruby-2.3.0/gems/activesupport-5.0.0.1/lib/active_support/callbacks.rb:101:in `__run_callbacks__'
/usr/local/rvm/gems/ruby-2.3.0/gems/activesupport-5.0.0.1/lib/active_support/callbacks.rb:750:in `_run_save_callbacks'
/usr/local/rvm/gems/ruby-2.3.0/gems/activerecord-5.0.0.1/lib/active_record/callbacks.rb:298:in `create_or_update'
/usr/local/rvm/gems/ruby-2.3.0/gems/activerecord-5.0.0.1/lib/active_record/persistence.rb:125:in `save'
/usr/local/rvm/gems/ruby-2.3.0/gems/activerecord-5.0.0.1/lib/active_record/validations.rb:44:in `save'
/usr/local/rvm/gems/ruby-2.3.0/gems/activerecord-5.0.0.1/lib/active_record/attribute_methods/dirty.rb:22:in `save'
/usr/local/rvm/gems/ruby-2.3.0/gems/activerecord-5.0.0.1/lib/active_record/transactions.rb:319:in `block (2 levels) in save'
/usr/local/rvm/gems/ruby-2.3.0/gems/activerecord-5.0.0.1/lib/active_record/transactions.rb:395:in `block in with_transaction_returning_status'
/usr/local/rvm/gems/ruby-2.3.0/gems/activerecord-5.0.0.1/lib/active_record/connection_adapters/abstract/database_statements.rb:230:in `transaction'
/usr/local/rvm/gems/ruby-2.3.0/gems/activerecord-5.0.0.1/lib/active_record/transactions.rb:211:in `transaction'
/usr/local/rvm/gems/ruby-2.3.0/gems/activerecord-5.0.0.1/lib/active_record/transactions.rb:392:in `with_transaction_returning_status'
/usr/local/rvm/gems/ruby-2.3.0/gems/activerecord-5.0.0.1/lib/active_record/transactions.rb:319:in `block in save'
/usr/local/rvm/gems/ruby-2.3.0/gems/activerecord-5.0.0.1/lib/active_record/transactions.rb:334:in `rollback_active_record_state!'
/usr/local/rvm/gems/ruby-2.3.0/gems/activerecord-5.0.0.1/lib/active_record/transactions.rb:318:in `save'
/usr/local/rvm/gems/ruby-2.3.0/gems/activerecord-5.0.0.1/lib/active_record/suppressor.rb:41:in `save'
/usr/local/rvm/gems/ruby-2.3.0/gems/activerecord-5.0.0.1/lib/active_record/persistence.rb:266:in `block in update'
/usr/local/rvm/gems/ruby-2.3.0/gems/activerecord-5.0.0.1/lib/active_record/transactions.rb:395:in `block in with_transaction_returning_status'
/usr/local/rvm/gems/ruby-2.3.0/gems/activerecord-5.0.0.1/lib/active_record/connection_adapters/abstract/database_statements.rb:230:in `transaction'
/usr/local/rvm/gems/ruby-2.3.0/gems/activerecord-5.0.0.1/lib/active_record/transactions.rb:211:in `transaction'
/usr/local/rvm/gems/ruby-2.3.0/gems/activerecord-5.0.0.1/lib/active_record/transactions.rb:392:in `with_transaction_returning_status'
/usr/local/rvm/gems/ruby-2.3.0/gems/activerecord-5.0.0.1/lib/active_record/persistence.rb:264:in `update'
/home/ubuntu/workspace/matchme/app/models/match.rb:25:in `add_percent'
/usr/local/rvm/gems/ruby-2.3.0/gems/activesupport-5.0.0.1/lib/active_support/callbacks.rb:382:in `block in make_lambda'
/usr/local/rvm/gems/ruby-2.3.0/gems/activesupport-5.0.0.1/lib/active_support/callbacks.rb:207:in `block in halting_and_conditional'
/usr/local/rvm/gems/ruby-2.3.0/gems/activesupport-5.0.0.1/lib/active_support/callbacks.rb:456:in `block in call'
/usr/local/rvm/gems/ruby-2.3.0/gems/activesupport-5.0.0.1/lib/active_support/callbacks.rb:456:in `each'
/usr/local/rvm/gems/ruby-2.3.0/gems/activesupport-5.0.0.1/lib/active_support/callbacks.rb:456:in `call'
/usr/local/rvm/gems/ruby-2.3.0/gems/activesupport-5.0.0.1/lib/active_support/callbacks.rb:101:in `__run_callbacks__'
/usr/local/rvm/gems/ruby-2.3.0/gems/activesupport-5.0.0.1/lib/active_support/callbacks.rb:750:in `_run_save_callbacks'
/usr/local/rvm/gems/ruby-2.3.0/gems/activerecord-5.0.0.1/lib/active_record/callbacks.rb:298:in `create_or_update'
/usr/local/rvm/gems/ruby-2.3.0/gems/activerecord-5.0.0.1/lib/active_record/persistence.rb:125:in `save'
/usr/local/rvm/gems/ruby-2.3.0/gems/activerecord-5.0.0.1/lib/active_record/validations.rb:44:in `save'
/usr/local/rvm/gems/ruby-2.3.0/gems/activerecord-5.0.0.1/lib/active_record/attribute_methods/dirty.rb:22:in `save'
/usr/local/rvm/gems/ruby-2.3.0/gems/activerecord-5.0.0.1/lib/active_record/transactions.rb:319:in `block (2 levels) in save'
/usr/local/rvm/gems/ruby-2.3.0/gems/activerecord-5.0.0.1/lib/active_record/transactions.rb:395:in `block in with_transaction_returning_status'
/usr/local/rvm/gems/ruby-2.3.0/gems/activerecord-5.0.0.1/lib/active_record/connection_adapters/abstract/database_statements.rb:230:in `transaction'
/usr/local/rvm/gems/ruby-2.3.0/gems/activerecord-5.0.0.1/lib/active_record/transactions.rb:211:in `transaction'
/usr/local/rvm/gems/ruby-2.3.0/gems/activerecord-5.0.0.1/lib/active_record/transactions.rb:392:in `with_transaction_returning_status'
/usr/local/rvm/gems/ruby-2.3.0/gems/activerecord-5.0.0.1/lib/active_record/transactions.rb:319:in `block in save'
/usr/local/rvm/gems/ruby-2.3.0/gems/activerecord-5.0.0.1/lib/active_record/transactions.rb:334:in `rollback_active_record_state!'
/usr/local/rvm/gems/ruby-2.3.0/gems/activerecord-5.0.0.1/lib/active_record/transactions.rb:318:in `save'
/usr/local/rvm/gems/ruby-2.3.0/gems/activerecord-5.0.0.1/lib/active_record/suppressor.rb:41:in `save'
/usr/local/rvm/gems/ruby-2.3.0/gems/activerecord-5.0.0.1/lib/active_record/persistence.rb:266:in `block in update'
/usr/local/rvm/gems/ruby-2.3.0/gems/activerecord-5.0.0.1/lib/active_record/transactions.rb:395:in `block in with_transaction_returning_status'
/usr/local/rvm/gems/ruby-2.3.0/gems/activerecord-5.0.0.1/lib/active_record/connection_adapters/abstract/database_statements.rb:230:in `transaction'
/usr/local/rvm/gems/ruby-2.3.0/gems/activerecord-5.0.0.1/lib/active_record/transactions.rb:211:in `transaction'
/usr/local/rvm/gems/ruby-2.3.0/gems/activerecord-5.0.0.1/lib/active_record/transactions.rb:392:in `with_transaction_returning_status'
/usr/local/rvm/gems/ruby-2.3.0/gems/activerecord-5.0.0.1/lib/active_record/persistence.rb:264:in `update'
/home/ubuntu/workspace/matchme/app/models/match.rb:25:in `add_percent'
/usr/local/rvm/gems/ruby-2.3.0/gems/activesupport-5.0.0.1/lib/active_support/callbacks.rb:382:in `block in make_lambda'
/usr/local/rvm/gems/ruby-2.3.0/gems/activesupport-5.0.0.1/lib/active_support/callbacks.rb:207:in `block in halting_and_conditional'
/usr/local/rvm/gems/ruby-2.3.0/gems/activesupport-5.0.0.1/lib/active_support/callbacks.rb:456:in `block in call'
/usr/local/rvm/gems/ruby-2.3.0/gems/activesupport-5.0.0.1/lib/active_support/callbacks.rb:456:in `each'
/usr/local/rvm/gems/ruby-2.3.0/gems/activesupport-5.0.0.1/lib/active_support/callbacks.rb:456:in `call'
/usr/local/rvm/gems/ruby-2.3.0/gems/activesupport-5.0.0.1/lib/active_support/callbacks.rb:101:in `__run_callbacks__'
/usr/local/rvm/gems/ruby-2.3.0/gems/activesupport-5.0.0.1/lib/active_support/callbacks.rb:750:in `_run_save_callbacks'
/usr/local/rvm/gems/ruby-2.3.0/gems/activerecord-5.0.0.1/lib/active_record/callbacks.rb:298:in `create_or_update'
/usr/local/rvm/gems/ruby-2.3.0/gems/activerecord-5.0.0.1/lib/active_record/persistence.rb:125:in `save'
/usr/local/rvm/gems/ruby-2.3.0/gems/activerecord-5.0.0.1/lib/active_record/validations.rb:44:in `save'
/usr/local/rvm/gems/ruby-2.3.0/gems/activerecord-5.0.0.1/lib/active_record/attribute_methods/dirty.rb:22:in `save'
/usr/local/rvm/gems/ruby-2.3.0/gems/activerecord-5.0.0.1/lib/active_record/transactions.rb:319:in `block (2 levels) in save'
/usr/local/rvm/gems/ruby-2.3.0/gems/activerecord-5.0.0.1/lib/active_record/transactions.rb:395:in `block in with_transaction_returning_status'
/usr/local/rvm/gems/ruby-2.3.0/gems/activerecord-5.0.0.1/lib/active_record/connection_adapters/abstract/database_statements.rb:230:in `transaction'
/usr/local/rvm/gems/ruby-2.3.0/gems/activerecord-5.0.0.1/lib/active_record/transactions.rb:211:in `transaction'
/usr/local/rvm/gems/ruby-2.3.0/gems/activerecord-5.0.0.1/lib/active_record/transactions.rb:392:in `with_transaction_returning_status'
/usr/local/rvm/gems/ruby-2.3.0/gems/activerecord-5.0.0.1/lib/active_record/transactions.rb:319:in `block in save'
/usr/local/rvm/gems/ruby-2.3.0/gems/activerecord-5.0.0.1/lib/active_record/transactions.rb:334:in `rollback_active_record_state!'
/usr/local/rvm/gems/ruby-2.3.0/gems/activerecord-5.0.0.1/lib/active_record/transactions.rb:318:in `save'
/usr/local/rvm/gems/ruby-2.3.0/gems/activerecord-5.0.0.1/lib/active_record/suppressor.rb:41:in `save'
/usr/local/rvm/gems/ruby-2.3.0/gems/activerecord-5.0.0.1/lib/active_record/persistence.rb:266:in `block in update'
/usr/local/rvm/gems/ruby-2.3.0/gems/activerecord-5.0.0.1/lib/active_record/transactions.rb:395:in `block in with_transaction_returning_status'
/usr/local/rvm/gems/ruby-2.3.0/gems/activerecord-5.0.0.1/lib/active_record/connection_adapters/abstract/database_statements.rb:230:in `transaction'
/usr/local/rvm/gems/ruby-2.3.0/gems/activerecord-5.0.0.1/lib/active_record/transactions.rb:211:in `transaction'
/usr/local/rvm/gems/ruby-2.3.0/gems/activerecord-5.0.0.1/lib/active_record/transactions.rb:392:in `with_transaction_returning_status'
/usr/local/rvm/gems/ruby-2.3.0/gems/activerecord-5.0.0.1/lib/active_record/persistence.rb:264:in `update'
/home/ubuntu/workspace/matchme/app/models/match.rb:25:in `add_percent'
/usr/local/rvm/gems/ruby-2.3.0/gems/activesupport-5.0.0.1/lib/active_support/callbacks.rb:382:in `block in make_lambda'
/usr/local/rvm/gems/ruby-2.3.0/gems/activesupport-5.0.0.1/lib/active_support/callbacks.rb:207:in `block in halting_and_conditional'
/usr/local/rvm/gems/ruby-2.3.0/gems/activesupport-5.0.0.1/lib/active_support/callbacks.rb:456:in `block in call'
/usr/local/rvm/gems/ruby-2.3.0/gems/activesupport-5.0.0.1/lib/active_support/callbacks.rb:456:in `each'
/usr/local/rvm/gems/ruby-2.3.0/gems/activesupport-5.0.0.1/lib/active_support/callbacks.rb:456:in `call'
/usr/local/rvm/gems/ruby-2.3.0/gems/activesupport-5.0.0.1/lib/active_support/callbacks.rb:101:in `__run_callbacks__'
/usr/local/rvm/gems/ruby-2.3.0/gems/activesupport-5.0.0.1/lib/active_support/callbacks.rb:750:in `_run_save_callbacks'
/usr/local/rvm/gems/ruby-2.3.0/gems/activerecord-5.0.0.1/lib/active_record/callbacks.rb:298:in `create_or_update'
/usr/local/rvm/gems/ruby-2.3.0/gems/activerecord-5.0.0.1/lib/active_record/persistence.rb:125:in `save'
/usr/local/rvm/gems/ruby-2.3.0/gems/activerecord-5.0.0.1/lib/active_record/validations.rb:44:in `save'
/usr/local/rvm/gems/ruby-2.3.0/gems/activerecord-5.0.0.1/lib/active_record/attribute_methods/dirty.rb:22:in `save'
/usr/local/rvm/gems/ruby-2.3.0/gems/activerecord-5.0.0.1/lib/active_record/transactions.rb:319:in `block (2 levels) in save'
/usr/local/rvm/gems/ruby-2.3.0/gems/activerecord-5.0.0.1/lib/active_record/transactions.rb:395:in `block in with_transaction_returning_status'
/usr/local/rvm/gems/ruby-2.3.0/gems/activerecord-5.0.0.1/lib/active_record/connection_adapters/abstract/database_statements.rb:230:in `transaction'
/usr/local/rvm/gems/ruby-2.3.0/gems/activerecord-5.0.0.1/lib/active_record/transactions.rb:211:in `transaction'
/usr/local/rvm/gems/ruby-2.3.0/gems/activerecord-5.0.0.1/lib/active_record/transactions.rb:392:in `with_transaction_returning_status'
/usr/local/rvm/gems/ruby-2.3.0/gems/activerecord-5.0.0.1/lib/active_record/transactions.rb:319:in `block in save'
/usr/local/rvm/gems/ruby-2.3.0/gems/activerecord-5.0.0.1/lib/active_record/transactions.rb:334:in `rollback_active_record_state!'
/usr/local/rvm/gems/ruby-2.3.0/gems/activerecord-5.0.0.1/lib/active_record/transactions.rb:318:in `save'
/usr/local/rvm/gems/ruby-2.3.0/gems/activerecord-5.0.0.1/lib/active_record/suppressor.rb:41:in `save'
/usr/local/rvm/gems/ruby-2.3.0/gems/activerecord-5.0.0.1/lib/active_record/persistence.rb:266:in `block in update'
/usr/local/rvm/gems/ruby-2.3.0/gems/activerecord-5.0.0.1/lib/active_record/transactions.rb:395:in `block in with_transaction_returning_status'
/usr/local/rvm/gems/ruby-2.3.0/gems/activerecord-5.0.0.1/lib/active_record/connection_adapters/abstract/database_statements.rb:230:in `transaction'
/usr/local/rvm/gems/ruby-2.3.0/gems/activerecord-5.0.0.1/lib/active_record/transactions.rb:211:in `transaction'
/usr/local/rvm/gems/ruby-2.3.0/gems/activerecord-5.0.0.1/lib/active_record/transactions.rb:392:in `with_transaction_returning_status'
/usr/local/rvm/gems/ruby-2.3.0/gems/activerecord-5.0.0.1/lib/active_record/persistence.rb:264:in `update'
/home/ubuntu/workspace/matchme/app/models/match.rb:25:in `add_percent'
/usr/local/rvm/gems/ruby-2.3.0/gems/activesupport-5.0.0.1/lib/active_support/callbacks.rb:382:in `block in make_lambda'
/usr/local/rvm/gems/ruby-2.3.0/gems/activesupport-5.0.0.1/lib/active_support/callbacks.rb:207:in `block in halting_and_conditional'
/usr/local/rvm/gems/ruby-2.3.0/gems/activesupport-5.0.0.1/lib/active_support/callbacks.rb:456:in `block in call'
/usr/local/rvm/gems/ruby-2.3.0/gems/activesupport-5.0.0.1/lib/active_support/callbacks.rb:456:in `each'
/usr/local/rvm/gems/ruby-2.3.0/gems/activesupport-5.0.0.1/lib/active_support/callbacks.rb:456:in `call'
/usr/local/rvm/gems/ruby-2.3.0/gems/activesupport-5.0.0.1/lib/active_support/callbacks.rb:101:in `__run_callbacks__'
/usr/local/rvm/gems/ruby-2.3.0/gems/activesupport-5.0.0.1/lib/active_support/callbacks.rb:750:in `_run_save_callbacks'
/usr/local/rvm/gems/ruby-2.3.0/gems/activerecord-5.0.0.1/lib/active_record/callbacks.rb:298:in `create_or_update'
/usr/local/rvm/gems/ruby-2.3.0/gems/activerecord-5.0.0.1/lib/active_record/persistence.rb:125:in `save'
/usr/local/rvm/gems/ruby-2.3.0/gems/activerecord-5.0.0.1/lib/active_record/validations.rb:44:in `save'
/usr/local/rvm/gems/ruby-2.3.0/gems/activerecord-5.0.0.1/lib/active_record/attribute_methods/dirty.rb:22:in `save'
/usr/local/rvm/gems/ruby-2.3.0/gems/activerecord-5.0.0.1/lib/active_record/transactions.rb:319:in `block (2 levels) in save'
/usr/local/rvm/gems/ruby-2.3.0/gems/activerecord-5.0.0.1/lib/active_record/transactions.rb:395:in `block in with_transaction_returning_status'
/usr/local/rvm/gems/ruby-2.3.0/gems/activerecord-5.0.0.1/lib/active_record/connection_adapters/abstract/database_statements.rb:230:in `transaction'
/usr/local/rvm/gems/ruby-2.3.0/gems/activerecord-5.0.0.1/lib/active_record/transactions.rb:211:in `transaction'
/usr/local/rvm/gems/ruby-2.3.0/gems/activerecord-5.0.0.1/lib/active_record/transactions.rb:392:in `with_transaction_returning_status'
/usr/local/rvm/gems/ruby-2.3.0/gems/activerecord-5.0.0.1/lib/active_record/transactions.rb:319:in `block in save'
/usr/local/rvm/gems/ruby-2.3.0/gems/activerecord-5.0.0.1/lib/active_record/transactions.rb:334:in `rollback_active_record_state!'
/usr/local/rvm/gems/ruby-2.3.0/gems/activerecord-5.0.0.1/lib/active_record/transactions.rb:318:in `save'
/usr/local/rvm/gems/ruby-2.3.0/gems/activerecord-5.0.0.1/lib/active_record/suppressor.rb:41:in `save'
/usr/local/rvm/gems/ruby-2.3.0/gems/activerecord-5.0.0.1/lib/active_record/persistence.rb:266:in `block in update'
/usr/local/rvm/gems/ruby-2.3.0/gems/activerecord-5.0.0.1/lib/active_record/transactions.rb:395:in `block in with_transaction_returning_status'
/usr/local/rvm/gems/ruby-2.3.0/gems/activerecord-5.0.0.1/lib/active_record/connection_adapters/abstract/database_statements.rb:230:in `transaction'
/usr/local/rvm/gems/ruby-2.3.0/gems/activerecord-5.0.0.1/lib/active_record/transactions.rb:211:in `transaction'
/usr/local/rvm/gems/ruby-2.3.0/gems/activerecord-5.0.0.1/lib/active_record/transactions.rb:392:in `with_transaction_returning_status'
/usr/local/rvm/gems/ruby-2.3.0/gems/activerecord-5.0.0.1/lib/active_record/persistence.rb:264:in `update'
/home/ubuntu/workspace/matchme/app/models/match.rb:25:in `add_percent'
/usr/local/rvm/gems/ruby-2.3.0/gems/activesupport-5.0.0.1/lib/active_support/callbacks.rb:382:in `block in make_lambda'
/usr/local/rvm/gems/ruby-2.3.0/gems/activesupport-5.0.0.1/lib/active_support/callbacks.rb:207:in `block in halting_and_conditional'
/usr/local/rvm/gems/ruby-2.3.0/gems/activesupport-5.0.0.1/lib/active_support/callbacks.rb:456:in `block in call'
/usr/local/rvm/gems/ruby-2.3.0/gems/activesupport-5.0.0.1/lib/active_support/callbacks.rb:456:in `each'
/usr/local/rvm/gems/ruby-2.3.0/gems/activesupport-5.0.0.1/lib/active_support/callbacks.rb:456:in `call'
/usr/local/rvm/gems/ruby-2.3.0/gems/activesupport-5.0.0.1/lib/active_support/callbacks.rb:101:in `__run_callbacks__'
/usr/local/rvm/gems/ruby-2.3.0/gems/activesupport-5.0.0.1/lib/active_support/callbacks.rb:750:in `_run_save_callbacks'
/usr/local/rvm/gems/ruby-2.3.0/gems/activerecord-5.0.0.1/lib/active_record/callbacks.rb:298:in `create_or_update'
/usr/local/rvm/gems/ruby-2.3.0/gems/activerecord-5.0.0.1/lib/active_record/persistence.rb:125:in `save'
/usr/local/rvm/gems/ruby-2.3.0/gems/activerecord-5.0.0.1/lib/active_record/validations.rb:44:in `save'
/usr/local/rvm/gems/ruby-2.3.0/gems/activerecord-5.0.0.1/lib/active_record/attribute_methods/dirty.rb:22:in `save'
/usr/local/rvm/gems/ruby-2.3.0/gems/activerecord-5.0.0.1/lib/active_record/transactions.rb:319:in `block (2 levels) in save'
/usr/local/rvm/gems/ruby-2.3.0/gems/activerecord-5.0.0.1/lib/active_record/transactions.rb:395:in `block in with_transaction_returning_status'
/usr/local/rvm/gems/ruby-2.3.0/gems/activerecord-5.0.0.1/lib/active_record/connection_adapters/abstract/database_statements.rb:230:in `transaction'
/usr/local/rvm/gems/ruby-2.3.0/gems/activerecord-5.0.0.1/lib/active_record/transactions.rb:211:in `transaction'
/usr/local/rvm/gems/ruby-2.3.0/gems/activerecord-5.0.0.1/lib/active_record/transactions.rb:392:in `with_transaction_returning_status'
/usr/local/rvm/gems/ruby-2.3.0/gems/activerecord-5.0.0.1/lib/active_record/transactions.rb:319:in `block in save'
/usr/local/rvm/gems/ruby-2.3.0/gems/activerecord-5.0.0.1/lib/active_record/transactions.rb:334:in `rollback_active_record_state!'
/usr/local/rvm/gems/ruby-2.3.0/gems/activerecord-5.0.0.1/lib/active_record/transactions.rb:318:in `save'
/usr/local/rvm/gems/ruby-2.3.0/gems/activerecord-5.0.0.1/lib/active_record/suppressor.rb:41:in `save'
/usr/local/rvm/gems/ruby-2.3.0/gems/activerecord-5.0.0.1/lib/active_record/persistence.rb:266:in `block in update'
/usr/local/rvm/gems/ruby-2.3.0/gems/activerecord-5.0.0.1/lib/active_record/transactions.rb:395:in `block in with_transaction_returning_status'
/usr/local/rvm/gems/ruby-2.3.0/gems/activerecord-5.0.0.1/lib/active_record/connection_adapters/abstract/database_statements.rb:230:in `transaction'
/usr/local/rvm/gems/ruby-2.3.0/gems/activerecord-5.0.0.1/lib/active_record/transactions.rb:211:in `transaction'
/usr/local/rvm/gems/ruby-2.3.0/gems/activerecord-5.0.0.1/lib/active_record/transactions.rb:392:in `with_transaction_returning_status'
/usr/local/rvm/gems/ruby-2.3.0/gems/activerecord-5.0.0.1/lib/active_record/persistence.rb:264:in `update'
/home/ubuntu/workspace/matchme/app/models/match.rb:25:in `add_percent'
/usr/local/rvm/gems/ruby-2.3.0/gems/activesupport-5.0.0.1/lib/active_support/callbacks.rb:382:in `block in make_lambda'
/usr/local/rvm/gems/ruby-2.3.0/gems/activesupport-5.0.0.1/lib/active_support/callbacks.rb:207:in `block in halting_and_conditional'
/usr/local/rvm/gems/ruby-2.3.0/gems/activesupport-5.0.0.1/lib/active_support/callbacks.rb:456:in `block in call'
/usr/local/rvm/gems/ruby-2.3.0/gems/activesupport-5.0.0.1/lib/active_support/callbacks.rb:456:in `each'
/usr/local/rvm/gems/ruby-2.3.0/gems/activesupport-5.0.0.1/lib/active_support/callbacks.rb:456:in `call'
/usr/local/rvm/gems/ruby-2.3.0/gems/activesupport-5.0.0.1/lib/active_support/callbacks.rb:101:in `__run_callbacks__'
/usr/local/rvm/gems/ruby-2.3.0/gems/activesupport-5.0.0.1/lib/active_support/callbacks.rb:750:in `_run_save_callbacks'
/usr/local/rvm/gems/ruby-2.3.0/gems/activerecord-5.0.0.1/lib/active_record/callbacks.rb:298:in `create_or_update'
/usr/local/rvm/gems/ruby-2.3.0/gems/activerecord-5.0.0.1/lib/active_record/persistence.rb:125:in `save'
/usr/local/rvm/gems/ruby-2.3.0/gems/activerecord-5.0.0.1/lib/active_record/validations.rb:44:in `save'
/usr/local/rvm/gems/ruby-2.3.0/gems/activerecord-5.0.0.1/lib/active_record/attribute_methods/dirty.rb:22:in `save'
/usr/local/rvm/gems/ruby-2.3.0/gems/activerecord-5.0.0.1/lib/active_record/transactions.rb:319:in `block (2 levels) in save'
/usr/local/rvm/gems/ruby-2.3.0/gems/activerecord-5.0.0.1/lib/active_record/transactions.rb:395:in `block in with_transaction_returning_status'
/usr/local/rvm/gems/ruby-2.3.0/gems/activerecord-5.0.0.1/lib/active_record/connection_adapters/abstract/database_statements.rb:230:in `transaction'
/usr/local/rvm/gems/ruby-2.3.0/gems/activerecord-5.0.0.1/lib/active_record/transactions.rb:211:in `transaction'
/usr/local/rvm/gems/ruby-2.3.0/gems/activerecord-5.0.0.1/lib/active_record/transactions.rb:392:in `with_transaction_returning_status'
/usr/local/rvm/gems/ruby-2.3.0/gems/activerecord-5.0.0.1/lib/active_record/transactions.rb:319:in `block in save'
/usr/local/rvm/gems/ruby-2.3.0/gems/activerecord-5.0.0.1/lib/active_record/transactions.rb:334:in `rollback_active_record_state!'
/usr/local/rvm/gems/ruby-2.3.0/gems/activerecord-5.0.0.1/lib/active_record/transactions.rb:318:in `save'
/usr/local/rvm/gems/ruby-2.3.0/gems/activerecord-5.0.0.1/lib/active_record/suppressor.rb:41:in `save'
/usr/local/rvm/gems/ruby-2.3.0/gems/activerecord-5.0.0.1/lib/active_record/persistence.rb:266:in `block in update'
/usr/local/rvm/gems/ruby-2.3.0/gems/activerecord-5.0.0.1/lib/active_record/transactions.rb:395:in `block in with_transaction_returning_status'
/usr/local/rvm/gems/ruby-2.3.0/gems/activerecord-5.0.0.1/lib/active_record/connection_adapters/abstract/database_statements.rb:230:in `transaction'
/usr/local/rvm/gems/ruby-2.3.0/gems/activerecord-5.0.0.1/lib/active_record/transactions.rb:211:in `transaction'
/usr/local/rvm/gems/ruby-2.3.0/gems/activerecord-5.0.0.1/lib/active_record/transactions.rb:392:in `with_transaction_returning_status'
/usr/local/rvm/gems/ruby-2.3.0/gems/activerecord-5.0.0.1/lib/active_record/persistence.rb:264:in `update'
/home/ubuntu/workspace/matchme/app/models/match.rb:25:in `add_percent'
/usr/local/rvm/gems/ruby-2.3.0/gems/activesupport-5.0.0.1/lib/active_support/callbacks.rb:382:in `block in make_lambda'
/usr/local/rvm/gems/ruby-2.3.0/gems/activesupport-5.0.0.1/lib/active_support/callbacks.rb:207:in `block in halting_and_conditional'
/usr/local/rvm/gems/ruby-2.3.0/gems/activesupport-5.0.0.1/lib/active_support/callbacks.rb:456:in `block in call'
/usr/local/rvm/gems/ruby-2.3.0/gems/activesupport-5.0.0.1/lib/active_support/callbacks.rb:456:in `each'
/usr/local/rvm/gems/ruby-2.3.0/gems/activesupport-5.0.0.1/lib/active_support/callbacks.rb:456:in `call'
/usr/local/rvm/gems/ruby-2.3.0/gems/activesupport-5.0.0.1/lib/active_support/callbacks.rb:101:in `__run_callbacks__'
/usr/local/rvm/gems/ruby-2.3.0/gems/activesupport-5.0.0.1/lib/active_support/callbacks.rb:750:in `_run_save_callbacks'
/usr/local/rvm/gems/ruby-2.3.0/gems/activerecord-5.0.0.1/lib/active_record/callbacks.rb:298:in `create_or_update'
/usr/local/rvm/gems/ruby-2.3.0/gems/activerecord-5.0.0.1/lib/active_record/persistence.rb:125:in `save'
/usr/local/rvm/gems/ruby-2.3.0/gems/activerecord-5.0.0.1/lib/active_record/validations.rb:44:in `save'
/usr/local/rvm/gems/ruby-2.3.0/gems/activerecord-5.0.0.1/lib/active_record/attribute_methods/dirty.rb:22:in `save'
/usr/local/rvm/gems/ruby-2.3.0/gems/activerecord-5.0.0.1/lib/active_record/transactions.rb:319:in `block (2 levels) in save'
/usr/local/rvm/gems/ruby-2.3.0/gems/activerecord-5.0.0.1/lib/active_record/transactions.rb:395:in `block in with_transaction_returning_status'
/usr/local/rvm/gems/ruby-2.3.0/gems/activerecord-5.0.0.1/lib/active_record/connection_adapters/abstract/database_statements.rb:230:in `transaction'
/usr/local/rvm/gems/ruby-2.3.0/gems/activerecord-5.0.0.1/lib/active_record/transactions.rb:211:in `transaction'
/usr/local/rvm/gems/ruby-2.3.0/gems/activerecord-5.0.0.1/lib/active_record/transactions.rb:392:in `with_transaction_returning_status'
/usr/local/rvm/gems/ruby-2.3.0/gems/activerecord-5.0.0.1/lib/active_record/transactions.rb:319:in `block in save'
/usr/local/rvm/gems/ruby-2.3.0/gems/activerecord-5.0.0.1/lib/active_record/transactions.rb:334:in `rollback_active_record_state!'
/usr/local/rvm/gems/ruby-2.3.0/gems/activerecord-5.0.0.1/lib/active_record/transactions.rb:318:in `save'
/usr/local/rvm/gems/ruby-2.3.0/gems/activerecord-5.0.0.1/lib/active_record/suppressor.rb:41:in `save'
/usr/local/rvm/gems/ruby-2.3.0/gems/activerecord-5.0.0.1/lib/active_record/persistence.rb:266:in `block in update'
/usr/local/rvm/gems/ruby-2.3.0/gems/activerecord-5.0.0.1/lib/active_record/transactions.rb:395:in `block in with_transaction_returning_status'
/usr/local/rvm/gems/ruby-2.3.0/gems/activerecord-5.0.0.1/lib/active_record/connection_adapters/abstract/database_statements.rb:230:in `transaction'
/usr/local/rvm/gems/ruby-2.3.0/gems/activerecord-5.0.0.1/lib/active_record/transactions.rb:211:in `transaction'
/usr/local/rvm/gems/ruby-2.3.0/gems/activerecord-5.0.0.1/lib/active_record/transactions.rb:392:in `with_transaction_returning_status'
/usr/local/rvm/gems/ruby-2.3.0/gems/activerecord-5.0.0.1/lib/active_record/persistence.rb:264:in `update'
/home/ubuntu/workspace/matchme/app/models/match.rb:25:in `add_percent'
/usr/local/rvm/gems/ruby-2.3.0/gems/activesupport-5.0.0.1/lib/active_support/callbacks.rb:382:in `block in make_lambda'
/usr/local/rvm/gems/ruby-2.3.0/gems/activesupport-5.0.0.1/lib/active_support/callbacks.rb:207:in `block in halting_and_conditional'
/usr/local/rvm/gems/ruby-2.3.0/gems/activesupport-5.0.0.1/lib/active_support/callbacks.rb:456:in `block in call'
/usr/local/rvm/gems/ruby-2.3.0/gems/activesupport-5.0.0.1/lib/active_support/callbacks.rb:456:in `each'
/usr/local/rvm/gems/ruby-2.3.0/gems/activesupport-5.0.0.1/lib/active_support/callbacks.rb:456:in `call'
/usr/local/rvm/gems/ruby-2.3.0/gems/activesupport-5.0.0.1/lib/active_support/callbacks.rb:101:in `__run_callbacks__'
/usr/local/rvm/gems/ruby-2.3.0/gems/activesupport-5.0.0.1/lib/active_support/callbacks.rb:750:in `_run_save_callbacks'
/usr/local/rvm/gems/ruby-2.3.0/gems/activerecord-5.0.0.1/lib/active_record/callbacks.rb:298:in `create_or_update'
/usr/local/rvm/gems/ruby-2.3.0/gems/activerecord-5.0.0.1/lib/active_record/persistence.rb:125:in `save'
/usr/local/rvm/gems/ruby-2.3.0/gems/activerecord-5.0.0.1/lib/active_record/validations.rb:44:in `save'
/usr/local/rvm/gems/ruby-2.3.0/gems/activerecord-5.0.0.1/lib/active_record/attribute_methods/dirty.rb:22:in `save'
/usr/local/rvm/gems/ruby-2.3.0/gems/activerecord-5.0.0.1/lib/active_record/transactions.rb:319:in `block (2 levels) in save'
/usr/local/rvm/gems/ruby-2.3.0/gems/activerecord-5.0.0.1/lib/active_record/transactions.rb:395:in `block in with_transaction_returning_status'
/usr/local/rvm/gems/ruby-2.3.0/gems/activerecord-5.0.0.1/lib/active_record/connection_adapters/abstract/database_statements.rb:230:in `transaction'
/usr/local/rvm/gems/ruby-2.3.0/gems/activerecord-5.0.0.1/lib/active_record/transactions.rb:211:in `transaction'
/usr/local/rvm/gems/ruby-2.3.0/gems/activerecord-5.0.0.1/lib/active_record/transactions.rb:392:in `with_transaction_returning_status'
/usr/local/rvm/gems/ruby-2.3.0/gems/activerecord-5.0.0.1/lib/active_record/transactions.rb:319:in `block in save'
/usr/local/rvm/gems/ruby-2.3.0/gems/activerecord-5.0.0.1/lib/active_record/transactions.rb:334:in `rollback_active_record_state!'
/usr/local/rvm/gems/ruby-2.3.0/gems/activerecord-5.0.0.1/lib/active_record/transactions.rb:318:in `save'
/usr/local/rvm/gems/ruby-2.3.0/gems/activerecord-5.0.0.1/lib/active_record/suppressor.rb:41:in `save'
/usr/local/rvm/gems/ruby-2.3.0/gems/activerecord-5.0.0.1/lib/active_record/persistence.rb:266:in `block in update'
/usr/local/rvm/gems/ruby-2.3.0/gems/activerecord-5.0.0.1/lib/active_record/transactions.rb:395:in `block in with_transaction_returning_status'
/usr/local/rvm/gems/ruby-2.3.0/gems/activerecord-5.0.0.1/lib/active_record/connection_adapters/abstract/database_statements.rb:230:in `transaction'
/usr/local/rvm/gems/ruby-2.3.0/gems/activerecord-5.0.0.1/lib/active_record/transactions.rb:211:in `transaction'
/usr/local/rvm/gems/ruby-2.3.0/gems/activerecord-5.0.0.1/lib/active_record/transactions.rb:392:in `with_transaction_returning_status'
/usr/local/rvm/gems/ruby-2.3.0/gems/activerecord-5.0.0.1/lib/active_record/persistence.rb:264:in `update'
/home/ubuntu/workspace/matchme/app/models/match.rb:25:in `add_percent'
/usr/local/rvm/gems/ruby-2.3.0/gems/activesupport-5.0.0.1/lib/active_support/callbacks.rb:382:in `block in make_lambda'
/usr/local/rvm/gems/ruby-2.3.0/gems/activesupport-5.0.0.1/lib/active_support/callbacks.rb:207:in `block in halting_and_conditional'
/usr/local/rvm/gems/ruby-2.3.0/gems/activesupport-5.0.0.1/lib/active_support/callbacks.rb:456:in `block in call'
/usr/local/rvm/gems/ruby-2.3.0/gems/activesupport-5.0.0.1/lib/active_support/callbacks.rb:456:in `each'
/usr/local/rvm/gems/ruby-2.3.0/gems/activesupport-5.0.0.1/lib/active_support/callbacks.rb:456:in `call'
/usr/local/rvm/gems/ruby-2.3.0/gems/activesupport-5.0.0.1/lib/active_support/callbacks.rb:101:in `__run_callbacks__'
/usr/local/rvm/gems/ruby-2.3.0/gems/activesupport-5.0.0.1/lib/active_support/callbacks.rb:750:in `_run_save_callbacks'
/usr/local/rvm/gems/ruby-2.3.0/gems/activerecord-5.0.0.1/lib/active_record/callbacks.rb:298:in `create_or_update'
/usr/local/rvm/gems/ruby-2.3.0/gems/activerecord-5.0.0.1/lib/active_record/persistence.rb:125:in `save'
/usr/local/rvm/gems/ruby-2.3.0/gems/activerecord-5.0.0.1/lib/active_record/validations.rb:44:in `save'
/usr/local/rvm/gems/ruby-2.3.0/gems/activerecord-5.0.0.1/lib/active_record/attribute_methods/dirty.rb:22:in `save'
/usr/local/rvm/gems/ruby-2.3.0/gems/activerecord-5.0.0.1/lib/active_record/transactions.rb:319:in `block (2 levels) in save'
/usr/local/rvm/gems/ruby-2.3.0/gems/activerecord-5.0.0.1/lib/active_record/transactions.rb:395:in `block in with_transaction_returning_status'
/usr/local/rvm/gems/ruby-2.3.0/gems/activerecord-5.0.0.1/lib/active_record/connection_adapters/abstract/database_statements.rb:230:in `transaction'
/usr/local/rvm/gems/ruby-2.3.0/gems/activerecord-5.0.0.1/lib/active_record/transactions.rb:211:in `transaction'
/usr/local/rvm/gems/ruby-2.3.0/gems/activerecord-5.0.0.1/lib/active_record/transactions.rb:392:in `with_transaction_returning_status'
/usr/local/rvm/gems/ruby-2.3.0/gems/activerecord-5.0.0.1/lib/active_record/transactions.rb:319:in `block in save'
/usr/local/rvm/gems/ruby-2.3.0/gems/activerecord-5.0.0.1/lib/active_record/transactions.rb:334:in `rollback_active_record_state!'
/usr/local/rvm/gems/ruby-2.3.0/gems/activerecord-5.0.0.1/lib/active_record/transactions.rb:318:in `save'
/usr/local/rvm/gems/ruby-2.3.0/gems/activerecord-5.0.0.1/lib/active_record/suppressor.rb:41:in `save'
/usr/local/rvm/gems/ruby-2.3.0/gems/activerecord-5.0.0.1/lib/active_record/persistence.rb:266:in `block in update'
/usr/local/rvm/gems/ruby-2.3.0/gems/activerecord-5.0.0.1/lib/active_record/transactions.rb:395:in `block in with_transaction_returning_status'
/usr/local/rvm/gems/ruby-2.3.0/gems/activerecord-5.0.0.1/lib/active_record/connection_adapters/abstract/database_statements.rb:230:in `transaction'
/usr/local/rvm/gems/ruby-2.3.0/gems/activerecord-5.0.0.1/lib/active_record/transactions.rb:211:in `transaction'
/usr/local/rvm/gems/ruby-2.3.0/gems/activerecord-5.0.0.1/lib/active_record/transactions.rb:392:in `with_transaction_returning_status'
/usr/local/rvm/gems/ruby-2.3.0/gems/activerecord-5.0.0.1/lib/active_record/persistence.rb:264:in `update'
/home/ubuntu/workspace/matchme/app/models/match.rb:25:in `add_percent'
/usr/local/rvm/gems/ruby-2.3.0/gems/activesupport-5.0.0.1/lib/active_support/callbacks.rb:382:in `block in make_lambda'
/usr/local/rvm/gems/ruby-2.3.0/gems/activesupport-5.0.0.1/lib/active_support/callbacks.rb:207:in `block in halting_and_conditional'
/usr/local/rvm/gems/ruby-2.3.0/gems/activesupport-5.0.0.1/lib/active_support/callbacks.rb:456:in `block in call'
/usr/local/rvm/gems/ruby-2.3.0/gems/activesupport-5.0.0.1/lib/active_support/callbacks.rb:456:in `each'
/usr/local/rvm/gems/ruby-2.3.0/gems/activesupport-5.0.0.1/lib/active_support/callbacks.rb:456:in `call'
/usr/local/rvm/gems/ruby-2.3.0/gems/activesupport-5.0.0.1/lib/active_support/callbacks.rb:101:in `__run_callbacks__'
/usr/local/rvm/gems/ruby-2.3.0/gems/activesupport-5.0.0.1/lib/active_support/callbacks.rb:750:in `_run_save_callbacks'
/usr/local/rvm/gems/ruby-2.3.0/gems/activerecord-5.0.0.1/lib/active_record/callbacks.rb:298:in `create_or_update'
/usr/local/rvm/gems/ruby-2.3.0/gems/activerecord-5.0.0.1/lib/active_record/persistence.rb:125:in `save'
/usr/local/rvm/gems/ruby-2.3.0/gems/activerecord-5.0.0.1/lib/active_record/validations.rb:44:in `save'
/usr/local/rvm/gems/ruby-2.3.0/gems/activerecord-5.0.0.1/lib/active_record/attribute_methods/dirty.rb:22:in `save'
/usr/local/rvm/gems/ruby-2.3.0/gems/activerecord-5.0.0.1/lib/active_record/transactions.rb:319:in `block (2 levels) in save'
/usr/local/rvm/gems/ruby-2.3.0/gems/activerecord-5.0.0.1/lib/active_record/transactions.rb:395:in `block in with_transaction_returning_status'
/usr/local/rvm/gems/ruby-2.3.0/gems/activerecord-5.0.0.1/lib/active_record/connection_adapters/abstract/database_statements.rb:230:in `transaction'
/usr/local/rvm/gems/ruby-2.3.0/gems/activerecord-5.0.0.1/lib/active_record/transactions.rb:211:in `transaction'
/usr/local/rvm/gems/ruby-2.3.0/gems/activerecord-5.0.0.1/lib/active_record/transactions.rb:392:in `with_transaction_returning_status'
/usr/local/rvm/gems/ruby-2.3.0/gems/activerecord-5.0.0.1/lib/active_record/transactions.rb:319:in `block in save'
/usr/local/rvm/gems/ruby-2.3.0/gems/activerecord-5.0.0.1/lib/active_record/transactions.rb:334:in `rollback_active_record_state!'
/usr/local/rvm/gems/ruby-2.3.0/gems/activerecord-5.0.0.1/lib/active_record/transactions.rb:318:in `save'
/usr/local/rvm/gems/ruby-2.3.0/gems/activerecord-5.0.0.1/lib/active_record/suppressor.rb:41:in `save'
/usr/local/rvm/gems/ruby-2.3.0/gems/activerecord-5.0.0.1/lib/active_record/persistence.rb:266:in `block in update'
/usr/local/rvm/gems/ruby-2.3.0/gems/activerecord-5.0.0.1/lib/active_record/transactions.rb:395:in `block in with_transaction_returning_status'
/usr/local/rvm/gems/ruby-2.3.0/gems/activerecord-5.0.0.1/lib/active_record/connection_adapters/abstract/database_statements.rb:230:in `transaction'
/usr/local/rvm/gems/ruby-2.3.0/gems/activerecord-5.0.0.1/lib/active_record/transactions.rb:211:in `transaction'
/usr/local/rvm/gems/ruby-2.3.0/gems/activerecord-5.0.0.1/lib/active_record/transactions.rb:392:in `with_transaction_returning_status'
/usr/local/rvm/gems/ruby-2.3.0/gems/activerecord-5.0.0.1/lib/active_record/persistence.rb:264:in `update'
/home/ubuntu/workspace/matchme/app/models/match.rb:25:in `add_percent'
/usr/local/rvm/gems/ruby-2.3.0/gems/activesupport-5.0.0.1/lib/active_support/callbacks.rb:382:in `block in make_lambda'
/usr/local/rvm/gems/ruby-2.3.0/gems/activesupport-5.0.0.1/lib/active_support/callbacks.rb:207:in `block in halting_and_conditional'
/usr/local/rvm/gems/ruby-2.3.0/gems/activesupport-5.0.0.1/lib/active_support/callbacks.rb:456:in `block in call'
/usr/local/rvm/gems/ruby-2.3.0/gems/activesupport-5.0.0.1/lib/active_support/callbacks.rb:456:in `each'
/usr/local/rvm/gems/ruby-2.3.0/gems/activesupport-5.0.0.1/lib/active_support/callbacks.rb:456:in `call'
/usr/local/rvm/gems/ruby-2.3.0/gems/activesupport-5.0.0.1/lib/active_support/callbacks.rb:101:in `__run_callbacks__'
/usr/local/rvm/gems/ruby-2.3.0/gems/activesupport-5.0.0.1/lib/active_support/callbacks.rb:750:in `_run_save_callbacks'
/usr/local/rvm/gems/ruby-2.3.0/gems/activerecord-5.0.0.1/lib/active_record/callbacks.rb:298:in `create_or_update'
/usr/local/rvm/gems/ruby-2.3.0/gems/activerecord-5.0.0.1/lib/active_record/persistence.rb:125:in `save'
/usr/local/rvm/gems/ruby-2.3.0/gems/activerecord-5.0.0.1/lib/active_record/validations.rb:44:in `save'
/usr/local/rvm/gems/ruby-2.3.0/gems/activerecord-5.0.0.1/lib/active_record/attribute_methods/dirty.rb:22:in `save'
/usr/local/rvm/gems/ruby-2.3.0/gems/activerecord-5.0.0.1/lib/active_record/transactions.rb:319:in `block (2 levels) in save'
/usr/local/rvm/gems/ruby-2.3.0/gems/activerecord-5.0.0.1/lib/active_record/transactions.rb:395:in `block in with_transaction_returning_status'
/usr/local/rvm/gems/ruby-2.3.0/gems/activerecord-5.0.0.1/lib/active_record/connection_adapters/abstract/database_statements.rb:230:in `transaction'
/usr/local/rvm/gems/ruby-2.3.0/gems/activerecord-5.0.0.1/lib/active_record/transactions.rb:211:in `transaction'
/usr/local/rvm/gems/ruby-2.3.0/gems/activerecord-5.0.0.1/lib/active_record/transactions.rb:392:in `with_transaction_returning_status'
/usr/local/rvm/gems/ruby-2.3.0/gems/activerecord-5.0.0.1/lib/active_record/transactions.rb:319:in `block in save'
/usr/local/rvm/gems/ruby-2.3.0/gems/activerecord-5.0.0.1/lib/active_record/transactions.rb:334:in `rollback_active_record_state!'
/usr/local/rvm/gems/ruby-2.3.0/gems/activerecord-5.0.0.1/lib/active_record/transactions.rb:318:in `save'
/usr/local/rvm/gems/ruby-2.3.0/gems/activerecord-5.0.0.1/lib/active_record/suppressor.rb:41:in `save'
/usr/local/rvm/gems/ruby-2.3.0/gems/activerecord-5.0.0.1/lib/active_record/persistence.rb:266:in `block in update'
/usr/local/rvm/gems/ruby-2.3.0/gems/activerecord-5.0.0.1/lib/active_record/transactions.rb:395:in `block in with_transaction_returning_status'
/usr/local/rvm/gems/ruby-2.3.0/gems/activerecord-5.0.0.1/lib/active_record/connection_adapters/abstract/database_statements.rb:230:in `transaction'
/usr/local/rvm/gems/ruby-2.3.0/gems/activerecord-5.0.0.1/lib/active_record/transactions.rb:211:in `transaction'
/usr/local/rvm/gems/ruby-2.3.0/gems/activerecord-5.0.0.1/lib/active_record/transactions.rb:392:in `with_transaction_returning_status'
/usr/local/rvm/gems/ruby-2.3.0/gems/activerecord-5.0.0.1/lib/active_record/persistence.rb:264:in `update'
/home/ubuntu/workspace/matchme/app/models/match.rb:25:in `add_percent'
/usr/local/rvm/gems/ruby-2.3.0/gems/activesupport-5.0.0.1/lib/active_support/callbacks.rb:382:in `block in make_lambda'
/usr/local/rvm/gems/ruby-2.3.0/gems/activesupport-5.0.0.1/lib/active_support/callbacks.rb:207:in `block in halting_and_conditional'
/usr/local/rvm/gems/ruby-2.3.0/gems/activesupport-5.0.0.1/lib/active_support/callbacks.rb:456:in `block in call'
/usr/local/rvm/gems/ruby-2.3.0/gems/activesupport-5.0.0.1/lib/active_support/callbacks.rb:456:in `each'
/usr/local/rvm/gems/ruby-2.3.0/gems/activesupport-5.0.0.1/lib/active_support/callbacks.rb:456:in `call'
/usr/local/rvm/gems/ruby-2.3.0/gems/activesupport-5.0.0.1/lib/active_support/callbacks.rb:101:in `__run_callbacks__'
/usr/local/rvm/gems/ruby-2.3.0/gems/activesupport-5.0.0.1/lib/active_support/callbacks.rb:750:in `_run_save_callbacks'
/usr/local/rvm/gems/ruby-2.3.0/gems/activerecord-5.0.0.1/lib/active_record/callbacks.rb:298:in `create_or_update'
/usr/local/rvm/gems/ruby-2.3.0/gems/activerecord-5.0.0.1/lib/active_record/persistence.rb:125:in `save'
/usr/local/rvm/gems/ruby-2.3.0/gems/activerecord-5.0.0.1/lib/active_record/validations.rb:44:in `save'
/usr/local/rvm/gems/ruby-2.3.0/gems/activerecord-5.0.0.1/lib/active_record/attribute_methods/dirty.rb:22:in `save'
/usr/local/rvm/gems/ruby-2.3.0/gems/activerecord-5.0.0.1/lib/active_record/transactions.rb:319:in `block (2 levels) in save'
/usr/local/rvm/gems/ruby-2.3.0/gems/activerecord-5.0.0.1/lib/active_record/transactions.rb:395:in `block in with_transaction_returning_status'
/usr/local/rvm/gems/ruby-2.3.0/gems/activerecord-5.0.0.1/lib/active_record/connection_adapters/abstract/database_statements.rb:230:in `transaction'
/usr/local/rvm/gems/ruby-2.3.0/gems/activerecord-5.0.0.1/lib/active_record/transactions.rb:211:in `transaction'
/usr/local/rvm/gems/ruby-2.3.0/gems/activerecord-5.0.0.1/lib/active_record/transactions.rb:392:in `with_transaction_returning_status'
/usr/local/rvm/gems/ruby-2.3.0/gems/activerecord-5.0.0.1/lib/active_record/transactions.rb:319:in `block in save'
/usr/local/rvm/gems/ruby-2.3.0/gems/activerecord-5.0.0.1/lib/active_record/transactions.rb:334:in `rollback_active_record_state!'
/usr/local/rvm/gems/ruby-2.3.0/gems/activerecord-5.0.0.1/lib/active_record/transactions.rb:318:in `save'
/usr/local/rvm/gems/ruby-2.3.0/gems/activerecord-5.0.0.1/lib/active_record/suppressor.rb:41:in `save'
/usr/local/rvm/gems/ruby-2.3.0/gems/activerecord-5.0.0.1/lib/active_record/persistence.rb:266:in `block in update'
/usr/local/rvm/gems/ruby-2.3.0/gems/activerecord-5.0.0.1/lib/active_record/transactions.rb:395:in `block in with_transaction_returning_status'
/usr/local/rvm/gems/ruby-2.3.0/gems/activerecord-5.0.0.1/lib/active_record/connection_adapters/abstract/database_statements.rb:230:in `transaction'
/usr/local/rvm/gems/ruby-2.3.0/gems/activerecord-5.0.0.1/lib/active_record/transactions.rb:211:in `transaction'
/usr/local/rvm/gems/ruby-2.3.0/gems/activerecord-5.0.0.1/lib/active_record/transactions.rb:392:in `with_transaction_returning_status'
/usr/local/rvm/gems/ruby-2.3.0/gems/activerecord-5.0.0.1/lib/active_record/persistence.rb:264:in `update'
/home/ubuntu/workspace/matchme/app/models/match.rb:25:in `add_percent'
/usr/local/rvm/gems/ruby-2.3.0/gems/activesupport-5.0.0.1/lib/active_support/callbacks.rb:382:in `block in make_lambda'
/usr/local/rvm/gems/ruby-2.3.0/gems/activesupport-5.0.0.1/lib/active_support/callbacks.rb:207:in `block in halting_and_conditional'
/usr/local/rvm/gems/ruby-2.3.0/gems/activesupport-5.0.0.1/lib/active_support/callbacks.rb:456:in `block in call'
/usr/local/rvm/gems/ruby-2.3.0/gems/activesupport-5.0.0.1/lib/active_support/callbacks.rb:456:in `each'
/usr/local/rvm/gems/ruby-2.3.0/gems/activesupport-5.0.0.1/lib/active_support/callbacks.rb:456:in `call'
/usr/local/rvm/gems/ruby-2.3.0/gems/activesupport-5.0.0.1/lib/active_support/callbacks.rb:101:in `__run_callbacks__'
/usr/local/rvm/gems/ruby-2.3.0/gems/activesupport-5.0.0.1/lib/active_support/callbacks.rb:750:in `_run_save_callbacks'
/usr/local/rvm/gems/ruby-2.3.0/gems/activerecord-5.0.0.1/lib/active_record/callbacks.rb:298:in `create_or_update'
/usr/local/rvm/gems/ruby-2.3.0/gems/activerecord-5.0.0.1/lib/active_record/persistence.rb:125:in `save'
/usr/local/rvm/gems/ruby-2.3.0/gems/activerecord-5.0.0.1/lib/active_record/validations.rb:44:in `save'
/usr/local/rvm/gems/ruby-2.3.0/gems/activerecord-5.0.0.1/lib/active_record/attribute_methods/dirty.rb:22:in `save'
/usr/local/rvm/gems/ruby-2.3.0/gems/activerecord-5.0.0.1/lib/active_record/transactions.rb:319:in `block (2 levels) in save'
/usr/local/rvm/gems/ruby-2.3.0/gems/activerecord-5.0.0.1/lib/active_record/transactions.rb:395:in `block in with_transaction_returning_status'
/usr/local/rvm/gems/ruby-2.3.0/gems/activerecord-5.0.0.1/lib/active_record/connection_adapters/abstract/database_statements.rb:230:in `transaction'
/usr/local/rvm/gems/ruby-2.3.0/gems/activerecord-5.0.0.1/lib/active_record/transactions.rb:211:in `transaction'
/usr/local/rvm/gems/ruby-2.3.0/gems/activerecord-5.0.0.1/lib/active_record/transactions.rb:392:in `with_transaction_returning_status'
/usr/local/rvm/gems/ruby-2.3.0/gems/activerecord-5.0.0.1/lib/active_record/transactions.rb:319:in `block in save'
/usr/local/rvm/gems/ruby-2.3.0/gems/activerecord-5.0.0.1/lib/active_record/transactions.rb:334:in `rollback_active_record_state!'
/usr/local/rvm/gems/ruby-2.3.0/gems/activerecord-5.0.0.1/lib/active_record/transactions.rb:318:in `save'
/usr/local/rvm/gems/ruby-2.3.0/gems/activerecord-5.0.0.1/lib/active_record/suppressor.rb:41:in `save'
/usr/local/rvm/gems/ruby-2.3.0/gems/activerecord-5.0.0.1/lib/active_record/persistence.rb:266:in `block in update'
/usr/local/rvm/gems/ruby-2.3.0/gems/activerecord-5.0.0.1/lib/active_record/transactions.rb:395:in `block in with_transaction_returning_status'
/usr/local/rvm/gems/ruby-2.3.0/gems/activerecord-5.0.0.1/lib/active_record/connection_adapters/abstract/database_statements.rb:230:in `transaction'
/usr/local/rvm/gems/ruby-2.3.0/gems/activerecord-5.0.0.1/lib/active_record/transactions.rb:211:in `transaction'
/usr/local/rvm/gems/ruby-2.3.0/gems/activerecord-5.0.0.1/lib/active_record/transactions.rb:392:in `with_transaction_returning_status'
/usr/local/rvm/gems/ruby-2.3.0/gems/activerecord-5.0.0.1/lib/active_record/persistence.rb:264:in `update'
/home/ubuntu/workspace/matchme/app/models/match.rb:25:in `add_percent'
/usr/local/rvm/gems/ruby-2.3.0/gems/activesupport-5.0.0.1/lib/active_support/callbacks.rb:382:in `block in make_lambda'
/usr/local/rvm/gems/ruby-2.3.0/gems/activesupport-5.0.0.1/lib/active_support/callbacks.rb:207:in `block in halting_and_conditional'
/usr/local/rvm/gems/ruby-2.3.0/gems/activesupport-5.0.0.1/lib/active_support/callbacks.rb:456:in `block in call'
/usr/local/rvm/gems/ruby-2.3.0/gems/activesupport-5.0.0.1/lib/active_support/callbacks.rb:456:in `each'
/usr/local/rvm/gems/ruby-2.3.0/gems/activesupport-5.0.0.1/lib/active_support/callbacks.rb:456:in `call'
/usr/local/rvm/gems/ruby-2.3.0/gems/activesupport-5.0.0.1/lib/active_support/callbacks.rb:101:in `__run_callbacks__'
/usr/local/rvm/gems/ruby-2.3.0/gems/activesupport-5.0.0.1/lib/active_support/callbacks.rb:750:in `_run_save_callbacks'
/usr/local/rvm/gems/ruby-2.3.0/gems/activerecord-5.0.0.1/lib/active_record/callbacks.rb:298:in `create_or_update'
/usr/local/rvm/gems/ruby-2.3.0/gems/activerecord-5.0.0.1/lib/active_record/persistence.rb:125:in `save'
/usr/local/rvm/gems/ruby-2.3.0/gems/activerecord-5.0.0.1/lib/active_record/validations.rb:44:in `save'
/usr/local/rvm/gems/ruby-2.3.0/gems/activerecord-5.0.0.1/lib/active_record/attribute_methods/dirty.rb:22:in `save'
/usr/local/rvm/gems/ruby-2.3.0/gems/activerecord-5.0.0.1/lib/active_record/transactions.rb:319:in `block (2 levels) in save'
/usr/local/rvm/gems/ruby-2.3.0/gems/activerecord-5.0.0.1/lib/active_record/transactions.rb:395:in `block in with_transaction_returning_status'
/usr/local/rvm/gems/ruby-2.3.0/gems/activerecord-5.0.0.1/lib/active_record/connection_adapters/abstract/database_statements.rb:230:in `transaction'
/usr/local/rvm/gems/ruby-2.3.0/gems/activerecord-5.0.0.1/lib/active_record/transactions.rb:211:in `transaction'
/usr/local/rvm/gems/ruby-2.3.0/gems/activerecord-5.0.0.1/lib/active_record/transactions.rb:392:in `with_transaction_returning_status'
/usr/local/rvm/gems/ruby-2.3.0/gems/activerecord-5.0.0.1/lib/active_record/transactions.rb:319:in `block in save'
/usr/local/rvm/gems/ruby-2.3.0/gems/activerecord-5.0.0.1/lib/active_record/transactions.rb:334:in `rollback_active_record_state!'
/usr/local/rvm/gems/ruby-2.3.0/gems/activerecord-5.0.0.1/lib/active_record/transactions.rb:318:in `save'
/usr/local/rvm/gems/ruby-2.3.0/gems/activerecord-5.0.0.1/lib/active_record/suppressor.rb:41:in `save'
/usr/local/rvm/gems/ruby-2.3.0/gems/activerecord-5.0.0.1/lib/active_record/persistence.rb:266:in `block in update'
/usr/local/rvm/gems/ruby-2.3.0/gems/activerecord-5.0.0.1/lib/active_record/transactions.rb:395:in `block in with_transaction_returning_status'
/usr/local/rvm/gems/ruby-2.3.0/gems/activerecord-5.0.0.1/lib/active_record/connection_adapters/abstract/database_statements.rb:230:in `transaction'
/usr/local/rvm/gems/ruby-2.3.0/gems/activerecord-5.0.0.1/lib/active_record/transactions.rb:211:in `transaction'
/usr/local/rvm/gems/ruby-2.3.0/gems/activerecord-5.0.0.1/lib/active_record/transactions.rb:392:in `with_transaction_returning_status'
/usr/local/rvm/gems/ruby-2.3.0/gems/activerecord-5.0.0.1/lib/active_record/persistence.rb:264:in `update'
/home/ubuntu/workspace/matchme/app/models/match.rb:25:in `add_percent'
/usr/local/rvm/gems/ruby-2.3.0/gems/activesupport-5.0.0.1/lib/active_support/callbacks.rb:382:in `block in make_lambda'
/usr/local/rvm/gems/ruby-2.3.0/gems/activesupport-5.0.0.1/lib/active_support/callbacks.rb:207:in `block in halting_and_conditional'
/usr/local/rvm/gems/ruby-2.3.0/gems/activesupport-5.0.0.1/lib/active_support/callbacks.rb:456:in `block in call'
/usr/local/rvm/gems/ruby-2.3.0/gems/activesupport-5.0.0.1/lib/active_support/callbacks.rb:456:in `each'
/usr/local/rvm/gems/ruby-2.3.0/gems/activesupport-5.0.0.1/lib/active_support/callbacks.rb:456:in `call'
/usr/local/rvm/gems/ruby-2.3.0/gems/activesupport-5.0.0.1/lib/active_support/callbacks.rb:101:in `__run_callbacks__'
/usr/local/rvm/gems/ruby-2.3.0/gems/activesupport-5.0.0.1/lib/active_support/callbacks.rb:750:in `_run_save_callbacks'
/usr/local/rvm/gems/ruby-2.3.0/gems/activerecord-5.0.0.1/lib/active_record/callbacks.rb:298:in `create_or_update'
/usr/local/rvm/gems/ruby-2.3.0/gems/activerecord-5.0.0.1/lib/active_record/persistence.rb:125:in `save'
/usr/local/rvm/gems/ruby-2.3.0/gems/activerecord-5.0.0.1/lib/active_record/validations.rb:44:in `save'
/usr/local/rvm/gems/ruby-2.3.0/gems/activerecord-5.0.0.1/lib/active_record/attribute_methods/dirty.rb:22:in `save'
/usr/local/rvm/gems/ruby-2.3.0/gems/activerecord-5.0.0.1/lib/active_record/transactions.rb:319:in `block (2 levels) in save'
/usr/local/rvm/gems/ruby-2.3.0/gems/activerecord-5.0.0.1/lib/active_record/transactions.rb:395:in `block in with_transaction_returning_status'
/usr/local/rvm/gems/ruby-2.3.0/gems/activerecord-5.0.0.1/lib/active_record/connection_adapters/abstract/database_statements.rb:230:in `transaction'
/usr/local/rvm/gems/ruby-2.3.0/gems/activerecord-5.0.0.1/lib/active_record/transactions.rb:211:in `transaction'
/usr/local/rvm/gems/ruby-2.3.0/gems/activerecord-5.0.0.1/lib/active_record/transactions.rb:392:in `with_transaction_returning_status'
/usr/local/rvm/gems/ruby-2.3.0/gems/activerecord-5.0.0.1/lib/active_record/transactions.rb:319:in `block in save'
/usr/local/rvm/gems/ruby-2.3.0/gems/activerecord-5.0.0.1/lib/active_record/transactions.rb:334:in `rollback_active_record_state!'
/usr/local/rvm/gems/ruby-2.3.0/gems/activerecord-5.0.0.1/lib/active_record/transactions.rb:318:in `save'
/usr/local/rvm/gems/ruby-2.3.0/gems/activerecord-5.0.0.1/lib/active_record/suppressor.rb:41:in `save'
/usr/local/rvm/gems/ruby-2.3.0/gems/activerecord-5.0.0.1/lib/active_record/persistence.rb:266:in `block in update'
/usr/local/rvm/gems/ruby-2.3.0/gems/activerecord-5.0.0.1/lib/active_record/transactions.rb:395:in `block in with_transaction_returning_status'
/usr/local/rvm/gems/ruby-2.3.0/gems/activerecord-5.0.0.1/lib/active_record/connection_adapters/abstract/database_statements.rb:230:in `transaction'
/usr/local/rvm/gems/ruby-2.3.0/gems/activerecord-5.0.0.1/lib/active_record/transactions.rb:211:in `transaction'
/usr/local/rvm/gems/ruby-2.3.0/gems/activerecord-5.0.0.1/lib/active_record/transactions.rb:392:in `with_transaction_returning_status'
/usr/local/rvm/gems/ruby-2.3.0/gems/activerecord-5.0.0.1/lib/active_record/persistence.rb:264:in `update'
/home/ubuntu/workspace/matchme/app/models/match.rb:25:in `add_percent'
/usr/local/rvm/gems/ruby-2.3.0/gems/activesupport-5.0.0.1/lib/active_support/callbacks.rb:382:in `block in make_lambda'
/usr/local/rvm/gems/ruby-2.3.0/gems/activesupport-5.0.0.1/lib/active_support/callbacks.rb:207:in `block in halting_and_conditional'
/usr/local/rvm/gems/ruby-2.3.0/gems/activesupport-5.0.0.1/lib/active_support/callbacks.rb:456:in `block in call'
/usr/local/rvm/gems/ruby-2.3.0/gems/activesupport-5.0.0.1/lib/active_support/callbacks.rb:456:in `each'
/usr/local/rvm/gems/ruby-2.3.0/gems/activesupport-5.0.0.1/lib/active_support/callbacks.rb:456:in `call'
/usr/local/rvm/gems/ruby-2.3.0/gems/activesupport-5.0.0.1/lib/active_support/callbacks.rb:101:in `__run_callbacks__'
/usr/local/rvm/gems/ruby-2.3.0/gems/activesupport-5.0.0.1/lib/active_support/callbacks.rb:750:in `_run_save_callbacks'
/usr/local/rvm/gems/ruby-2.3.0/gems/activerecord-5.0.0.1/lib/active_record/callbacks.rb:298:in `create_or_update'
/usr/local/rvm/gems/ruby-2.3.0/gems/activerecord-5.0.0.1/lib/active_record/persistence.rb:125:in `save'
/usr/local/rvm/gems/ruby-2.3.0/gems/activerecord-5.0.0.1/lib/active_record/validations.rb:44:in `save'
/usr/local/rvm/gems/ruby-2.3.0/gems/activerecord-5.0.0.1/lib/active_record/attribute_methods/dirty.rb:22:in `save'
/usr/local/rvm/gems/ruby-2.3.0/gems/activerecord-5.0.0.1/lib/active_record/transactions.rb:319:in `block (2 levels) in save'
/usr/local/rvm/gems/ruby-2.3.0/gems/activerecord-5.0.0.1/lib/active_record/transactions.rb:395:in `block in with_transaction_returning_status'
/usr/local/rvm/gems/ruby-2.3.0/gems/activerecord-5.0.0.1/lib/active_record/connection_adapters/abstract/database_statements.rb:230:in `transaction'
/usr/local/rvm/gems/ruby-2.3.0/gems/activerecord-5.0.0.1/lib/active_record/transactions.rb:211:in `transaction'
/usr/local/rvm/gems/ruby-2.3.0/gems/activerecord-5.0.0.1/lib/active_record/transactions.rb:392:in `with_transaction_returning_status'
/usr/local/rvm/gems/ruby-2.3.0/gems/activerecord-5.0.0.1/lib/active_record/transactions.rb:319:in `block in save'
/usr/local/rvm/gems/ruby-2.3.0/gems/activerecord-5.0.0.1/lib/active_record/transactions.rb:334:in `rollback_active_record_state!'
/usr/local/rvm/gems/ruby-2.3.0/gems/activerecord-5.0.0.1/lib/active_record/transactions.rb:318:in `save'
/usr/local/rvm/gems/ruby-2.3.0/gems/activerecord-5.0.0.1/lib/active_record/suppressor.rb:41:in `save'
/usr/local/rvm/gems/ruby-2.3.0/gems/activerecord-5.0.0.1/lib/active_record/persistence.rb:266:in `block in update'
/usr/local/rvm/gems/ruby-2.3.0/gems/activerecord-5.0.0.1/lib/active_record/transactions.rb:395:in `block in with_transaction_returning_status'
/usr/local/rvm/gems/ruby-2.3.0/gems/activerecord-5.0.0.1/lib/active_record/connection_adapters/abstract/database_statements.rb:230:in `transaction'
/usr/local/rvm/gems/ruby-2.3.0/gems/activerecord-5.0.0.1/lib/active_record/transactions.rb:211:in `transaction'
/usr/local/rvm/gems/ruby-2.3.0/gems/activerecord-5.0.0.1/lib/active_record/transactions.rb:392:in `with_transaction_returning_status'
/usr/local/rvm/gems/ruby-2.3.0/gems/activerecord-5.0.0.1/lib/active_record/persistence.rb:264:in `update'
/home/ubuntu/workspace/matchme/app/models/match.rb:25:in `add_percent'
/usr/local/rvm/gems/ruby-2.3.0/gems/activesupport-5.0.0.1/lib/active_support/callbacks.rb:382:in `block in make_lambda'
/usr/local/rvm/gems/ruby-2.3.0/gems/activesupport-5.0.0.1/lib/active_support/callbacks.rb:207:in `block in halting_and_conditional'
/usr/local/rvm/gems/ruby-2.3.0/gems/activesupport-5.0.0.1/lib/active_support/callbacks.rb:456:in `block in call'
/usr/local/rvm/gems/ruby-2.3.0/gems/activesupport-5.0.0.1/lib/active_support/callbacks.rb:456:in `each'
/usr/local/rvm/gems/ruby-2.3.0/gems/activesupport-5.0.0.1/lib/active_support/callbacks.rb:456:in `call'
/usr/local/rvm/gems/ruby-2.3.0/gems/activesupport-5.0.0.1/lib/active_support/callbacks.rb:101:in `__run_callbacks__'
/usr/local/rvm/gems/ruby-2.3.0/gems/activesupport-5.0.0.1/lib/active_support/callbacks.rb:750:in `_run_save_callbacks'
/usr/local/rvm/gems/ruby-2.3.0/gems/activerecord-5.0.0.1/lib/active_record/callbacks.rb:298:in `create_or_update'
/usr/local/rvm/gems/ruby-2.3.0/gems/activerecord-5.0.0.1/lib/active_record/persistence.rb:125:in `save'
/usr/local/rvm/gems/ruby-2.3.0/gems/activerecord-5.0.0.1/lib/active_record/validations.rb:44:in `save'
/usr/local/rvm/gems/ruby-2.3.0/gems/activerecord-5.0.0.1/lib/active_record/attribute_methods/dirty.rb:22:in `save'
/usr/local/rvm/gems/ruby-2.3.0/gems/activerecord-5.0.0.1/lib/active_record/transactions.rb:319:in `block (2 levels) in save'
/usr/local/rvm/gems/ruby-2.3.0/gems/activerecord-5.0.0.1/lib/active_record/transactions.rb:395:in `block in with_transaction_returning_status'
/usr/local/rvm/gems/ruby-2.3.0/gems/activerecord-5.0.0.1/lib/active_record/connection_adapters/abstract/database_statements.rb:230:in `transaction'
/usr/local/rvm/gems/ruby-2.3.0/gems/activerecord-5.0.0.1/lib/active_record/transactions.rb:211:in `transaction'
/usr/local/rvm/gems/ruby-2.3.0/gems/activerecord-5.0.0.1/lib/active_record/transactions.rb:392:in `with_transaction_returning_status'
/usr/local/rvm/gems/ruby-2.3.0/gems/activerecord-5.0.0.1/lib/active_record/transactions.rb:319:in `block in save'
/usr/local/rvm/gems/ruby-2.3.0/gems/activerecord-5.0.0.1/lib/active_record/transactions.rb:334:in `rollback_active_record_state!'
/usr/local/rvm/gems/ruby-2.3.0/gems/activerecord-5.0.0.1/lib/active_record/transactions.rb:318:in `save'
/usr/local/rvm/gems/ruby-2.3.0/gems/activerecord-5.0.0.1/lib/active_record/suppressor.rb:41:in `save'
/usr/local/rvm/gems/ruby-2.3.0/gems/activerecord-5.0.0.1/lib/active_record/persistence.rb:266:in `block in update'
/usr/local/rvm/gems/ruby-2.3.0/gems/activerecord-5.0.0.1/lib/active_record/transactions.rb:395:in `block in with_transaction_returning_status'
/usr/local/rvm/gems/ruby-2.3.0/gems/activerecord-5.0.0.1/lib/active_record/connection_adapters/abstract/database_statements.rb:230:in `transaction'
/usr/local/rvm/gems/ruby-2.3.0/gems/activerecord-5.0.0.1/lib/active_record/transactions.rb:211:in `transaction'
/usr/local/rvm/gems/ruby-2.3.0/gems/activerecord-5.0.0.1/lib/active_record/transactions.rb:392:in `with_transaction_returning_status'
/usr/local/rvm/gems/ruby-2.3.0/gems/activerecord-5.0.0.1/lib/active_record/persistence.rb:264:in `update'
/home/ubuntu/workspace/matchme/app/models/match.rb:25:in `add_percent'
/usr/local/rvm/gems/ruby-2.3.0/gems/activesupport-5.0.0.1/lib/active_support/callbacks.rb:382:in `block in make_lambda'
/usr/local/rvm/gems/ruby-2.3.0/gems/activesupport-5.0.0.1/lib/active_support/callbacks.rb:207:in `block in halting_and_conditional'
/usr/local/rvm/gems/ruby-2.3.0/gems/activesupport-5.0.0.1/lib/active_support/callbacks.rb:456:in `block in call'
/usr/local/rvm/gems/ruby-2.3.0/gems/activesupport-5.0.0.1/lib/active_support/callbacks.rb:456:in `each'
/usr/local/rvm/gems/ruby-2.3.0/gems/activesupport-5.0.0.1/lib/active_support/callbacks.rb:456:in `call'
/usr/local/rvm/gems/ruby-2.3.0/gems/activesupport-5.0.0.1/lib/active_support/callbacks.rb:101:in `__run_callbacks__'
/usr/local/rvm/gems/ruby-2.3.0/gems/activesupport-5.0.0.1/lib/active_support/callbacks.rb:750:in `_run_save_callbacks'
/usr/local/rvm/gems/ruby-2.3.0/gems/activerecord-5.0.0.1/lib/active_record/callbacks.rb:298:in `create_or_update'
/usr/local/rvm/gems/ruby-2.3.0/gems/activerecord-5.0.0.1/lib/active_record/persistence.rb:125:in `save'
/usr/local/rvm/gems/ruby-2.3.0/gems/activerecord-5.0.0.1/lib/active_record/validations.rb:44:in `save'
/usr/local/rvm/gems/ruby-2.3.0/gems/activerecord-5.0.0.1/lib/active_record/attribute_methods/dirty.rb:22:in `save'
/usr/local/rvm/gems/ruby-2.3.0/gems/activerecord-5.0.0.1/lib/active_record/transactions.rb:319:in `block (2 levels) in save'
/usr/local/rvm/gems/ruby-2.3.0/gems/activerecord-5.0.0.1/lib/active_record/transactions.rb:395:in `block in with_transaction_returning_status'
/usr/local/rvm/gems/ruby-2.3.0/gems/activerecord-5.0.0.1/lib/active_record/connection_adapters/abstract/database_statements.rb:230:in `transaction'
/usr/local/rvm/gems/ruby-2.3.0/gems/activerecord-5.0.0.1/lib/active_record/transactions.rb:211:in `transaction'
/usr/local/rvm/gems/ruby-2.3.0/gems/activerecord-5.0.0.1/lib/active_record/transactions.rb:392:in `with_transaction_returning_status'
/usr/local/rvm/gems/ruby-2.3.0/gems/activerecord-5.0.0.1/lib/active_record/transactions.rb:319:in `block in save'
/usr/local/rvm/gems/ruby-2.3.0/gems/activerecord-5.0.0.1/lib/active_record/transactions.rb:334:in `rollback_active_record_state!'
/usr/local/rvm/gems/ruby-2.3.0/gems/activerecord-5.0.0.1/lib/active_record/transactions.rb:318:in `save'
/usr/local/rvm/gems/ruby-2.3.0/gems/activerecord-5.0.0.1/lib/active_record/suppressor.rb:41:in `save'
/usr/local/rvm/gems/ruby-2.3.0/gems/activerecord-5.0.0.1/lib/active_record/persistence.rb:266:in `block in update'
/usr/local/rvm/gems/ruby-2.3.0/gems/activerecord-5.0.0.1/lib/active_record/transactions.rb:395:in `block in with_transaction_returning_status'
/usr/local/rvm/gems/ruby-2.3.0/gems/activerecord-5.0.0.1/lib/active_record/connection_adapters/abstract/database_statements.rb:230:in `transaction'
/usr/local/rvm/gems/ruby-2.3.0/gems/activerecord-5.0.0.1/lib/active_record/transactions.rb:211:in `transaction'
/usr/local/rvm/gems/ruby-2.3.0/gems/activerecord-5.0.0.1/lib/active_record/transactions.rb:392:in `with_transaction_returning_status'
/usr/local/rvm/gems/ruby-2.3.0/gems/activerecord-5.0.0.1/lib/active_record/persistence.rb:264:in `update'
/home/ubuntu/workspace/matchme/app/models/match.rb:25:in `add_percent'
/usr/local/rvm/gems/ruby-2.3.0/gems/activesupport-5.0.0.1/lib/active_support/callbacks.rb:382:in `block in make_lambda'
/usr/local/rvm/gems/ruby-2.3.0/gems/activesupport-5.0.0.1/lib/active_support/callbacks.rb:207:in `block in halting_and_conditional'
/usr/local/rvm/gems/ruby-2.3.0/gems/activesupport-5.0.0.1/lib/active_support/callbacks.rb:456:in `block in call'
/usr/local/rvm/gems/ruby-2.3.0/gems/activesupport-5.0.0.1/lib/active_support/callbacks.rb:456:in `each'
/usr/local/rvm/gems/ruby-2.3.0/gems/activesupport-5.0.0.1/lib/active_support/callbacks.rb:456:in `call'
/usr/local/rvm/gems/ruby-2.3.0/gems/activesupport-5.0.0.1/lib/active_support/callbacks.rb:101:in `__run_callbacks__'
/usr/local/rvm/gems/ruby-2.3.0/gems/activesupport-5.0.0.1/lib/active_support/callbacks.rb:750:in `_run_save_callbacks'
/usr/local/rvm/gems/ruby-2.3.0/gems/activerecord-5.0.0.1/lib/active_record/callbacks.rb:298:in `create_or_update'
/usr/local/rvm/gems/ruby-2.3.0/gems/activerecord-5.0.0.1/lib/active_record/persistence.rb:125:in `save'
/usr/local/rvm/gems/ruby-2.3.0/gems/activerecord-5.0.0.1/lib/active_record/validations.rb:44:in `save'
/usr/local/rvm/gems/ruby-2.3.0/gems/activerecord-5.0.0.1/lib/active_record/attribute_methods/dirty.rb:22:in `save'
/usr/local/rvm/gems/ruby-2.3.0/gems/activerecord-5.0.0.1/lib/active_record/transactions.rb:319:in `block (2 levels) in save'
/usr/local/rvm/gems/ruby-2.3.0/gems/activerecord-5.0.0.1/lib/active_record/transactions.rb:395:in `block in with_transaction_returning_status'
/usr/local/rvm/gems/ruby-2.3.0/gems/activerecord-5.0.0.1/lib/active_record/connection_adapters/abstract/database_statements.rb:230:in `transaction'
/usr/local/rvm/gems/ruby-2.3.0/gems/activerecord-5.0.0.1/lib/active_record/transactions.rb:211:in `transaction'
/usr/local/rvm/gems/ruby-2.3.0/gems/activerecord-5.0.0.1/lib/active_record/transactions.rb:392:in `with_transaction_returning_status'
/usr/local/rvm/gems/ruby-2.3.0/gems/activerecord-5.0.0.1/lib/active_record/transactions.rb:319:in `block in save'
/usr/local/rvm/gems/ruby-2.3.0/gems/activerecord-5.0.0.1/lib/active_record/transactions.rb:334:in `rollback_active_record_state!'
/usr/local/rvm/gems/ruby-2.3.0/gems/activerecord-5.0.0.1/lib/active_record/transactions.rb:318:in `save'
/usr/local/rvm/gems/ruby-2.3.0/gems/activerecord-5.0.0.1/lib/active_record/suppressor.rb:41:in `save'
/usr/local/rvm/gems/ruby-2.3.0/gems/activerecord-5.0.0.1/lib/active_record/persistence.rb:266:in `block in update'
/usr/local/rvm/gems/ruby-2.3.0/gems/activerecord-5.0.0.1/lib/active_record/transactions.rb:395:in `block in with_transaction_returning_status'
/usr/local/rvm/gems/ruby-2.3.0/gems/activerecord-5.0.0.1/lib/active_record/connection_adapters/abstract/database_statements.rb:230:in `transaction'
/usr/local/rvm/gems/ruby-2.3.0/gems/activerecord-5.0.0.1/lib/active_record/transactions.rb:211:in `transaction'
/usr/local/rvm/gems/ruby-2.3.0/gems/activerecord-5.0.0.1/lib/active_record/transactions.rb:392:in `with_transaction_returning_status'
/usr/local/rvm/gems/ruby-2.3.0/gems/activerecord-5.0.0.1/lib/active_record/persistence.rb:264:in `update'
/home/ubuntu/workspace/matchme/app/models/match.rb:25:in `add_percent'
/usr/local/rvm/gems/ruby-2.3.0/gems/activesupport-5.0.0.1/lib/active_support/callbacks.rb:382:in `block in make_lambda'
/usr/local/rvm/gems/ruby-2.3.0/gems/activesupport-5.0.0.1/lib/active_support/callbacks.rb:207:in `block in halting_and_conditional'
/usr/local/rvm/gems/ruby-2.3.0/gems/activesupport-5.0.0.1/lib/active_support/callbacks.rb:456:in `block in call'
/usr/local/rvm/gems/ruby-2.3.0/gems/activesupport-5.0.0.1/lib/active_support/callbacks.rb:456:in `each'
/usr/local/rvm/gems/ruby-2.3.0/gems/activesupport-5.0.0.1/lib/active_support/callbacks.rb:456:in `call'
/usr/local/rvm/gems/ruby-2.3.0/gems/activesupport-5.0.0.1/lib/active_support/callbacks.rb:101:in `__run_callbacks__'
/usr/local/rvm/gems/ruby-2.3.0/gems/activesupport-5.0.0.1/lib/active_support/callbacks.rb:750:in `_run_save_callbacks'
/usr/local/rvm/gems/ruby-2.3.0/gems/activerecord-5.0.0.1/lib/active_record/callbacks.rb:298:in `create_or_update'
/usr/local/rvm/gems/ruby-2.3.0/gems/activerecord-5.0.0.1/lib/active_record/persistence.rb:125:in `save'
/usr/local/rvm/gems/ruby-2.3.0/gems/activerecord-5.0.0.1/lib/active_record/validations.rb:44:in `save'
/usr/local/rvm/gems/ruby-2.3.0/gems/activerecord-5.0.0.1/lib/active_record/attribute_methods/dirty.rb:22:in `save'
/usr/local/rvm/gems/ruby-2.3.0/gems/activerecord-5.0.0.1/lib/active_record/transactions.rb:319:in `block (2 levels) in save'
/usr/local/rvm/gems/ruby-2.3.0/gems/activerecord-5.0.0.1/lib/active_record/transactions.rb:395:in `block in with_transaction_returning_status'
/usr/local/rvm/gems/ruby-2.3.0/gems/activerecord-5.0.0.1/lib/active_record/connection_adapters/abstract/database_statements.rb:230:in `transaction'
/usr/local/rvm/gems/ruby-2.3.0/gems/activerecord-5.0.0.1/lib/active_record/transactions.rb:211:in `transaction'
/usr/local/rvm/gems/ruby-2.3.0/gems/activerecord-5.0.0.1/lib/active_record/transactions.rb:392:in `with_transaction_returning_status'
/usr/local/rvm/gems/ruby-2.3.0/gems/activerecord-5.0.0.1/lib/active_record/transactions.rb:319:in `block in save'
/usr/local/rvm/gems/ruby-2.3.0/gems/activerecord-5.0.0.1/lib/active_record/transactions.rb:334:in `rollback_active_record_state!'
/usr/local/rvm/gems/ruby-2.3.0/gems/activerecord-5.0.0.1/lib/active_record/transactions.rb:318:in `save'
/usr/local/rvm/gems/ruby-2.3.0/gems/activerecord-5.0.0.1/lib/active_record/suppressor.rb:41:in `save'
/usr/local/rvm/gems/ruby-2.3.0/gems/activerecord-5.0.0.1/lib/active_record/persistence.rb:266:in `block in update'
/usr/local/rvm/gems/ruby-2.3.0/gems/activerecord-5.0.0.1/lib/active_record/transactions.rb:395:in `block in with_transaction_returning_status'
/usr/local/rvm/gems/ruby-2.3.0/gems/activerecord-5.0.0.1/lib/active_record/connection_adapters/abstract/database_statements.rb:230:in `transaction'
/usr/local/rvm/gems/ruby-2.3.0/gems/activerecord-5.0.0.1/lib/active_record/transactions.rb:211:in `transaction'
/usr/local/rvm/gems/ruby-2.3.0/gems/activerecord-5.0.0.1/lib/active_record/transactions.rb:392:in `with_transaction_returning_status'
/usr/local/rvm/gems/ruby-2.3.0/gems/activerecord-5.0.0.1/lib/active_record/persistence.rb:264:in `update'
/home/ubuntu/workspace/matchme/app/models/match.rb:25:in `add_percent'
/usr/local/rvm/gems/ruby-2.3.0/gems/activesupport-5.0.0.1/lib/active_support/callbacks.rb:382:in `block in make_lambda'
/usr/local/rvm/gems/ruby-2.3.0/gems/activesupport-5.0.0.1/lib/active_support/callbacks.rb:207:in `block in halting_and_conditional'
/usr/local/rvm/gems/ruby-2.3.0/gems/activesupport-5.0.0.1/lib/active_support/callbacks.rb:456:in `block in call'
/usr/local/rvm/gems/ruby-2.3.0/gems/activesupport-5.0.0.1/lib/active_support/callbacks.rb:456:in `each'
/usr/local/rvm/gems/ruby-2.3.0/gems/activesupport-5.0.0.1/lib/active_support/callbacks.rb:456:in `call'
/usr/local/rvm/gems/ruby-2.3.0/gems/activesupport-5.0.0.1/lib/active_support/callbacks.rb:101:in `__run_callbacks__'
/usr/local/rvm/gems/ruby-2.3.0/gems/activesupport-5.0.0.1/lib/active_support/callbacks.rb:750:in `_run_save_callbacks'
/usr/local/rvm/gems/ruby-2.3.0/gems/activerecord-5.0.0.1/lib/active_record/callbacks.rb:298:in `create_or_update'
/usr/local/rvm/gems/ruby-2.3.0/gems/activerecord-5.0.0.1/lib/active_record/persistence.rb:125:in `save'
/usr/local/rvm/gems/ruby-2.3.0/gems/activerecord-5.0.0.1/lib/active_record/validations.rb:44:in `save'
/usr/local/rvm/gems/ruby-2.3.0/gems/activerecord-5.0.0.1/lib/active_record/attribute_methods/dirty.rb:22:in `save'
/usr/local/rvm/gems/ruby-2.3.0/gems/activerecord-5.0.0.1/lib/active_record/transactions.rb:319:in `block (2 levels) in save'
/usr/local/rvm/gems/ruby-2.3.0/gems/activerecord-5.0.0.1/lib/active_record/transactions.rb:395:in `block in with_transaction_returning_status'
/usr/local/rvm/gems/ruby-2.3.0/gems/activerecord-5.0.0.1/lib/active_record/connection_adapters/abstract/database_statements.rb:230:in `transaction'
/usr/local/rvm/gems/ruby-2.3.0/gems/activerecord-5.0.0.1/lib/active_record/transactions.rb:211:in `transaction'
/usr/local/rvm/gems/ruby-2.3.0/gems/activerecord-5.0.0.1/lib/active_record/transactions.rb:392:in `with_transaction_returning_status'
/usr/local/rvm/gems/ruby-2.3.0/gems/activerecord-5.0.0.1/lib/active_record/transactions.rb:319:in `block in save'
/usr/local/rvm/gems/ruby-2.3.0/gems/activerecord-5.0.0.1/lib/active_record/transactions.rb:334:in `rollback_active_record_state!'
/usr/local/rvm/gems/ruby-2.3.0/gems/activerecord-5.0.0.1/lib/active_record/transactions.rb:318:in `save'
/usr/local/rvm/gems/ruby-2.3.0/gems/activerecord-5.0.0.1/lib/active_record/suppressor.rb:41:in `save'
/usr/local/rvm/gems/ruby-2.3.0/gems/activerecord-5.0.0.1/lib/active_record/persistence.rb:266:in `block in update'
/usr/local/rvm/gems/ruby-2.3.0/gems/activerecord-5.0.0.1/lib/active_record/transactions.rb:395:in `block in with_transaction_returning_status'
/usr/local/rvm/gems/ruby-2.3.0/gems/activerecord-5.0.0.1/lib/active_record/connection_adapters/abstract/database_statements.rb:230:in `transaction'
/usr/local/rvm/gems/ruby-2.3.0/gems/activerecord-5.0.0.1/lib/active_record/transactions.rb:211:in `transaction'
/usr/local/rvm/gems/ruby-2.3.0/gems/activerecord-5.0.0.1/lib/active_record/transactions.rb:392:in `with_transaction_returning_status'
/usr/local/rvm/gems/ruby-2.3.0/gems/activerecord-5.0.0.1/lib/active_record/persistence.rb:264:in `update'
/home/ubuntu/workspace/matchme/app/models/match.rb:25:in `add_percent'
/usr/local/rvm/gems/ruby-2.3.0/gems/activesupport-5.0.0.1/lib/active_support/callbacks.rb:382:in `block in make_lambda'
/usr/local/rvm/gems/ruby-2.3.0/gems/activesupport-5.0.0.1/lib/active_support/callbacks.rb:207:in `block in halting_and_conditional'
/usr/local/rvm/gems/ruby-2.3.0/gems/activesupport-5.0.0.1/lib/active_support/callbacks.rb:456:in `block in call'
/usr/local/rvm/gems/ruby-2.3.0/gems/activesupport-5.0.0.1/lib/active_support/callbacks.rb:456:in `each'
/usr/local/rvm/gems/ruby-2.3.0/gems/activesupport-5.0.0.1/lib/active_support/callbacks.rb:456:in `call'
/usr/local/rvm/gems/ruby-2.3.0/gems/activesupport-5.0.0.1/lib/active_support/callbacks.rb:101:in `__run_callbacks__'
/usr/local/rvm/gems/ruby-2.3.0/gems/activesupport-5.0.0.1/lib/active_support/callbacks.rb:750:in `_run_save_callbacks'
/usr/local/rvm/gems/ruby-2.3.0/gems/activerecord-5.0.0.1/lib/active_record/callbacks.rb:298:in `create_or_update'
/usr/local/rvm/gems/ruby-2.3.0/gems/activerecord-5.0.0.1/lib/active_record/persistence.rb:125:in `save'
/usr/local/rvm/gems/ruby-2.3.0/gems/activerecord-5.0.0.1/lib/active_record/validations.rb:44:in `save'
/usr/local/rvm/gems/ruby-2.3.0/gems/activerecord-5.0.0.1/lib/active_record/attribute_methods/dirty.rb:22:in `save'
/usr/local/rvm/gems/ruby-2.3.0/gems/activerecord-5.0.0.1/lib/active_record/transactions.rb:319:in `block (2 levels) in save'
/usr/local/rvm/gems/ruby-2.3.0/gems/activerecord-5.0.0.1/lib/active_record/transactions.rb:395:in `block in with_transaction_returning_status'
/usr/local/rvm/gems/ruby-2.3.0/gems/activerecord-5.0.0.1/lib/active_record/connection_adapters/abstract/database_statements.rb:230:in `transaction'
/usr/local/rvm/gems/ruby-2.3.0/gems/activerecord-5.0.0.1/lib/active_record/transactions.rb:211:in `transaction'
/usr/local/rvm/gems/ruby-2.3.0/gems/activerecord-5.0.0.1/lib/active_record/transactions.rb:392:in `with_transaction_returning_status'
/usr/local/rvm/gems/ruby-2.3.0/gems/activerecord-5.0.0.1/lib/active_record/transactions.rb:319:in `block in save'
/usr/local/rvm/gems/ruby-2.3.0/gems/activerecord-5.0.0.1/lib/active_record/transactions.rb:334:in `rollback_active_record_state!'
/usr/local/rvm/gems/ruby-2.3.0/gems/activerecord-5.0.0.1/lib/active_record/transactions.rb:318:in `save'
/usr/local/rvm/gems/ruby-2.3.0/gems/activerecord-5.0.0.1/lib/active_record/suppressor.rb:41:in `save'
/usr/local/rvm/gems/ruby-2.3.0/gems/activerecord-5.0.0.1/lib/active_record/persistence.rb:266:in `block in update'
/usr/local/rvm/gems/ruby-2.3.0/gems/activerecord-5.0.0.1/lib/active_record/transactions.rb:395:in `block in with_transaction_returning_status'
/usr/local/rvm/gems/ruby-2.3.0/gems/activerecord-5.0.0.1/lib/active_record/connection_adapters/abstract/database_statements.rb:230:in `transaction'
/usr/local/rvm/gems/ruby-2.3.0/gems/activerecord-5.0.0.1/lib/active_record/transactions.rb:211:in `transaction'
/usr/local/rvm/gems/ruby-2.3.0/gems/activerecord-5.0.0.1/lib/active_record/transactions.rb:392:in `with_transaction_returning_status'
/usr/local/rvm/gems/ruby-2.3.0/gems/activerecord-5.0.0.1/lib/active_record/persistence.rb:264:in `update'
/home/ubuntu/workspace/matchme/app/models/match.rb:25:in `add_percent'
/usr/local/rvm/gems/ruby-2.3.0/gems/activesupport-5.0.0.1/lib/active_support/callbacks.rb:382:in `block in make_lambda'
/usr/local/rvm/gems/ruby-2.3.0/gems/activesupport-5.0.0.1/lib/active_support/callbacks.rb:207:in `block in halting_and_conditional'
/usr/local/rvm/gems/ruby-2.3.0/gems/activesupport-5.0.0.1/lib/active_support/callbacks.rb:456:in `block in call'
/usr/local/rvm/gems/ruby-2.3.0/gems/activesupport-5.0.0.1/lib/active_support/callbacks.rb:456:in `each'
/usr/local/rvm/gems/ruby-2.3.0/gems/activesupport-5.0.0.1/lib/active_support/callbacks.rb:456:in `call'
/usr/local/rvm/gems/ruby-2.3.0/gems/activesupport-5.0.0.1/lib/active_support/callbacks.rb:101:in `__run_callbacks__'
/usr/local/rvm/gems/ruby-2.3.0/gems/activesupport-5.0.0.1/lib/active_support/callbacks.rb:750:in `_run_save_callbacks'
/usr/local/rvm/gems/ruby-2.3.0/gems/activerecord-5.0.0.1/lib/active_record/callbacks.rb:298:in `create_or_update'
/usr/local/rvm/gems/ruby-2.3.0/gems/activerecord-5.0.0.1/lib/active_record/persistence.rb:125:in `save'
/usr/local/rvm/gems/ruby-2.3.0/gems/activerecord-5.0.0.1/lib/active_record/validations.rb:44:in `save'
/usr/local/rvm/gems/ruby-2.3.0/gems/activerecord-5.0.0.1/lib/active_record/attribute_methods/dirty.rb:22:in `save'
/usr/local/rvm/gems/ruby-2.3.0/gems/activerecord-5.0.0.1/lib/active_record/transactions.rb:319:in `block (2 levels) in save'
/usr/local/rvm/gems/ruby-2.3.0/gems/activerecord-5.0.0.1/lib/active_record/transactions.rb:395:in `block in with_transaction_returning_status'
/usr/local/rvm/gems/ruby-2.3.0/gems/activerecord-5.0.0.1/lib/active_record/connection_adapters/abstract/database_statements.rb:230:in `transaction'
/usr/local/rvm/gems/ruby-2.3.0/gems/activerecord-5.0.0.1/lib/active_record/transactions.rb:211:in `transaction'
/usr/local/rvm/gems/ruby-2.3.0/gems/activerecord-5.0.0.1/lib/active_record/transactions.rb:392:in `with_transaction_returning_status'
/usr/local/rvm/gems/ruby-2.3.0/gems/activerecord-5.0.0.1/lib/active_record/transactions.rb:319:in `block in save'
/usr/local/rvm/gems/ruby-2.3.0/gems/activerecord-5.0.0.1/lib/active_record/transactions.rb:334:in `rollback_active_record_state!'
/usr/local/rvm/gems/ruby-2.3.0/gems/activerecord-5.0.0.1/lib/active_record/transactions.rb:318:in `save'
/usr/local/rvm/gems/ruby-2.3.0/gems/activerecord-5.0.0.1/lib/active_record/suppressor.rb:41:in `save'
/usr/local/rvm/gems/ruby-2.3.0/gems/activerecord-5.0.0.1/lib/active_record/persistence.rb:266:in `block in update'
/usr/local/rvm/gems/ruby-2.3.0/gems/activerecord-5.0.0.1/lib/active_record/transactions.rb:395:in `block in with_transaction_returning_status'
/usr/local/rvm/gems/ruby-2.3.0/gems/activerecord-5.0.0.1/lib/active_record/connection_adapters/abstract/database_statements.rb:230:in `transaction'
/usr/local/rvm/gems/ruby-2.3.0/gems/activerecord-5.0.0.1/lib/active_record/transactions.rb:211:in `transaction'
/usr/local/rvm/gems/ruby-2.3.0/gems/activerecord-5.0.0.1/lib/active_record/transactions.rb:392:in `with_transaction_returning_status'
/usr/local/rvm/gems/ruby-2.3.0/gems/activerecord-5.0.0.1/lib/active_record/persistence.rb:264:in `update'
/home/ubuntu/workspace/matchme/app/models/match.rb:25:in `add_percent'
/usr/local/rvm/gems/ruby-2.3.0/gems/activesupport-5.0.0.1/lib/active_support/callbacks.rb:382:in `block in make_lambda'
/usr/local/rvm/gems/ruby-2.3.0/gems/activesupport-5.0.0.1/lib/active_support/callbacks.rb:207:in `block in halting_and_conditional'
/usr/local/rvm/gems/ruby-2.3.0/gems/activesupport-5.0.0.1/lib/active_support/callbacks.rb:456:in `block in call'
/usr/local/rvm/gems/ruby-2.3.0/gems/activesupport-5.0.0.1/lib/active_support/callbacks.rb:456:in `each'
/usr/local/rvm/gems/ruby-2.3.0/gems/activesupport-5.0.0.1/lib/active_support/callbacks.rb:456:in `call'
/usr/local/rvm/gems/ruby-2.3.0/gems/activesupport-5.0.0.1/lib/active_support/callbacks.rb:101:in `__run_callbacks__'
/usr/local/rvm/gems/ruby-2.3.0/gems/activesupport-5.0.0.1/lib/active_support/callbacks.rb:750:in `_run_save_callbacks'
/usr/local/rvm/gems/ruby-2.3.0/gems/activerecord-5.0.0.1/lib/active_record/callbacks.rb:298:in `create_or_update'
/usr/local/rvm/gems/ruby-2.3.0/gems/activerecord-5.0.0.1/lib/active_record/persistence.rb:125:in `save'
/usr/local/rvm/gems/ruby-2.3.0/gems/activerecord-5.0.0.1/lib/active_record/validations.rb:44:in `save'
/usr/local/rvm/gems/ruby-2.3.0/gems/activerecord-5.0.0.1/lib/active_record/attribute_methods/dirty.rb:22:in `save'
/usr/local/rvm/gems/ruby-2.3.0/gems/activerecord-5.0.0.1/lib/active_record/transactions.rb:319:in `block (2 levels) in save'
/usr/local/rvm/gems/ruby-2.3.0/gems/activerecord-5.0.0.1/lib/active_record/transactions.rb:395:in `block in with_transaction_returning_status'
/usr/local/rvm/gems/ruby-2.3.0/gems/activerecord-5.0.0.1/lib/active_record/connection_adapters/abstract/database_statements.rb:230:in `transaction'
/usr/local/rvm/gems/ruby-2.3.0/gems/activerecord-5.0.0.1/lib/active_record/transactions.rb:211:in `transaction'
/usr/local/rvm/gems/ruby-2.3.0/gems/activerecord-5.0.0.1/lib/active_record/transactions.rb:392:in `with_transaction_returning_status'
/usr/local/rvm/gems/ruby-2.3.0/gems/activerecord-5.0.0.1/lib/active_record/transactions.rb:319:in `block in save'
/usr/local/rvm/gems/ruby-2.3.0/gems/activerecord-5.0.0.1/lib/active_record/transactions.rb:334:in `rollback_active_record_state!'
/usr/local/rvm/gems/ruby-2.3.0/gems/activerecord-5.0.0.1/lib/active_record/transactions.rb:318:in `save'
/usr/local/rvm/gems/ruby-2.3.0/gems/activerecord-5.0.0.1/lib/active_record/suppressor.rb:41:in `save'
/usr/local/rvm/gems/ruby-2.3.0/gems/activerecord-5.0.0.1/lib/active_record/persistence.rb:266:in `block in update'
/usr/local/rvm/gems/ruby-2.3.0/gems/activerecord-5.0.0.1/lib/active_record/transactions.rb:395:in `block in with_transaction_returning_status'
/usr/local/rvm/gems/ruby-2.3.0/gems/activerecord-5.0.0.1/lib/active_record/connection_adapters/abstract/database_statements.rb:230:in `transaction'
/usr/local/rvm/gems/ruby-2.3.0/gems/activerecord-5.0.0.1/lib/active_record/transactions.rb:211:in `transaction'
/usr/local/rvm/gems/ruby-2.3.0/gems/activerecord-5.0.0.1/lib/active_record/transactions.rb:392:in `with_transaction_returning_status'
/usr/local/rvm/gems/ruby-2.3.0/gems/activerecord-5.0.0.1/lib/active_record/persistence.rb:264:in `update'
/home/ubuntu/workspace/matchme/app/models/match.rb:25:in `add_percent'
/usr/local/rvm/gems/ruby-2.3.0/gems/activesupport-5.0.0.1/lib/active_support/callbacks.rb:382:in `block in make_lambda'
/usr/local/rvm/gems/ruby-2.3.0/gems/activesupport-5.0.0.1/lib/active_support/callbacks.rb:207:in `block in halting_and_conditional'
/usr/local/rvm/gems/ruby-2.3.0/gems/activesupport-5.0.0.1/lib/active_support/callbacks.rb:456:in `block in call'
/usr/local/rvm/gems/ruby-2.3.0/gems/activesupport-5.0.0.1/lib/active_support/callbacks.rb:456:in `each'
/usr/local/rvm/gems/ruby-2.3.0/gems/activesupport-5.0.0.1/lib/active_support/callbacks.rb:456:in `call'
/usr/local/rvm/gems/ruby-2.3.0/gems/activesupport-5.0.0.1/lib/active_support/callbacks.rb:101:in `__run_callbacks__'
/usr/local/rvm/gems/ruby-2.3.0/gems/activesupport-5.0.0.1/lib/active_support/callbacks.rb:750:in `_run_save_callbacks'
/usr/local/rvm/gems/ruby-2.3.0/gems/activerecord-5.0.0.1/lib/active_record/callbacks.rb:298:in `create_or_update'
/usr/local/rvm/gems/ruby-2.3.0/gems/activerecord-5.0.0.1/lib/active_record/persistence.rb:125:in `save'
/usr/local/rvm/gems/ruby-2.3.0/gems/activerecord-5.0.0.1/lib/active_record/validations.rb:44:in `save'
/usr/local/rvm/gems/ruby-2.3.0/gems/activerecord-5.0.0.1/lib/active_record/attribute_methods/dirty.rb:22:in `save'
/usr/local/rvm/gems/ruby-2.3.0/gems/activerecord-5.0.0.1/lib/active_record/transactions.rb:319:in `block (2 levels) in save'
/usr/local/rvm/gems/ruby-2.3.0/gems/activerecord-5.0.0.1/lib/active_record/transactions.rb:395:in `block in with_transaction_returning_status'
/usr/local/rvm/gems/ruby-2.3.0/gems/activerecord-5.0.0.1/lib/active_record/connection_adapters/abstract/database_statements.rb:230:in `transaction'
/usr/local/rvm/gems/ruby-2.3.0/gems/activerecord-5.0.0.1/lib/active_record/transactions.rb:211:in `transaction'
/usr/local/rvm/gems/ruby-2.3.0/gems/activerecord-5.0.0.1/lib/active_record/transactions.rb:392:in `with_transaction_returning_status'
/usr/local/rvm/gems/ruby-2.3.0/gems/activerecord-5.0.0.1/lib/active_record/transactions.rb:319:in `block in save'
/usr/local/rvm/gems/ruby-2.3.0/gems/activerecord-5.0.0.1/lib/active_record/transactions.rb:334:in `rollback_active_record_state!'
/usr/local/rvm/gems/ruby-2.3.0/gems/activerecord-5.0.0.1/lib/active_record/transactions.rb:318:in `save'
/usr/local/rvm/gems/ruby-2.3.0/gems/activerecord-5.0.0.1/lib/active_record/suppressor.rb:41:in `save'
/usr/local/rvm/gems/ruby-2.3.0/gems/activerecord-5.0.0.1/lib/active_record/persistence.rb:266:in `block in update'
/usr/local/rvm/gems/ruby-2.3.0/gems/activerecord-5.0.0.1/lib/active_record/transactions.rb:395:in `block in with_transaction_returning_status'
/usr/local/rvm/gems/ruby-2.3.0/gems/activerecord-5.0.0.1/lib/active_record/connection_adapters/abstract/database_statements.rb:230:in `transaction'
/usr/local/rvm/gems/ruby-2.3.0/gems/activerecord-5.0.0.1/lib/active_record/transactions.rb:211:in `transaction'
/usr/local/rvm/gems/ruby-2.3.0/gems/activerecord-5.0.0.1/lib/active_record/transactions.rb:392:in `with_transaction_returning_status'
/usr/local/rvm/gems/ruby-2.3.0/gems/activerecord-5.0.0.1/lib/active_record/persistence.rb:264:in `update'
/home/ubuntu/workspace/matchme/app/models/match.rb:25:in `add_percent'
/usr/local/rvm/gems/ruby-2.3.0/gems/activesupport-5.0.0.1/lib/active_support/callbacks.rb:382:in `block in make_lambda'
/usr/local/rvm/gems/ruby-2.3.0/gems/activesupport-5.0.0.1/lib/active_support/callbacks.rb:207:in `block in halting_and_conditional'
/usr/local/rvm/gems/ruby-2.3.0/gems/activesupport-5.0.0.1/lib/active_support/callbacks.rb:456:in `block in call'
/usr/local/rvm/gems/ruby-2.3.0/gems/activesupport-5.0.0.1/lib/active_support/callbacks.rb:456:in `each'
/usr/local/rvm/gems/ruby-2.3.0/gems/activesupport-5.0.0.1/lib/active_support/callbacks.rb:456:in `call'
/usr/local/rvm/gems/ruby-2.3.0/gems/activesupport-5.0.0.1/lib/active_support/callbacks.rb:101:in `__run_callbacks__'
/usr/local/rvm/gems/ruby-2.3.0/gems/activesupport-5.0.0.1/lib/active_support/callbacks.rb:750:in `_run_save_callbacks'
/usr/local/rvm/gems/ruby-2.3.0/gems/activerecord-5.0.0.1/lib/active_record/callbacks.rb:298:in `create_or_update'
/usr/local/rvm/gems/ruby-2.3.0/gems/activerecord-5.0.0.1/lib/active_record/persistence.rb:125:in `save'
/usr/local/rvm/gems/ruby-2.3.0/gems/activerecord-5.0.0.1/lib/active_record/validations.rb:44:in `save'
/usr/local/rvm/gems/ruby-2.3.0/gems/activerecord-5.0.0.1/lib/active_record/attribute_methods/dirty.rb:22:in `save'
/usr/local/rvm/gems/ruby-2.3.0/gems/activerecord-5.0.0.1/lib/active_record/transactions.rb:319:in `block (2 levels) in save'
/usr/local/rvm/gems/ruby-2.3.0/gems/activerecord-5.0.0.1/lib/active_record/transactions.rb:395:in `block in with_transaction_returning_status'
/usr/local/rvm/gems/ruby-2.3.0/gems/activerecord-5.0.0.1/lib/active_record/connection_adapters/abstract/database_statements.rb:230:in `transaction'
/usr/local/rvm/gems/ruby-2.3.0/gems/activerecord-5.0.0.1/lib/active_record/transactions.rb:211:in `transaction'
/usr/local/rvm/gems/ruby-2.3.0/gems/activerecord-5.0.0.1/lib/active_record/transactions.rb:392:in `with_transaction_returning_status'
/usr/local/rvm/gems/ruby-2.3.0/gems/activerecord-5.0.0.1/lib/active_record/transactions.rb:319:in `block in save'
/usr/local/rvm/gems/ruby-2.3.0/gems/activerecord-5.0.0.1/lib/active_record/transactions.rb:334:in `rollback_active_record_state!'
/usr/local/rvm/gems/ruby-2.3.0/gems/activerecord-5.0.0.1/lib/active_record/transactions.rb:318:in `save'
/usr/local/rvm/gems/ruby-2.3.0/gems/activerecord-5.0.0.1/lib/active_record/suppressor.rb:41:in `save'
/usr/local/rvm/gems/ruby-2.3.0/gems/activerecord-5.0.0.1/lib/active_record/persistence.rb:266:in `block in update'
/usr/local/rvm/gems/ruby-2.3.0/gems/activerecord-5.0.0.1/lib/active_record/transactions.rb:395:in `block in with_transaction_returning_status'
/usr/local/rvm/gems/ruby-2.3.0/gems/activerecord-5.0.0.1/lib/active_record/connection_adapters/abstract/database_statements.rb:230:in `transaction'
/usr/local/rvm/gems/ruby-2.3.0/gems/activerecord-5.0.0.1/lib/active_record/transactions.rb:211:in `transaction'
/usr/local/rvm/gems/ruby-2.3.0/gems/activerecord-5.0.0.1/lib/active_record/transactions.rb:392:in `with_transaction_returning_status'
/usr/local/rvm/gems/ruby-2.3.0/gems/activerecord-5.0.0.1/lib/active_record/persistence.rb:264:in `update'
/home/ubuntu/workspace/matchme/app/models/match.rb:25:in `add_percent'
/usr/local/rvm/gems/ruby-2.3.0/gems/activesupport-5.0.0.1/lib/active_support/callbacks.rb:382:in `block in make_lambda'
/usr/local/rvm/gems/ruby-2.3.0/gems/activesupport-5.0.0.1/lib/active_support/callbacks.rb:207:in `block in halting_and_conditional'
/usr/local/rvm/gems/ruby-2.3.0/gems/activesupport-5.0.0.1/lib/active_support/callbacks.rb:456:in `block in call'
/usr/local/rvm/gems/ruby-2.3.0/gems/activesupport-5.0.0.1/lib/active_support/callbacks.rb:456:in `each'
/usr/local/rvm/gems/ruby-2.3.0/gems/activesupport-5.0.0.1/lib/active_support/callbacks.rb:456:in `call'
/usr/local/rvm/gems/ruby-2.3.0/gems/activesupport-5.0.0.1/lib/active_support/callbacks.rb:101:in `__run_callbacks__'
/usr/local/rvm/gems/ruby-2.3.0/gems/activesupport-5.0.0.1/lib/active_support/callbacks.rb:750:in `_run_save_callbacks'
/usr/local/rvm/gems/ruby-2.3.0/gems/activerecord-5.0.0.1/lib/active_record/callbacks.rb:298:in `create_or_update'
/usr/local/rvm/gems/ruby-2.3.0/gems/activerecord-5.0.0.1/lib/active_record/persistence.rb:125:in `save'
/usr/local/rvm/gems/ruby-2.3.0/gems/activerecord-5.0.0.1/lib/active_record/validations.rb:44:in `save'
/usr/local/rvm/gems/ruby-2.3.0/gems/activerecord-5.0.0.1/lib/active_record/attribute_methods/dirty.rb:22:in `save'
/usr/local/rvm/gems/ruby-2.3.0/gems/activerecord-5.0.0.1/lib/active_record/transactions.rb:319:in `block (2 levels) in save'
/usr/local/rvm/gems/ruby-2.3.0/gems/activerecord-5.0.0.1/lib/active_record/transactions.rb:395:in `block in with_transaction_returning_status'
/usr/local/rvm/gems/ruby-2.3.0/gems/activerecord-5.0.0.1/lib/active_record/connection_adapters/abstract/database_statements.rb:230:in `transaction'
/usr/local/rvm/gems/ruby-2.3.0/gems/activerecord-5.0.0.1/lib/active_record/transactions.rb:211:in `transaction'
/usr/local/rvm/gems/ruby-2.3.0/gems/activerecord-5.0.0.1/lib/active_record/transactions.rb:392:in `with_transaction_returning_status'
/usr/local/rvm/gems/ruby-2.3.0/gems/activerecord-5.0.0.1/lib/active_record/transactions.rb:319:in `block in save'
/usr/local/rvm/gems/ruby-2.3.0/gems/activerecord-5.0.0.1/lib/active_record/transactions.rb:334:in `rollback_active_record_state!'
/usr/local/rvm/gems/ruby-2.3.0/gems/activerecord-5.0.0.1/lib/active_record/transactions.rb:318:in `save'
/usr/local/rvm/gems/ruby-2.3.0/gems/activerecord-5.0.0.1/lib/active_record/suppressor.rb:41:in `save'
/usr/local/rvm/gems/ruby-2.3.0/gems/activerecord-5.0.0.1/lib/active_record/persistence.rb:266:in `block in update'
/usr/local/rvm/gems/ruby-2.3.0/gems/activerecord-5.0.0.1/lib/active_record/transactions.rb:395:in `block in with_transaction_returning_status'
/usr/local/rvm/gems/ruby-2.3.0/gems/activerecord-5.0.0.1/lib/active_record/connection_adapters/abstract/database_statements.rb:230:in `transaction'
/usr/local/rvm/gems/ruby-2.3.0/gems/activerecord-5.0.0.1/lib/active_record/transactions.rb:211:in `transaction'
/usr/local/rvm/gems/ruby-2.3.0/gems/activerecord-5.0.0.1/lib/active_record/transactions.rb:392:in `with_transaction_returning_status'
/usr/local/rvm/gems/ruby-2.3.0/gems/activerecord-5.0.0.1/lib/active_record/persistence.rb:264:in `update'
/home/ubuntu/workspace/matchme/app/models/match.rb:25:in `add_percent'
/usr/local/rvm/gems/ruby-2.3.0/gems/activesupport-5.0.0.1/lib/active_support/callbacks.rb:382:in `block in make_lambda'
/usr/local/rvm/gems/ruby-2.3.0/gems/activesupport-5.0.0.1/lib/active_support/callbacks.rb:207:in `block in halting_and_conditional'
/usr/local/rvm/gems/ruby-2.3.0/gems/activesupport-5.0.0.1/lib/active_support/callbacks.rb:456:in `block in call'
/usr/local/rvm/gems/ruby-2.3.0/gems/activesupport-5.0.0.1/lib/active_support/callbacks.rb:456:in `each'
/usr/local/rvm/gems/ruby-2.3.0/gems/activesupport-5.0.0.1/lib/active_support/callbacks.rb:456:in `call'
/usr/local/rvm/gems/ruby-2.3.0/gems/activesupport-5.0.0.1/lib/active_support/callbacks.rb:101:in `__run_callbacks__'
/usr/local/rvm/gems/ruby-2.3.0/gems/activesupport-5.0.0.1/lib/active_support/callbacks.rb:750:in `_run_save_callbacks'
/usr/local/rvm/gems/ruby-2.3.0/gems/activerecord-5.0.0.1/lib/active_record/callbacks.rb:298:in `create_or_update'
/usr/local/rvm/gems/ruby-2.3.0/gems/activerecord-5.0.0.1/lib/active_record/persistence.rb:125:in `save'
/usr/local/rvm/gems/ruby-2.3.0/gems/activerecord-5.0.0.1/lib/active_record/validations.rb:44:in `save'
/usr/local/rvm/gems/ruby-2.3.0/gems/activerecord-5.0.0.1/lib/active_record/attribute_methods/dirty.rb:22:in `save'
/usr/local/rvm/gems/ruby-2.3.0/gems/activerecord-5.0.0.1/lib/active_record/transactions.rb:319:in `block (2 levels) in save'
/usr/local/rvm/gems/ruby-2.3.0/gems/activerecord-5.0.0.1/lib/active_record/transactions.rb:395:in `block in with_transaction_returning_status'
/usr/local/rvm/gems/ruby-2.3.0/gems/activerecord-5.0.0.1/lib/active_record/connection_adapters/abstract/database_statements.rb:230:in `transaction'
/usr/local/rvm/gems/ruby-2.3.0/gems/activerecord-5.0.0.1/lib/active_record/transactions.rb:211:in `transaction'
/usr/local/rvm/gems/ruby-2.3.0/gems/activerecord-5.0.0.1/lib/active_record/transactions.rb:392:in `with_transaction_returning_status'
/usr/local/rvm/gems/ruby-2.3.0/gems/activerecord-5.0.0.1/lib/active_record/transactions.rb:319:in `block in save'
/usr/local/rvm/gems/ruby-2.3.0/gems/activerecord-5.0.0.1/lib/active_record/transactions.rb:334:in `rollback_active_record_state!'
/usr/local/rvm/gems/ruby-2.3.0/gems/activerecord-5.0.0.1/lib/active_record/transactions.rb:318:in `save'
/usr/local/rvm/gems/ruby-2.3.0/gems/activerecord-5.0.0.1/lib/active_record/suppressor.rb:41:in `save'
/usr/local/rvm/gems/ruby-2.3.0/gems/activerecord-5.0.0.1/lib/active_record/persistence.rb:266:in `block in update'
/usr/local/rvm/gems/ruby-2.3.0/gems/activerecord-5.0.0.1/lib/active_record/transactions.rb:395:in `block in with_transaction_returning_status'
/usr/local/rvm/gems/ruby-2.3.0/gems/activerecord-5.0.0.1/lib/active_record/connection_adapters/abstract/database_statements.rb:230:in `transaction'
/usr/local/rvm/gems/ruby-2.3.0/gems/activerecord-5.0.0.1/lib/active_record/transactions.rb:211:in `transaction'
/usr/local/rvm/gems/ruby-2.3.0/gems/activerecord-5.0.0.1/lib/active_record/transactions.rb:392:in `with_transaction_returning_status'
/usr/local/rvm/gems/ruby-2.3.0/gems/activerecord-5.0.0.1/lib/active_record/persistence.rb:264:in `update'
/home/ubuntu/workspace/matchme/app/models/match.rb:25:in `add_percent'
/usr/local/rvm/gems/ruby-2.3.0/gems/activesupport-5.0.0.1/lib/active_support/callbacks.rb:382:in `block in make_lambda'
/usr/local/rvm/gems/ruby-2.3.0/gems/activesupport-5.0.0.1/lib/active_support/callbacks.rb:207:in `block in halting_and_conditional'
/usr/local/rvm/gems/ruby-2.3.0/gems/activesupport-5.0.0.1/lib/active_support/callbacks.rb:456:in `block in call'
/usr/local/rvm/gems/ruby-2.3.0/gems/activesupport-5.0.0.1/lib/active_support/callbacks.rb:456:in `each'
/usr/local/rvm/gems/ruby-2.3.0/gems/activesupport-5.0.0.1/lib/active_support/callbacks.rb:456:in `call'
/usr/local/rvm/gems/ruby-2.3.0/gems/activesupport-5.0.0.1/lib/active_support/callbacks.rb:101:in `__run_callbacks__'
/usr/local/rvm/gems/ruby-2.3.0/gems/activesupport-5.0.0.1/lib/active_support/callbacks.rb:750:in `_run_save_callbacks'
/usr/local/rvm/gems/ruby-2.3.0/gems/activerecord-5.0.0.1/lib/active_record/callbacks.rb:298:in `create_or_update'
/usr/local/rvm/gems/ruby-2.3.0/gems/activerecord-5.0.0.1/lib/active_record/persistence.rb:125:in `save'
/usr/local/rvm/gems/ruby-2.3.0/gems/activerecord-5.0.0.1/lib/active_record/validations.rb:44:in `save'
/usr/local/rvm/gems/ruby-2.3.0/gems/activerecord-5.0.0.1/lib/active_record/attribute_methods/dirty.rb:22:in `save'
/usr/local/rvm/gems/ruby-2.3.0/gems/activerecord-5.0.0.1/lib/active_record/transactions.rb:319:in `block (2 levels) in save'
/usr/local/rvm/gems/ruby-2.3.0/gems/activerecord-5.0.0.1/lib/active_record/transactions.rb:395:in `block in with_transaction_returning_status'
/usr/local/rvm/gems/ruby-2.3.0/gems/activerecord-5.0.0.1/lib/active_record/connection_adapters/abstract/database_statements.rb:230:in `transaction'
/usr/local/rvm/gems/ruby-2.3.0/gems/activerecord-5.0.0.1/lib/active_record/transactions.rb:211:in `transaction'
/usr/local/rvm/gems/ruby-2.3.0/gems/activerecord-5.0.0.1/lib/active_record/transactions.rb:392:in `with_transaction_returning_status'
/usr/local/rvm/gems/ruby-2.3.0/gems/activerecord-5.0.0.1/lib/active_record/transactions.rb:319:in `block in save'
/usr/local/rvm/gems/ruby-2.3.0/gems/activerecord-5.0.0.1/lib/active_record/transactions.rb:334:in `rollback_active_record_state!'
/usr/local/rvm/gems/ruby-2.3.0/gems/activerecord-5.0.0.1/lib/active_record/transactions.rb:318:in `save'
/usr/local/rvm/gems/ruby-2.3.0/gems/activerecord-5.0.0.1/lib/active_record/suppressor.rb:41:in `save'
/usr/local/rvm/gems/ruby-2.3.0/gems/activerecord-5.0.0.1/lib/active_record/persistence.rb:266:in `block in update'
/usr/local/rvm/gems/ruby-2.3.0/gems/activerecord-5.0.0.1/lib/active_record/transactions.rb:395:in `block in with_transaction_returning_status'
/usr/local/rvm/gems/ruby-2.3.0/gems/activerecord-5.0.0.1/lib/active_record/connection_adapters/abstract/database_statements.rb:230:in `transaction'
/usr/local/rvm/gems/ruby-2.3.0/gems/activerecord-5.0.0.1/lib/active_record/transactions.rb:211:in `transaction'
/usr/local/rvm/gems/ruby-2.3.0/gems/activerecord-5.0.0.1/lib/active_record/transactions.rb:392:in `with_transaction_returning_status'
/usr/local/rvm/gems/ruby-2.3.0/gems/activerecord-5.0.0.1/lib/active_record/persistence.rb:264:in `update'
/home/ubuntu/workspace/matchme/app/models/match.rb:25:in `add_percent'
/usr/local/rvm/gems/ruby-2.3.0/gems/activesupport-5.0.0.1/lib/active_support/callbacks.rb:382:in `block in make_lambda'
/usr/local/rvm/gems/ruby-2.3.0/gems/activesupport-5.0.0.1/lib/active_support/callbacks.rb:207:in `block in halting_and_conditional'
/usr/local/rvm/gems/ruby-2.3.0/gems/activesupport-5.0.0.1/lib/active_support/callbacks.rb:456:in `block in call'
/usr/local/rvm/gems/ruby-2.3.0/gems/activesupport-5.0.0.1/lib/active_support/callbacks.rb:456:in `each'
/usr/local/rvm/gems/ruby-2.3.0/gems/activesupport-5.0.0.1/lib/active_support/callbacks.rb:456:in `call'
/usr/local/rvm/gems/ruby-2.3.0/gems/activesupport-5.0.0.1/lib/active_support/callbacks.rb:101:in `__run_callbacks__'
/usr/local/rvm/gems/ruby-2.3.0/gems/activesupport-5.0.0.1/lib/active_support/callbacks.rb:750:in `_run_save_callbacks'
/usr/local/rvm/gems/ruby-2.3.0/gems/activerecord-5.0.0.1/lib/active_record/callbacks.rb:298:in `create_or_update'
/usr/local/rvm/gems/ruby-2.3.0/gems/activerecord-5.0.0.1/lib/active_record/persistence.rb:125:in `save'
/usr/local/rvm/gems/ruby-2.3.0/gems/activerecord-5.0.0.1/lib/active_record/validations.rb:44:in `save'
/usr/local/rvm/gems/ruby-2.3.0/gems/activerecord-5.0.0.1/lib/active_record/attribute_methods/dirty.rb:22:in `save'
/usr/local/rvm/gems/ruby-2.3.0/gems/activerecord-5.0.0.1/lib/active_record/transactions.rb:319:in `block (2 levels) in save'
/usr/local/rvm/gems/ruby-2.3.0/gems/activerecord-5.0.0.1/lib/active_record/transactions.rb:395:in `block in with_transaction_returning_status'
/usr/local/rvm/gems/ruby-2.3.0/gems/activerecord-5.0.0.1/lib/active_record/connection_adapters/abstract/database_statements.rb:230:in `transaction'
/usr/local/rvm/gems/ruby-2.3.0/gems/activerecord-5.0.0.1/lib/active_record/transactions.rb:211:in `transaction'
/usr/local/rvm/gems/ruby-2.3.0/gems/activerecord-5.0.0.1/lib/active_record/transactions.rb:392:in `with_transaction_returning_status'
/usr/local/rvm/gems/ruby-2.3.0/gems/activerecord-5.0.0.1/lib/active_record/transactions.rb:319:in `block in save'
/usr/local/rvm/gems/ruby-2.3.0/gems/activerecord-5.0.0.1/lib/active_record/transactions.rb:334:in `rollback_active_record_state!'
/usr/local/rvm/gems/ruby-2.3.0/gems/activerecord-5.0.0.1/lib/active_record/transactions.rb:318:in `save'
/usr/local/rvm/gems/ruby-2.3.0/gems/activerecord-5.0.0.1/lib/active_record/suppressor.rb:41:in `save'
/usr/local/rvm/gems/ruby-2.3.0/gems/activerecord-5.0.0.1/lib/active_record/persistence.rb:266:in `block in update'
/usr/local/rvm/gems/ruby-2.3.0/gems/activerecord-5.0.0.1/lib/active_record/transactions.rb:395:in `block in with_transaction_returning_status'
/usr/local/rvm/gems/ruby-2.3.0/gems/activerecord-5.0.0.1/lib/active_record/connection_adapters/abstract/database_statements.rb:230:in `transaction'
/usr/local/rvm/gems/ruby-2.3.0/gems/activerecord-5.0.0.1/lib/active_record/transactions.rb:211:in `transaction'
/usr/local/rvm/gems/ruby-2.3.0/gems/activerecord-5.0.0.1/lib/active_record/transactions.rb:392:in `with_transaction_returning_status'
/usr/local/rvm/gems/ruby-2.3.0/gems/activerecord-5.0.0.1/lib/active_record/persistence.rb:264:in `update'
/home/ubuntu/workspace/matchme/app/models/match.rb:25:in `add_percent'
/usr/local/rvm/gems/ruby-2.3.0/gems/activesupport-5.0.0.1/lib/active_support/callbacks.rb:382:in `block in make_lambda'
/usr/local/rvm/gems/ruby-2.3.0/gems/activesupport-5.0.0.1/lib/active_support/callbacks.rb:207:in `block in halting_and_conditional'
/usr/local/rvm/gems/ruby-2.3.0/gems/activesupport-5.0.0.1/lib/active_support/callbacks.rb:456:in `block in call'
/usr/local/rvm/gems/ruby-2.3.0/gems/activesupport-5.0.0.1/lib/active_support/callbacks.rb:456:in `each'
/usr/local/rvm/gems/ruby-2.3.0/gems/activesupport-5.0.0.1/lib/active_support/callbacks.rb:456:in `call'
/usr/local/rvm/gems/ruby-2.3.0/gems/activesupport-5.0.0.1/lib/active_support/callbacks.rb:101:in `__run_callbacks__'
/usr/local/rvm/gems/ruby-2.3.0/gems/activesupport-5.0.0.1/lib/active_support/callbacks.rb:750:in `_run_save_callbacks'
/usr/local/rvm/gems/ruby-2.3.0/gems/activerecord-5.0.0.1/lib/active_record/callbacks.rb:298:in `create_or_update'
/usr/local/rvm/gems/ruby-2.3.0/gems/activerecord-5.0.0.1/lib/active_record/persistence.rb:125:in `save'
/usr/local/rvm/gems/ruby-2.3.0/gems/activerecord-5.0.0.1/lib/active_record/validations.rb:44:in `save'
/usr/local/rvm/gems/ruby-2.3.0/gems/activerecord-5.0.0.1/lib/active_record/attribute_methods/dirty.rb:22:in `save'
/usr/local/rvm/gems/ruby-2.3.0/gems/activerecord-5.0.0.1/lib/active_record/transactions.rb:319:in `block (2 levels) in save'
/usr/local/rvm/gems/ruby-2.3.0/gems/activerecord-5.0.0.1/lib/active_record/transactions.rb:395:in `block in with_transaction_returning_status'
/usr/local/rvm/gems/ruby-2.3.0/gems/activerecord-5.0.0.1/lib/active_record/connection_adapters/abstract/database_statements.rb:230:in `transaction'
/usr/local/rvm/gems/ruby-2.3.0/gems/activerecord-5.0.0.1/lib/active_record/transactions.rb:211:in `transaction'
/usr/local/rvm/gems/ruby-2.3.0/gems/activerecord-5.0.0.1/lib/active_record/transactions.rb:392:in `with_transaction_returning_status'
/usr/local/rvm/gems/ruby-2.3.0/gems/activerecord-5.0.0.1/lib/active_record/transactions.rb:319:in `block in save'
/usr/local/rvm/gems/ruby-2.3.0/gems/activerecord-5.0.0.1/lib/active_record/transactions.rb:334:in `rollback_active_record_state!'
/usr/local/rvm/gems/ruby-2.3.0/gems/activerecord-5.0.0.1/lib/active_record/transactions.rb:318:in `save'
/usr/local/rvm/gems/ruby-2.3.0/gems/activerecord-5.0.0.1/lib/active_record/suppressor.rb:41:in `save'
/usr/local/rvm/gems/ruby-2.3.0/gems/activerecord-5.0.0.1/lib/active_record/persistence.rb:266:in `block in update'
/usr/local/rvm/gems/ruby-2.3.0/gems/activerecord-5.0.0.1/lib/active_record/transactions.rb:395:in `block in with_transaction_returning_status'
/usr/local/rvm/gems/ruby-2.3.0/gems/activerecord-5.0.0.1/lib/active_record/connection_adapters/abstract/database_statements.rb:230:in `transaction'
/usr/local/rvm/gems/ruby-2.3.0/gems/activerecord-5.0.0.1/lib/active_record/transactions.rb:211:in `transaction'
/usr/local/rvm/gems/ruby-2.3.0/gems/activerecord-5.0.0.1/lib/active_record/transactions.rb:392:in `with_transaction_returning_status'
/usr/local/rvm/gems/ruby-2.3.0/gems/activerecord-5.0.0.1/lib/active_record/persistence.rb:264:in `update'
/home/ubuntu/workspace/matchme/app/models/match.rb:25:in `add_percent'
/usr/local/rvm/gems/ruby-2.3.0/gems/activesupport-5.0.0.1/lib/active_support/callbacks.rb:382:in `block in make_lambda'
/usr/local/rvm/gems/ruby-2.3.0/gems/activesupport-5.0.0.1/lib/active_support/callbacks.rb:207:in `block in halting_and_conditional'
/usr/local/rvm/gems/ruby-2.3.0/gems/activesupport-5.0.0.1/lib/active_support/callbacks.rb:456:in `block in call'
/usr/local/rvm/gems/ruby-2.3.0/gems/activesupport-5.0.0.1/lib/active_support/callbacks.rb:456:in `each'
/usr/local/rvm/gems/ruby-2.3.0/gems/activesupport-5.0.0.1/lib/active_support/callbacks.rb:456:in `call'
/usr/local/rvm/gems/ruby-2.3.0/gems/activesupport-5.0.0.1/lib/active_support/callbacks.rb:101:in `__run_callbacks__'
/usr/local/rvm/gems/ruby-2.3.0/gems/activesupport-5.0.0.1/lib/active_support/callbacks.rb:750:in `_run_save_callbacks'
/usr/local/rvm/gems/ruby-2.3.0/gems/activerecord-5.0.0.1/lib/active_record/callbacks.rb:298:in `create_or_update'
/usr/local/rvm/gems/ruby-2.3.0/gems/activerecord-5.0.0.1/lib/active_record/persistence.rb:125:in `save'
/usr/local/rvm/gems/ruby-2.3.0/gems/activerecord-5.0.0.1/lib/active_record/validations.rb:44:in `save'
/usr/local/rvm/gems/ruby-2.3.0/gems/activerecord-5.0.0.1/lib/active_record/attribute_methods/dirty.rb:22:in `save'
/usr/local/rvm/gems/ruby-2.3.0/gems/activerecord-5.0.0.1/lib/active_record/transactions.rb:319:in `block (2 levels) in save'
/usr/local/rvm/gems/ruby-2.3.0/gems/activerecord-5.0.0.1/lib/active_record/transactions.rb:395:in `block in with_transaction_returning_status'
/usr/local/rvm/gems/ruby-2.3.0/gems/activerecord-5.0.0.1/lib/active_record/connection_adapters/abstract/database_statements.rb:230:in `transaction'
/usr/local/rvm/gems/ruby-2.3.0/gems/activerecord-5.0.0.1/lib/active_record/transactions.rb:211:in `transaction'
/usr/local/rvm/gems/ruby-2.3.0/gems/activerecord-5.0.0.1/lib/active_record/transactions.rb:392:in `with_transaction_returning_status'
/usr/local/rvm/gems/ruby-2.3.0/gems/activerecord-5.0.0.1/lib/active_record/transactions.rb:319:in `block in save'
/usr/local/rvm/gems/ruby-2.3.0/gems/activerecord-5.0.0.1/lib/active_record/transactions.rb:334:in `rollback_active_record_state!'
/usr/local/rvm/gems/ruby-2.3.0/gems/activerecord-5.0.0.1/lib/active_record/transactions.rb:318:in `save'
/usr/local/rvm/gems/ruby-2.3.0/gems/activerecord-5.0.0.1/lib/active_record/suppressor.rb:41:in `save'
/usr/local/rvm/gems/ruby-2.3.0/gems/activerecord-5.0.0.1/lib/active_record/persistence.rb:266:in `block in update'
/usr/local/rvm/gems/ruby-2.3.0/gems/activerecord-5.0.0.1/lib/active_record/transactions.rb:395:in `block in with_transaction_returning_status'
/usr/local/rvm/gems/ruby-2.3.0/gems/activerecord-5.0.0.1/lib/active_record/connection_adapters/abstract/database_statements.rb:230:in `transaction'
/usr/local/rvm/gems/ruby-2.3.0/gems/activerecord-5.0.0.1/lib/active_record/transactions.rb:211:in `transaction'
/usr/local/rvm/gems/ruby-2.3.0/gems/activerecord-5.0.0.1/lib/active_record/transactions.rb:392:in `with_transaction_returning_status'
/usr/local/rvm/gems/ruby-2.3.0/gems/activerecord-5.0.0.1/lib/active_record/persistence.rb:264:in `update'
/home/ubuntu/workspace/matchme/app/models/match.rb:25:in `add_percent'
/usr/local/rvm/gems/ruby-2.3.0/gems/activesupport-5.0.0.1/lib/active_support/callbacks.rb:382:in `block in make_lambda'
/usr/local/rvm/gems/ruby-2.3.0/gems/activesupport-5.0.0.1/lib/active_support/callbacks.rb:207:in `block in halting_and_conditional'
/usr/local/rvm/gems/ruby-2.3.0/gems/activesupport-5.0.0.1/lib/active_support/callbacks.rb:456:in `block in call'
/usr/local/rvm/gems/ruby-2.3.0/gems/activesupport-5.0.0.1/lib/active_support/callbacks.rb:456:in `each'
/usr/local/rvm/gems/ruby-2.3.0/gems/activesupport-5.0.0.1/lib/active_support/callbacks.rb:456:in `call'
/usr/local/rvm/gems/ruby-2.3.0/gems/activesupport-5.0.0.1/lib/active_support/callbacks.rb:101:in `__run_callbacks__'
/usr/local/rvm/gems/ruby-2.3.0/gems/activesupport-5.0.0.1/lib/active_support/callbacks.rb:750:in `_run_save_callbacks'
/usr/local/rvm/gems/ruby-2.3.0/gems/activerecord-5.0.0.1/lib/active_record/callbacks.rb:298:in `create_or_update'
/usr/local/rvm/gems/ruby-2.3.0/gems/activerecord-5.0.0.1/lib/active_record/persistence.rb:125:in `save'
/usr/local/rvm/gems/ruby-2.3.0/gems/activerecord-5.0.0.1/lib/active_record/validations.rb:44:in `save'
/usr/local/rvm/gems/ruby-2.3.0/gems/activerecord-5.0.0.1/lib/active_record/attribute_methods/dirty.rb:22:in `save'
/usr/local/rvm/gems/ruby-2.3.0/gems/activerecord-5.0.0.1/lib/active_record/transactions.rb:319:in `block (2 levels) in save'
/usr/local/rvm/gems/ruby-2.3.0/gems/activerecord-5.0.0.1/lib/active_record/transactions.rb:395:in `block in with_transaction_returning_status'
/usr/local/rvm/gems/ruby-2.3.0/gems/activerecord-5.0.0.1/lib/active_record/connection_adapters/abstract/database_statements.rb:230:in `transaction'
/usr/local/rvm/gems/ruby-2.3.0/gems/activerecord-5.0.0.1/lib/active_record/transactions.rb:211:in `transaction'
/usr/local/rvm/gems/ruby-2.3.0/gems/activerecord-5.0.0.1/lib/active_record/transactions.rb:392:in `with_transaction_returning_status'
/usr/local/rvm/gems/ruby-2.3.0/gems/activerecord-5.0.0.1/lib/active_record/transactions.rb:319:in `block in save'
/usr/local/rvm/gems/ruby-2.3.0/gems/activerecord-5.0.0.1/lib/active_record/transactions.rb:334:in `rollback_active_record_state!'
/usr/local/rvm/gems/ruby-2.3.0/gems/activerecord-5.0.0.1/lib/active_record/transactions.rb:318:in `save'
/usr/local/rvm/gems/ruby-2.3.0/gems/activerecord-5.0.0.1/lib/active_record/suppressor.rb:41:in `save'
/usr/local/rvm/gems/ruby-2.3.0/gems/activerecord-5.0.0.1/lib/active_record/persistence.rb:266:in `block in update'
/usr/local/rvm/gems/ruby-2.3.0/gems/activerecord-5.0.0.1/lib/active_record/transactions.rb:395:in `block in with_transaction_returning_status'
/usr/local/rvm/gems/ruby-2.3.0/gems/activerecord-5.0.0.1/lib/active_record/connection_adapters/abstract/database_statements.rb:230:in `transaction'
/usr/local/rvm/gems/ruby-2.3.0/gems/activerecord-5.0.0.1/lib/active_record/transactions.rb:211:in `transaction'
/usr/local/rvm/gems/ruby-2.3.0/gems/activerecord-5.0.0.1/lib/active_record/transactions.rb:392:in `with_transaction_returning_status'
/usr/local/rvm/gems/ruby-2.3.0/gems/activerecord-5.0.0.1/lib/active_record/persistence.rb:264:in `update'
/home/ubuntu/workspace/matchme/app/models/match.rb:25:in `add_percent'
/usr/local/rvm/gems/ruby-2.3.0/gems/activesupport-5.0.0.1/lib/active_support/callbacks.rb:382:in `block in make_lambda'
/usr/local/rvm/gems/ruby-2.3.0/gems/activesupport-5.0.0.1/lib/active_support/callbacks.rb:207:in `block in halting_and_conditional'
/usr/local/rvm/gems/ruby-2.3.0/gems/activesupport-5.0.0.1/lib/active_support/callbacks.rb:456:in `block in call'
/usr/local/rvm/gems/ruby-2.3.0/gems/activesupport-5.0.0.1/lib/active_support/callbacks.rb:456:in `each'
/usr/local/rvm/gems/ruby-2.3.0/gems/activesupport-5.0.0.1/lib/active_support/callbacks.rb:456:in `call'
/usr/local/rvm/gems/ruby-2.3.0/gems/activesupport-5.0.0.1/lib/active_support/callbacks.rb:101:in `__run_callbacks__'
/usr/local/rvm/gems/ruby-2.3.0/gems/activesupport-5.0.0.1/lib/active_support/callbacks.rb:750:in `_run_save_callbacks'
/usr/local/rvm/gems/ruby-2.3.0/gems/activerecord-5.0.0.1/lib/active_record/callbacks.rb:298:in `create_or_update'
/usr/local/rvm/gems/ruby-2.3.0/gems/activerecord-5.0.0.1/lib/active_record/persistence.rb:125:in `save'
/usr/local/rvm/gems/ruby-2.3.0/gems/activerecord-5.0.0.1/lib/active_record/validations.rb:44:in `save'
/usr/local/rvm/gems/ruby-2.3.0/gems/activerecord-5.0.0.1/lib/active_record/attribute_methods/dirty.rb:22:in `save'
/usr/local/rvm/gems/ruby-2.3.0/gems/activerecord-5.0.0.1/lib/active_record/transactions.rb:319:in `block (2 levels) in save'
/usr/local/rvm/gems/ruby-2.3.0/gems/activerecord-5.0.0.1/lib/active_record/transactions.rb:395:in `block in with_transaction_returning_status'
/usr/local/rvm/gems/ruby-2.3.0/gems/activerecord-5.0.0.1/lib/active_record/connection_adapters/abstract/database_statements.rb:230:in `transaction'
/usr/local/rvm/gems/ruby-2.3.0/gems/activerecord-5.0.0.1/lib/active_record/transactions.rb:211:in `transaction'
/usr/local/rvm/gems/ruby-2.3.0/gems/activerecord-5.0.0.1/lib/active_record/transactions.rb:392:in `with_transaction_returning_status'
/usr/local/rvm/gems/ruby-2.3.0/gems/activerecord-5.0.0.1/lib/active_record/transactions.rb:319:in `block in save'
/usr/local/rvm/gems/ruby-2.3.0/gems/activerecord-5.0.0.1/lib/active_record/transactions.rb:334:in `rollback_active_record_state!'
/usr/local/rvm/gems/ruby-2.3.0/gems/activerecord-5.0.0.1/lib/active_record/transactions.rb:318:in `save'
/usr/local/rvm/gems/ruby-2.3.0/gems/activerecord-5.0.0.1/lib/active_record/suppressor.rb:41:in `save'
/usr/local/rvm/gems/ruby-2.3.0/gems/activerecord-5.0.0.1/lib/active_record/persistence.rb:266:in `block in update'
/usr/local/rvm/gems/ruby-2.3.0/gems/activerecord-5.0.0.1/lib/active_record/transactions.rb:395:in `block in with_transaction_returning_status'
/usr/local/rvm/gems/ruby-2.3.0/gems/activerecord-5.0.0.1/lib/active_record/connection_adapters/abstract/database_statements.rb:230:in `transaction'
/usr/local/rvm/gems/ruby-2.3.0/gems/activerecord-5.0.0.1/lib/active_record/transactions.rb:211:in `transaction'
/usr/local/rvm/gems/ruby-2.3.0/gems/activerecord-5.0.0.1/lib/active_record/transactions.rb:392:in `with_transaction_returning_status'
/usr/local/rvm/gems/ruby-2.3.0/gems/activerecord-5.0.0.1/lib/active_record/persistence.rb:264:in `update'
/home/ubuntu/workspace/matchme/app/models/match.rb:25:in `add_percent'
/usr/local/rvm/gems/ruby-2.3.0/gems/activesupport-5.0.0.1/lib/active_support/callbacks.rb:382:in `block in make_lambda'
/usr/local/rvm/gems/ruby-2.3.0/gems/activesupport-5.0.0.1/lib/active_support/callbacks.rb:207:in `block in halting_and_conditional'
/usr/local/rvm/gems/ruby-2.3.0/gems/activesupport-5.0.0.1/lib/active_support/callbacks.rb:456:in `block in call'
/usr/local/rvm/gems/ruby-2.3.0/gems/activesupport-5.0.0.1/lib/active_support/callbacks.rb:456:in `each'
/usr/local/rvm/gems/ruby-2.3.0/gems/activesupport-5.0.0.1/lib/active_support/callbacks.rb:456:in `call'
/usr/local/rvm/gems/ruby-2.3.0/gems/activesupport-5.0.0.1/lib/active_support/callbacks.rb:101:in `__run_callbacks__'
/usr/local/rvm/gems/ruby-2.3.0/gems/activesupport-5.0.0.1/lib/active_support/callbacks.rb:750:in `_run_save_callbacks'
/usr/local/rvm/gems/ruby-2.3.0/gems/activerecord-5.0.0.1/lib/active_record/callbacks.rb:298:in `create_or_update'
/usr/local/rvm/gems/ruby-2.3.0/gems/activerecord-5.0.0.1/lib/active_record/persistence.rb:125:in `save'
/usr/local/rvm/gems/ruby-2.3.0/gems/activerecord-5.0.0.1/lib/active_record/validations.rb:44:in `save'
/usr/local/rvm/gems/ruby-2.3.0/gems/activerecord-5.0.0.1/lib/active_record/attribute_methods/dirty.rb:22:in `save'
/usr/local/rvm/gems/ruby-2.3.0/gems/activerecord-5.0.0.1/lib/active_record/transactions.rb:319:in `block (2 levels) in save'
/usr/local/rvm/gems/ruby-2.3.0/gems/activerecord-5.0.0.1/lib/active_record/transactions.rb:395:in `block in with_transaction_returning_status'
/usr/local/rvm/gems/ruby-2.3.0/gems/activerecord-5.0.0.1/lib/active_record/connection_adapters/abstract/database_statements.rb:230:in `transaction'
/usr/local/rvm/gems/ruby-2.3.0/gems/activerecord-5.0.0.1/lib/active_record/transactions.rb:211:in `transaction'
/usr/local/rvm/gems/ruby-2.3.0/gems/activerecord-5.0.0.1/lib/active_record/transactions.rb:392:in `with_transaction_returning_status'
/usr/local/rvm/gems/ruby-2.3.0/gems/activerecord-5.0.0.1/lib/active_record/transactions.rb:319:in `block in save'
/usr/local/rvm/gems/ruby-2.3.0/gems/activerecord-5.0.0.1/lib/active_record/transactions.rb:334:in `rollback_active_record_state!'
/usr/local/rvm/gems/ruby-2.3.0/gems/activerecord-5.0.0.1/lib/active_record/transactions.rb:318:in `save'
/usr/local/rvm/gems/ruby-2.3.0/gems/activerecord-5.0.0.1/lib/active_record/suppressor.rb:41:in `save'
/usr/local/rvm/gems/ruby-2.3.0/gems/activerecord-5.0.0.1/lib/active_record/persistence.rb:266:in `block in update'
/usr/local/rvm/gems/ruby-2.3.0/gems/activerecord-5.0.0.1/lib/active_record/transactions.rb:395:in `block in with_transaction_returning_status'
/usr/local/rvm/gems/ruby-2.3.0/gems/activerecord-5.0.0.1/lib/active_record/connection_adapters/abstract/database_statements.rb:230:in `transaction'
/usr/local/rvm/gems/ruby-2.3.0/gems/activerecord-5.0.0.1/lib/active_record/transactions.rb:211:in `transaction'
/usr/local/rvm/gems/ruby-2.3.0/gems/activerecord-5.0.0.1/lib/active_record/transactions.rb:392:in `with_transaction_returning_status'
/usr/local/rvm/gems/ruby-2.3.0/gems/activerecord-5.0.0.1/lib/active_record/persistence.rb:264:in `update'
/home/ubuntu/workspace/matchme/app/models/match.rb:25:in `add_percent'
/usr/local/rvm/gems/ruby-2.3.0/gems/activesupport-5.0.0.1/lib/active_support/callbacks.rb:382:in `block in make_lambda'
/usr/local/rvm/gems/ruby-2.3.0/gems/activesupport-5.0.0.1/lib/active_support/callbacks.rb:207:in `block in halting_and_conditional'
/usr/local/rvm/gems/ruby-2.3.0/gems/activesupport-5.0.0.1/lib/active_support/callbacks.rb:456:in `block in call'
/usr/local/rvm/gems/ruby-2.3.0/gems/activesupport-5.0.0.1/lib/active_support/callbacks.rb:456:in `each'
/usr/local/rvm/gems/ruby-2.3.0/gems/activesupport-5.0.0.1/lib/active_support/callbacks.rb:456:in `call'
/usr/local/rvm/gems/ruby-2.3.0/gems/activesupport-5.0.0.1/lib/active_support/callbacks.rb:101:in `__run_callbacks__'
/usr/local/rvm/gems/ruby-2.3.0/gems/activesupport-5.0.0.1/lib/active_support/callbacks.rb:750:in `_run_save_callbacks'
/usr/local/rvm/gems/ruby-2.3.0/gems/activerecord-5.0.0.1/lib/active_record/callbacks.rb:298:in `create_or_update'
/usr/local/rvm/gems/ruby-2.3.0/gems/activerecord-5.0.0.1/lib/active_record/persistence.rb:125:in `save'
/usr/local/rvm/gems/ruby-2.3.0/gems/activerecord-5.0.0.1/lib/active_record/validations.rb:44:in `save'
/usr/local/rvm/gems/ruby-2.3.0/gems/activerecord-5.0.0.1/lib/active_record/attribute_methods/dirty.rb:22:in `save'
/usr/local/rvm/gems/ruby-2.3.0/gems/activerecord-5.0.0.1/lib/active_record/transactions.rb:319:in `block (2 levels) in save'
/usr/local/rvm/gems/ruby-2.3.0/gems/activerecord-5.0.0.1/lib/active_record/transactions.rb:395:in `block in with_transaction_returning_status'
/usr/local/rvm/gems/ruby-2.3.0/gems/activerecord-5.0.0.1/lib/active_record/connection_adapters/abstract/database_statements.rb:230:in `transaction'
/usr/local/rvm/gems/ruby-2.3.0/gems/activerecord-5.0.0.1/lib/active_record/transactions.rb:211:in `transaction'
/usr/local/rvm/gems/ruby-2.3.0/gems/activerecord-5.0.0.1/lib/active_record/transactions.rb:392:in `with_transaction_returning_status'
/usr/local/rvm/gems/ruby-2.3.0/gems/activerecord-5.0.0.1/lib/active_record/transactions.rb:319:in `block in save'
/usr/local/rvm/gems/ruby-2.3.0/gems/activerecord-5.0.0.1/lib/active_record/transactions.rb:334:in `rollback_active_record_state!'
/usr/local/rvm/gems/ruby-2.3.0/gems/activerecord-5.0.0.1/lib/active_record/transactions.rb:318:in `save'
/usr/local/rvm/gems/ruby-2.3.0/gems/activerecord-5.0.0.1/lib/active_record/suppressor.rb:41:in `save'
/usr/local/rvm/gems/ruby-2.3.0/gems/activerecord-5.0.0.1/lib/active_record/persistence.rb:266:in `block in update'
/usr/local/rvm/gems/ruby-2.3.0/gems/activerecord-5.0.0.1/lib/active_record/transactions.rb:395:in `block in with_transaction_returning_status'
/usr/local/rvm/gems/ruby-2.3.0/gems/activerecord-5.0.0.1/lib/active_record/connection_adapters/abstract/database_statements.rb:230:in `transaction'
/usr/local/rvm/gems/ruby-2.3.0/gems/activerecord-5.0.0.1/lib/active_record/transactions.rb:211:in `transaction'
/usr/local/rvm/gems/ruby-2.3.0/gems/activerecord-5.0.0.1/lib/active_record/transactions.rb:392:in `with_transaction_returning_status'
/usr/local/rvm/gems/ruby-2.3.0/gems/activerecord-5.0.0.1/lib/active_record/persistence.rb:264:in `update'
/home/ubuntu/workspace/matchme/app/models/match.rb:25:in `add_percent'
/usr/local/rvm/gems/ruby-2.3.0/gems/activesupport-5.0.0.1/lib/active_support/callbacks.rb:382:in `block in make_lambda'
/usr/local/rvm/gems/ruby-2.3.0/gems/activesupport-5.0.0.1/lib/active_support/callbacks.rb:207:in `block in halting_and_conditional'
/usr/local/rvm/gems/ruby-2.3.0/gems/activesupport-5.0.0.1/lib/active_support/callbacks.rb:456:in `block in call'
/usr/local/rvm/gems/ruby-2.3.0/gems/activesupport-5.0.0.1/lib/active_support/callbacks.rb:456:in `each'
/usr/local/rvm/gems/ruby-2.3.0/gems/activesupport-5.0.0.1/lib/active_support/callbacks.rb:456:in `call'
/usr/local/rvm/gems/ruby-2.3.0/gems/activesupport-5.0.0.1/lib/active_support/callbacks.rb:101:in `__run_callbacks__'
/usr/local/rvm/gems/ruby-2.3.0/gems/activesupport-5.0.0.1/lib/active_support/callbacks.rb:750:in `_run_save_callbacks'
/usr/local/rvm/gems/ruby-2.3.0/gems/activerecord-5.0.0.1/lib/active_record/callbacks.rb:298:in `create_or_update'
/usr/local/rvm/gems/ruby-2.3.0/gems/activerecord-5.0.0.1/lib/active_record/persistence.rb:125:in `save'
/usr/local/rvm/gems/ruby-2.3.0/gems/activerecord-5.0.0.1/lib/active_record/validations.rb:44:in `save'
/usr/local/rvm/gems/ruby-2.3.0/gems/activerecord-5.0.0.1/lib/active_record/attribute_methods/dirty.rb:22:in `save'
/usr/local/rvm/gems/ruby-2.3.0/gems/activerecord-5.0.0.1/lib/active_record/transactions.rb:319:in `block (2 levels) in save'
/usr/local/rvm/gems/ruby-2.3.0/gems/activerecord-5.0.0.1/lib/active_record/transactions.rb:395:in `block in with_transaction_returning_status'
/usr/local/rvm/gems/ruby-2.3.0/gems/activerecord-5.0.0.1/lib/active_record/connection_adapters/abstract/database_statements.rb:230:in `transaction'
/usr/local/rvm/gems/ruby-2.3.0/gems/activerecord-5.0.0.1/lib/active_record/transactions.rb:211:in `transaction'
/usr/local/rvm/gems/ruby-2.3.0/gems/activerecord-5.0.0.1/lib/active_record/transactions.rb:392:in `with_transaction_returning_status'
/usr/local/rvm/gems/ruby-2.3.0/gems/activerecord-5.0.0.1/lib/active_record/transactions.rb:319:in `block in save'
/usr/local/rvm/gems/ruby-2.3.0/gems/activerecord-5.0.0.1/lib/active_record/transactions.rb:334:in `rollback_active_record_state!'
/usr/local/rvm/gems/ruby-2.3.0/gems/activerecord-5.0.0.1/lib/active_record/transactions.rb:318:in `save'
/usr/local/rvm/gems/ruby-2.3.0/gems/activerecord-5.0.0.1/lib/active_record/suppressor.rb:41:in `save'
/usr/local/rvm/gems/ruby-2.3.0/gems/activerecord-5.0.0.1/lib/active_record/persistence.rb:266:in `block in update'
/usr/local/rvm/gems/ruby-2.3.0/gems/activerecord-5.0.0.1/lib/active_record/transactions.rb:395:in `block in with_transaction_returning_status'
/usr/local/rvm/gems/ruby-2.3.0/gems/activerecord-5.0.0.1/lib/active_record/connection_adapters/abstract/database_statements.rb:230:in `transaction'
/usr/local/rvm/gems/ruby-2.3.0/gems/activerecord-5.0.0.1/lib/active_record/transactions.rb:211:in `transaction'
/usr/local/rvm/gems/ruby-2.3.0/gems/activerecord-5.0.0.1/lib/active_record/transactions.rb:392:in `with_transaction_returning_status'
/usr/local/rvm/gems/ruby-2.3.0/gems/activerecord-5.0.0.1/lib/active_record/persistence.rb:264:in `update'
/home/ubuntu/workspace/matchme/app/models/match.rb:25:in `add_percent'
/usr/local/rvm/gems/ruby-2.3.0/gems/activesupport-5.0.0.1/lib/active_support/callbacks.rb:382:in `block in make_lambda'
/usr/local/rvm/gems/ruby-2.3.0/gems/activesupport-5.0.0.1/lib/active_support/callbacks.rb:207:in `block in halting_and_conditional'
/usr/local/rvm/gems/ruby-2.3.0/gems/activesupport-5.0.0.1/lib/active_support/callbacks.rb:456:in `block in call'
/usr/local/rvm/gems/ruby-2.3.0/gems/activesupport-5.0.0.1/lib/active_support/callbacks.rb:456:in `each'
/usr/local/rvm/gems/ruby-2.3.0/gems/activesupport-5.0.0.1/lib/active_support/callbacks.rb:456:in `call'
/usr/local/rvm/gems/ruby-2.3.0/gems/activesupport-5.0.0.1/lib/active_support/callbacks.rb:101:in `__run_callbacks__'
/usr/local/rvm/gems/ruby-2.3.0/gems/activesupport-5.0.0.1/lib/active_support/callbacks.rb:750:in `_run_save_callbacks'
/usr/local/rvm/gems/ruby-2.3.0/gems/activerecord-5.0.0.1/lib/active_record/callbacks.rb:298:in `create_or_update'
/usr/local/rvm/gems/ruby-2.3.0/gems/activerecord-5.0.0.1/lib/active_record/persistence.rb:125:in `save'
/usr/local/rvm/gems/ruby-2.3.0/gems/activerecord-5.0.0.1/lib/active_record/validations.rb:44:in `save'
/usr/local/rvm/gems/ruby-2.3.0/gems/activerecord-5.0.0.1/lib/active_record/attribute_methods/dirty.rb:22:in `save'
/usr/local/rvm/gems/ruby-2.3.0/gems/activerecord-5.0.0.1/lib/active_record/transactions.rb:319:in `block (2 levels) in save'
/usr/local/rvm/gems/ruby-2.3.0/gems/activerecord-5.0.0.1/lib/active_record/transactions.rb:395:in `block in with_transaction_returning_status'
/usr/local/rvm/gems/ruby-2.3.0/gems/activerecord-5.0.0.1/lib/active_record/connection_adapters/abstract/database_statements.rb:230:in `transaction'
/usr/local/rvm/gems/ruby-2.3.0/gems/activerecord-5.0.0.1/lib/active_record/transactions.rb:211:in `transaction'
/usr/local/rvm/gems/ruby-2.3.0/gems/activerecord-5.0.0.1/lib/active_record/transactions.rb:392:in `with_transaction_returning_status'
/usr/local/rvm/gems/ruby-2.3.0/gems/activerecord-5.0.0.1/lib/active_record/transactions.rb:319:in `block in save'
/usr/local/rvm/gems/ruby-2.3.0/gems/activerecord-5.0.0.1/lib/active_record/transactions.rb:334:in `rollback_active_record_state!'
/usr/local/rvm/gems/ruby-2.3.0/gems/activerecord-5.0.0.1/lib/active_record/transactions.rb:318:in `save'
/usr/local/rvm/gems/ruby-2.3.0/gems/activerecord-5.0.0.1/lib/active_record/suppressor.rb:41:in `save'
/usr/local/rvm/gems/ruby-2.3.0/gems/activerecord-5.0.0.1/lib/active_record/persistence.rb:266:in `block in update'
/usr/local/rvm/gems/ruby-2.3.0/gems/activerecord-5.0.0.1/lib/active_record/transactions.rb:395:in `block in with_transaction_returning_status'
/usr/local/rvm/gems/ruby-2.3.0/gems/activerecord-5.0.0.1/lib/active_record/connection_adapters/abstract/database_statements.rb:230:in `transaction'
/usr/local/rvm/gems/ruby-2.3.0/gems/activerecord-5.0.0.1/lib/active_record/transactions.rb:211:in `transaction'
/usr/local/rvm/gems/ruby-2.3.0/gems/activerecord-5.0.0.1/lib/active_record/transactions.rb:392:in `with_transaction_returning_status'
/usr/local/rvm/gems/ruby-2.3.0/gems/activerecord-5.0.0.1/lib/active_record/persistence.rb:264:in `update'
/home/ubuntu/workspace/matchme/app/models/match.rb:25:in `add_percent'
/usr/local/rvm/gems/ruby-2.3.0/gems/activesupport-5.0.0.1/lib/active_support/callbacks.rb:382:in `block in make_lambda'
/usr/local/rvm/gems/ruby-2.3.0/gems/activesupport-5.0.0.1/lib/active_support/callbacks.rb:207:in `block in halting_and_conditional'
/usr/local/rvm/gems/ruby-2.3.0/gems/activesupport-5.0.0.1/lib/active_support/callbacks.rb:456:in `block in call'
/usr/local/rvm/gems/ruby-2.3.0/gems/activesupport-5.0.0.1/lib/active_support/callbacks.rb:456:in `each'
/usr/local/rvm/gems/ruby-2.3.0/gems/activesupport-5.0.0.1/lib/active_support/callbacks.rb:456:in `call'
/usr/local/rvm/gems/ruby-2.3.0/gems/activesupport-5.0.0.1/lib/active_support/callbacks.rb:101:in `__run_callbacks__'
/usr/local/rvm/gems/ruby-2.3.0/gems/activesupport-5.0.0.1/lib/active_support/callbacks.rb:750:in `_run_save_callbacks'
/usr/local/rvm/gems/ruby-2.3.0/gems/activerecord-5.0.0.1/lib/active_record/callbacks.rb:298:in `create_or_update'
/usr/local/rvm/gems/ruby-2.3.0/gems/activerecord-5.0.0.1/lib/active_record/persistence.rb:125:in `save'
/usr/local/rvm/gems/ruby-2.3.0/gems/activerecord-5.0.0.1/lib/active_record/validations.rb:44:in `save'
/usr/local/rvm/gems/ruby-2.3.0/gems/activerecord-5.0.0.1/lib/active_record/attribute_methods/dirty.rb:22:in `save'
/usr/local/rvm/gems/ruby-2.3.0/gems/activerecord-5.0.0.1/lib/active_record/transactions.rb:319:in `block (2 levels) in save'
/usr/local/rvm/gems/ruby-2.3.0/gems/activerecord-5.0.0.1/lib/active_record/transactions.rb:395:in `block in with_transaction_returning_status'
/usr/local/rvm/gems/ruby-2.3.0/gems/activerecord-5.0.0.1/lib/active_record/connection_adapters/abstract/database_statements.rb:230:in `transaction'
/usr/local/rvm/gems/ruby-2.3.0/gems/activerecord-5.0.0.1/lib/active_record/transactions.rb:211:in `transaction'
/usr/local/rvm/gems/ruby-2.3.0/gems/activerecord-5.0.0.1/lib/active_record/transactions.rb:392:in `with_transaction_returning_status'
/usr/local/rvm/gems/ruby-2.3.0/gems/activerecord-5.0.0.1/lib/active_record/transactions.rb:319:in `block in save'
/usr/local/rvm/gems/ruby-2.3.0/gems/activerecord-5.0.0.1/lib/active_record/transactions.rb:334:in `rollback_active_record_state!'
/usr/local/rvm/gems/ruby-2.3.0/gems/activerecord-5.0.0.1/lib/active_record/transactions.rb:318:in `save'
/usr/local/rvm/gems/ruby-2.3.0/gems/activerecord-5.0.0.1/lib/active_record/suppressor.rb:41:in `save'
/usr/local/rvm/gems/ruby-2.3.0/gems/activerecord-5.0.0.1/lib/active_record/persistence.rb:266:in `block in update'
/usr/local/rvm/gems/ruby-2.3.0/gems/activerecord-5.0.0.1/lib/active_record/transactions.rb:395:in `block in with_transaction_returning_status'
/usr/local/rvm/gems/ruby-2.3.0/gems/activerecord-5.0.0.1/lib/active_record/connection_adapters/abstract/database_statements.rb:230:in `transaction'
/usr/local/rvm/gems/ruby-2.3.0/gems/activerecord-5.0.0.1/lib/active_record/transactions.rb:211:in `transaction'
/usr/local/rvm/gems/ruby-2.3.0/gems/activerecord-5.0.0.1/lib/active_record/transactions.rb:392:in `with_transaction_returning_status'
/usr/local/rvm/gems/ruby-2.3.0/gems/activerecord-5.0.0.1/lib/active_record/persistence.rb:264:in `update'
/home/ubuntu/workspace/matchme/app/models/match.rb:25:in `add_percent'
/usr/local/rvm/gems/ruby-2.3.0/gems/activesupport-5.0.0.1/lib/active_support/callbacks.rb:382:in `block in make_lambda'
/usr/local/rvm/gems/ruby-2.3.0/gems/activesupport-5.0.0.1/lib/active_support/callbacks.rb:207:in `block in halting_and_conditional'
/usr/local/rvm/gems/ruby-2.3.0/gems/activesupport-5.0.0.1/lib/active_support/callbacks.rb:456:in `block in call'
/usr/local/rvm/gems/ruby-2.3.0/gems/activesupport-5.0.0.1/lib/active_support/callbacks.rb:456:in `each'
/usr/local/rvm/gems/ruby-2.3.0/gems/activesupport-5.0.0.1/lib/active_support/callbacks.rb:456:in `call'
/usr/local/rvm/gems/ruby-2.3.0/gems/activesupport-5.0.0.1/lib/active_support/callbacks.rb:101:in `__run_callbacks__'
/usr/local/rvm/gems/ruby-2.3.0/gems/activesupport-5.0.0.1/lib/active_support/callbacks.rb:750:in `_run_save_callbacks'
/usr/local/rvm/gems/ruby-2.3.0/gems/activerecord-5.0.0.1/lib/active_record/callbacks.rb:298:in `create_or_update'
/usr/local/rvm/gems/ruby-2.3.0/gems/activerecord-5.0.0.1/lib/active_record/persistence.rb:125:in `save'
/usr/local/rvm/gems/ruby-2.3.0/gems/activerecord-5.0.0.1/lib/active_record/validations.rb:44:in `save'
/usr/local/rvm/gems/ruby-2.3.0/gems/activerecord-5.0.0.1/lib/active_record/attribute_methods/dirty.rb:22:in `save'
/usr/local/rvm/gems/ruby-2.3.0/gems/activerecord-5.0.0.1/lib/active_record/transactions.rb:319:in `block (2 levels) in save'
/usr/local/rvm/gems/ruby-2.3.0/gems/activerecord-5.0.0.1/lib/active_record/transactions.rb:395:in `block in with_transaction_returning_status'
/usr/local/rvm/gems/ruby-2.3.0/gems/activerecord-5.0.0.1/lib/active_record/connection_adapters/abstract/database_statements.rb:230:in `transaction'
/usr/local/rvm/gems/ruby-2.3.0/gems/activerecord-5.0.0.1/lib/active_record/transactions.rb:211:in `transaction'
/usr/local/rvm/gems/ruby-2.3.0/gems/activerecord-5.0.0.1/lib/active_record/transactions.rb:392:in `with_transaction_returning_status'
/usr/local/rvm/gems/ruby-2.3.0/gems/activerecord-5.0.0.1/lib/active_record/transactions.rb:319:in `block in save'
/usr/local/rvm/gems/ruby-2.3.0/gems/activerecord-5.0.0.1/lib/active_record/transactions.rb:334:in `rollback_active_record_state!'
/usr/local/rvm/gems/ruby-2.3.0/gems/activerecord-5.0.0.1/lib/active_record/transactions.rb:318:in `save'
/usr/local/rvm/gems/ruby-2.3.0/gems/activerecord-5.0.0.1/lib/active_record/suppressor.rb:41:in `save'
/usr/local/rvm/gems/ruby-2.3.0/gems/activerecord-5.0.0.1/lib/active_record/persistence.rb:266:in `block in update'
/usr/local/rvm/gems/ruby-2.3.0/gems/activerecord-5.0.0.1/lib/active_record/transactions.rb:395:in `block in with_transaction_returning_status'
/usr/local/rvm/gems/ruby-2.3.0/gems/activerecord-5.0.0.1/lib/active_record/connection_adapters/abstract/database_statements.rb:230:in `transaction'
/usr/local/rvm/gems/ruby-2.3.0/gems/activerecord-5.0.0.1/lib/active_record/transactions.rb:211:in `transaction'
/usr/local/rvm/gems/ruby-2.3.0/gems/activerecord-5.0.0.1/lib/active_record/transactions.rb:392:in `with_transaction_returning_status'
/usr/local/rvm/gems/ruby-2.3.0/gems/activerecord-5.0.0.1/lib/active_record/persistence.rb:264:in `update'
/home/ubuntu/workspace/matchme/app/models/match.rb:25:in `add_percent'
/usr/local/rvm/gems/ruby-2.3.0/gems/activesupport-5.0.0.1/lib/active_support/callbacks.rb:382:in `block in make_lambda'
/usr/local/rvm/gems/ruby-2.3.0/gems/activesupport-5.0.0.1/lib/active_support/callbacks.rb:207:in `block in halting_and_conditional'
/usr/local/rvm/gems/ruby-2.3.0/gems/activesupport-5.0.0.1/lib/active_support/callbacks.rb:456:in `block in call'
/usr/local/rvm/gems/ruby-2.3.0/gems/activesupport-5.0.0.1/lib/active_support/callbacks.rb:456:in `each'
/usr/local/rvm/gems/ruby-2.3.0/gems/activesupport-5.0.0.1/lib/active_support/callbacks.rb:456:in `call'
/usr/local/rvm/gems/ruby-2.3.0/gems/activesupport-5.0.0.1/lib/active_support/callbacks.rb:101:in `__run_callbacks__'
/usr/local/rvm/gems/ruby-2.3.0/gems/activesupport-5.0.0.1/lib/active_support/callbacks.rb:750:in `_run_save_callbacks'
/usr/local/rvm/gems/ruby-2.3.0/gems/activerecord-5.0.0.1/lib/active_record/callbacks.rb:298:in `create_or_update'
/usr/local/rvm/gems/ruby-2.3.0/gems/activerecord-5.0.0.1/lib/active_record/persistence.rb:125:in `save'
/usr/local/rvm/gems/ruby-2.3.0/gems/activerecord-5.0.0.1/lib/active_record/validations.rb:44:in `save'
/usr/local/rvm/gems/ruby-2.3.0/gems/activerecord-5.0.0.1/lib/active_record/attribute_methods/dirty.rb:22:in `save'
/usr/local/rvm/gems/ruby-2.3.0/gems/activerecord-5.0.0.1/lib/active_record/transactions.rb:319:in `block (2 levels) in save'
/usr/local/rvm/gems/ruby-2.3.0/gems/activerecord-5.0.0.1/lib/active_record/transactions.rb:395:in `block in with_transaction_returning_status'
/usr/local/rvm/gems/ruby-2.3.0/gems/activerecord-5.0.0.1/lib/active_record/connection_adapters/abstract/database_statements.rb:230:in `transaction'
/usr/local/rvm/gems/ruby-2.3.0/gems/activerecord-5.0.0.1/lib/active_record/transactions.rb:211:in `transaction'
/usr/local/rvm/gems/ruby-2.3.0/gems/activerecord-5.0.0.1/lib/active_record/transactions.rb:392:in `with_transaction_returning_status'
/usr/local/rvm/gems/ruby-2.3.0/gems/activerecord-5.0.0.1/lib/active_record/transactions.rb:319:in `block in save'
/usr/local/rvm/gems/ruby-2.3.0/gems/activerecord-5.0.0.1/lib/active_record/transactions.rb:334:in `rollback_active_record_state!'
/usr/local/rvm/gems/ruby-2.3.0/gems/activerecord-5.0.0.1/lib/active_record/transactions.rb:318:in `save'
/usr/local/rvm/gems/ruby-2.3.0/gems/activerecord-5.0.0.1/lib/active_record/suppressor.rb:41:in `save'
/usr/local/rvm/gems/ruby-2.3.0/gems/activerecord-5.0.0.1/lib/active_record/persistence.rb:266:in `block in update'
/usr/local/rvm/gems/ruby-2.3.0/gems/activerecord-5.0.0.1/lib/active_record/transactions.rb:395:in `block in with_transaction_returning_status'
/usr/local/rvm/gems/ruby-2.3.0/gems/activerecord-5.0.0.1/lib/active_record/connection_adapters/abstract/database_statements.rb:230:in `transaction'
/usr/local/rvm/gems/ruby-2.3.0/gems/activerecord-5.0.0.1/lib/active_record/transactions.rb:211:in `transaction'
/usr/local/rvm/gems/ruby-2.3.0/gems/activerecord-5.0.0.1/lib/active_record/transactions.rb:392:in `with_transaction_returning_status'
/usr/local/rvm/gems/ruby-2.3.0/gems/activerecord-5.0.0.1/lib/active_record/persistence.rb:264:in `update'
/home/ubuntu/workspace/matchme/app/models/match.rb:25:in `add_percent'
/usr/local/rvm/gems/ruby-2.3.0/gems/activesupport-5.0.0.1/lib/active_support/callbacks.rb:382:in `block in make_lambda'
/usr/local/rvm/gems/ruby-2.3.0/gems/activesupport-5.0.0.1/lib/active_support/callbacks.rb:207:in `block in halting_and_conditional'
/usr/local/rvm/gems/ruby-2.3.0/gems/activesupport-5.0.0.1/lib/active_support/callbacks.rb:456:in `block in call'
/usr/local/rvm/gems/ruby-2.3.0/gems/activesupport-5.0.0.1/lib/active_support/callbacks.rb:456:in `each'
/usr/local/rvm/gems/ruby-2.3.0/gems/activesupport-5.0.0.1/lib/active_support/callbacks.rb:456:in `call'
/usr/local/rvm/gems/ruby-2.3.0/gems/activesupport-5.0.0.1/lib/active_support/callbacks.rb:101:in `__run_callbacks__'
/usr/local/rvm/gems/ruby-2.3.0/gems/activesupport-5.0.0.1/lib/active_support/callbacks.rb:750:in `_run_save_callbacks'
/usr/local/rvm/gems/ruby-2.3.0/gems/activerecord-5.0.0.1/lib/active_record/callbacks.rb:298:in `create_or_update'
/usr/local/rvm/gems/ruby-2.3.0/gems/activerecord-5.0.0.1/lib/active_record/persistence.rb:125:in `save'
/usr/local/rvm/gems/ruby-2.3.0/gems/activerecord-5.0.0.1/lib/active_record/validations.rb:44:in `save'
/usr/local/rvm/gems/ruby-2.3.0/gems/activerecord-5.0.0.1/lib/active_record/attribute_methods/dirty.rb:22:in `save'
/usr/local/rvm/gems/ruby-2.3.0/gems/activerecord-5.0.0.1/lib/active_record/transactions.rb:319:in `block (2 levels) in save'
/usr/local/rvm/gems/ruby-2.3.0/gems/activerecord-5.0.0.1/lib/active_record/transactions.rb:395:in `block in with_transaction_returning_status'
/usr/local/rvm/gems/ruby-2.3.0/gems/activerecord-5.0.0.1/lib/active_record/connection_adapters/abstract/database_statements.rb:230:in `transaction'
/usr/local/rvm/gems/ruby-2.3.0/gems/activerecord-5.0.0.1/lib/active_record/transactions.rb:211:in `transaction'
/usr/local/rvm/gems/ruby-2.3.0/gems/activerecord-5.0.0.1/lib/active_record/transactions.rb:392:in `with_transaction_returning_status'
/usr/local/rvm/gems/ruby-2.3.0/gems/activerecord-5.0.0.1/lib/active_record/transactions.rb:319:in `block in save'
/usr/local/rvm/gems/ruby-2.3.0/gems/activerecord-5.0.0.1/lib/active_record/transactions.rb:334:in `rollback_active_record_state!'
/usr/local/rvm/gems/ruby-2.3.0/gems/activerecord-5.0.0.1/lib/active_record/transactions.rb:318:in `save'
/usr/local/rvm/gems/ruby-2.3.0/gems/activerecord-5.0.0.1/lib/active_record/suppressor.rb:41:in `save'
/usr/local/rvm/gems/ruby-2.3.0/gems/activerecord-5.0.0.1/lib/active_record/persistence.rb:266:in `block in update'
/usr/local/rvm/gems/ruby-2.3.0/gems/activerecord-5.0.0.1/lib/active_record/transactions.rb:395:in `block in with_transaction_returning_status'
/usr/local/rvm/gems/ruby-2.3.0/gems/activerecord-5.0.0.1/lib/active_record/connection_adapters/abstract/database_statements.rb:230:in `transaction'
/usr/local/rvm/gems/ruby-2.3.0/gems/activerecord-5.0.0.1/lib/active_record/transactions.rb:211:in `transaction'
/usr/local/rvm/gems/ruby-2.3.0/gems/activerecord-5.0.0.1/lib/active_record/transactions.rb:392:in `with_transaction_returning_status'
/usr/local/rvm/gems/ruby-2.3.0/gems/activerecord-5.0.0.1/lib/active_record/persistence.rb:264:in `update'
/home/ubuntu/workspace/matchme/app/models/match.rb:25:in `add_percent'
/usr/local/rvm/gems/ruby-2.3.0/gems/activesupport-5.0.0.1/lib/active_support/callbacks.rb:382:in `block in make_lambda'
/usr/local/rvm/gems/ruby-2.3.0/gems/activesupport-5.0.0.1/lib/active_support/callbacks.rb:207:in `block in halting_and_conditional'
/usr/local/rvm/gems/ruby-2.3.0/gems/activesupport-5.0.0.1/lib/active_support/callbacks.rb:456:in `block in call'
/usr/local/rvm/gems/ruby-2.3.0/gems/activesupport-5.0.0.1/lib/active_support/callbacks.rb:456:in `each'
/usr/local/rvm/gems/ruby-2.3.0/gems/activesupport-5.0.0.1/lib/active_support/callbacks.rb:456:in `call'
/usr/local/rvm/gems/ruby-2.3.0/gems/activesupport-5.0.0.1/lib/active_support/callbacks.rb:101:in `__run_callbacks__'
/usr/local/rvm/gems/ruby-2.3.0/gems/activesupport-5.0.0.1/lib/active_support/callbacks.rb:750:in `_run_save_callbacks'
/usr/local/rvm/gems/ruby-2.3.0/gems/activerecord-5.0.0.1/lib/active_record/callbacks.rb:298:in `create_or_update'
/usr/local/rvm/gems/ruby-2.3.0/gems/activerecord-5.0.0.1/lib/active_record/persistence.rb:125:in `save'
/usr/local/rvm/gems/ruby-2.3.0/gems/activerecord-5.0.0.1/lib/active_record/validations.rb:44:in `save'
/usr/local/rvm/gems/ruby-2.3.0/gems/activerecord-5.0.0.1/lib/active_record/attribute_methods/dirty.rb:22:in `save'
/usr/local/rvm/gems/ruby-2.3.0/gems/activerecord-5.0.0.1/lib/active_record/transactions.rb:319:in `block (2 levels) in save'
/usr/local/rvm/gems/ruby-2.3.0/gems/activerecord-5.0.0.1/lib/active_record/transactions.rb:395:in `block in with_transaction_returning_status'
/usr/local/rvm/gems/ruby-2.3.0/gems/activerecord-5.0.0.1/lib/active_record/connection_adapters/abstract/database_statements.rb:230:in `transaction'
/usr/local/rvm/gems/ruby-2.3.0/gems/activerecord-5.0.0.1/lib/active_record/transactions.rb:211:in `transaction'
/usr/local/rvm/gems/ruby-2.3.0/gems/activerecord-5.0.0.1/lib/active_record/transactions.rb:392:in `with_transaction_returning_status'
/usr/local/rvm/gems/ruby-2.3.0/gems/activerecord-5.0.0.1/lib/active_record/transactions.rb:319:in `block in save'
/usr/local/rvm/gems/ruby-2.3.0/gems/activerecord-5.0.0.1/lib/active_record/transactions.rb:334:in `rollback_active_record_state!'
/usr/local/rvm/gems/ruby-2.3.0/gems/activerecord-5.0.0.1/lib/active_record/transactions.rb:318:in `save'
/usr/local/rvm/gems/ruby-2.3.0/gems/activerecord-5.0.0.1/lib/active_record/suppressor.rb:41:in `save'
/usr/local/rvm/gems/ruby-2.3.0/gems/activerecord-5.0.0.1/lib/active_record/persistence.rb:266:in `block in update'
/usr/local/rvm/gems/ruby-2.3.0/gems/activerecord-5.0.0.1/lib/active_record/transactions.rb:395:in `block in with_transaction_returning_status'
/usr/local/rvm/gems/ruby-2.3.0/gems/activerecord-5.0.0.1/lib/active_record/connection_adapters/abstract/database_statements.rb:230:in `transaction'
/usr/local/rvm/gems/ruby-2.3.0/gems/activerecord-5.0.0.1/lib/active_record/transactions.rb:211:in `transaction'
/usr/local/rvm/gems/ruby-2.3.0/gems/activerecord-5.0.0.1/lib/active_record/transactions.rb:392:in `with_transaction_returning_status'
/usr/local/rvm/gems/ruby-2.3.0/gems/activerecord-5.0.0.1/lib/active_record/persistence.rb:264:in `update'
/home/ubuntu/workspace/matchme/app/models/match.rb:25:in `add_percent'
/usr/local/rvm/gems/ruby-2.3.0/gems/activesupport-5.0.0.1/lib/active_support/callbacks.rb:382:in `block in make_lambda'
/usr/local/rvm/gems/ruby-2.3.0/gems/activesupport-5.0.0.1/lib/active_support/callbacks.rb:207:in `block in halting_and_conditional'
/usr/local/rvm/gems/ruby-2.3.0/gems/activesupport-5.0.0.1/lib/active_support/callbacks.rb:456:in `block in call'
/usr/local/rvm/gems/ruby-2.3.0/gems/activesupport-5.0.0.1/lib/active_support/callbacks.rb:456:in `each'
/usr/local/rvm/gems/ruby-2.3.0/gems/activesupport-5.0.0.1/lib/active_support/callbacks.rb:456:in `call'
/usr/local/rvm/gems/ruby-2.3.0/gems/activesupport-5.0.0.1/lib/active_support/callbacks.rb:101:in `__run_callbacks__'
/usr/local/rvm/gems/ruby-2.3.0/gems/activesupport-5.0.0.1/lib/active_support/callbacks.rb:750:in `_run_save_callbacks'
/usr/local/rvm/gems/ruby-2.3.0/gems/activerecord-5.0.0.1/lib/active_record/callbacks.rb:298:in `create_or_update'
/usr/local/rvm/gems/ruby-2.3.0/gems/activerecord-5.0.0.1/lib/active_record/persistence.rb:125:in `save'
/usr/local/rvm/gems/ruby-2.3.0/gems/activerecord-5.0.0.1/lib/active_record/validations.rb:44:in `save'
/usr/local/rvm/gems/ruby-2.3.0/gems/activerecord-5.0.0.1/lib/active_record/attribute_methods/dirty.rb:22:in `save'
/usr/local/rvm/gems/ruby-2.3.0/gems/activerecord-5.0.0.1/lib/active_record/transactions.rb:319:in `block (2 levels) in save'
/usr/local/rvm/gems/ruby-2.3.0/gems/activerecord-5.0.0.1/lib/active_record/transactions.rb:395:in `block in with_transaction_returning_status'
/usr/local/rvm/gems/ruby-2.3.0/gems/activerecord-5.0.0.1/lib/active_record/connection_adapters/abstract/database_statements.rb:230:in `transaction'
/usr/local/rvm/gems/ruby-2.3.0/gems/activerecord-5.0.0.1/lib/active_record/transactions.rb:211:in `transaction'
/usr/local/rvm/gems/ruby-2.3.0/gems/activerecord-5.0.0.1/lib/active_record/transactions.rb:392:in `with_transaction_returning_status'
/usr/local/rvm/gems/ruby-2.3.0/gems/activerecord-5.0.0.1/lib/active_record/transactions.rb:319:in `block in save'
/usr/local/rvm/gems/ruby-2.3.0/gems/activerecord-5.0.0.1/lib/active_record/transactions.rb:334:in `rollback_active_record_state!'
/usr/local/rvm/gems/ruby-2.3.0/gems/activerecord-5.0.0.1/lib/active_record/transactions.rb:318:in `save'
/usr/local/rvm/gems/ruby-2.3.0/gems/activerecord-5.0.0.1/lib/active_record/suppressor.rb:41:in `save'
/usr/local/rvm/gems/ruby-2.3.0/gems/activerecord-5.0.0.1/lib/active_record/persistence.rb:266:in `block in update'
/usr/local/rvm/gems/ruby-2.3.0/gems/activerecord-5.0.0.1/lib/active_record/transactions.rb:395:in `block in with_transaction_returning_status'
/usr/local/rvm/gems/ruby-2.3.0/gems/activerecord-5.0.0.1/lib/active_record/connection_adapters/abstract/database_statements.rb:230:in `transaction'
/usr/local/rvm/gems/ruby-2.3.0/gems/activerecord-5.0.0.1/lib/active_record/transactions.rb:211:in `transaction'
/usr/local/rvm/gems/ruby-2.3.0/gems/activerecord-5.0.0.1/lib/active_record/transactions.rb:392:in `with_transaction_returning_status'
/usr/local/rvm/gems/ruby-2.3.0/gems/activerecord-5.0.0.1/lib/active_record/persistence.rb:264:in `update'
/home/ubuntu/workspace/matchme/app/models/match.rb:25:in `add_percent'
/usr/local/rvm/gems/ruby-2.3.0/gems/activesupport-5.0.0.1/lib/active_support/callbacks.rb:382:in `block in make_lambda'
/usr/local/rvm/gems/ruby-2.3.0/gems/activesupport-5.0.0.1/lib/active_support/callbacks.rb:207:in `block in halting_and_conditional'
/usr/local/rvm/gems/ruby-2.3.0/gems/activesupport-5.0.0.1/lib/active_support/callbacks.rb:456:in `block in call'
/usr/local/rvm/gems/ruby-2.3.0/gems/activesupport-5.0.0.1/lib/active_support/callbacks.rb:456:in `each'
/usr/local/rvm/gems/ruby-2.3.0/gems/activesupport-5.0.0.1/lib/active_support/callbacks.rb:456:in `call'
/usr/local/rvm/gems/ruby-2.3.0/gems/activesupport-5.0.0.1/lib/active_support/callbacks.rb:101:in `__run_callbacks__'
/usr/local/rvm/gems/ruby-2.3.0/gems/activesupport-5.0.0.1/lib/active_support/callbacks.rb:750:in `_run_save_callbacks'
/usr/local/rvm/gems/ruby-2.3.0/gems/activerecord-5.0.0.1/lib/active_record/callbacks.rb:298:in `create_or_update'
/usr/local/rvm/gems/ruby-2.3.0/gems/activerecord-5.0.0.1/lib/active_record/persistence.rb:125:in `save'
/usr/local/rvm/gems/ruby-2.3.0/gems/activerecord-5.0.0.1/lib/active_record/validations.rb:44:in `save'
/usr/local/rvm/gems/ruby-2.3.0/gems/activerecord-5.0.0.1/lib/active_record/attribute_methods/dirty.rb:22:in `save'
/usr/local/rvm/gems/ruby-2.3.0/gems/activerecord-5.0.0.1/lib/active_record/transactions.rb:319:in `block (2 levels) in save'
/usr/local/rvm/gems/ruby-2.3.0/gems/activerecord-5.0.0.1/lib/active_record/transactions.rb:395:in `block in with_transaction_returning_status'
/usr/local/rvm/gems/ruby-2.3.0/gems/activerecord-5.0.0.1/lib/active_record/connection_adapters/abstract/database_statements.rb:230:in `transaction'
/usr/local/rvm/gems/ruby-2.3.0/gems/activerecord-5.0.0.1/lib/active_record/transactions.rb:211:in `transaction'
/usr/local/rvm/gems/ruby-2.3.0/gems/activerecord-5.0.0.1/lib/active_record/transactions.rb:392:in `with_transaction_returning_status'
/usr/local/rvm/gems/ruby-2.3.0/gems/activerecord-5.0.0.1/lib/active_record/transactions.rb:319:in `block in save'
/usr/local/rvm/gems/ruby-2.3.0/gems/activerecord-5.0.0.1/lib/active_record/transactions.rb:334:in `rollback_active_record_state!'
/usr/local/rvm/gems/ruby-2.3.0/gems/activerecord-5.0.0.1/lib/active_record/transactions.rb:318:in `save'
/usr/local/rvm/gems/ruby-2.3.0/gems/activerecord-5.0.0.1/lib/active_record/suppressor.rb:41:in `save'
/usr/local/rvm/gems/ruby-2.3.0/gems/activerecord-5.0.0.1/lib/active_record/persistence.rb:266:in `block in update'
/usr/local/rvm/gems/ruby-2.3.0/gems/activerecord-5.0.0.1/lib/active_record/transactions.rb:395:in `block in with_transaction_returning_status'
/usr/local/rvm/gems/ruby-2.3.0/gems/activerecord-5.0.0.1/lib/active_record/connection_adapters/abstract/database_statements.rb:230:in `transaction'
/usr/local/rvm/gems/ruby-2.3.0/gems/activerecord-5.0.0.1/lib/active_record/transactions.rb:211:in `transaction'
/usr/local/rvm/gems/ruby-2.3.0/gems/activerecord-5.0.0.1/lib/active_record/transactions.rb:392:in `with_transaction_returning_status'
/usr/local/rvm/gems/ruby-2.3.0/gems/activerecord-5.0.0.1/lib/active_record/persistence.rb:264:in `update'
/home/ubuntu/workspace/matchme/app/models/match.rb:25:in `add_percent'
/usr/local/rvm/gems/ruby-2.3.0/gems/activesupport-5.0.0.1/lib/active_support/callbacks.rb:382:in `block in make_lambda'
/usr/local/rvm/gems/ruby-2.3.0/gems/activesupport-5.0.0.1/lib/active_support/callbacks.rb:207:in `block in halting_and_conditional'
/usr/local/rvm/gems/ruby-2.3.0/gems/activesupport-5.0.0.1/lib/active_support/callbacks.rb:456:in `block in call'
/usr/local/rvm/gems/ruby-2.3.0/gems/activesupport-5.0.0.1/lib/active_support/callbacks.rb:456:in `each'
/usr/local/rvm/gems/ruby-2.3.0/gems/activesupport-5.0.0.1/lib/active_support/callbacks.rb:456:in `call'
/usr/local/rvm/gems/ruby-2.3.0/gems/activesupport-5.0.0.1/lib/active_support/callbacks.rb:101:in `__run_callbacks__'
/usr/local/rvm/gems/ruby-2.3.0/gems/activesupport-5.0.0.1/lib/active_support/callbacks.rb:750:in `_run_save_callbacks'
/usr/local/rvm/gems/ruby-2.3.0/gems/activerecord-5.0.0.1/lib/active_record/callbacks.rb:298:in `create_or_update'
/usr/local/rvm/gems/ruby-2.3.0/gems/activerecord-5.0.0.1/lib/active_record/persistence.rb:125:in `save'
/usr/local/rvm/gems/ruby-2.3.0/gems/activerecord-5.0.0.1/lib/active_record/validations.rb:44:in `save'
/usr/local/rvm/gems/ruby-2.3.0/gems/activerecord-5.0.0.1/lib/active_record/attribute_methods/dirty.rb:22:in `save'
/usr/local/rvm/gems/ruby-2.3.0/gems/activerecord-5.0.0.1/lib/active_record/transactions.rb:319:in `block (2 levels) in save'
/usr/local/rvm/gems/ruby-2.3.0/gems/activerecord-5.0.0.1/lib/active_record/transactions.rb:395:in `block in with_transaction_returning_status'
/usr/local/rvm/gems/ruby-2.3.0/gems/activerecord-5.0.0.1/lib/active_record/connection_adapters/abstract/database_statements.rb:230:in `transaction'
/usr/local/rvm/gems/ruby-2.3.0/gems/activerecord-5.0.0.1/lib/active_record/transactions.rb:211:in `transaction'
/usr/local/rvm/gems/ruby-2.3.0/gems/activerecord-5.0.0.1/lib/active_record/transactions.rb:392:in `with_transaction_returning_status'
/usr/local/rvm/gems/ruby-2.3.0/gems/activerecord-5.0.0.1/lib/active_record/transactions.rb:319:in `block in save'
/usr/local/rvm/gems/ruby-2.3.0/gems/activerecord-5.0.0.1/lib/active_record/transactions.rb:334:in `rollback_active_record_state!'
/usr/local/rvm/gems/ruby-2.3.0/gems/activerecord-5.0.0.1/lib/active_record/transactions.rb:318:in `save'
/usr/local/rvm/gems/ruby-2.3.0/gems/activerecord-5.0.0.1/lib/active_record/suppressor.rb:41:in `save'
/usr/local/rvm/gems/ruby-2.3.0/gems/activerecord-5.0.0.1/lib/active_record/persistence.rb:266:in `block in update'
/usr/local/rvm/gems/ruby-2.3.0/gems/activerecord-5.0.0.1/lib/active_record/transactions.rb:395:in `block in with_transaction_returning_status'
/usr/local/rvm/gems/ruby-2.3.0/gems/activerecord-5.0.0.1/lib/active_record/connection_adapters/abstract/database_statements.rb:230:in `transaction'
/usr/local/rvm/gems/ruby-2.3.0/gems/activerecord-5.0.0.1/lib/active_record/transactions.rb:211:in `transaction'
/usr/local/rvm/gems/ruby-2.3.0/gems/activerecord-5.0.0.1/lib/active_record/transactions.rb:392:in `with_transaction_returning_status'
/usr/local/rvm/gems/ruby-2.3.0/gems/activerecord-5.0.0.1/lib/active_record/persistence.rb:264:in `update'
/home/ubuntu/workspace/matchme/app/models/match.rb:25:in `add_percent'
/usr/local/rvm/gems/ruby-2.3.0/gems/activesupport-5.0.0.1/lib/active_support/callbacks.rb:382:in `block in make_lambda'
/usr/local/rvm/gems/ruby-2.3.0/gems/activesupport-5.0.0.1/lib/active_support/callbacks.rb:207:in `block in halting_and_conditional'
/usr/local/rvm/gems/ruby-2.3.0/gems/activesupport-5.0.0.1/lib/active_support/callbacks.rb:456:in `block in call'
/usr/local/rvm/gems/ruby-2.3.0/gems/activesupport-5.0.0.1/lib/active_support/callbacks.rb:456:in `each'
/usr/local/rvm/gems/ruby-2.3.0/gems/activesupport-5.0.0.1/lib/active_support/callbacks.rb:456:in `call'
/usr/local/rvm/gems/ruby-2.3.0/gems/activesupport-5.0.0.1/lib/active_support/callbacks.rb:101:in `__run_callbacks__'
/usr/local/rvm/gems/ruby-2.3.0/gems/activesupport-5.0.0.1/lib/active_support/callbacks.rb:750:in `_run_save_callbacks'
/usr/local/rvm/gems/ruby-2.3.0/gems/activerecord-5.0.0.1/lib/active_record/callbacks.rb:298:in `create_or_update'
/usr/local/rvm/gems/ruby-2.3.0/gems/activerecord-5.0.0.1/lib/active_record/persistence.rb:125:in `save'
/usr/local/rvm/gems/ruby-2.3.0/gems/activerecord-5.0.0.1/lib/active_record/validations.rb:44:in `save'
/usr/local/rvm/gems/ruby-2.3.0/gems/activerecord-5.0.0.1/lib/active_record/attribute_methods/dirty.rb:22:in `save'
/usr/local/rvm/gems/ruby-2.3.0/gems/activerecord-5.0.0.1/lib/active_record/transactions.rb:319:in `block (2 levels) in save'
/usr/local/rvm/gems/ruby-2.3.0/gems/activerecord-5.0.0.1/lib/active_record/transactions.rb:395:in `block in with_transaction_returning_status'
/usr/local/rvm/gems/ruby-2.3.0/gems/activerecord-5.0.0.1/lib/active_record/connection_adapters/abstract/database_statements.rb:230:in `transaction'
/usr/local/rvm/gems/ruby-2.3.0/gems/activerecord-5.0.0.1/lib/active_record/transactions.rb:211:in `transaction'
/usr/local/rvm/gems/ruby-2.3.0/gems/activerecord-5.0.0.1/lib/active_record/transactions.rb:392:in `with_transaction_returning_status'
/usr/local/rvm/gems/ruby-2.3.0/gems/activerecord-5.0.0.1/lib/active_record/transactions.rb:319:in `block in save'
/usr/local/rvm/gems/ruby-2.3.0/gems/activerecord-5.0.0.1/lib/active_record/transactions.rb:334:in `rollback_active_record_state!'
/usr/local/rvm/gems/ruby-2.3.0/gems/activerecord-5.0.0.1/lib/active_record/transactions.rb:318:in `save'
/usr/local/rvm/gems/ruby-2.3.0/gems/activerecord-5.0.0.1/lib/active_record/suppressor.rb:41:in `save'
/usr/local/rvm/gems/ruby-2.3.0/gems/activerecord-5.0.0.1/lib/active_record/persistence.rb:266:in `block in update'
/usr/local/rvm/gems/ruby-2.3.0/gems/activerecord-5.0.0.1/lib/active_record/transactions.rb:395:in `block in with_transaction_returning_status'
/usr/local/rvm/gems/ruby-2.3.0/gems/activerecord-5.0.0.1/lib/active_record/connection_adapters/abstract/database_statements.rb:230:in `transaction'
/usr/local/rvm/gems/ruby-2.3.0/gems/activerecord-5.0.0.1/lib/active_record/transactions.rb:211:in `transaction'
/usr/local/rvm/gems/ruby-2.3.0/gems/activerecord-5.0.0.1/lib/active_record/transactions.rb:392:in `with_transaction_returning_status'
/usr/local/rvm/gems/ruby-2.3.0/gems/activerecord-5.0.0.1/lib/active_record/persistence.rb:264:in `update'
/home/ubuntu/workspace/matchme/app/models/match.rb:25:in `add_percent'
/usr/local/rvm/gems/ruby-2.3.0/gems/activesupport-5.0.0.1/lib/active_support/callbacks.rb:382:in `block in make_lambda'
/usr/local/rvm/gems/ruby-2.3.0/gems/activesupport-5.0.0.1/lib/active_support/callbacks.rb:207:in `block in halting_and_conditional'
/usr/local/rvm/gems/ruby-2.3.0/gems/activesupport-5.0.0.1/lib/active_support/callbacks.rb:456:in `block in call'
/usr/local/rvm/gems/ruby-2.3.0/gems/activesupport-5.0.0.1/lib/active_support/callbacks.rb:456:in `each'
/usr/local/rvm/gems/ruby-2.3.0/gems/activesupport-5.0.0.1/lib/active_support/callbacks.rb:456:in `call'
/usr/local/rvm/gems/ruby-2.3.0/gems/activesupport-5.0.0.1/lib/active_support/callbacks.rb:101:in `__run_callbacks__'
/usr/local/rvm/gems/ruby-2.3.0/gems/activesupport-5.0.0.1/lib/active_support/callbacks.rb:750:in `_run_save_callbacks'
/usr/local/rvm/gems/ruby-2.3.0/gems/activerecord-5.0.0.1/lib/active_record/callbacks.rb:298:in `create_or_update'
/usr/local/rvm/gems/ruby-2.3.0/gems/activerecord-5.0.0.1/lib/active_record/persistence.rb:125:in `save'
/usr/local/rvm/gems/ruby-2.3.0/gems/activerecord-5.0.0.1/lib/active_record/validations.rb:44:in `save'
/usr/local/rvm/gems/ruby-2.3.0/gems/activerecord-5.0.0.1/lib/active_record/attribute_methods/dirty.rb:22:in `save'
/usr/local/rvm/gems/ruby-2.3.0/gems/activerecord-5.0.0.1/lib/active_record/transactions.rb:319:in `block (2 levels) in save'
/usr/local/rvm/gems/ruby-2.3.0/gems/activerecord-5.0.0.1/lib/active_record/transactions.rb:395:in `block in with_transaction_returning_status'
/usr/local/rvm/gems/ruby-2.3.0/gems/activerecord-5.0.0.1/lib/active_record/connection_adapters/abstract/database_statements.rb:230:in `transaction'
/usr/local/rvm/gems/ruby-2.3.0/gems/activerecord-5.0.0.1/lib/active_record/transactions.rb:211:in `transaction'
/usr/local/rvm/gems/ruby-2.3.0/gems/activerecord-5.0.0.1/lib/active_record/transactions.rb:392:in `with_transaction_returning_status'
/usr/local/rvm/gems/ruby-2.3.0/gems/activerecord-5.0.0.1/lib/active_record/transactions.rb:319:in `block in save'
/usr/local/rvm/gems/ruby-2.3.0/gems/activerecord-5.0.0.1/lib/active_record/transactions.rb:334:in `rollback_active_record_state!'
/usr/local/rvm/gems/ruby-2.3.0/gems/activerecord-5.0.0.1/lib/active_record/transactions.rb:318:in `save'
/usr/local/rvm/gems/ruby-2.3.0/gems/activerecord-5.0.0.1/lib/active_record/suppressor.rb:41:in `save'
/usr/local/rvm/gems/ruby-2.3.0/gems/activerecord-5.0.0.1/lib/active_record/persistence.rb:266:in `block in update'
/usr/local/rvm/gems/ruby-2.3.0/gems/activerecord-5.0.0.1/lib/active_record/transactions.rb:395:in `block in with_transaction_returning_status'
/usr/local/rvm/gems/ruby-2.3.0/gems/activerecord-5.0.0.1/lib/active_record/connection_adapters/abstract/database_statements.rb:230:in `transaction'
/usr/local/rvm/gems/ruby-2.3.0/gems/activerecord-5.0.0.1/lib/active_record/transactions.rb:211:in `transaction'
/usr/local/rvm/gems/ruby-2.3.0/gems/activerecord-5.0.0.1/lib/active_record/transactions.rb:392:in `with_transaction_returning_status'
/usr/local/rvm/gems/ruby-2.3.0/gems/activerecord-5.0.0.1/lib/active_record/persistence.rb:264:in `update'
/home/ubuntu/workspace/matchme/app/models/match.rb:25:in `add_percent'
/usr/local/rvm/gems/ruby-2.3.0/gems/activesupport-5.0.0.1/lib/active_support/callbacks.rb:382:in `block in make_lambda'
/usr/local/rvm/gems/ruby-2.3.0/gems/activesupport-5.0.0.1/lib/active_support/callbacks.rb:207:in `block in halting_and_conditional'
/usr/local/rvm/gems/ruby-2.3.0/gems/activesupport-5.0.0.1/lib/active_support/callbacks.rb:456:in `block in call'
/usr/local/rvm/gems/ruby-2.3.0/gems/activesupport-5.0.0.1/lib/active_support/callbacks.rb:456:in `each'
/usr/local/rvm/gems/ruby-2.3.0/gems/activesupport-5.0.0.1/lib/active_support/callbacks.rb:456:in `call'
/usr/local/rvm/gems/ruby-2.3.0/gems/activesupport-5.0.0.1/lib/active_support/callbacks.rb:101:in `__run_callbacks__'
/usr/local/rvm/gems/ruby-2.3.0/gems/activesupport-5.0.0.1/lib/active_support/callbacks.rb:750:in `_run_save_callbacks'
/usr/local/rvm/gems/ruby-2.3.0/gems/activerecord-5.0.0.1/lib/active_record/callbacks.rb:298:in `create_or_update'
/usr/local/rvm/gems/ruby-2.3.0/gems/activerecord-5.0.0.1/lib/active_record/persistence.rb:125:in `save'
/usr/local/rvm/gems/ruby-2.3.0/gems/activerecord-5.0.0.1/lib/active_record/validations.rb:44:in `save'
/usr/local/rvm/gems/ruby-2.3.0/gems/activerecord-5.0.0.1/lib/active_record/attribute_methods/dirty.rb:22:in `save'
/usr/local/rvm/gems/ruby-2.3.0/gems/activerecord-5.0.0.1/lib/active_record/transactions.rb:319:in `block (2 levels) in save'
/usr/local/rvm/gems/ruby-2.3.0/gems/activerecord-5.0.0.1/lib/active_record/transactions.rb:395:in `block in with_transaction_returning_status'
/usr/local/rvm/gems/ruby-2.3.0/gems/activerecord-5.0.0.1/lib/active_record/connection_adapters/abstract/database_statements.rb:230:in `transaction'
/usr/local/rvm/gems/ruby-2.3.0/gems/activerecord-5.0.0.1/lib/active_record/transactions.rb:211:in `transaction'
/usr/local/rvm/gems/ruby-2.3.0/gems/activerecord-5.0.0.1/lib/active_record/transactions.rb:392:in `with_transaction_returning_status'
/usr/local/rvm/gems/ruby-2.3.0/gems/activerecord-5.0.0.1/lib/active_record/transactions.rb:319:in `block in save'
/usr/local/rvm/gems/ruby-2.3.0/gems/activerecord-5.0.0.1/lib/active_record/transactions.rb:334:in `rollback_active_record_state!'
/usr/local/rvm/gems/ruby-2.3.0/gems/activerecord-5.0.0.1/lib/active_record/transactions.rb:318:in `save'
/usr/local/rvm/gems/ruby-2.3.0/gems/activerecord-5.0.0.1/lib/active_record/suppressor.rb:41:in `save'
/usr/local/rvm/gems/ruby-2.3.0/gems/activerecord-5.0.0.1/lib/active_record/persistence.rb:266:in `block in update'
/usr/local/rvm/gems/ruby-2.3.0/gems/activerecord-5.0.0.1/lib/active_record/transactions.rb:395:in `block in with_transaction_returning_status'
/usr/local/rvm/gems/ruby-2.3.0/gems/activerecord-5.0.0.1/lib/active_record/connection_adapters/abstract/database_statements.rb:230:in `transaction'
/usr/local/rvm/gems/ruby-2.3.0/gems/activerecord-5.0.0.1/lib/active_record/transactions.rb:211:in `transaction'
/usr/local/rvm/gems/ruby-2.3.0/gems/activerecord-5.0.0.1/lib/active_record/transactions.rb:392:in `with_transaction_returning_status'
/usr/local/rvm/gems/ruby-2.3.0/gems/activerecord-5.0.0.1/lib/active_record/persistence.rb:264:in `update'
/home/ubuntu/workspace/matchme/app/models/match.rb:25:in `add_percent'
/usr/local/rvm/gems/ruby-2.3.0/gems/activesupport-5.0.0.1/lib/active_support/callbacks.rb:382:in `block in make_lambda'
/usr/local/rvm/gems/ruby-2.3.0/gems/activesupport-5.0.0.1/lib/active_support/callbacks.rb:207:in `block in halting_and_conditional'
/usr/local/rvm/gems/ruby-2.3.0/gems/activesupport-5.0.0.1/lib/active_support/callbacks.rb:456:in `block in call'
/usr/local/rvm/gems/ruby-2.3.0/gems/activesupport-5.0.0.1/lib/active_support/callbacks.rb:456:in `each'
/usr/local/rvm/gems/ruby-2.3.0/gems/activesupport-5.0.0.1/lib/active_support/callbacks.rb:456:in `call'
/usr/local/rvm/gems/ruby-2.3.0/gems/activesupport-5.0.0.1/lib/active_support/callbacks.rb:101:in `__run_callbacks__'
/usr/local/rvm/gems/ruby-2.3.0/gems/activesupport-5.0.0.1/lib/active_support/callbacks.rb:750:in `_run_save_callbacks'
/usr/local/rvm/gems/ruby-2.3.0/gems/activerecord-5.0.0.1/lib/active_record/callbacks.rb:298:in `create_or_update'
/usr/local/rvm/gems/ruby-2.3.0/gems/activerecord-5.0.0.1/lib/active_record/persistence.rb:125:in `save'
/usr/local/rvm/gems/ruby-2.3.0/gems/activerecord-5.0.0.1/lib/active_record/validations.rb:44:in `save'
/usr/local/rvm/gems/ruby-2.3.0/gems/activerecord-5.0.0.1/lib/active_record/attribute_methods/dirty.rb:22:in `save'
/usr/local/rvm/gems/ruby-2.3.0/gems/activerecord-5.0.0.1/lib/active_record/transactions.rb:319:in `block (2 levels) in save'
/usr/local/rvm/gems/ruby-2.3.0/gems/activerecord-5.0.0.1/lib/active_record/transactions.rb:395:in `block in with_transaction_returning_status'
/usr/local/rvm/gems/ruby-2.3.0/gems/activerecord-5.0.0.1/lib/active_record/connection_adapters/abstract/database_statements.rb:230:in `transaction'
/usr/local/rvm/gems/ruby-2.3.0/gems/activerecord-5.0.0.1/lib/active_record/transactions.rb:211:in `transaction'
/usr/local/rvm/gems/ruby-2.3.0/gems/activerecord-5.0.0.1/lib/active_record/transactions.rb:392:in `with_transaction_returning_status'
/usr/local/rvm/gems/ruby-2.3.0/gems/activerecord-5.0.0.1/lib/active_record/transactions.rb:319:in `block in save'
/usr/local/rvm/gems/ruby-2.3.0/gems/activerecord-5.0.0.1/lib/active_record/transactions.rb:334:in `rollback_active_record_state!'
/usr/local/rvm/gems/ruby-2.3.0/gems/activerecord-5.0.0.1/lib/active_record/transactions.rb:318:in `save'
/usr/local/rvm/gems/ruby-2.3.0/gems/activerecord-5.0.0.1/lib/active_record/suppressor.rb:41:in `save'
/usr/local/rvm/gems/ruby-2.3.0/gems/activerecord-5.0.0.1/lib/active_record/persistence.rb:266:in `block in update'
/usr/local/rvm/gems/ruby-2.3.0/gems/activerecord-5.0.0.1/lib/active_record/transactions.rb:395:in `block in with_transaction_returning_status'
/usr/local/rvm/gems/ruby-2.3.0/gems/activerecord-5.0.0.1/lib/active_record/connection_adapters/abstract/database_statements.rb:230:in `transaction'
/usr/local/rvm/gems/ruby-2.3.0/gems/activerecord-5.0.0.1/lib/active_record/transactions.rb:211:in `transaction'
/usr/local/rvm/gems/ruby-2.3.0/gems/activerecord-5.0.0.1/lib/active_record/transactions.rb:392:in `with_transaction_returning_status'
/usr/local/rvm/gems/ruby-2.3.0/gems/activerecord-5.0.0.1/lib/active_record/persistence.rb:264:in `update'
/home/ubuntu/workspace/matchme/app/models/match.rb:25:in `add_percent'
/usr/local/rvm/gems/ruby-2.3.0/gems/activesupport-5.0.0.1/lib/active_support/callbacks.rb:382:in `block in make_lambda'
/usr/local/rvm/gems/ruby-2.3.0/gems/activesupport-5.0.0.1/lib/active_support/callbacks.rb:207:in `block in halting_and_conditional'
/usr/local/rvm/gems/ruby-2.3.0/gems/activesupport-5.0.0.1/lib/active_support/callbacks.rb:456:in `block in call'
/usr/local/rvm/gems/ruby-2.3.0/gems/activesupport-5.0.0.1/lib/active_support/callbacks.rb:456:in `each'
/usr/local/rvm/gems/ruby-2.3.0/gems/activesupport-5.0.0.1/lib/active_support/callbacks.rb:456:in `call'
/usr/local/rvm/gems/ruby-2.3.0/gems/activesupport-5.0.0.1/lib/active_support/callbacks.rb:101:in `__run_callbacks__'
/usr/local/rvm/gems/ruby-2.3.0/gems/activesupport-5.0.0.1/lib/active_support/callbacks.rb:750:in `_run_save_callbacks'
/usr/local/rvm/gems/ruby-2.3.0/gems/activerecord-5.0.0.1/lib/active_record/callbacks.rb:298:in `create_or_update'
/usr/local/rvm/gems/ruby-2.3.0/gems/activerecord-5.0.0.1/lib/active_record/persistence.rb:125:in `save'
/usr/local/rvm/gems/ruby-2.3.0/gems/activerecord-5.0.0.1/lib/active_record/validations.rb:44:in `save'
/usr/local/rvm/gems/ruby-2.3.0/gems/activerecord-5.0.0.1/lib/active_record/attribute_methods/dirty.rb:22:in `save'
/usr/local/rvm/gems/ruby-2.3.0/gems/activerecord-5.0.0.1/lib/active_record/transactions.rb:319:in `block (2 levels) in save'
/usr/local/rvm/gems/ruby-2.3.0/gems/activerecord-5.0.0.1/lib/active_record/transactions.rb:395:in `block in with_transaction_returning_status'
/usr/local/rvm/gems/ruby-2.3.0/gems/activerecord-5.0.0.1/lib/active_record/connection_adapters/abstract/database_statements.rb:230:in `transaction'
/usr/local/rvm/gems/ruby-2.3.0/gems/activerecord-5.0.0.1/lib/active_record/transactions.rb:211:in `transaction'
/usr/local/rvm/gems/ruby-2.3.0/gems/activerecord-5.0.0.1/lib/active_record/transactions.rb:392:in `with_transaction_returning_status'
/usr/local/rvm/gems/ruby-2.3.0/gems/activerecord-5.0.0.1/lib/active_record/transactions.rb:319:in `block in save'
/usr/local/rvm/gems/ruby-2.3.0/gems/activerecord-5.0.0.1/lib/active_record/transactions.rb:334:in `rollback_active_record_state!'
/usr/local/rvm/gems/ruby-2.3.0/gems/activerecord-5.0.0.1/lib/active_record/transactions.rb:318:in `save'
/usr/local/rvm/gems/ruby-2.3.0/gems/activerecord-5.0.0.1/lib/active_record/suppressor.rb:41:in `save'
/usr/local/rvm/gems/ruby-2.3.0/gems/activerecord-5.0.0.1/lib/active_record/persistence.rb:266:in `block in update'
/usr/local/rvm/gems/ruby-2.3.0/gems/activerecord-5.0.0.1/lib/active_record/transactions.rb:395:in `block in with_transaction_returning_status'
/usr/local/rvm/gems/ruby-2.3.0/gems/activerecord-5.0.0.1/lib/active_record/connection_adapters/abstract/database_statements.rb:230:in `transaction'
/usr/local/rvm/gems/ruby-2.3.0/gems/activerecord-5.0.0.1/lib/active_record/transactions.rb:211:in `transaction'
/usr/local/rvm/gems/ruby-2.3.0/gems/activerecord-5.0.0.1/lib/active_record/transactions.rb:392:in `with_transaction_returning_status'
/usr/local/rvm/gems/ruby-2.3.0/gems/activerecord-5.0.0.1/lib/active_record/persistence.rb:264:in `update'
/home/ubuntu/workspace/matchme/app/models/match.rb:25:in `add_percent'
/usr/local/rvm/gems/ruby-2.3.0/gems/activesupport-5.0.0.1/lib/active_support/callbacks.rb:382:in `block in make_lambda'
/usr/local/rvm/gems/ruby-2.3.0/gems/activesupport-5.0.0.1/lib/active_support/callbacks.rb:207:in `block in halting_and_conditional'
/usr/local/rvm/gems/ruby-2.3.0/gems/activesupport-5.0.0.1/lib/active_support/callbacks.rb:456:in `block in call'
/usr/local/rvm/gems/ruby-2.3.0/gems/activesupport-5.0.0.1/lib/active_support/callbacks.rb:456:in `each'
/usr/local/rvm/gems/ruby-2.3.0/gems/activesupport-5.0.0.1/lib/active_support/callbacks.rb:456:in `call'
/usr/local/rvm/gems/ruby-2.3.0/gems/activesupport-5.0.0.1/lib/active_support/callbacks.rb:101:in `__run_callbacks__'
/usr/local/rvm/gems/ruby-2.3.0/gems/activesupport-5.0.0.1/lib/active_support/callbacks.rb:750:in `_run_save_callbacks'
/usr/local/rvm/gems/ruby-2.3.0/gems/activerecord-5.0.0.1/lib/active_record/callbacks.rb:298:in `create_or_update'
/usr/local/rvm/gems/ruby-2.3.0/gems/activerecord-5.0.0.1/lib/active_record/persistence.rb:125:in `save'
/usr/local/rvm/gems/ruby-2.3.0/gems/activerecord-5.0.0.1/lib/active_record/validations.rb:44:in `save'
/usr/local/rvm/gems/ruby-2.3.0/gems/activerecord-5.0.0.1/lib/active_record/attribute_methods/dirty.rb:22:in `save'
/usr/local/rvm/gems/ruby-2.3.0/gems/activerecord-5.0.0.1/lib/active_record/transactions.rb:319:in `block (2 levels) in save'
/usr/local/rvm/gems/ruby-2.3.0/gems/activerecord-5.0.0.1/lib/active_record/transactions.rb:395:in `block in with_transaction_returning_status'
/usr/local/rvm/gems/ruby-2.3.0/gems/activerecord-5.0.0.1/lib/active_record/connection_adapters/abstract/database_statements.rb:230:in `transaction'
/usr/local/rvm/gems/ruby-2.3.0/gems/activerecord-5.0.0.1/lib/active_record/transactions.rb:211:in `transaction'
/usr/local/rvm/gems/ruby-2.3.0/gems/activerecord-5.0.0.1/lib/active_record/transactions.rb:392:in `with_transaction_returning_status'
/usr/local/rvm/gems/ruby-2.3.0/gems/activerecord-5.0.0.1/lib/active_record/transactions.rb:319:in `block in save'
/usr/local/rvm/gems/ruby-2.3.0/gems/activerecord-5.0.0.1/lib/active_record/transactions.rb:334:in `rollback_active_record_state!'
/usr/local/rvm/gems/ruby-2.3.0/gems/activerecord-5.0.0.1/lib/active_record/transactions.rb:318:in `save'
/usr/local/rvm/gems/ruby-2.3.0/gems/activerecord-5.0.0.1/lib/active_record/suppressor.rb:41:in `save'
/usr/local/rvm/gems/ruby-2.3.0/gems/activerecord-5.0.0.1/lib/active_record/persistence.rb:266:in `block in update'
/usr/local/rvm/gems/ruby-2.3.0/gems/activerecord-5.0.0.1/lib/active_record/transactions.rb:395:in `block in with_transaction_returning_status'
/usr/local/rvm/gems/ruby-2.3.0/gems/activerecord-5.0.0.1/lib/active_record/connection_adapters/abstract/database_statements.rb:230:in `transaction'
/usr/local/rvm/gems/ruby-2.3.0/gems/activerecord-5.0.0.1/lib/active_record/transactions.rb:211:in `transaction'
/usr/local/rvm/gems/ruby-2.3.0/gems/activerecord-5.0.0.1/lib/active_record/transactions.rb:392:in `with_transaction_returning_status'
/usr/local/rvm/gems/ruby-2.3.0/gems/activerecord-5.0.0.1/lib/active_record/persistence.rb:264:in `update'
/home/ubuntu/workspace/matchme/app/models/match.rb:25:in `add_percent'
/usr/local/rvm/gems/ruby-2.3.0/gems/activesupport-5.0.0.1/lib/active_support/callbacks.rb:382:in `block in make_lambda'
/usr/local/rvm/gems/ruby-2.3.0/gems/activesupport-5.0.0.1/lib/active_support/callbacks.rb:207:in `block in halting_and_conditional'
/usr/local/rvm/gems/ruby-2.3.0/gems/activesupport-5.0.0.1/lib/active_support/callbacks.rb:456:in `block in call'
/usr/local/rvm/gems/ruby-2.3.0/gems/activesupport-5.0.0.1/lib/active_support/callbacks.rb:456:in `each'
/usr/local/rvm/gems/ruby-2.3.0/gems/activesupport-5.0.0.1/lib/active_support/callbacks.rb:456:in `call'
/usr/local/rvm/gems/ruby-2.3.0/gems/activesupport-5.0.0.1/lib/active_support/callbacks.rb:101:in `__run_callbacks__'
/usr/local/rvm/gems/ruby-2.3.0/gems/activesupport-5.0.0.1/lib/active_support/callbacks.rb:750:in `_run_save_callbacks'
/usr/local/rvm/gems/ruby-2.3.0/gems/activerecord-5.0.0.1/lib/active_record/callbacks.rb:298:in `create_or_update'
/usr/local/rvm/gems/ruby-2.3.0/gems/activerecord-5.0.0.1/lib/active_record/persistence.rb:125:in `save'
/usr/local/rvm/gems/ruby-2.3.0/gems/activerecord-5.0.0.1/lib/active_record/validations.rb:44:in `save'
/usr/local/rvm/gems/ruby-2.3.0/gems/activerecord-5.0.0.1/lib/active_record/attribute_methods/dirty.rb:22:in `save'
/usr/local/rvm/gems/ruby-2.3.0/gems/activerecord-5.0.0.1/lib/active_record/transactions.rb:319:in `block (2 levels) in save'
/usr/local/rvm/gems/ruby-2.3.0/gems/activerecord-5.0.0.1/lib/active_record/transactions.rb:395:in `block in with_transaction_returning_status'
/usr/local/rvm/gems/ruby-2.3.0/gems/activerecord-5.0.0.1/lib/active_record/connection_adapters/abstract/database_statements.rb:230:in `transaction'
/usr/local/rvm/gems/ruby-2.3.0/gems/activerecord-5.0.0.1/lib/active_record/transactions.rb:211:in `transaction'
/usr/local/rvm/gems/ruby-2.3.0/gems/activerecord-5.0.0.1/lib/active_record/transactions.rb:392:in `with_transaction_returning_status'
/usr/local/rvm/gems/ruby-2.3.0/gems/activerecord-5.0.0.1/lib/active_record/transactions.rb:319:in `block in save'
/usr/local/rvm/gems/ruby-2.3.0/gems/activerecord-5.0.0.1/lib/active_record/transactions.rb:334:in `rollback_active_record_state!'
/usr/local/rvm/gems/ruby-2.3.0/gems/activerecord-5.0.0.1/lib/active_record/transactions.rb:318:in `save'
/usr/local/rvm/gems/ruby-2.3.0/gems/activerecord-5.0.0.1/lib/active_record/suppressor.rb:41:in `save'
/usr/local/rvm/gems/ruby-2.3.0/gems/activerecord-5.0.0.1/lib/active_record/persistence.rb:266:in `block in update'
/usr/local/rvm/gems/ruby-2.3.0/gems/activerecord-5.0.0.1/lib/active_record/transactions.rb:395:in `block in with_transaction_returning_status'
/usr/local/rvm/gems/ruby-2.3.0/gems/activerecord-5.0.0.1/lib/active_record/connection_adapters/abstract/database_statements.rb:230:in `transaction'
/usr/local/rvm/gems/ruby-2.3.0/gems/activerecord-5.0.0.1/lib/active_record/transactions.rb:211:in `transaction'
/usr/local/rvm/gems/ruby-2.3.0/gems/activerecord-5.0.0.1/lib/active_record/transactions.rb:392:in `with_transaction_returning_status'
/usr/local/rvm/gems/ruby-2.3.0/gems/activerecord-5.0.0.1/lib/active_record/persistence.rb:264:in `update'
/home/ubuntu/workspace/matchme/app/models/match.rb:25:in `add_percent'
/usr/local/rvm/gems/ruby-2.3.0/gems/activesupport-5.0.0.1/lib/active_support/callbacks.rb:382:in `block in make_lambda'
/usr/local/rvm/gems/ruby-2.3.0/gems/activesupport-5.0.0.1/lib/active_support/callbacks.rb:207:in `block in halting_and_conditional'
/usr/local/rvm/gems/ruby-2.3.0/gems/activesupport-5.0.0.1/lib/active_support/callbacks.rb:456:in `block in call'
/usr/local/rvm/gems/ruby-2.3.0/gems/activesupport-5.0.0.1/lib/active_support/callbacks.rb:456:in `each'
/usr/local/rvm/gems/ruby-2.3.0/gems/activesupport-5.0.0.1/lib/active_support/callbacks.rb:456:in `call'
/usr/local/rvm/gems/ruby-2.3.0/gems/activesupport-5.0.0.1/lib/active_support/callbacks.rb:101:in `__run_callbacks__'
/usr/local/rvm/gems/ruby-2.3.0/gems/activesupport-5.0.0.1/lib/active_support/callbacks.rb:750:in `_run_save_callbacks'
/usr/local/rvm/gems/ruby-2.3.0/gems/activerecord-5.0.0.1/lib/active_record/callbacks.rb:298:in `create_or_update'
/usr/local/rvm/gems/ruby-2.3.0/gems/activerecord-5.0.0.1/lib/active_record/persistence.rb:125:in `save'
/usr/local/rvm/gems/ruby-2.3.0/gems/activerecord-5.0.0.1/lib/active_record/validations.rb:44:in `save'
/usr/local/rvm/gems/ruby-2.3.0/gems/activerecord-5.0.0.1/lib/active_record/attribute_methods/dirty.rb:22:in `save'
/usr/local/rvm/gems/ruby-2.3.0/gems/activerecord-5.0.0.1/lib/active_record/transactions.rb:319:in `block (2 levels) in save'
/usr/local/rvm/gems/ruby-2.3.0/gems/activerecord-5.0.0.1/lib/active_record/transactions.rb:395:in `block in with_transaction_returning_status'
/usr/local/rvm/gems/ruby-2.3.0/gems/activerecord-5.0.0.1/lib/active_record/connection_adapters/abstract/database_statements.rb:230:in `transaction'
/usr/local/rvm/gems/ruby-2.3.0/gems/activerecord-5.0.0.1/lib/active_record/transactions.rb:211:in `transaction'
/usr/local/rvm/gems/ruby-2.3.0/gems/activerecord-5.0.0.1/lib/active_record/transactions.rb:392:in `with_transaction_returning_status'
/usr/local/rvm/gems/ruby-2.3.0/gems/activerecord-5.0.0.1/lib/active_record/transactions.rb:319:in `block in save'
/usr/local/rvm/gems/ruby-2.3.0/gems/activerecord-5.0.0.1/lib/active_record/transactions.rb:334:in `rollback_active_record_state!'
/usr/local/rvm/gems/ruby-2.3.0/gems/activerecord-5.0.0.1/lib/active_record/transactions.rb:318:in `save'
/usr/local/rvm/gems/ruby-2.3.0/gems/activerecord-5.0.0.1/lib/active_record/suppressor.rb:41:in `save'
/usr/local/rvm/gems/ruby-2.3.0/gems/activerecord-5.0.0.1/lib/active_record/persistence.rb:266:in `block in update'
/usr/local/rvm/gems/ruby-2.3.0/gems/activerecord-5.0.0.1/lib/active_record/transactions.rb:395:in `block in with_transaction_returning_status'
/usr/local/rvm/gems/ruby-2.3.0/gems/activerecord-5.0.0.1/lib/active_record/connection_adapters/abstract/database_statements.rb:230:in `transaction'
/usr/local/rvm/gems/ruby-2.3.0/gems/activerecord-5.0.0.1/lib/active_record/transactions.rb:211:in `transaction'
/usr/local/rvm/gems/ruby-2.3.0/gems/activerecord-5.0.0.1/lib/active_record/transactions.rb:392:in `with_transaction_returning_status'
/usr/local/rvm/gems/ruby-2.3.0/gems/activerecord-5.0.0.1/lib/active_record/persistence.rb:264:in `update'
/home/ubuntu/workspace/matchme/app/models/match.rb:25:in `add_percent'
/usr/local/rvm/gems/ruby-2.3.0/gems/activesupport-5.0.0.1/lib/active_support/callbacks.rb:382:in `block in make_lambda'
/usr/local/rvm/gems/ruby-2.3.0/gems/activesupport-5.0.0.1/lib/active_support/callbacks.rb:207:in `block in halting_and_conditional'
/usr/local/rvm/gems/ruby-2.3.0/gems/activesupport-5.0.0.1/lib/active_support/callbacks.rb:456:in `block in call'
/usr/local/rvm/gems/ruby-2.3.0/gems/activesupport-5.0.0.1/lib/active_support/callbacks.rb:456:in `each'
/usr/local/rvm/gems/ruby-2.3.0/gems/activesupport-5.0.0.1/lib/active_support/callbacks.rb:456:in `call'
/usr/local/rvm/gems/ruby-2.3.0/gems/activesupport-5.0.0.1/lib/active_support/callbacks.rb:101:in `__run_callbacks__'
/usr/local/rvm/gems/ruby-2.3.0/gems/activesupport-5.0.0.1/lib/active_support/callbacks.rb:750:in `_run_save_callbacks'
/usr/local/rvm/gems/ruby-2.3.0/gems/activerecord-5.0.0.1/lib/active_record/callbacks.rb:298:in `create_or_update'
/usr/local/rvm/gems/ruby-2.3.0/gems/activerecord-5.0.0.1/lib/active_record/persistence.rb:125:in `save'
/usr/local/rvm/gems/ruby-2.3.0/gems/activerecord-5.0.0.1/lib/active_record/validations.rb:44:in `save'
/usr/local/rvm/gems/ruby-2.3.0/gems/activerecord-5.0.0.1/lib/active_record/attribute_methods/dirty.rb:22:in `save'
/usr/local/rvm/gems/ruby-2.3.0/gems/activerecord-5.0.0.1/lib/active_record/transactions.rb:319:in `block (2 levels) in save'
/usr/local/rvm/gems/ruby-2.3.0/gems/activerecord-5.0.0.1/lib/active_record/transactions.rb:395:in `block in with_transaction_returning_status'
/usr/local/rvm/gems/ruby-2.3.0/gems/activerecord-5.0.0.1/lib/active_record/connection_adapters/abstract/database_statements.rb:230:in `transaction'
/usr/local/rvm/gems/ruby-2.3.0/gems/activerecord-5.0.0.1/lib/active_record/transactions.rb:211:in `transaction'
/usr/local/rvm/gems/ruby-2.3.0/gems/activerecord-5.0.0.1/lib/active_record/transactions.rb:392:in `with_transaction_returning_status'
/usr/local/rvm/gems/ruby-2.3.0/gems/activerecord-5.0.0.1/lib/active_record/transactions.rb:319:in `block in save'
/usr/local/rvm/gems/ruby-2.3.0/gems/activerecord-5.0.0.1/lib/active_record/transactions.rb:334:in `rollback_active_record_state!'
/usr/local/rvm/gems/ruby-2.3.0/gems/activerecord-5.0.0.1/lib/active_record/transactions.rb:318:in `save'
/usr/local/rvm/gems/ruby-2.3.0/gems/activerecord-5.0.0.1/lib/active_record/suppressor.rb:41:in `save'
/usr/local/rvm/gems/ruby-2.3.0/gems/activerecord-5.0.0.1/lib/active_record/persistence.rb:266:in `block in update'
/usr/local/rvm/gems/ruby-2.3.0/gems/activerecord-5.0.0.1/lib/active_record/transactions.rb:395:in `block in with_transaction_returning_status'
/usr/local/rvm/gems/ruby-2.3.0/gems/activerecord-5.0.0.1/lib/active_record/connection_adapters/abstract/database_statements.rb:230:in `transaction'
/usr/local/rvm/gems/ruby-2.3.0/gems/activerecord-5.0.0.1/lib/active_record/transactions.rb:211:in `transaction'
/usr/local/rvm/gems/ruby-2.3.0/gems/activerecord-5.0.0.1/lib/active_record/transactions.rb:392:in `with_transaction_returning_status'
/usr/local/rvm/gems/ruby-2.3.0/gems/activerecord-5.0.0.1/lib/active_record/persistence.rb:264:in `update'
/home/ubuntu/workspace/matchme/app/models/match.rb:25:in `add_percent'
/usr/local/rvm/gems/ruby-2.3.0/gems/activesupport-5.0.0.1/lib/active_support/callbacks.rb:382:in `block in make_lambda'
/usr/local/rvm/gems/ruby-2.3.0/gems/activesupport-5.0.0.1/lib/active_support/callbacks.rb:207:in `block in halting_and_conditional'
/usr/local/rvm/gems/ruby-2.3.0/gems/activesupport-5.0.0.1/lib/active_support/callbacks.rb:456:in `block in call'
/usr/local/rvm/gems/ruby-2.3.0/gems/activesupport-5.0.0.1/lib/active_support/callbacks.rb:456:in `each'
/usr/local/rvm/gems/ruby-2.3.0/gems/activesupport-5.0.0.1/lib/active_support/callbacks.rb:456:in `call'
/usr/local/rvm/gems/ruby-2.3.0/gems/activesupport-5.0.0.1/lib/active_support/callbacks.rb:101:in `__run_callbacks__'
/usr/local/rvm/gems/ruby-2.3.0/gems/activesupport-5.0.0.1/lib/active_support/callbacks.rb:750:in `_run_save_callbacks'
/usr/local/rvm/gems/ruby-2.3.0/gems/activerecord-5.0.0.1/lib/active_record/callbacks.rb:298:in `create_or_update'
/usr/local/rvm/gems/ruby-2.3.0/gems/activerecord-5.0.0.1/lib/active_record/persistence.rb:125:in `save'
/usr/local/rvm/gems/ruby-2.3.0/gems/activerecord-5.0.0.1/lib/active_record/validations.rb:44:in `save'
/usr/local/rvm/gems/ruby-2.3.0/gems/activerecord-5.0.0.1/lib/active_record/attribute_methods/dirty.rb:22:in `save'
/usr/local/rvm/gems/ruby-2.3.0/gems/activerecord-5.0.0.1/lib/active_record/transactions.rb:319:in `block (2 levels) in save'
/usr/local/rvm/gems/ruby-2.3.0/gems/activerecord-5.0.0.1/lib/active_record/transactions.rb:395:in `block in with_transaction_returning_status'
/usr/local/rvm/gems/ruby-2.3.0/gems/activerecord-5.0.0.1/lib/active_record/connection_adapters/abstract/database_statements.rb:230:in `transaction'
/usr/local/rvm/gems/ruby-2.3.0/gems/activerecord-5.0.0.1/lib/active_record/transactions.rb:211:in `transaction'
/usr/local/rvm/gems/ruby-2.3.0/gems/activerecord-5.0.0.1/lib/active_record/transactions.rb:392:in `with_transaction_returning_status'
/usr/local/rvm/gems/ruby-2.3.0/gems/activerecord-5.0.0.1/lib/active_record/transactions.rb:319:in `block in save'
/usr/local/rvm/gems/ruby-2.3.0/gems/activerecord-5.0.0.1/lib/active_record/transactions.rb:334:in `rollback_active_record_state!'
/usr/local/rvm/gems/ruby-2.3.0/gems/activerecord-5.0.0.1/lib/active_record/transactions.rb:318:in `save'
/usr/local/rvm/gems/ruby-2.3.0/gems/activerecord-5.0.0.1/lib/active_record/suppressor.rb:41:in `save'
/usr/local/rvm/gems/ruby-2.3.0/gems/activerecord-5.0.0.1/lib/active_record/persistence.rb:266:in `block in update'
/usr/local/rvm/gems/ruby-2.3.0/gems/activerecord-5.0.0.1/lib/active_record/transactions.rb:395:in `block in with_transaction_returning_status'
/usr/local/rvm/gems/ruby-2.3.0/gems/activerecord-5.0.0.1/lib/active_record/connection_adapters/abstract/database_statements.rb:230:in `transaction'
/usr/local/rvm/gems/ruby-2.3.0/gems/activerecord-5.0.0.1/lib/active_record/transactions.rb:211:in `transaction'
/usr/local/rvm/gems/ruby-2.3.0/gems/activerecord-5.0.0.1/lib/active_record/transactions.rb:392:in `with_transaction_returning_status'
/usr/local/rvm/gems/ruby-2.3.0/gems/activerecord-5.0.0.1/lib/active_record/persistence.rb:264:in `update'
/home/ubuntu/workspace/matchme/app/models/match.rb:25:in `add_percent'
/usr/local/rvm/gems/ruby-2.3.0/gems/activesupport-5.0.0.1/lib/active_support/callbacks.rb:382:in `block in make_lambda'
/usr/local/rvm/gems/ruby-2.3.0/gems/activesupport-5.0.0.1/lib/active_support/callbacks.rb:207:in `block in halting_and_conditional'
/usr/local/rvm/gems/ruby-2.3.0/gems/activesupport-5.0.0.1/lib/active_support/callbacks.rb:456:in `block in call'
/usr/local/rvm/gems/ruby-2.3.0/gems/activesupport-5.0.0.1/lib/active_support/callbacks.rb:456:in `each'
/usr/local/rvm/gems/ruby-2.3.0/gems/activesupport-5.0.0.1/lib/active_support/callbacks.rb:456:in `call'
/usr/local/rvm/gems/ruby-2.3.0/gems/activesupport-5.0.0.1/lib/active_support/callbacks.rb:101:in `__run_callbacks__'
/usr/local/rvm/gems/ruby-2.3.0/gems/activesupport-5.0.0.1/lib/active_support/callbacks.rb:750:in `_run_save_callbacks'
/usr/local/rvm/gems/ruby-2.3.0/gems/activerecord-5.0.0.1/lib/active_record/callbacks.rb:298:in `create_or_update'
/usr/local/rvm/gems/ruby-2.3.0/gems/activerecord-5.0.0.1/lib/active_record/persistence.rb:125:in `save'
/usr/local/rvm/gems/ruby-2.3.0/gems/activerecord-5.0.0.1/lib/active_record/validations.rb:44:in `save'
/usr/local/rvm/gems/ruby-2.3.0/gems/activerecord-5.0.0.1/lib/active_record/attribute_methods/dirty.rb:22:in `save'
/usr/local/rvm/gems/ruby-2.3.0/gems/activerecord-5.0.0.1/lib/active_record/transactions.rb:319:in `block (2 levels) in save'
/usr/local/rvm/gems/ruby-2.3.0/gems/activerecord-5.0.0.1/lib/active_record/transactions.rb:395:in `block in with_transaction_returning_status'
/usr/local/rvm/gems/ruby-2.3.0/gems/activerecord-5.0.0.1/lib/active_record/connection_adapters/abstract/database_statements.rb:230:in `transaction'
/usr/local/rvm/gems/ruby-2.3.0/gems/activerecord-5.0.0.1/lib/active_record/transactions.rb:211:in `transaction'
/usr/local/rvm/gems/ruby-2.3.0/gems/activerecord-5.0.0.1/lib/active_record/transactions.rb:392:in `with_transaction_returning_status'
/usr/local/rvm/gems/ruby-2.3.0/gems/activerecord-5.0.0.1/lib/active_record/transactions.rb:319:in `block in save'
/usr/local/rvm/gems/ruby-2.3.0/gems/activerecord-5.0.0.1/lib/active_record/transactions.rb:334:in `rollback_active_record_state!'
/usr/local/rvm/gems/ruby-2.3.0/gems/activerecord-5.0.0.1/lib/active_record/transactions.rb:318:in `save'
/usr/local/rvm/gems/ruby-2.3.0/gems/activerecord-5.0.0.1/lib/active_record/suppressor.rb:41:in `save'
/usr/local/rvm/gems/ruby-2.3.0/gems/activerecord-5.0.0.1/lib/active_record/persistence.rb:266:in `block in update'
/usr/local/rvm/gems/ruby-2.3.0/gems/activerecord-5.0.0.1/lib/active_record/transactions.rb:395:in `block in with_transaction_returning_status'
/usr/local/rvm/gems/ruby-2.3.0/gems/activerecord-5.0.0.1/lib/active_record/connection_adapters/abstract/database_statements.rb:230:in `transaction'
/usr/local/rvm/gems/ruby-2.3.0/gems/activerecord-5.0.0.1/lib/active_record/transactions.rb:211:in `transaction'
/usr/local/rvm/gems/ruby-2.3.0/gems/activerecord-5.0.0.1/lib/active_record/transactions.rb:392:in `with_transaction_returning_status'
/usr/local/rvm/gems/ruby-2.3.0/gems/activerecord-5.0.0.1/lib/active_record/persistence.rb:264:in `update'
/home/ubuntu/workspace/matchme/app/models/match.rb:25:in `add_percent'
/usr/local/rvm/gems/ruby-2.3.0/gems/activesupport-5.0.0.1/lib/active_support/callbacks.rb:382:in `block in make_lambda'
/usr/local/rvm/gems/ruby-2.3.0/gems/activesupport-5.0.0.1/lib/active_support/callbacks.rb:207:in `block in halting_and_conditional'
/usr/local/rvm/gems/ruby-2.3.0/gems/activesupport-5.0.0.1/lib/active_support/callbacks.rb:456:in `block in call'
/usr/local/rvm/gems/ruby-2.3.0/gems/activesupport-5.0.0.1/lib/active_support/callbacks.rb:456:in `each'
/usr/local/rvm/gems/ruby-2.3.0/gems/activesupport-5.0.0.1/lib/active_support/callbacks.rb:456:in `call'
/usr/local/rvm/gems/ruby-2.3.0/gems/activesupport-5.0.0.1/lib/active_support/callbacks.rb:101:in `__run_callbacks__'
/usr/local/rvm/gems/ruby-2.3.0/gems/activesupport-5.0.0.1/lib/active_support/callbacks.rb:750:in `_run_save_callbacks'
/usr/local/rvm/gems/ruby-2.3.0/gems/activerecord-5.0.0.1/lib/active_record/callbacks.rb:298:in `create_or_update'
/usr/local/rvm/gems/ruby-2.3.0/gems/activerecord-5.0.0.1/lib/active_record/persistence.rb:125:in `save'
/usr/local/rvm/gems/ruby-2.3.0/gems/activerecord-5.0.0.1/lib/active_record/validations.rb:44:in `save'
/usr/local/rvm/gems/ruby-2.3.0/gems/activerecord-5.0.0.1/lib/active_record/attribute_methods/dirty.rb:22:in `save'
/usr/local/rvm/gems/ruby-2.3.0/gems/activerecord-5.0.0.1/lib/active_record/transactions.rb:319:in `block (2 levels) in save'
/usr/local/rvm/gems/ruby-2.3.0/gems/activerecord-5.0.0.1/lib/active_record/transactions.rb:395:in `block in with_transaction_returning_status'
/usr/local/rvm/gems/ruby-2.3.0/gems/activerecord-5.0.0.1/lib/active_record/connection_adapters/abstract/database_statements.rb:230:in `transaction'
/usr/local/rvm/gems/ruby-2.3.0/gems/activerecord-5.0.0.1/lib/active_record/transactions.rb:211:in `transaction'
/usr/local/rvm/gems/ruby-2.3.0/gems/activerecord-5.0.0.1/lib/active_record/transactions.rb:392:in `with_transaction_returning_status'
/usr/local/rvm/gems/ruby-2.3.0/gems/activerecord-5.0.0.1/lib/active_record/transactions.rb:319:in `block in save'
/usr/local/rvm/gems/ruby-2.3.0/gems/activerecord-5.0.0.1/lib/active_record/transactions.rb:334:in `rollback_active_record_state!'
/usr/local/rvm/gems/ruby-2.3.0/gems/activerecord-5.0.0.1/lib/active_record/transactions.rb:318:in `save'
/usr/local/rvm/gems/ruby-2.3.0/gems/activerecord-5.0.0.1/lib/active_record/suppressor.rb:41:in `save'
/usr/local/rvm/gems/ruby-2.3.0/gems/activerecord-5.0.0.1/lib/active_record/persistence.rb:266:in `block in update'
/usr/local/rvm/gems/ruby-2.3.0/gems/activerecord-5.0.0.1/lib/active_record/transactions.rb:395:in `block in with_transaction_returning_status'
/usr/local/rvm/gems/ruby-2.3.0/gems/activerecord-5.0.0.1/lib/active_record/connection_adapters/abstract/database_statements.rb:230:in `transaction'
/usr/local/rvm/gems/ruby-2.3.0/gems/activerecord-5.0.0.1/lib/active_record/transactions.rb:211:in `transaction'
/usr/local/rvm/gems/ruby-2.3.0/gems/activerecord-5.0.0.1/lib/active_record/transactions.rb:392:in `with_transaction_returning_status'
/usr/local/rvm/gems/ruby-2.3.0/gems/activerecord-5.0.0.1/lib/active_record/persistence.rb:264:in `update'
/home/ubuntu/workspace/matchme/app/models/match.rb:25:in `add_percent'
/usr/local/rvm/gems/ruby-2.3.0/gems/activesupport-5.0.0.1/lib/active_support/callbacks.rb:382:in `block in make_lambda'
/usr/local/rvm/gems/ruby-2.3.0/gems/activesupport-5.0.0.1/lib/active_support/callbacks.rb:207:in `block in halting_and_conditional'
/usr/local/rvm/gems/ruby-2.3.0/gems/activesupport-5.0.0.1/lib/active_support/callbacks.rb:456:in `block in call'
/usr/local/rvm/gems/ruby-2.3.0/gems/activesupport-5.0.0.1/lib/active_support/callbacks.rb:456:in `each'
/usr/local/rvm/gems/ruby-2.3.0/gems/activesupport-5.0.0.1/lib/active_support/callbacks.rb:456:in `call'
/usr/local/rvm/gems/ruby-2.3.0/gems/activesupport-5.0.0.1/lib/active_support/callbacks.rb:101:in `__run_callbacks__'
/usr/local/rvm/gems/ruby-2.3.0/gems/activesupport-5.0.0.1/lib/active_support/callbacks.rb:750:in `_run_save_callbacks'
/usr/local/rvm/gems/ruby-2.3.0/gems/activerecord-5.0.0.1/lib/active_record/callbacks.rb:298:in `create_or_update'
/usr/local/rvm/gems/ruby-2.3.0/gems/activerecord-5.0.0.1/lib/active_record/persistence.rb:125:in `save'
/usr/local/rvm/gems/ruby-2.3.0/gems/activerecord-5.0.0.1/lib/active_record/validations.rb:44:in `save'
/usr/local/rvm/gems/ruby-2.3.0/gems/activerecord-5.0.0.1/lib/active_record/attribute_methods/dirty.rb:22:in `save'
/usr/local/rvm/gems/ruby-2.3.0/gems/activerecord-5.0.0.1/lib/active_record/transactions.rb:319:in `block (2 levels) in save'
/usr/local/rvm/gems/ruby-2.3.0/gems/activerecord-5.0.0.1/lib/active_record/transactions.rb:395:in `block in with_transaction_returning_status'
/usr/local/rvm/gems/ruby-2.3.0/gems/activerecord-5.0.0.1/lib/active_record/connection_adapters/abstract/database_statements.rb:230:in `transaction'
/usr/local/rvm/gems/ruby-2.3.0/gems/activerecord-5.0.0.1/lib/active_record/transactions.rb:211:in `transaction'
/usr/local/rvm/gems/ruby-2.3.0/gems/activerecord-5.0.0.1/lib/active_record/transactions.rb:392:in `with_transaction_returning_status'
/usr/local/rvm/gems/ruby-2.3.0/gems/activerecord-5.0.0.1/lib/active_record/transactions.rb:319:in `block in save'
/usr/local/rvm/gems/ruby-2.3.0/gems/activerecord-5.0.0.1/lib/active_record/transactions.rb:334:in `rollback_active_record_state!'
/usr/local/rvm/gems/ruby-2.3.0/gems/activerecord-5.0.0.1/lib/active_record/transactions.rb:318:in `save'
/usr/local/rvm/gems/ruby-2.3.0/gems/activerecord-5.0.0.1/lib/active_record/suppressor.rb:41:in `save'
/usr/local/rvm/gems/ruby-2.3.0/gems/activerecord-5.0.0.1/lib/active_record/persistence.rb:266:in `block in update'
/usr/local/rvm/gems/ruby-2.3.0/gems/activerecord-5.0.0.1/lib/active_record/transactions.rb:395:in `block in with_transaction_returning_status'
/usr/local/rvm/gems/ruby-2.3.0/gems/activerecord-5.0.0.1/lib/active_record/connection_adapters/abstract/database_statements.rb:230:in `transaction'
/usr/local/rvm/gems/ruby-2.3.0/gems/activerecord-5.0.0.1/lib/active_record/transactions.rb:211:in `transaction'
/usr/local/rvm/gems/ruby-2.3.0/gems/activerecord-5.0.0.1/lib/active_record/transactions.rb:392:in `with_transaction_returning_status'
/usr/local/rvm/gems/ruby-2.3.0/gems/activerecord-5.0.0.1/lib/active_record/persistence.rb:264:in `update'
/home/ubuntu/workspace/matchme/app/models/match.rb:25:in `add_percent'
/usr/local/rvm/gems/ruby-2.3.0/gems/activesupport-5.0.0.1/lib/active_support/callbacks.rb:382:in `block in make_lambda'
/usr/local/rvm/gems/ruby-2.3.0/gems/activesupport-5.0.0.1/lib/active_support/callbacks.rb:207:in `block in halting_and_conditional'
/usr/local/rvm/gems/ruby-2.3.0/gems/activesupport-5.0.0.1/lib/active_support/callbacks.rb:456:in `block in call'
/usr/local/rvm/gems/ruby-2.3.0/gems/activesupport-5.0.0.1/lib/active_support/callbacks.rb:456:in `each'
/usr/local/rvm/gems/ruby-2.3.0/gems/activesupport-5.0.0.1/lib/active_support/callbacks.rb:456:in `call'
/usr/local/rvm/gems/ruby-2.3.0/gems/activesupport-5.0.0.1/lib/active_support/callbacks.rb:101:in `__run_callbacks__'
/usr/local/rvm/gems/ruby-2.3.0/gems/activesupport-5.0.0.1/lib/active_support/callbacks.rb:750:in `_run_save_callbacks'
/usr/local/rvm/gems/ruby-2.3.0/gems/activerecord-5.0.0.1/lib/active_record/callbacks.rb:298:in `create_or_update'
/usr/local/rvm/gems/ruby-2.3.0/gems/activerecord-5.0.0.1/lib/active_record/persistence.rb:125:in `save'
/usr/local/rvm/gems/ruby-2.3.0/gems/activerecord-5.0.0.1/lib/active_record/validations.rb:44:in `save'
/usr/local/rvm/gems/ruby-2.3.0/gems/activerecord-5.0.0.1/lib/active_record/attribute_methods/dirty.rb:22:in `save'
/usr/local/rvm/gems/ruby-2.3.0/gems/activerecord-5.0.0.1/lib/active_record/transactions.rb:319:in `block (2 levels) in save'
/usr/local/rvm/gems/ruby-2.3.0/gems/activerecord-5.0.0.1/lib/active_record/transactions.rb:395:in `block in with_transaction_returning_status'
/usr/local/rvm/gems/ruby-2.3.0/gems/activerecord-5.0.0.1/lib/active_record/connection_adapters/abstract/database_statements.rb:230:in `transaction'
/usr/local/rvm/gems/ruby-2.3.0/gems/activerecord-5.0.0.1/lib/active_record/transactions.rb:211:in `transaction'
/usr/local/rvm/gems/ruby-2.3.0/gems/activerecord-5.0.0.1/lib/active_record/transactions.rb:392:in `with_transaction_returning_status'
/usr/local/rvm/gems/ruby-2.3.0/gems/activerecord-5.0.0.1/lib/active_record/transactions.rb:319:in `block in save'
/usr/local/rvm/gems/ruby-2.3.0/gems/activerecord-5.0.0.1/lib/active_record/transactions.rb:334:in `rollback_active_record_state!'
/usr/local/rvm/gems/ruby-2.3.0/gems/activerecord-5.0.0.1/lib/active_record/transactions.rb:318:in `save'
/usr/local/rvm/gems/ruby-2.3.0/gems/activerecord-5.0.0.1/lib/active_record/suppressor.rb:41:in `save'
/usr/local/rvm/gems/ruby-2.3.0/gems/activerecord-5.0.0.1/lib/active_record/persistence.rb:266:in `block in update'
/usr/local/rvm/gems/ruby-2.3.0/gems/activerecord-5.0.0.1/lib/active_record/transactions.rb:395:in `block in with_transaction_returning_status'
/usr/local/rvm/gems/ruby-2.3.0/gems/activerecord-5.0.0.1/lib/active_record/connection_adapters/abstract/database_statements.rb:230:in `transaction'
/usr/local/rvm/gems/ruby-2.3.0/gems/activerecord-5.0.0.1/lib/active_record/transactions.rb:211:in `transaction'
/usr/local/rvm/gems/ruby-2.3.0/gems/activerecord-5.0.0.1/lib/active_record/transactions.rb:392:in `with_transaction_returning_status'
/usr/local/rvm/gems/ruby-2.3.0/gems/activerecord-5.0.0.1/lib/active_record/persistence.rb:264:in `update'
/home/ubuntu/workspace/matchme/app/models/match.rb:25:in `add_percent'
/usr/local/rvm/gems/ruby-2.3.0/gems/activesupport-5.0.0.1/lib/active_support/callbacks.rb:382:in `block in make_lambda'
/usr/local/rvm/gems/ruby-2.3.0/gems/activesupport-5.0.0.1/lib/active_support/callbacks.rb:207:in `block in halting_and_conditional'
/usr/local/rvm/gems/ruby-2.3.0/gems/activesupport-5.0.0.1/lib/active_support/callbacks.rb:456:in `block in call'
/usr/local/rvm/gems/ruby-2.3.0/gems/activesupport-5.0.0.1/lib/active_support/callbacks.rb:456:in `each'
/usr/local/rvm/gems/ruby-2.3.0/gems/activesupport-5.0.0.1/lib/active_support/callbacks.rb:456:in `call'
/usr/local/rvm/gems/ruby-2.3.0/gems/activesupport-5.0.0.1/lib/active_support/callbacks.rb:101:in `__run_callbacks__'
/usr/local/rvm/gems/ruby-2.3.0/gems/activesupport-5.0.0.1/lib/active_support/callbacks.rb:750:in `_run_save_callbacks'
/usr/local/rvm/gems/ruby-2.3.0/gems/activerecord-5.0.0.1/lib/active_record/callbacks.rb:298:in `create_or_update'
/usr/local/rvm/gems/ruby-2.3.0/gems/activerecord-5.0.0.1/lib/active_record/persistence.rb:125:in `save'
/usr/local/rvm/gems/ruby-2.3.0/gems/activerecord-5.0.0.1/lib/active_record/validations.rb:44:in `save'
/usr/local/rvm/gems/ruby-2.3.0/gems/activerecord-5.0.0.1/lib/active_record/attribute_methods/dirty.rb:22:in `save'
/usr/local/rvm/gems/ruby-2.3.0/gems/activerecord-5.0.0.1/lib/active_record/transactions.rb:319:in `block (2 levels) in save'
/usr/local/rvm/gems/ruby-2.3.0/gems/activerecord-5.0.0.1/lib/active_record/transactions.rb:395:in `block in with_transaction_returning_status'
/usr/local/rvm/gems/ruby-2.3.0/gems/activerecord-5.0.0.1/lib/active_record/connection_adapters/abstract/database_statements.rb:230:in `transaction'
/usr/local/rvm/gems/ruby-2.3.0/gems/activerecord-5.0.0.1/lib/active_record/transactions.rb:211:in `transaction'
/usr/local/rvm/gems/ruby-2.3.0/gems/activerecord-5.0.0.1/lib/active_record/transactions.rb:392:in `with_transaction_returning_status'
/usr/local/rvm/gems/ruby-2.3.0/gems/activerecord-5.0.0.1/lib/active_record/transactions.rb:319:in `block in save'
/usr/local/rvm/gems/ruby-2.3.0/gems/activerecord-5.0.0.1/lib/active_record/transactions.rb:334:in `rollback_active_record_state!'
/usr/local/rvm/gems/ruby-2.3.0/gems/activerecord-5.0.0.1/lib/active_record/transactions.rb:318:in `save'
/usr/local/rvm/gems/ruby-2.3.0/gems/activerecord-5.0.0.1/lib/active_record/suppressor.rb:41:in `save'
/usr/local/rvm/gems/ruby-2.3.0/gems/activerecord-5.0.0.1/lib/active_record/persistence.rb:266:in `block in update'
/usr/local/rvm/gems/ruby-2.3.0/gems/activerecord-5.0.0.1/lib/active_record/transactions.rb:395:in `block in with_transaction_returning_status'
/usr/local/rvm/gems/ruby-2.3.0/gems/activerecord-5.0.0.1/lib/active_record/connection_adapters/abstract/database_statements.rb:230:in `transaction'
/usr/local/rvm/gems/ruby-2.3.0/gems/activerecord-5.0.0.1/lib/active_record/transactions.rb:211:in `transaction'
/usr/local/rvm/gems/ruby-2.3.0/gems/activerecord-5.0.0.1/lib/active_record/transactions.rb:392:in `with_transaction_returning_status'
/usr/local/rvm/gems/ruby-2.3.0/gems/activerecord-5.0.0.1/lib/active_record/persistence.rb:264:in `update'
/home/ubuntu/workspace/matchme/app/models/match.rb:25:in `add_percent'
/usr/local/rvm/gems/ruby-2.3.0/gems/activesupport-5.0.0.1/lib/active_support/callbacks.rb:382:in `block in make_lambda'
/usr/local/rvm/gems/ruby-2.3.0/gems/activesupport-5.0.0.1/lib/active_support/callbacks.rb:207:in `block in halting_and_conditional'
/usr/local/rvm/gems/ruby-2.3.0/gems/activesupport-5.0.0.1/lib/active_support/callbacks.rb:456:in `block in call'
/usr/local/rvm/gems/ruby-2.3.0/gems/activesupport-5.0.0.1/lib/active_support/callbacks.rb:456:in `each'
/usr/local/rvm/gems/ruby-2.3.0/gems/activesupport-5.0.0.1/lib/active_support/callbacks.rb:456:in `call'
/usr/local/rvm/gems/ruby-2.3.0/gems/activesupport-5.0.0.1/lib/active_support/callbacks.rb:101:in `__run_callbacks__'
/usr/local/rvm/gems/ruby-2.3.0/gems/activesupport-5.0.0.1/lib/active_support/callbacks.rb:750:in `_run_save_callbacks'
/usr/local/rvm/gems/ruby-2.3.0/gems/activerecord-5.0.0.1/lib/active_record/callbacks.rb:298:in `create_or_update'
/usr/local/rvm/gems/ruby-2.3.0/gems/activerecord-5.0.0.1/lib/active_record/persistence.rb:125:in `save'
/usr/local/rvm/gems/ruby-2.3.0/gems/activerecord-5.0.0.1/lib/active_record/validations.rb:44:in `save'
/usr/local/rvm/gems/ruby-2.3.0/gems/activerecord-5.0.0.1/lib/active_record/attribute_methods/dirty.rb:22:in `save'
/usr/local/rvm/gems/ruby-2.3.0/gems/activerecord-5.0.0.1/lib/active_record/transactions.rb:319:in `block (2 levels) in save'
/usr/local/rvm/gems/ruby-2.3.0/gems/activerecord-5.0.0.1/lib/active_record/transactions.rb:395:in `block in with_transaction_returning_status'
/usr/local/rvm/gems/ruby-2.3.0/gems/activerecord-5.0.0.1/lib/active_record/connection_adapters/abstract/database_statements.rb:230:in `transaction'
/usr/local/rvm/gems/ruby-2.3.0/gems/activerecord-5.0.0.1/lib/active_record/transactions.rb:211:in `transaction'
/usr/local/rvm/gems/ruby-2.3.0/gems/activerecord-5.0.0.1/lib/active_record/transactions.rb:392:in `with_transaction_returning_status'
/usr/local/rvm/gems/ruby-2.3.0/gems/activerecord-5.0.0.1/lib/active_record/transactions.rb:319:in `block in save'
/usr/local/rvm/gems/ruby-2.3.0/gems/activerecord-5.0.0.1/lib/active_record/transactions.rb:334:in `rollback_active_record_state!'
/usr/local/rvm/gems/ruby-2.3.0/gems/activerecord-5.0.0.1/lib/active_record/transactions.rb:318:in `save'
/usr/local/rvm/gems/ruby-2.3.0/gems/activerecord-5.0.0.1/lib/active_record/suppressor.rb:41:in `save'
/usr/local/rvm/gems/ruby-2.3.0/gems/activerecord-5.0.0.1/lib/active_record/persistence.rb:266:in `block in update'
/usr/local/rvm/gems/ruby-2.3.0/gems/activerecord-5.0.0.1/lib/active_record/transactions.rb:395:in `block in with_transaction_returning_status'
/usr/local/rvm/gems/ruby-2.3.0/gems/activerecord-5.0.0.1/lib/active_record/connection_adapters/abstract/database_statements.rb:230:in `transaction'
/usr/local/rvm/gems/ruby-2.3.0/gems/activerecord-5.0.0.1/lib/active_record/transactions.rb:211:in `transaction'
/usr/local/rvm/gems/ruby-2.3.0/gems/activerecord-5.0.0.1/lib/active_record/transactions.rb:392:in `with_transaction_returning_status'
/usr/local/rvm/gems/ruby-2.3.0/gems/activerecord-5.0.0.1/lib/active_record/persistence.rb:264:in `update'
/home/ubuntu/workspace/matchme/app/models/match.rb:25:in `add_percent'
/usr/local/rvm/gems/ruby-2.3.0/gems/activesupport-5.0.0.1/lib/active_support/callbacks.rb:382:in `block in make_lambda'
/usr/local/rvm/gems/ruby-2.3.0/gems/activesupport-5.0.0.1/lib/active_support/callbacks.rb:207:in `block in halting_and_conditional'
/usr/local/rvm/gems/ruby-2.3.0/gems/activesupport-5.0.0.1/lib/active_support/callbacks.rb:456:in `block in call'
/usr/local/rvm/gems/ruby-2.3.0/gems/activesupport-5.0.0.1/lib/active_support/callbacks.rb:456:in `each'
/usr/local/rvm/gems/ruby-2.3.0/gems/activesupport-5.0.0.1/lib/active_support/callbacks.rb:456:in `call'
/usr/local/rvm/gems/ruby-2.3.0/gems/activesupport-5.0.0.1/lib/active_support/callbacks.rb:101:in `__run_callbacks__'
/usr/local/rvm/gems/ruby-2.3.0/gems/activesupport-5.0.0.1/lib/active_support/callbacks.rb:750:in `_run_save_callbacks'
/usr/local/rvm/gems/ruby-2.3.0/gems/activerecord-5.0.0.1/lib/active_record/callbacks.rb:298:in `create_or_update'
/usr/local/rvm/gems/ruby-2.3.0/gems/activerecord-5.0.0.1/lib/active_record/persistence.rb:125:in `save'
/usr/local/rvm/gems/ruby-2.3.0/gems/activerecord-5.0.0.1/lib/active_record/validations.rb:44:in `save'
/usr/local/rvm/gems/ruby-2.3.0/gems/activerecord-5.0.0.1/lib/active_record/attribute_methods/dirty.rb:22:in `save'
/usr/local/rvm/gems/ruby-2.3.0/gems/activerecord-5.0.0.1/lib/active_record/transactions.rb:319:in `block (2 levels) in save'
/usr/local/rvm/gems/ruby-2.3.0/gems/activerecord-5.0.0.1/lib/active_record/transactions.rb:395:in `block in with_transaction_returning_status'
/usr/local/rvm/gems/ruby-2.3.0/gems/activerecord-5.0.0.1/lib/active_record/connection_adapters/abstract/database_statements.rb:230:in `transaction'
/usr/local/rvm/gems/ruby-2.3.0/gems/activerecord-5.0.0.1/lib/active_record/transactions.rb:211:in `transaction'
/usr/local/rvm/gems/ruby-2.3.0/gems/activerecord-5.0.0.1/lib/active_record/transactions.rb:392:in `with_transaction_returning_status'
/usr/local/rvm/gems/ruby-2.3.0/gems/activerecord-5.0.0.1/lib/active_record/transactions.rb:319:in `block in save'
/usr/local/rvm/gems/ruby-2.3.0/gems/activerecord-5.0.0.1/lib/active_record/transactions.rb:334:in `rollback_active_record_state!'
/usr/local/rvm/gems/ruby-2.3.0/gems/activerecord-5.0.0.1/lib/active_record/transactions.rb:318:in `save'
/usr/local/rvm/gems/ruby-2.3.0/gems/activerecord-5.0.0.1/lib/active_record/suppressor.rb:41:in `save'
/usr/local/rvm/gems/ruby-2.3.0/gems/activerecord-5.0.0.1/lib/active_record/persistence.rb:266:in `block in update'
/usr/local/rvm/gems/ruby-2.3.0/gems/activerecord-5.0.0.1/lib/active_record/transactions.rb:395:in `block in with_transaction_returning_status'
/usr/local/rvm/gems/ruby-2.3.0/gems/activerecord-5.0.0.1/lib/active_record/connection_adapters/abstract/database_statements.rb:230:in `transaction'
/usr/local/rvm/gems/ruby-2.3.0/gems/activerecord-5.0.0.1/lib/active_record/transactions.rb:211:in `transaction'
/usr/local/rvm/gems/ruby-2.3.0/gems/activerecord-5.0.0.1/lib/active_record/transactions.rb:392:in `with_transaction_returning_status'
/usr/local/rvm/gems/ruby-2.3.0/gems/activerecord-5.0.0.1/lib/active_record/persistence.rb:264:in `update'
/home/ubuntu/workspace/matchme/app/models/match.rb:25:in `add_percent'
/usr/local/rvm/gems/ruby-2.3.0/gems/activesupport-5.0.0.1/lib/active_support/callbacks.rb:382:in `block in make_lambda'
/usr/local/rvm/gems/ruby-2.3.0/gems/activesupport-5.0.0.1/lib/active_support/callbacks.rb:207:in `block in halting_and_conditional'
/usr/local/rvm/gems/ruby-2.3.0/gems/activesupport-5.0.0.1/lib/active_support/callbacks.rb:456:in `block in call'
/usr/local/rvm/gems/ruby-2.3.0/gems/activesupport-5.0.0.1/lib/active_support/callbacks.rb:456:in `each'
/usr/local/rvm/gems/ruby-2.3.0/gems/activesupport-5.0.0.1/lib/active_support/callbacks.rb:456:in `call'
/usr/local/rvm/gems/ruby-2.3.0/gems/activesupport-5.0.0.1/lib/active_support/callbacks.rb:101:in `__run_callbacks__'
/usr/local/rvm/gems/ruby-2.3.0/gems/activesupport-5.0.0.1/lib/active_support/callbacks.rb:750:in `_run_save_callbacks'
/usr/local/rvm/gems/ruby-2.3.0/gems/activerecord-5.0.0.1/lib/active_record/callbacks.rb:298:in `create_or_update'
/usr/local/rvm/gems/ruby-2.3.0/gems/activerecord-5.0.0.1/lib/active_record/persistence.rb:125:in `save'
/usr/local/rvm/gems/ruby-2.3.0/gems/activerecord-5.0.0.1/lib/active_record/validations.rb:44:in `save'
/usr/local/rvm/gems/ruby-2.3.0/gems/activerecord-5.0.0.1/lib/active_record/attribute_methods/dirty.rb:22:in `save'
/usr/local/rvm/gems/ruby-2.3.0/gems/activerecord-5.0.0.1/lib/active_record/transactions.rb:319:in `block (2 levels) in save'
/usr/local/rvm/gems/ruby-2.3.0/gems/activerecord-5.0.0.1/lib/active_record/transactions.rb:395:in `block in with_transaction_returning_status'
/usr/local/rvm/gems/ruby-2.3.0/gems/activerecord-5.0.0.1/lib/active_record/connection_adapters/abstract/database_statements.rb:230:in `transaction'
/usr/local/rvm/gems/ruby-2.3.0/gems/activerecord-5.0.0.1/lib/active_record/transactions.rb:211:in `transaction'
/usr/local/rvm/gems/ruby-2.3.0/gems/activerecord-5.0.0.1/lib/active_record/transactions.rb:392:in `with_transaction_returning_status'
/usr/local/rvm/gems/ruby-2.3.0/gems/activerecord-5.0.0.1/lib/active_record/transactions.rb:319:in `block in save'
/usr/local/rvm/gems/ruby-2.3.0/gems/activerecord-5.0.0.1/lib/active_record/transactions.rb:334:in `rollback_active_record_state!'
/usr/local/rvm/gems/ruby-2.3.0/gems/activerecord-5.0.0.1/lib/active_record/transactions.rb:318:in `save'
/usr/local/rvm/gems/ruby-2.3.0/gems/activerecord-5.0.0.1/lib/active_record/suppressor.rb:41:in `save'
/usr/local/rvm/gems/ruby-2.3.0/gems/activerecord-5.0.0.1/lib/active_record/persistence.rb:266:in `block in update'
/usr/local/rvm/gems/ruby-2.3.0/gems/activerecord-5.0.0.1/lib/active_record/transactions.rb:395:in `block in with_transaction_returning_status'
/usr/local/rvm/gems/ruby-2.3.0/gems/activerecord-5.0.0.1/lib/active_record/connection_adapters/abstract/database_statements.rb:230:in `transaction'
/usr/local/rvm/gems/ruby-2.3.0/gems/activerecord-5.0.0.1/lib/active_record/transactions.rb:211:in `transaction'
/usr/local/rvm/gems/ruby-2.3.0/gems/activerecord-5.0.0.1/lib/active_record/transactions.rb:392:in `with_transaction_returning_status'
/usr/local/rvm/gems/ruby-2.3.0/gems/activerecord-5.0.0.1/lib/active_record/persistence.rb:264:in `update'
/home/ubuntu/workspace/matchme/app/models/match.rb:25:in `add_percent'
/usr/local/rvm/gems/ruby-2.3.0/gems/activesupport-5.0.0.1/lib/active_support/callbacks.rb:382:in `block in make_lambda'
/usr/local/rvm/gems/ruby-2.3.0/gems/activesupport-5.0.0.1/lib/active_support/callbacks.rb:207:in `block in halting_and_conditional'
/usr/local/rvm/gems/ruby-2.3.0/gems/activesupport-5.0.0.1/lib/active_support/callbacks.rb:456:in `block in call'
/usr/local/rvm/gems/ruby-2.3.0/gems/activesupport-5.0.0.1/lib/active_support/callbacks.rb:456:in `each'
/usr/local/rvm/gems/ruby-2.3.0/gems/activesupport-5.0.0.1/lib/active_support/callbacks.rb:456:in `call'
/usr/local/rvm/gems/ruby-2.3.0/gems/activesupport-5.0.0.1/lib/active_support/callbacks.rb:101:in `__run_callbacks__'
/usr/local/rvm/gems/ruby-2.3.0/gems/activesupport-5.0.0.1/lib/active_support/callbacks.rb:750:in `_run_save_callbacks'
/usr/local/rvm/gems/ruby-2.3.0/gems/activerecord-5.0.0.1/lib/active_record/callbacks.rb:298:in `create_or_update'
/usr/local/rvm/gems/ruby-2.3.0/gems/activerecord-5.0.0.1/lib/active_record/persistence.rb:125:in `save'
/usr/local/rvm/gems/ruby-2.3.0/gems/activerecord-5.0.0.1/lib/active_record/validations.rb:44:in `save'
/usr/local/rvm/gems/ruby-2.3.0/gems/activerecord-5.0.0.1/lib/active_record/attribute_methods/dirty.rb:22:in `save'
/usr/local/rvm/gems/ruby-2.3.0/gems/activerecord-5.0.0.1/lib/active_record/transactions.rb:319:in `block (2 levels) in save'
/usr/local/rvm/gems/ruby-2.3.0/gems/activerecord-5.0.0.1/lib/active_record/transactions.rb:395:in `block in with_transaction_returning_status'
/usr/local/rvm/gems/ruby-2.3.0/gems/activerecord-5.0.0.1/lib/active_record/connection_adapters/abstract/database_statements.rb:230:in `transaction'
/usr/local/rvm/gems/ruby-2.3.0/gems/activerecord-5.0.0.1/lib/active_record/transactions.rb:211:in `transaction'
/usr/local/rvm/gems/ruby-2.3.0/gems/activerecord-5.0.0.1/lib/active_record/transactions.rb:392:in `with_transaction_returning_status'
/usr/local/rvm/gems/ruby-2.3.0/gems/activerecord-5.0.0.1/lib/active_record/transactions.rb:319:in `block in save'
/usr/local/rvm/gems/ruby-2.3.0/gems/activerecord-5.0.0.1/lib/active_record/transactions.rb:334:in `rollback_active_record_state!'
/usr/local/rvm/gems/ruby-2.3.0/gems/activerecord-5.0.0.1/lib/active_record/transactions.rb:318:in `save'
/usr/local/rvm/gems/ruby-2.3.0/gems/activerecord-5.0.0.1/lib/active_record/suppressor.rb:41:in `save'
/usr/local/rvm/gems/ruby-2.3.0/gems/activerecord-5.0.0.1/lib/active_record/persistence.rb:266:in `block in update'
/usr/local/rvm/gems/ruby-2.3.0/gems/activerecord-5.0.0.1/lib/active_record/transactions.rb:395:in `block in with_transaction_returning_status'
/usr/local/rvm/gems/ruby-2.3.0/gems/activerecord-5.0.0.1/lib/active_record/connection_adapters/abstract/database_statements.rb:230:in `transaction'
/usr/local/rvm/gems/ruby-2.3.0/gems/activerecord-5.0.0.1/lib/active_record/transactions.rb:211:in `transaction'
/usr/local/rvm/gems/ruby-2.3.0/gems/activerecord-5.0.0.1/lib/active_record/transactions.rb:392:in `with_transaction_returning_status'
/usr/local/rvm/gems/ruby-2.3.0/gems/activerecord-5.0.0.1/lib/active_record/persistence.rb:264:in `update'
/home/ubuntu/workspace/matchme/app/models/match.rb:25:in `add_percent'
/usr/local/rvm/gems/ruby-2.3.0/gems/activesupport-5.0.0.1/lib/active_support/callbacks.rb:382:in `block in make_lambda'
/usr/local/rvm/gems/ruby-2.3.0/gems/activesupport-5.0.0.1/lib/active_support/callbacks.rb:207:in `block in halting_and_conditional'
/usr/local/rvm/gems/ruby-2.3.0/gems/activesupport-5.0.0.1/lib/active_support/callbacks.rb:456:in `block in call'
/usr/local/rvm/gems/ruby-2.3.0/gems/activesupport-5.0.0.1/lib/active_support/callbacks.rb:456:in `each'
/usr/local/rvm/gems/ruby-2.3.0/gems/activesupport-5.0.0.1/lib/active_support/callbacks.rb:456:in `call'
/usr/local/rvm/gems/ruby-2.3.0/gems/activesupport-5.0.0.1/lib/active_support/callbacks.rb:101:in `__run_callbacks__'
/usr/local/rvm/gems/ruby-2.3.0/gems/activesupport-5.0.0.1/lib/active_support/callbacks.rb:750:in `_run_save_callbacks'
/usr/local/rvm/gems/ruby-2.3.0/gems/activerecord-5.0.0.1/lib/active_record/callbacks.rb:298:in `create_or_update'
/usr/local/rvm/gems/ruby-2.3.0/gems/activerecord-5.0.0.1/lib/active_record/persistence.rb:125:in `save'
/usr/local/rvm/gems/ruby-2.3.0/gems/activerecord-5.0.0.1/lib/active_record/validations.rb:44:in `save'
/usr/local/rvm/gems/ruby-2.3.0/gems/activerecord-5.0.0.1/lib/active_record/attribute_methods/dirty.rb:22:in `save'
/usr/local/rvm/gems/ruby-2.3.0/gems/activerecord-5.0.0.1/lib/active_record/transactions.rb:319:in `block (2 levels) in save'
/usr/local/rvm/gems/ruby-2.3.0/gems/activerecord-5.0.0.1/lib/active_record/transactions.rb:395:in `block in with_transaction_returning_status'
/usr/local/rvm/gems/ruby-2.3.0/gems/activerecord-5.0.0.1/lib/active_record/connection_adapters/abstract/database_statements.rb:230:in `transaction'
/usr/local/rvm/gems/ruby-2.3.0/gems/activerecord-5.0.0.1/lib/active_record/transactions.rb:211:in `transaction'
/usr/local/rvm/gems/ruby-2.3.0/gems/activerecord-5.0.0.1/lib/active_record/transactions.rb:392:in `with_transaction_returning_status'
/usr/local/rvm/gems/ruby-2.3.0/gems/activerecord-5.0.0.1/lib/active_record/transactions.rb:319:in `block in save'
/usr/local/rvm/gems/ruby-2.3.0/gems/activerecord-5.0.0.1/lib/active_record/transactions.rb:334:in `rollback_active_record_state!'
/usr/local/rvm/gems/ruby-2.3.0/gems/activerecord-5.0.0.1/lib/active_record/transactions.rb:318:in `save'
/usr/local/rvm/gems/ruby-2.3.0/gems/activerecord-5.0.0.1/lib/active_record/suppressor.rb:41:in `save'
/usr/local/rvm/gems/ruby-2.3.0/gems/activerecord-5.0.0.1/lib/active_record/persistence.rb:266:in `block in update'
/usr/local/rvm/gems/ruby-2.3.0/gems/activerecord-5.0.0.1/lib/active_record/transactions.rb:395:in `block in with_transaction_returning_status'
/usr/local/rvm/gems/ruby-2.3.0/gems/activerecord-5.0.0.1/lib/active_record/connection_adapters/abstract/database_statements.rb:230:in `transaction'
/usr/local/rvm/gems/ruby-2.3.0/gems/activerecord-5.0.0.1/lib/active_record/transactions.rb:211:in `transaction'
/usr/local/rvm/gems/ruby-2.3.0/gems/activerecord-5.0.0.1/lib/active_record/transactions.rb:392:in `with_transaction_returning_status'
/usr/local/rvm/gems/ruby-2.3.0/gems/activerecord-5.0.0.1/lib/active_record/persistence.rb:264:in `update'
/home/ubuntu/workspace/matchme/app/models/match.rb:25:in `add_percent'
/usr/local/rvm/gems/ruby-2.3.0/gems/activesupport-5.0.0.1/lib/active_support/callbacks.rb:382:in `block in make_lambda'
/usr/local/rvm/gems/ruby-2.3.0/gems/activesupport-5.0.0.1/lib/active_support/callbacks.rb:207:in `block in halting_and_conditional'
/usr/local/rvm/gems/ruby-2.3.0/gems/activesupport-5.0.0.1/lib/active_support/callbacks.rb:456:in `block in call'
/usr/local/rvm/gems/ruby-2.3.0/gems/activesupport-5.0.0.1/lib/active_support/callbacks.rb:456:in `each'
/usr/local/rvm/gems/ruby-2.3.0/gems/activesupport-5.0.0.1/lib/active_support/callbacks.rb:456:in `call'
/usr/local/rvm/gems/ruby-2.3.0/gems/activesupport-5.0.0.1/lib/active_support/callbacks.rb:101:in `__run_callbacks__'
/usr/local/rvm/gems/ruby-2.3.0/gems/activesupport-5.0.0.1/lib/active_support/callbacks.rb:750:in `_run_save_callbacks'
/usr/local/rvm/gems/ruby-2.3.0/gems/activerecord-5.0.0.1/lib/active_record/callbacks.rb:298:in `create_or_update'
/usr/local/rvm/gems/ruby-2.3.0/gems/activerecord-5.0.0.1/lib/active_record/persistence.rb:125:in `save'
/usr/local/rvm/gems/ruby-2.3.0/gems/activerecord-5.0.0.1/lib/active_record/validations.rb:44:in `save'
/usr/local/rvm/gems/ruby-2.3.0/gems/activerecord-5.0.0.1/lib/active_record/attribute_methods/dirty.rb:22:in `save'
/usr/local/rvm/gems/ruby-2.3.0/gems/activerecord-5.0.0.1/lib/active_record/transactions.rb:319:in `block (2 levels) in save'
/usr/local/rvm/gems/ruby-2.3.0/gems/activerecord-5.0.0.1/lib/active_record/transactions.rb:395:in `block in with_transaction_returning_status'
/usr/local/rvm/gems/ruby-2.3.0/gems/activerecord-5.0.0.1/lib/active_record/connection_adapters/abstract/database_statements.rb:230:in `transaction'
/usr/local/rvm/gems/ruby-2.3.0/gems/activerecord-5.0.0.1/lib/active_record/transactions.rb:211:in `transaction'
/usr/local/rvm/gems/ruby-2.3.0/gems/activerecord-5.0.0.1/lib/active_record/transactions.rb:392:in `with_transaction_returning_status'
/usr/local/rvm/gems/ruby-2.3.0/gems/activerecord-5.0.0.1/lib/active_record/transactions.rb:319:in `block in save'
/usr/local/rvm/gems/ruby-2.3.0/gems/activerecord-5.0.0.1/lib/active_record/transactions.rb:334:in `rollback_active_record_state!'
/usr/local/rvm/gems/ruby-2.3.0/gems/activerecord-5.0.0.1/lib/active_record/transactions.rb:318:in `save'
/usr/local/rvm/gems/ruby-2.3.0/gems/activerecord-5.0.0.1/lib/active_record/suppressor.rb:41:in `save'
/usr/local/rvm/gems/ruby-2.3.0/gems/activerecord-5.0.0.1/lib/active_record/persistence.rb:266:in `block in update'
/usr/local/rvm/gems/ruby-2.3.0/gems/activerecord-5.0.0.1/lib/active_record/transactions.rb:395:in `block in with_transaction_returning_status'
/usr/local/rvm/gems/ruby-2.3.0/gems/activerecord-5.0.0.1/lib/active_record/connection_adapters/abstract/database_statements.rb:230:in `transaction'
/usr/local/rvm/gems/ruby-2.3.0/gems/activerecord-5.0.0.1/lib/active_record/transactions.rb:211:in `transaction'
/usr/local/rvm/gems/ruby-2.3.0/gems/activerecord-5.0.0.1/lib/active_record/transactions.rb:392:in `with_transaction_returning_status'
/usr/local/rvm/gems/ruby-2.3.0/gems/activerecord-5.0.0.1/lib/active_record/persistence.rb:264:in `update'
/home/ubuntu/workspace/matchme/app/models/match.rb:25:in `add_percent'
/usr/local/rvm/gems/ruby-2.3.0/gems/activesupport-5.0.0.1/lib/active_support/callbacks.rb:382:in `block in make_lambda'
/usr/local/rvm/gems/ruby-2.3.0/gems/activesupport-5.0.0.1/lib/active_support/callbacks.rb:207:in `block in halting_and_conditional'
/usr/local/rvm/gems/ruby-2.3.0/gems/activesupport-5.0.0.1/lib/active_support/callbacks.rb:456:in `block in call'
/usr/local/rvm/gems/ruby-2.3.0/gems/activesupport-5.0.0.1/lib/active_support/callbacks.rb:456:in `each'
/usr/local/rvm/gems/ruby-2.3.0/gems/activesupport-5.0.0.1/lib/active_support/callbacks.rb:456:in `call'
/usr/local/rvm/gems/ruby-2.3.0/gems/activesupport-5.0.0.1/lib/active_support/callbacks.rb:101:in `__run_callbacks__'
/usr/local/rvm/gems/ruby-2.3.0/gems/activesupport-5.0.0.1/lib/active_support/callbacks.rb:750:in `_run_save_callbacks'
/usr/local/rvm/gems/ruby-2.3.0/gems/activerecord-5.0.0.1/lib/active_record/callbacks.rb:298:in `create_or_update'
/usr/local/rvm/gems/ruby-2.3.0/gems/activerecord-5.0.0.1/lib/active_record/persistence.rb:125:in `save'
/usr/local/rvm/gems/ruby-2.3.0/gems/activerecord-5.0.0.1/lib/active_record/validations.rb:44:in `save'
/usr/local/rvm/gems/ruby-2.3.0/gems/activerecord-5.0.0.1/lib/active_record/attribute_methods/dirty.rb:22:in `save'
/usr/local/rvm/gems/ruby-2.3.0/gems/activerecord-5.0.0.1/lib/active_record/transactions.rb:319:in `block (2 levels) in save'
/usr/local/rvm/gems/ruby-2.3.0/gems/activerecord-5.0.0.1/lib/active_record/transactions.rb:395:in `block in with_transaction_returning_status'
/usr/local/rvm/gems/ruby-2.3.0/gems/activerecord-5.0.0.1/lib/active_record/connection_adapters/abstract/database_statements.rb:230:in `transaction'
/usr/local/rvm/gems/ruby-2.3.0/gems/activerecord-5.0.0.1/lib/active_record/transactions.rb:211:in `transaction'
/usr/local/rvm/gems/ruby-2.3.0/gems/activerecord-5.0.0.1/lib/active_record/transactions.rb:392:in `with_transaction_returning_status'
/usr/local/rvm/gems/ruby-2.3.0/gems/activerecord-5.0.0.1/lib/active_record/transactions.rb:319:in `block in save'
/usr/local/rvm/gems/ruby-2.3.0/gems/activerecord-5.0.0.1/lib/active_record/transactions.rb:334:in `rollback_active_record_state!'
/usr/local/rvm/gems/ruby-2.3.0/gems/activerecord-5.0.0.1/lib/active_record/transactions.rb:318:in `save'
/usr/local/rvm/gems/ruby-2.3.0/gems/activerecord-5.0.0.1/lib/active_record/suppressor.rb:41:in `save'
/usr/local/rvm/gems/ruby-2.3.0/gems/activerecord-5.0.0.1/lib/active_record/persistence.rb:266:in `block in update'
/usr/local/rvm/gems/ruby-2.3.0/gems/activerecord-5.0.0.1/lib/active_record/transactions.rb:395:in `block in with_transaction_returning_status'
/usr/local/rvm/gems/ruby-2.3.0/gems/activerecord-5.0.0.1/lib/active_record/connection_adapters/abstract/database_statements.rb:230:in `transaction'
/usr/local/rvm/gems/ruby-2.3.0/gems/activerecord-5.0.0.1/lib/active_record/transactions.rb:211:in `transaction'
/usr/local/rvm/gems/ruby-2.3.0/gems/activerecord-5.0.0.1/lib/active_record/transactions.rb:392:in `with_transaction_returning_status'
/usr/local/rvm/gems/ruby-2.3.0/gems/activerecord-5.0.0.1/lib/active_record/persistence.rb:264:in `update'
/home/ubuntu/workspace/matchme/app/models/match.rb:25:in `add_percent'
/usr/local/rvm/gems/ruby-2.3.0/gems/activesupport-5.0.0.1/lib/active_support/callbacks.rb:382:in `block in make_lambda'
/usr/local/rvm/gems/ruby-2.3.0/gems/activesupport-5.0.0.1/lib/active_support/callbacks.rb:207:in `block in halting_and_conditional'
/usr/local/rvm/gems/ruby-2.3.0/gems/activesupport-5.0.0.1/lib/active_support/callbacks.rb:456:in `block in call'
/usr/local/rvm/gems/ruby-2.3.0/gems/activesupport-5.0.0.1/lib/active_support/callbacks.rb:456:in `each'
/usr/local/rvm/gems/ruby-2.3.0/gems/activesupport-5.0.0.1/lib/active_support/callbacks.rb:456:in `call'
/usr/local/rvm/gems/ruby-2.3.0/gems/activesupport-5.0.0.1/lib/active_support/callbacks.rb:101:in `__run_callbacks__'
/usr/local/rvm/gems/ruby-2.3.0/gems/activesupport-5.0.0.1/lib/active_support/callbacks.rb:750:in `_run_save_callbacks'
/usr/local/rvm/gems/ruby-2.3.0/gems/activerecord-5.0.0.1/lib/active_record/callbacks.rb:298:in `create_or_update'
/usr/local/rvm/gems/ruby-2.3.0/gems/activerecord-5.0.0.1/lib/active_record/persistence.rb:125:in `save'
/usr/local/rvm/gems/ruby-2.3.0/gems/activerecord-5.0.0.1/lib/active_record/validations.rb:44:in `save'
/usr/local/rvm/gems/ruby-2.3.0/gems/activerecord-5.0.0.1/lib/active_record/attribute_methods/dirty.rb:22:in `save'
/usr/local/rvm/gems/ruby-2.3.0/gems/activerecord-5.0.0.1/lib/active_record/transactions.rb:319:in `block (2 levels) in save'
/usr/local/rvm/gems/ruby-2.3.0/gems/activerecord-5.0.0.1/lib/active_record/transactions.rb:395:in `block in with_transaction_returning_status'
/usr/local/rvm/gems/ruby-2.3.0/gems/activerecord-5.0.0.1/lib/active_record/connection_adapters/abstract/database_statements.rb:230:in `transaction'
/usr/local/rvm/gems/ruby-2.3.0/gems/activerecord-5.0.0.1/lib/active_record/transactions.rb:211:in `transaction'
/usr/local/rvm/gems/ruby-2.3.0/gems/activerecord-5.0.0.1/lib/active_record/transactions.rb:392:in `with_transaction_returning_status'
/usr/local/rvm/gems/ruby-2.3.0/gems/activerecord-5.0.0.1/lib/active_record/transactions.rb:319:in `block in save'
/usr/local/rvm/gems/ruby-2.3.0/gems/activerecord-5.0.0.1/lib/active_record/transactions.rb:334:in `rollback_active_record_state!'
/usr/local/rvm/gems/ruby-2.3.0/gems/activerecord-5.0.0.1/lib/active_record/transactions.rb:318:in `save'
/usr/local/rvm/gems/ruby-2.3.0/gems/activerecord-5.0.0.1/lib/active_record/suppressor.rb:41:in `save'
/usr/local/rvm/gems/ruby-2.3.0/gems/activerecord-5.0.0.1/lib/active_record/persistence.rb:266:in `block in update'
/usr/local/rvm/gems/ruby-2.3.0/gems/activerecord-5.0.0.1/lib/active_record/transactions.rb:395:in `block in with_transaction_returning_status'
/usr/local/rvm/gems/ruby-2.3.0/gems/activerecord-5.0.0.1/lib/active_record/connection_adapters/abstract/database_statements.rb:230:in `transaction'
/usr/local/rvm/gems/ruby-2.3.0/gems/activerecord-5.0.0.1/lib/active_record/transactions.rb:211:in `transaction'
/usr/local/rvm/gems/ruby-2.3.0/gems/activerecord-5.0.0.1/lib/active_record/transactions.rb:392:in `with_transaction_returning_status'
/usr/local/rvm/gems/ruby-2.3.0/gems/activerecord-5.0.0.1/lib/active_record/persistence.rb:264:in `update'
/home/ubuntu/workspace/matchme/app/models/match.rb:25:in `add_percent'
/usr/local/rvm/gems/ruby-2.3.0/gems/activesupport-5.0.0.1/lib/active_support/callbacks.rb:382:in `block in make_lambda'
/usr/local/rvm/gems/ruby-2.3.0/gems/activesupport-5.0.0.1/lib/active_support/callbacks.rb:207:in `block in halting_and_conditional'
/usr/local/rvm/gems/ruby-2.3.0/gems/activesupport-5.0.0.1/lib/active_support/callbacks.rb:456:in `block in call'
/usr/local/rvm/gems/ruby-2.3.0/gems/activesupport-5.0.0.1/lib/active_support/callbacks.rb:456:in `each'
/usr/local/rvm/gems/ruby-2.3.0/gems/activesupport-5.0.0.1/lib/active_support/callbacks.rb:456:in `call'
/usr/local/rvm/gems/ruby-2.3.0/gems/activesupport-5.0.0.1/lib/active_support/callbacks.rb:101:in `__run_callbacks__'
/usr/local/rvm/gems/ruby-2.3.0/gems/activesupport-5.0.0.1/lib/active_support/callbacks.rb:750:in `_run_save_callbacks'
/usr/local/rvm/gems/ruby-2.3.0/gems/activerecord-5.0.0.1/lib/active_record/callbacks.rb:298:in `create_or_update'
/usr/local/rvm/gems/ruby-2.3.0/gems/activerecord-5.0.0.1/lib/active_record/persistence.rb:125:in `save'
/usr/local/rvm/gems/ruby-2.3.0/gems/activerecord-5.0.0.1/lib/active_record/validations.rb:44:in `save'
/usr/local/rvm/gems/ruby-2.3.0/gems/activerecord-5.0.0.1/lib/active_record/attribute_methods/dirty.rb:22:in `save'
/usr/local/rvm/gems/ruby-2.3.0/gems/activerecord-5.0.0.1/lib/active_record/transactions.rb:319:in `block (2 levels) in save'
/usr/local/rvm/gems/ruby-2.3.0/gems/activerecord-5.0.0.1/lib/active_record/transactions.rb:395:in `block in with_transaction_returning_status'
/usr/local/rvm/gems/ruby-2.3.0/gems/activerecord-5.0.0.1/lib/active_record/connection_adapters/abstract/database_statements.rb:230:in `transaction'
/usr/local/rvm/gems/ruby-2.3.0/gems/activerecord-5.0.0.1/lib/active_record/transactions.rb:211:in `transaction'
/usr/local/rvm/gems/ruby-2.3.0/gems/activerecord-5.0.0.1/lib/active_record/transactions.rb:392:in `with_transaction_returning_status'
/usr/local/rvm/gems/ruby-2.3.0/gems/activerecord-5.0.0.1/lib/active_record/transactions.rb:319:in `block in save'
/usr/local/rvm/gems/ruby-2.3.0/gems/activerecord-5.0.0.1/lib/active_record/transactions.rb:334:in `rollback_active_record_state!'
/usr/local/rvm/gems/ruby-2.3.0/gems/activerecord-5.0.0.1/lib/active_record/transactions.rb:318:in `save'
/usr/local/rvm/gems/ruby-2.3.0/gems/activerecord-5.0.0.1/lib/active_record/suppressor.rb:41:in `save'
/usr/local/rvm/gems/ruby-2.3.0/gems/activerecord-5.0.0.1/lib/active_record/persistence.rb:266:in `block in update'
/usr/local/rvm/gems/ruby-2.3.0/gems/activerecord-5.0.0.1/lib/active_record/transactions.rb:395:in `block in with_transaction_returning_status'
/usr/local/rvm/gems/ruby-2.3.0/gems/activerecord-5.0.0.1/lib/active_record/connection_adapters/abstract/database_statements.rb:230:in `transaction'
/usr/local/rvm/gems/ruby-2.3.0/gems/activerecord-5.0.0.1/lib/active_record/transactions.rb:211:in `transaction'
/usr/local/rvm/gems/ruby-2.3.0/gems/activerecord-5.0.0.1/lib/active_record/transactions.rb:392:in `with_transaction_returning_status'
/usr/local/rvm/gems/ruby-2.3.0/gems/activerecord-5.0.0.1/lib/active_record/persistence.rb:264:in `update'
/home/ubuntu/workspace/matchme/app/models/match.rb:25:in `add_percent'
/usr/local/rvm/gems/ruby-2.3.0/gems/activesupport-5.0.0.1/lib/active_support/callbacks.rb:382:in `block in make_lambda'
/usr/local/rvm/gems/ruby-2.3.0/gems/activesupport-5.0.0.1/lib/active_support/callbacks.rb:207:in `block in halting_and_conditional'
/usr/local/rvm/gems/ruby-2.3.0/gems/activesupport-5.0.0.1/lib/active_support/callbacks.rb:456:in `block in call'
/usr/local/rvm/gems/ruby-2.3.0/gems/activesupport-5.0.0.1/lib/active_support/callbacks.rb:456:in `each'
/usr/local/rvm/gems/ruby-2.3.0/gems/activesupport-5.0.0.1/lib/active_support/callbacks.rb:456:in `call'
/usr/local/rvm/gems/ruby-2.3.0/gems/activesupport-5.0.0.1/lib/active_support/callbacks.rb:101:in `__run_callbacks__'
/usr/local/rvm/gems/ruby-2.3.0/gems/activesupport-5.0.0.1/lib/active_support/callbacks.rb:750:in `_run_save_callbacks'
/usr/local/rvm/gems/ruby-2.3.0/gems/activerecord-5.0.0.1/lib/active_record/callbacks.rb:298:in `create_or_update'
/usr/local/rvm/gems/ruby-2.3.0/gems/activerecord-5.0.0.1/lib/active_record/persistence.rb:125:in `save'
/usr/local/rvm/gems/ruby-2.3.0/gems/activerecord-5.0.0.1/lib/active_record/validations.rb:44:in `save'
/usr/local/rvm/gems/ruby-2.3.0/gems/activerecord-5.0.0.1/lib/active_record/attribute_methods/dirty.rb:22:in `save'
/usr/local/rvm/gems/ruby-2.3.0/gems/activerecord-5.0.0.1/lib/active_record/transactions.rb:319:in `block (2 levels) in save'
/usr/local/rvm/gems/ruby-2.3.0/gems/activerecord-5.0.0.1/lib/active_record/transactions.rb:395:in `block in with_transaction_returning_status'
/usr/local/rvm/gems/ruby-2.3.0/gems/activerecord-5.0.0.1/lib/active_record/connection_adapters/abstract/database_statements.rb:230:in `transaction'
/usr/local/rvm/gems/ruby-2.3.0/gems/activerecord-5.0.0.1/lib/active_record/transactions.rb:211:in `transaction'
/usr/local/rvm/gems/ruby-2.3.0/gems/activerecord-5.0.0.1/lib/active_record/transactions.rb:392:in `with_transaction_returning_status'
/usr/local/rvm/gems/ruby-2.3.0/gems/activerecord-5.0.0.1/lib/active_record/transactions.rb:319:in `block in save'
/usr/local/rvm/gems/ruby-2.3.0/gems/activerecord-5.0.0.1/lib/active_record/transactions.rb:334:in `rollback_active_record_state!'
/usr/local/rvm/gems/ruby-2.3.0/gems/activerecord-5.0.0.1/lib/active_record/transactions.rb:318:in `save'
/usr/local/rvm/gems/ruby-2.3.0/gems/activerecord-5.0.0.1/lib/active_record/suppressor.rb:41:in `save'
/usr/local/rvm/gems/ruby-2.3.0/gems/activerecord-5.0.0.1/lib/active_record/persistence.rb:266:in `block in update'
/usr/local/rvm/gems/ruby-2.3.0/gems/activerecord-5.0.0.1/lib/active_record/transactions.rb:395:in `block in with_transaction_returning_status'
/usr/local/rvm/gems/ruby-2.3.0/gems/activerecord-5.0.0.1/lib/active_record/connection_adapters/abstract/database_statements.rb:230:in `transaction'
/usr/local/rvm/gems/ruby-2.3.0/gems/activerecord-5.0.0.1/lib/active_record/transactions.rb:211:in `transaction'
/usr/local/rvm/gems/ruby-2.3.0/gems/activerecord-5.0.0.1/lib/active_record/transactions.rb:392:in `with_transaction_returning_status'
/usr/local/rvm/gems/ruby-2.3.0/gems/activerecord-5.0.0.1/lib/active_record/persistence.rb:264:in `update'
/home/ubuntu/workspace/matchme/app/models/match.rb:25:in `add_percent'
/usr/local/rvm/gems/ruby-2.3.0/gems/activesupport-5.0.0.1/lib/active_support/callbacks.rb:382:in `block in make_lambda'
/usr/local/rvm/gems/ruby-2.3.0/gems/activesupport-5.0.0.1/lib/active_support/callbacks.rb:207:in `block in halting_and_conditional'
/usr/local/rvm/gems/ruby-2.3.0/gems/activesupport-5.0.0.1/lib/active_support/callbacks.rb:456:in `block in call'
/usr/local/rvm/gems/ruby-2.3.0/gems/activesupport-5.0.0.1/lib/active_support/callbacks.rb:456:in `each'
/usr/local/rvm/gems/ruby-2.3.0/gems/activesupport-5.0.0.1/lib/active_support/callbacks.rb:456:in `call'
/usr/local/rvm/gems/ruby-2.3.0/gems/activesupport-5.0.0.1/lib/active_support/callbacks.rb:101:in `__run_callbacks__'
/usr/local/rvm/gems/ruby-2.3.0/gems/activesupport-5.0.0.1/lib/active_support/callbacks.rb:750:in `_run_save_callbacks'
/usr/local/rvm/gems/ruby-2.3.0/gems/activerecord-5.0.0.1/lib/active_record/callbacks.rb:298:in `create_or_update'
/usr/local/rvm/gems/ruby-2.3.0/gems/activerecord-5.0.0.1/lib/active_record/persistence.rb:125:in `save'
/usr/local/rvm/gems/ruby-2.3.0/gems/activerecord-5.0.0.1/lib/active_record/validations.rb:44:in `save'
/usr/local/rvm/gems/ruby-2.3.0/gems/activerecord-5.0.0.1/lib/active_record/attribute_methods/dirty.rb:22:in `save'
/usr/local/rvm/gems/ruby-2.3.0/gems/activerecord-5.0.0.1/lib/active_record/transactions.rb:319:in `block (2 levels) in save'
/usr/local/rvm/gems/ruby-2.3.0/gems/activerecord-5.0.0.1/lib/active_record/transactions.rb:395:in `block in with_transaction_returning_status'
/usr/local/rvm/gems/ruby-2.3.0/gems/activerecord-5.0.0.1/lib/active_record/connection_adapters/abstract/database_statements.rb:230:in `transaction'
/usr/local/rvm/gems/ruby-2.3.0/gems/activerecord-5.0.0.1/lib/active_record/transactions.rb:211:in `transaction'
/usr/local/rvm/gems/ruby-2.3.0/gems/activerecord-5.0.0.1/lib/active_record/transactions.rb:392:in `with_transaction_returning_status'
/usr/local/rvm/gems/ruby-2.3.0/gems/activerecord-5.0.0.1/lib/active_record/transactions.rb:319:in `block in save'
/usr/local/rvm/gems/ruby-2.3.0/gems/activerecord-5.0.0.1/lib/active_record/transactions.rb:334:in `rollback_active_record_state!'
/usr/local/rvm/gems/ruby-2.3.0/gems/activerecord-5.0.0.1/lib/active_record/transactions.rb:318:in `save'
/usr/local/rvm/gems/ruby-2.3.0/gems/activerecord-5.0.0.1/lib/active_record/suppressor.rb:41:in `save'
/usr/local/rvm/gems/ruby-2.3.0/gems/activerecord-5.0.0.1/lib/active_record/persistence.rb:266:in `block in update'
/usr/local/rvm/gems/ruby-2.3.0/gems/activerecord-5.0.0.1/lib/active_record/transactions.rb:395:in `block in with_transaction_returning_status'
/usr/local/rvm/gems/ruby-2.3.0/gems/activerecord-5.0.0.1/lib/active_record/connection_adapters/abstract/database_statements.rb:230:in `transaction'
/usr/local/rvm/gems/ruby-2.3.0/gems/activerecord-5.0.0.1/lib/active_record/transactions.rb:211:in `transaction'
/usr/local/rvm/gems/ruby-2.3.0/gems/activerecord-5.0.0.1/lib/active_record/transactions.rb:392:in `with_transaction_returning_status'
/usr/local/rvm/gems/ruby-2.3.0/gems/activerecord-5.0.0.1/lib/active_record/persistence.rb:264:in `update'
/home/ubuntu/workspace/matchme/app/models/match.rb:25:in `add_percent'
/usr/local/rvm/gems/ruby-2.3.0/gems/activesupport-5.0.0.1/lib/active_support/callbacks.rb:382:in `block in make_lambda'
/usr/local/rvm/gems/ruby-2.3.0/gems/activesupport-5.0.0.1/lib/active_support/callbacks.rb:207:in `block in halting_and_conditional'
/usr/local/rvm/gems/ruby-2.3.0/gems/activesupport-5.0.0.1/lib/active_support/callbacks.rb:456:in `block in call'
/usr/local/rvm/gems/ruby-2.3.0/gems/activesupport-5.0.0.1/lib/active_support/callbacks.rb:456:in `each'
/usr/local/rvm/gems/ruby-2.3.0/gems/activesupport-5.0.0.1/lib/active_support/callbacks.rb:456:in `call'
/usr/local/rvm/gems/ruby-2.3.0/gems/activesupport-5.0.0.1/lib/active_support/callbacks.rb:101:in `__run_callbacks__'
/usr/local/rvm/gems/ruby-2.3.0/gems/activesupport-5.0.0.1/lib/active_support/callbacks.rb:750:in `_run_save_callbacks'
/usr/local/rvm/gems/ruby-2.3.0/gems/activerecord-5.0.0.1/lib/active_record/callbacks.rb:298:in `create_or_update'
/usr/local/rvm/gems/ruby-2.3.0/gems/activerecord-5.0.0.1/lib/active_record/persistence.rb:125:in `save'
/usr/local/rvm/gems/ruby-2.3.0/gems/activerecord-5.0.0.1/lib/active_record/validations.rb:44:in `save'
/usr/local/rvm/gems/ruby-2.3.0/gems/activerecord-5.0.0.1/lib/active_record/attribute_methods/dirty.rb:22:in `save'
/usr/local/rvm/gems/ruby-2.3.0/gems/activerecord-5.0.0.1/lib/active_record/transactions.rb:319:in `block (2 levels) in save'
/usr/local/rvm/gems/ruby-2.3.0/gems/activerecord-5.0.0.1/lib/active_record/transactions.rb:395:in `block in with_transaction_returning_status'
/usr/local/rvm/gems/ruby-2.3.0/gems/activerecord-5.0.0.1/lib/active_record/connection_adapters/abstract/database_statements.rb:230:in `transaction'
/usr/local/rvm/gems/ruby-2.3.0/gems/activerecord-5.0.0.1/lib/active_record/transactions.rb:211:in `transaction'
/usr/local/rvm/gems/ruby-2.3.0/gems/activerecord-5.0.0.1/lib/active_record/transactions.rb:392:in `with_transaction_returning_status'
/usr/local/rvm/gems/ruby-2.3.0/gems/activerecord-5.0.0.1/lib/active_record/transactions.rb:319:in `block in save'
/usr/local/rvm/gems/ruby-2.3.0/gems/activerecord-5.0.0.1/lib/active_record/transactions.rb:334:in `rollback_active_record_state!'
/usr/local/rvm/gems/ruby-2.3.0/gems/activerecord-5.0.0.1/lib/active_record/transactions.rb:318:in `save'
/usr/local/rvm/gems/ruby-2.3.0/gems/activerecord-5.0.0.1/lib/active_record/suppressor.rb:41:in `save'
/usr/local/rvm/gems/ruby-2.3.0/gems/activerecord-5.0.0.1/lib/active_record/persistence.rb:266:in `block in update'
/usr/local/rvm/gems/ruby-2.3.0/gems/activerecord-5.0.0.1/lib/active_record/transactions.rb:395:in `block in with_transaction_returning_status'
/usr/local/rvm/gems/ruby-2.3.0/gems/activerecord-5.0.0.1/lib/active_record/connection_adapters/abstract/database_statements.rb:230:in `transaction'
/usr/local/rvm/gems/ruby-2.3.0/gems/activerecord-5.0.0.1/lib/active_record/transactions.rb:211:in `transaction'
/usr/local/rvm/gems/ruby-2.3.0/gems/activerecord-5.0.0.1/lib/active_record/transactions.rb:392:in `with_transaction_returning_status'
/usr/local/rvm/gems/ruby-2.3.0/gems/activerecord-5.0.0.1/lib/active_record/persistence.rb:264:in `update'
/home/ubuntu/workspace/matchme/app/models/match.rb:25:in `add_percent'
/usr/local/rvm/gems/ruby-2.3.0/gems/activesupport-5.0.0.1/lib/active_support/callbacks.rb:382:in `block in make_lambda'
/usr/local/rvm/gems/ruby-2.3.0/gems/activesupport-5.0.0.1/lib/active_support/callbacks.rb:207:in `block in halting_and_conditional'
/usr/local/rvm/gems/ruby-2.3.0/gems/activesupport-5.0.0.1/lib/active_support/callbacks.rb:456:in `block in call'
/usr/local/rvm/gems/ruby-2.3.0/gems/activesupport-5.0.0.1/lib/active_support/callbacks.rb:456:in `each'
/usr/local/rvm/gems/ruby-2.3.0/gems/activesupport-5.0.0.1/lib/active_support/callbacks.rb:456:in `call'
/usr/local/rvm/gems/ruby-2.3.0/gems/activesupport-5.0.0.1/lib/active_support/callbacks.rb:101:in `__run_callbacks__'
/usr/local/rvm/gems/ruby-2.3.0/gems/activesupport-5.0.0.1/lib/active_support/callbacks.rb:750:in `_run_save_callbacks'
/usr/local/rvm/gems/ruby-2.3.0/gems/activerecord-5.0.0.1/lib/active_record/callbacks.rb:298:in `create_or_update'
/usr/local/rvm/gems/ruby-2.3.0/gems/activerecord-5.0.0.1/lib/active_record/persistence.rb:125:in `save'
/usr/local/rvm/gems/ruby-2.3.0/gems/activerecord-5.0.0.1/lib/active_record/validations.rb:44:in `save'
/usr/local/rvm/gems/ruby-2.3.0/gems/activerecord-5.0.0.1/lib/active_record/attribute_methods/dirty.rb:22:in `save'
/usr/local/rvm/gems/ruby-2.3.0/gems/activerecord-5.0.0.1/lib/active_record/transactions.rb:319:in `block (2 levels) in save'
/usr/local/rvm/gems/ruby-2.3.0/gems/activerecord-5.0.0.1/lib/active_record/transactions.rb:395:in `block in with_transaction_returning_status'
/usr/local/rvm/gems/ruby-2.3.0/gems/activerecord-5.0.0.1/lib/active_record/connection_adapters/abstract/database_statements.rb:230:in `transaction'
/usr/local/rvm/gems/ruby-2.3.0/gems/activerecord-5.0.0.1/lib/active_record/transactions.rb:211:in `transaction'
/usr/local/rvm/gems/ruby-2.3.0/gems/activerecord-5.0.0.1/lib/active_record/transactions.rb:392:in `with_transaction_returning_status'
/usr/local/rvm/gems/ruby-2.3.0/gems/activerecord-5.0.0.1/lib/active_record/transactions.rb:319:in `block in save'
/usr/local/rvm/gems/ruby-2.3.0/gems/activerecord-5.0.0.1/lib/active_record/transactions.rb:334:in `rollback_active_record_state!'
/usr/local/rvm/gems/ruby-2.3.0/gems/activerecord-5.0.0.1/lib/active_record/transactions.rb:318:in `save'
/usr/local/rvm/gems/ruby-2.3.0/gems/activerecord-5.0.0.1/lib/active_record/suppressor.rb:41:in `save'
/usr/local/rvm/gems/ruby-2.3.0/gems/activerecord-5.0.0.1/lib/active_record/persistence.rb:266:in `block in update'
/usr/local/rvm/gems/ruby-2.3.0/gems/activerecord-5.0.0.1/lib/active_record/transactions.rb:395:in `block in with_transaction_returning_status'
/usr/local/rvm/gems/ruby-2.3.0/gems/activerecord-5.0.0.1/lib/active_record/connection_adapters/abstract/database_statements.rb:230:in `transaction'
/usr/local/rvm/gems/ruby-2.3.0/gems/activerecord-5.0.0.1/lib/active_record/transactions.rb:211:in `transaction'
/usr/local/rvm/gems/ruby-2.3.0/gems/activerecord-5.0.0.1/lib/active_record/transactions.rb:392:in `with_transaction_returning_status'
/usr/local/rvm/gems/ruby-2.3.0/gems/activerecord-5.0.0.1/lib/active_record/persistence.rb:264:in `update'
/home/ubuntu/workspace/matchme/app/models/match.rb:25:in `add_percent'
/usr/local/rvm/gems/ruby-2.3.0/gems/activesupport-5.0.0.1/lib/active_support/callbacks.rb:382:in `block in make_lambda'
/usr/local/rvm/gems/ruby-2.3.0/gems/activesupport-5.0.0.1/lib/active_support/callbacks.rb:207:in `block in halting_and_conditional'
/usr/local/rvm/gems/ruby-2.3.0/gems/activesupport-5.0.0.1/lib/active_support/callbacks.rb:456:in `block in call'
/usr/local/rvm/gems/ruby-2.3.0/gems/activesupport-5.0.0.1/lib/active_support/callbacks.rb:456:in `each'
/usr/local/rvm/gems/ruby-2.3.0/gems/activesupport-5.0.0.1/lib/active_support/callbacks.rb:456:in `call'
/usr/local/rvm/gems/ruby-2.3.0/gems/activesupport-5.0.0.1/lib/active_support/callbacks.rb:101:in `__run_callbacks__'
/usr/local/rvm/gems/ruby-2.3.0/gems/activesupport-5.0.0.1/lib/active_support/callbacks.rb:750:in `_run_save_callbacks'
/usr/local/rvm/gems/ruby-2.3.0/gems/activerecord-5.0.0.1/lib/active_record/callbacks.rb:298:in `create_or_update'
/usr/local/rvm/gems/ruby-2.3.0/gems/activerecord-5.0.0.1/lib/active_record/persistence.rb:125:in `save'
/usr/local/rvm/gems/ruby-2.3.0/gems/activerecord-5.0.0.1/lib/active_record/validations.rb:44:in `save'
/usr/local/rvm/gems/ruby-2.3.0/gems/activerecord-5.0.0.1/lib/active_record/attribute_methods/dirty.rb:22:in `save'
/usr/local/rvm/gems/ruby-2.3.0/gems/activerecord-5.0.0.1/lib/active_record/transactions.rb:319:in `block (2 levels) in save'
/usr/local/rvm/gems/ruby-2.3.0/gems/activerecord-5.0.0.1/lib/active_record/transactions.rb:395:in `block in with_transaction_returning_status'
/usr/local/rvm/gems/ruby-2.3.0/gems/activerecord-5.0.0.1/lib/active_record/connection_adapters/abstract/database_statements.rb:230:in `transaction'
/usr/local/rvm/gems/ruby-2.3.0/gems/activerecord-5.0.0.1/lib/active_record/transactions.rb:211:in `transaction'
/usr/local/rvm/gems/ruby-2.3.0/gems/activerecord-5.0.0.1/lib/active_record/transactions.rb:392:in `with_transaction_returning_status'
/usr/local/rvm/gems/ruby-2.3.0/gems/activerecord-5.0.0.1/lib/active_record/transactions.rb:319:in `block in save'
/usr/local/rvm/gems/ruby-2.3.0/gems/activerecord-5.0.0.1/lib/active_record/transactions.rb:334:in `rollback_active_record_state!'
/usr/local/rvm/gems/ruby-2.3.0/gems/activerecord-5.0.0.1/lib/active_record/transactions.rb:318:in `save'
/usr/local/rvm/gems/ruby-2.3.0/gems/activerecord-5.0.0.1/lib/active_record/suppressor.rb:41:in `save'
/usr/local/rvm/gems/ruby-2.3.0/gems/activerecord-5.0.0.1/lib/active_record/persistence.rb:266:in `block in update'
/usr/local/rvm/gems/ruby-2.3.0/gems/activerecord-5.0.0.1/lib/active_record/transactions.rb:395:in `block in with_transaction_returning_status'
/usr/local/rvm/gems/ruby-2.3.0/gems/activerecord-5.0.0.1/lib/active_record/connection_adapters/abstract/database_statements.rb:230:in `transaction'
/usr/local/rvm/gems/ruby-2.3.0/gems/activerecord-5.0.0.1/lib/active_record/transactions.rb:211:in `transaction'
/usr/local/rvm/gems/ruby-2.3.0/gems/activerecord-5.0.0.1/lib/active_record/transactions.rb:392:in `with_transaction_returning_status'
/usr/local/rvm/gems/ruby-2.3.0/gems/activerecord-5.0.0.1/lib/active_record/persistence.rb:264:in `update'
/home/ubuntu/workspace/matchme/app/models/match.rb:25:in `add_percent'
/usr/local/rvm/gems/ruby-2.3.0/gems/activesupport-5.0.0.1/lib/active_support/callbacks.rb:382:in `block in make_lambda'
/usr/local/rvm/gems/ruby-2.3.0/gems/activesupport-5.0.0.1/lib/active_support/callbacks.rb:207:in `block in halting_and_conditional'
/usr/local/rvm/gems/ruby-2.3.0/gems/activesupport-5.0.0.1/lib/active_support/callbacks.rb:456:in `block in call'
/usr/local/rvm/gems/ruby-2.3.0/gems/activesupport-5.0.0.1/lib/active_support/callbacks.rb:456:in `each'
/usr/local/rvm/gems/ruby-2.3.0/gems/activesupport-5.0.0.1/lib/active_support/callbacks.rb:456:in `call'
/usr/local/rvm/gems/ruby-2.3.0/gems/activesupport-5.0.0.1/lib/active_support/callbacks.rb:101:in `__run_callbacks__'
/usr/local/rvm/gems/ruby-2.3.0/gems/activesupport-5.0.0.1/lib/active_support/callbacks.rb:750:in `_run_save_callbacks'
/usr/local/rvm/gems/ruby-2.3.0/gems/activerecord-5.0.0.1/lib/active_record/callbacks.rb:298:in `create_or_update'
/usr/local/rvm/gems/ruby-2.3.0/gems/activerecord-5.0.0.1/lib/active_record/persistence.rb:125:in `save'
/usr/local/rvm/gems/ruby-2.3.0/gems/activerecord-5.0.0.1/lib/active_record/validations.rb:44:in `save'
/usr/local/rvm/gems/ruby-2.3.0/gems/activerecord-5.0.0.1/lib/active_record/attribute_methods/dirty.rb:22:in `save'
/usr/local/rvm/gems/ruby-2.3.0/gems/activerecord-5.0.0.1/lib/active_record/transactions.rb:319:in `block (2 levels) in save'
/usr/local/rvm/gems/ruby-2.3.0/gems/activerecord-5.0.0.1/lib/active_record/transactions.rb:395:in `block in with_transaction_returning_status'
/usr/local/rvm/gems/ruby-2.3.0/gems/activerecord-5.0.0.1/lib/active_record/connection_adapters/abstract/database_statements.rb:230:in `transaction'
/usr/local/rvm/gems/ruby-2.3.0/gems/activerecord-5.0.0.1/lib/active_record/transactions.rb:211:in `transaction'
/usr/local/rvm/gems/ruby-2.3.0/gems/activerecord-5.0.0.1/lib/active_record/transactions.rb:392:in `with_transaction_returning_status'
/usr/local/rvm/gems/ruby-2.3.0/gems/activerecord-5.0.0.1/lib/active_record/transactions.rb:319:in `block in save'
/usr/local/rvm/gems/ruby-2.3.0/gems/activerecord-5.0.0.1/lib/active_record/transactions.rb:334:in `rollback_active_record_state!'
/usr/local/rvm/gems/ruby-2.3.0/gems/activerecord-5.0.0.1/lib/active_record/transactions.rb:318:in `save'
/usr/local/rvm/gems/ruby-2.3.0/gems/activerecord-5.0.0.1/lib/active_record/suppressor.rb:41:in `save'
/usr/local/rvm/gems/ruby-2.3.0/gems/activerecord-5.0.0.1/lib/active_record/persistence.rb:266:in `block in update'
/usr/local/rvm/gems/ruby-2.3.0/gems/activerecord-5.0.0.1/lib/active_record/transactions.rb:395:in `block in with_transaction_returning_status'
/usr/local/rvm/gems/ruby-2.3.0/gems/activerecord-5.0.0.1/lib/active_record/connection_adapters/abstract/database_statements.rb:230:in `transaction'
/usr/local/rvm/gems/ruby-2.3.0/gems/activerecord-5.0.0.1/lib/active_record/transactions.rb:211:in `transaction'
/usr/local/rvm/gems/ruby-2.3.0/gems/activerecord-5.0.0.1/lib/active_record/transactions.rb:392:in `with_transaction_returning_status'
/usr/local/rvm/gems/ruby-2.3.0/gems/activerecord-5.0.0.1/lib/active_record/persistence.rb:264:in `update'
/home/ubuntu/workspace/matchme/app/models/match.rb:25:in `add_percent'
/usr/local/rvm/gems/ruby-2.3.0/gems/activesupport-5.0.0.1/lib/active_support/callbacks.rb:382:in `block in make_lambda'
/usr/local/rvm/gems/ruby-2.3.0/gems/activesupport-5.0.0.1/lib/active_support/callbacks.rb:207:in `block in halting_and_conditional'
/usr/local/rvm/gems/ruby-2.3.0/gems/activesupport-5.0.0.1/lib/active_support/callbacks.rb:456:in `block in call'
/usr/local/rvm/gems/ruby-2.3.0/gems/activesupport-5.0.0.1/lib/active_support/callbacks.rb:456:in `each'
/usr/local/rvm/gems/ruby-2.3.0/gems/activesupport-5.0.0.1/lib/active_support/callbacks.rb:456:in `call'
/usr/local/rvm/gems/ruby-2.3.0/gems/activesupport-5.0.0.1/lib/active_support/callbacks.rb:101:in `__run_callbacks__'
/usr/local/rvm/gems/ruby-2.3.0/gems/activesupport-5.0.0.1/lib/active_support/callbacks.rb:750:in `_run_save_callbacks'
/usr/local/rvm/gems/ruby-2.3.0/gems/activerecord-5.0.0.1/lib/active_record/callbacks.rb:298:in `create_or_update'
/usr/local/rvm/gems/ruby-2.3.0/gems/activerecord-5.0.0.1/lib/active_record/persistence.rb:125:in `save'
/usr/local/rvm/gems/ruby-2.3.0/gems/activerecord-5.0.0.1/lib/active_record/validations.rb:44:in `save'
/usr/local/rvm/gems/ruby-2.3.0/gems/activerecord-5.0.0.1/lib/active_record/attribute_methods/dirty.rb:22:in `save'
/usr/local/rvm/gems/ruby-2.3.0/gems/activerecord-5.0.0.1/lib/active_record/transactions.rb:319:in `block (2 levels) in save'
/usr/local/rvm/gems/ruby-2.3.0/gems/activerecord-5.0.0.1/lib/active_record/transactions.rb:395:in `block in with_transaction_returning_status'
/usr/local/rvm/gems/ruby-2.3.0/gems/activerecord-5.0.0.1/lib/active_record/connection_adapters/abstract/database_statements.rb:230:in `transaction'
/usr/local/rvm/gems/ruby-2.3.0/gems/activerecord-5.0.0.1/lib/active_record/transactions.rb:211:in `transaction'
/usr/local/rvm/gems/ruby-2.3.0/gems/activerecord-5.0.0.1/lib/active_record/transactions.rb:392:in `with_transaction_returning_status'
/usr/local/rvm/gems/ruby-2.3.0/gems/activerecord-5.0.0.1/lib/active_record/transactions.rb:319:in `block in save'
/usr/local/rvm/gems/ruby-2.3.0/gems/activerecord-5.0.0.1/lib/active_record/transactions.rb:334:in `rollback_active_record_state!'
/usr/local/rvm/gems/ruby-2.3.0/gems/activerecord-5.0.0.1/lib/active_record/transactions.rb:318:in `save'
/usr/local/rvm/gems/ruby-2.3.0/gems/activerecord-5.0.0.1/lib/active_record/suppressor.rb:41:in `save'
/usr/local/rvm/gems/ruby-2.3.0/gems/activerecord-5.0.0.1/lib/active_record/persistence.rb:266:in `block in update'
/usr/local/rvm/gems/ruby-2.3.0/gems/activerecord-5.0.0.1/lib/active_record/transactions.rb:395:in `block in with_transaction_returning_status'
/usr/local/rvm/gems/ruby-2.3.0/gems/activerecord-5.0.0.1/lib/active_record/connection_adapters/abstract/database_statements.rb:230:in `transaction'
/usr/local/rvm/gems/ruby-2.3.0/gems/activerecord-5.0.0.1/lib/active_record/transactions.rb:211:in `transaction'
/usr/local/rvm/gems/ruby-2.3.0/gems/activerecord-5.0.0.1/lib/active_record/transactions.rb:392:in `with_transaction_returning_status'
/usr/local/rvm/gems/ruby-2.3.0/gems/activerecord-5.0.0.1/lib/active_record/persistence.rb:264:in `update'
/home/ubuntu/workspace/matchme/app/models/match.rb:25:in `add_percent'
/usr/local/rvm/gems/ruby-2.3.0/gems/activesupport-5.0.0.1/lib/active_support/callbacks.rb:382:in `block in make_lambda'
/usr/local/rvm/gems/ruby-2.3.0/gems/activesupport-5.0.0.1/lib/active_support/callbacks.rb:207:in `block in halting_and_conditional'
/usr/local/rvm/gems/ruby-2.3.0/gems/activesupport-5.0.0.1/lib/active_support/callbacks.rb:456:in `block in call'
/usr/local/rvm/gems/ruby-2.3.0/gems/activesupport-5.0.0.1/lib/active_support/callbacks.rb:456:in `each'
/usr/local/rvm/gems/ruby-2.3.0/gems/activesupport-5.0.0.1/lib/active_support/callbacks.rb:456:in `call'
/usr/local/rvm/gems/ruby-2.3.0/gems/activesupport-5.0.0.1/lib/active_support/callbacks.rb:101:in `__run_callbacks__'
/usr/local/rvm/gems/ruby-2.3.0/gems/activesupport-5.0.0.1/lib/active_support/callbacks.rb:750:in `_run_save_callbacks'
/usr/local/rvm/gems/ruby-2.3.0/gems/activerecord-5.0.0.1/lib/active_record/callbacks.rb:298:in `create_or_update'
/usr/local/rvm/gems/ruby-2.3.0/gems/activerecord-5.0.0.1/lib/active_record/persistence.rb:125:in `save'
/usr/local/rvm/gems/ruby-2.3.0/gems/activerecord-5.0.0.1/lib/active_record/validations.rb:44:in `save'
/usr/local/rvm/gems/ruby-2.3.0/gems/activerecord-5.0.0.1/lib/active_record/attribute_methods/dirty.rb:22:in `save'
/usr/local/rvm/gems/ruby-2.3.0/gems/activerecord-5.0.0.1/lib/active_record/transactions.rb:319:in `block (2 levels) in save'
/usr/local/rvm/gems/ruby-2.3.0/gems/activerecord-5.0.0.1/lib/active_record/transactions.rb:395:in `block in with_transaction_returning_status'
/usr/local/rvm/gems/ruby-2.3.0/gems/activerecord-5.0.0.1/lib/active_record/connection_adapters/abstract/database_statements.rb:230:in `transaction'
/usr/local/rvm/gems/ruby-2.3.0/gems/activerecord-5.0.0.1/lib/active_record/transactions.rb:211:in `transaction'
/usr/local/rvm/gems/ruby-2.3.0/gems/activerecord-5.0.0.1/lib/active_record/transactions.rb:392:in `with_transaction_returning_status'
/usr/local/rvm/gems/ruby-2.3.0/gems/activerecord-5.0.0.1/lib/active_record/transactions.rb:319:in `block in save'
/usr/local/rvm/gems/ruby-2.3.0/gems/activerecord-5.0.0.1/lib/active_record/transactions.rb:334:in `rollback_active_record_state!'
/usr/local/rvm/gems/ruby-2.3.0/gems/activerecord-5.0.0.1/lib/active_record/transactions.rb:318:in `save'
/usr/local/rvm/gems/ruby-2.3.0/gems/activerecord-5.0.0.1/lib/active_record/suppressor.rb:41:in `save'
/usr/local/rvm/gems/ruby-2.3.0/gems/activerecord-5.0.0.1/lib/active_record/persistence.rb:266:in `block in update'
/usr/local/rvm/gems/ruby-2.3.0/gems/activerecord-5.0.0.1/lib/active_record/transactions.rb:395:in `block in with_transaction_returning_status'
/usr/local/rvm/gems/ruby-2.3.0/gems/activerecord-5.0.0.1/lib/active_record/connection_adapters/abstract/database_statements.rb:230:in `transaction'
/usr/local/rvm/gems/ruby-2.3.0/gems/activerecord-5.0.0.1/lib/active_record/transactions.rb:211:in `transaction'
/usr/local/rvm/gems/ruby-2.3.0/gems/activerecord-5.0.0.1/lib/active_record/transactions.rb:392:in `with_transaction_returning_status'
/usr/local/rvm/gems/ruby-2.3.0/gems/activerecord-5.0.0.1/lib/active_record/persistence.rb:264:in `update'
/home/ubuntu/workspace/matchme/app/models/match.rb:25:in `add_percent'
/usr/local/rvm/gems/ruby-2.3.0/gems/activesupport-5.0.0.1/lib/active_support/callbacks.rb:382:in `block in make_lambda'
/usr/local/rvm/gems/ruby-2.3.0/gems/activesupport-5.0.0.1/lib/active_support/callbacks.rb:207:in `block in halting_and_conditional'
/usr/local/rvm/gems/ruby-2.3.0/gems/activesupport-5.0.0.1/lib/active_support/callbacks.rb:456:in `block in call'
/usr/local/rvm/gems/ruby-2.3.0/gems/activesupport-5.0.0.1/lib/active_support/callbacks.rb:456:in `each'
/usr/local/rvm/gems/ruby-2.3.0/gems/activesupport-5.0.0.1/lib/active_support/callbacks.rb:456:in `call'
/usr/local/rvm/gems/ruby-2.3.0/gems/activesupport-5.0.0.1/lib/active_support/callbacks.rb:101:in `__run_callbacks__'
/usr/local/rvm/gems/ruby-2.3.0/gems/activesupport-5.0.0.1/lib/active_support/callbacks.rb:750:in `_run_save_callbacks'
/usr/local/rvm/gems/ruby-2.3.0/gems/activerecord-5.0.0.1/lib/active_record/callbacks.rb:298:in `create_or_update'
/usr/local/rvm/gems/ruby-2.3.0/gems/activerecord-5.0.0.1/lib/active_record/persistence.rb:125:in `save'
/usr/local/rvm/gems/ruby-2.3.0/gems/activerecord-5.0.0.1/lib/active_record/validations.rb:44:in `save'
/usr/local/rvm/gems/ruby-2.3.0/gems/activerecord-5.0.0.1/lib/active_record/attribute_methods/dirty.rb:22:in `save'
/usr/local/rvm/gems/ruby-2.3.0/gems/activerecord-5.0.0.1/lib/active_record/transactions.rb:319:in `block (2 levels) in save'
/usr/local/rvm/gems/ruby-2.3.0/gems/activerecord-5.0.0.1/lib/active_record/transactions.rb:395:in `block in with_transaction_returning_status'
/usr/local/rvm/gems/ruby-2.3.0/gems/activerecord-5.0.0.1/lib/active_record/connection_adapters/abstract/database_statements.rb:230:in `transaction'
/usr/local/rvm/gems/ruby-2.3.0/gems/activerecord-5.0.0.1/lib/active_record/transactions.rb:211:in `transaction'
/usr/local/rvm/gems/ruby-2.3.0/gems/activerecord-5.0.0.1/lib/active_record/transactions.rb:392:in `with_transaction_returning_status'
/usr/local/rvm/gems/ruby-2.3.0/gems/activerecord-5.0.0.1/lib/active_record/transactions.rb:319:in `block in save'
/usr/local/rvm/gems/ruby-2.3.0/gems/activerecord-5.0.0.1/lib/active_record/transactions.rb:334:in `rollback_active_record_state!'
/usr/local/rvm/gems/ruby-2.3.0/gems/activerecord-5.0.0.1/lib/active_record/transactions.rb:318:in `save'
/usr/local/rvm/gems/ruby-2.3.0/gems/activerecord-5.0.0.1/lib/active_record/suppressor.rb:41:in `save'
/usr/local/rvm/gems/ruby-2.3.0/gems/activerecord-5.0.0.1/lib/active_record/persistence.rb:266:in `block in update'
/usr/local/rvm/gems/ruby-2.3.0/gems/activerecord-5.0.0.1/lib/active_record/transactions.rb:395:in `block in with_transaction_returning_status'
/usr/local/rvm/gems/ruby-2.3.0/gems/activerecord-5.0.0.1/lib/active_record/connection_adapters/abstract/database_statements.rb:230:in `transaction'
/usr/local/rvm/gems/ruby-2.3.0/gems/activerecord-5.0.0.1/lib/active_record/transactions.rb:211:in `transaction'
/usr/local/rvm/gems/ruby-2.3.0/gems/activerecord-5.0.0.1/lib/active_record/transactions.rb:392:in `with_transaction_returning_status'
/usr/local/rvm/gems/ruby-2.3.0/gems/activerecord-5.0.0.1/lib/active_record/persistence.rb:264:in `update'
/home/ubuntu/workspace/matchme/app/models/match.rb:25:in `add_percent'
/usr/local/rvm/gems/ruby-2.3.0/gems/activesupport-5.0.0.1/lib/active_support/callbacks.rb:382:in `block in make_lambda'
/usr/local/rvm/gems/ruby-2.3.0/gems/activesupport-5.0.0.1/lib/active_support/callbacks.rb:207:in `block in halting_and_conditional'
/usr/local/rvm/gems/ruby-2.3.0/gems/activesupport-5.0.0.1/lib/active_support/callbacks.rb:456:in `block in call'
/usr/local/rvm/gems/ruby-2.3.0/gems/activesupport-5.0.0.1/lib/active_support/callbacks.rb:456:in `each'
/usr/local/rvm/gems/ruby-2.3.0/gems/activesupport-5.0.0.1/lib/active_support/callbacks.rb:456:in `call'
/usr/local/rvm/gems/ruby-2.3.0/gems/activesupport-5.0.0.1/lib/active_support/callbacks.rb:101:in `__run_callbacks__'
/usr/local/rvm/gems/ruby-2.3.0/gems/activesupport-5.0.0.1/lib/active_support/callbacks.rb:750:in `_run_save_callbacks'
/usr/local/rvm/gems/ruby-2.3.0/gems/activerecord-5.0.0.1/lib/active_record/callbacks.rb:298:in `create_or_update'
/usr/local/rvm/gems/ruby-2.3.0/gems/activerecord-5.0.0.1/lib/active_record/persistence.rb:125:in `save'
/usr/local/rvm/gems/ruby-2.3.0/gems/activerecord-5.0.0.1/lib/active_record/validations.rb:44:in `save'
/usr/local/rvm/gems/ruby-2.3.0/gems/activerecord-5.0.0.1/lib/active_record/attribute_methods/dirty.rb:22:in `save'
/usr/local/rvm/gems/ruby-2.3.0/gems/activerecord-5.0.0.1/lib/active_record/transactions.rb:319:in `block (2 levels) in save'
/usr/local/rvm/gems/ruby-2.3.0/gems/activerecord-5.0.0.1/lib/active_record/transactions.rb:395:in `block in with_transaction_returning_status'
/usr/local/rvm/gems/ruby-2.3.0/gems/activerecord-5.0.0.1/lib/active_record/connection_adapters/abstract/database_statements.rb:230:in `transaction'
/usr/local/rvm/gems/ruby-2.3.0/gems/activerecord-5.0.0.1/lib/active_record/transactions.rb:211:in `transaction'
/usr/local/rvm/gems/ruby-2.3.0/gems/activerecord-5.0.0.1/lib/active_record/transactions.rb:392:in `with_transaction_returning_status'
/usr/local/rvm/gems/ruby-2.3.0/gems/activerecord-5.0.0.1/lib/active_record/transactions.rb:319:in `block in save'
/usr/local/rvm/gems/ruby-2.3.0/gems/activerecord-5.0.0.1/lib/active_record/transactions.rb:334:in `rollback_active_record_state!'
/usr/local/rvm/gems/ruby-2.3.0/gems/activerecord-5.0.0.1/lib/active_record/transactions.rb:318:in `save'
/usr/local/rvm/gems/ruby-2.3.0/gems/activerecord-5.0.0.1/lib/active_record/suppressor.rb:41:in `save'
/usr/local/rvm/gems/ruby-2.3.0/gems/activerecord-5.0.0.1/lib/active_record/persistence.rb:266:in `block in update'
/usr/local/rvm/gems/ruby-2.3.0/gems/activerecord-5.0.0.1/lib/active_record/transactions.rb:395:in `block in with_transaction_returning_status'
/usr/local/rvm/gems/ruby-2.3.0/gems/activerecord-5.0.0.1/lib/active_record/connection_adapters/abstract/database_statements.rb:230:in `transaction'
/usr/local/rvm/gems/ruby-2.3.0/gems/activerecord-5.0.0.1/lib/active_record/transactions.rb:211:in `transaction'
/usr/local/rvm/gems/ruby-2.3.0/gems/activerecord-5.0.0.1/lib/active_record/transactions.rb:392:in `with_transaction_returning_status'
/usr/local/rvm/gems/ruby-2.3.0/gems/activerecord-5.0.0.1/lib/active_record/persistence.rb:264:in `update'
/home/ubuntu/workspace/matchme/app/models/match.rb:25:in `add_percent'
/usr/local/rvm/gems/ruby-2.3.0/gems/activesupport-5.0.0.1/lib/active_support/callbacks.rb:382:in `block in make_lambda'
/usr/local/rvm/gems/ruby-2.3.0/gems/activesupport-5.0.0.1/lib/active_support/callbacks.rb:207:in `block in halting_and_conditional'
/usr/local/rvm/gems/ruby-2.3.0/gems/activesupport-5.0.0.1/lib/active_support/callbacks.rb:456:in `block in call'
/usr/local/rvm/gems/ruby-2.3.0/gems/activesupport-5.0.0.1/lib/active_support/callbacks.rb:456:in `each'
/usr/local/rvm/gems/ruby-2.3.0/gems/activesupport-5.0.0.1/lib/active_support/callbacks.rb:456:in `call'
/usr/local/rvm/gems/ruby-2.3.0/gems/activesupport-5.0.0.1/lib/active_support/callbacks.rb:101:in `__run_callbacks__'
/usr/local/rvm/gems/ruby-2.3.0/gems/activesupport-5.0.0.1/lib/active_support/callbacks.rb:750:in `_run_save_callbacks'
/usr/local/rvm/gems/ruby-2.3.0/gems/activerecord-5.0.0.1/lib/active_record/callbacks.rb:298:in `create_or_update'
/usr/local/rvm/gems/ruby-2.3.0/gems/activerecord-5.0.0.1/lib/active_record/persistence.rb:125:in `save'
/usr/local/rvm/gems/ruby-2.3.0/gems/activerecord-5.0.0.1/lib/active_record/validations.rb:44:in `save'
/usr/local/rvm/gems/ruby-2.3.0/gems/activerecord-5.0.0.1/lib/active_record/attribute_methods/dirty.rb:22:in `save'
/usr/local/rvm/gems/ruby-2.3.0/gems/activerecord-5.0.0.1/lib/active_record/transactions.rb:319:in `block (2 levels) in save'
/usr/local/rvm/gems/ruby-2.3.0/gems/activerecord-5.0.0.1/lib/active_record/transactions.rb:395:in `block in with_transaction_returning_status'
/usr/local/rvm/gems/ruby-2.3.0/gems/activerecord-5.0.0.1/lib/active_record/connection_adapters/abstract/database_statements.rb:230:in `transaction'
/usr/local/rvm/gems/ruby-2.3.0/gems/activerecord-5.0.0.1/lib/active_record/transactions.rb:211:in `transaction'
/usr/local/rvm/gems/ruby-2.3.0/gems/activerecord-5.0.0.1/lib/active_record/transactions.rb:392:in `with_transaction_returning_status'
/usr/local/rvm/gems/ruby-2.3.0/gems/activerecord-5.0.0.1/lib/active_record/transactions.rb:319:in `block in save'
/usr/local/rvm/gems/ruby-2.3.0/gems/activerecord-5.0.0.1/lib/active_record/transactions.rb:334:in `rollback_active_record_state!'
/usr/local/rvm/gems/ruby-2.3.0/gems/activerecord-5.0.0.1/lib/active_record/transactions.rb:318:in `save'
/usr/local/rvm/gems/ruby-2.3.0/gems/activerecord-5.0.0.1/lib/active_record/suppressor.rb:41:in `save'
/usr/local/rvm/gems/ruby-2.3.0/gems/activerecord-5.0.0.1/lib/active_record/persistence.rb:266:in `block in update'
/usr/local/rvm/gems/ruby-2.3.0/gems/activerecord-5.0.0.1/lib/active_record/transactions.rb:395:in `block in with_transaction_returning_status'
/usr/local/rvm/gems/ruby-2.3.0/gems/activerecord-5.0.0.1/lib/active_record/connection_adapters/abstract/database_statements.rb:230:in `transaction'
/usr/local/rvm/gems/ruby-2.3.0/gems/activerecord-5.0.0.1/lib/active_record/transactions.rb:211:in `transaction'
/usr/local/rvm/gems/ruby-2.3.0/gems/activerecord-5.0.0.1/lib/active_record/transactions.rb:392:in `with_transaction_returning_status'
/usr/local/rvm/gems/ruby-2.3.0/gems/activerecord-5.0.0.1/lib/active_record/persistence.rb:264:in `update'
/home/ubuntu/workspace/matchme/app/models/match.rb:25:in `add_percent'
/usr/local/rvm/gems/ruby-2.3.0/gems/activesupport-5.0.0.1/lib/active_support/callbacks.rb:382:in `block in make_lambda'
/usr/local/rvm/gems/ruby-2.3.0/gems/activesupport-5.0.0.1/lib/active_support/callbacks.rb:207:in `block in halting_and_conditional'
/usr/local/rvm/gems/ruby-2.3.0/gems/activesupport-5.0.0.1/lib/active_support/callbacks.rb:456:in `block in call'
/usr/local/rvm/gems/ruby-2.3.0/gems/activesupport-5.0.0.1/lib/active_support/callbacks.rb:456:in `each'
/usr/local/rvm/gems/ruby-2.3.0/gems/activesupport-5.0.0.1/lib/active_support/callbacks.rb:456:in `call'
/usr/local/rvm/gems/ruby-2.3.0/gems/activesupport-5.0.0.1/lib/active_support/callbacks.rb:101:in `__run_callbacks__'
/usr/local/rvm/gems/ruby-2.3.0/gems/activesupport-5.0.0.1/lib/active_support/callbacks.rb:750:in `_run_save_callbacks'
/usr/local/rvm/gems/ruby-2.3.0/gems/activerecord-5.0.0.1/lib/active_record/callbacks.rb:298:in `create_or_update'
/usr/local/rvm/gems/ruby-2.3.0/gems/activerecord-5.0.0.1/lib/active_record/persistence.rb:125:in `save'
/usr/local/rvm/gems/ruby-2.3.0/gems/activerecord-5.0.0.1/lib/active_record/validations.rb:44:in `save'
/usr/local/rvm/gems/ruby-2.3.0/gems/activerecord-5.0.0.1/lib/active_record/attribute_methods/dirty.rb:22:in `save'
/usr/local/rvm/gems/ruby-2.3.0/gems/activerecord-5.0.0.1/lib/active_record/transactions.rb:319:in `block (2 levels) in save'
/usr/local/rvm/gems/ruby-2.3.0/gems/activerecord-5.0.0.1/lib/active_record/transactions.rb:395:in `block in with_transaction_returning_status'
/usr/local/rvm/gems/ruby-2.3.0/gems/activerecord-5.0.0.1/lib/active_record/connection_adapters/abstract/database_statements.rb:230:in `transaction'
/usr/local/rvm/gems/ruby-2.3.0/gems/activerecord-5.0.0.1/lib/active_record/transactions.rb:211:in `transaction'
/usr/local/rvm/gems/ruby-2.3.0/gems/activerecord-5.0.0.1/lib/active_record/transactions.rb:392:in `with_transaction_returning_status'
/usr/local/rvm/gems/ruby-2.3.0/gems/activerecord-5.0.0.1/lib/active_record/transactions.rb:319:in `block in save'
/usr/local/rvm/gems/ruby-2.3.0/gems/activerecord-5.0.0.1/lib/active_record/transactions.rb:334:in `rollback_active_record_state!'
/usr/local/rvm/gems/ruby-2.3.0/gems/activerecord-5.0.0.1/lib/active_record/transactions.rb:318:in `save'
/usr/local/rvm/gems/ruby-2.3.0/gems/activerecord-5.0.0.1/lib/active_record/suppressor.rb:41:in `save'
/usr/local/rvm/gems/ruby-2.3.0/gems/activerecord-5.0.0.1/lib/active_record/persistence.rb:266:in `block in update'
/usr/local/rvm/gems/ruby-2.3.0/gems/activerecord-5.0.0.1/lib/active_record/transactions.rb:395:in `block in with_transaction_returning_status'
/usr/local/rvm/gems/ruby-2.3.0/gems/activerecord-5.0.0.1/lib/active_record/connection_adapters/abstract/database_statements.rb:230:in `transaction'
/usr/local/rvm/gems/ruby-2.3.0/gems/activerecord-5.0.0.1/lib/active_record/transactions.rb:211:in `transaction'
/usr/local/rvm/gems/ruby-2.3.0/gems/activerecord-5.0.0.1/lib/active_record/transactions.rb:392:in `with_transaction_returning_status'
/usr/local/rvm/gems/ruby-2.3.0/gems/activerecord-5.0.0.1/lib/active_record/persistence.rb:264:in `update'
/home/ubuntu/workspace/matchme/app/models/match.rb:25:in `add_percent'
/usr/local/rvm/gems/ruby-2.3.0/gems/activesupport-5.0.0.1/lib/active_support/callbacks.rb:382:in `block in make_lambda'
/usr/local/rvm/gems/ruby-2.3.0/gems/activesupport-5.0.0.1/lib/active_support/callbacks.rb:207:in `block in halting_and_conditional'
/usr/local/rvm/gems/ruby-2.3.0/gems/activesupport-5.0.0.1/lib/active_support/callbacks.rb:456:in `block in call'
/usr/local/rvm/gems/ruby-2.3.0/gems/activesupport-5.0.0.1/lib/active_support/callbacks.rb:456:in `each'
/usr/local/rvm/gems/ruby-2.3.0/gems/activesupport-5.0.0.1/lib/active_support/callbacks.rb:456:in `call'
/usr/local/rvm/gems/ruby-2.3.0/gems/activesupport-5.0.0.1/lib/active_support/callbacks.rb:101:in `__run_callbacks__'
/usr/local/rvm/gems/ruby-2.3.0/gems/activesupport-5.0.0.1/lib/active_support/callbacks.rb:750:in `_run_save_callbacks'
/usr/local/rvm/gems/ruby-2.3.0/gems/activerecord-5.0.0.1/lib/active_record/callbacks.rb:298:in `create_or_update'
/usr/local/rvm/gems/ruby-2.3.0/gems/activerecord-5.0.0.1/lib/active_record/persistence.rb:125:in `save'
/usr/local/rvm/gems/ruby-2.3.0/gems/activerecord-5.0.0.1/lib/active_record/validations.rb:44:in `save'
/usr/local/rvm/gems/ruby-2.3.0/gems/activerecord-5.0.0.1/lib/active_record/attribute_methods/dirty.rb:22:in `save'
/usr/local/rvm/gems/ruby-2.3.0/gems/activerecord-5.0.0.1/lib/active_record/transactions.rb:319:in `block (2 levels) in save'
/usr/local/rvm/gems/ruby-2.3.0/gems/activerecord-5.0.0.1/lib/active_record/transactions.rb:395:in `block in with_transaction_returning_status'
/usr/local/rvm/gems/ruby-2.3.0/gems/activerecord-5.0.0.1/lib/active_record/connection_adapters/abstract/database_statements.rb:230:in `transaction'
/usr/local/rvm/gems/ruby-2.3.0/gems/activerecord-5.0.0.1/lib/active_record/transactions.rb:211:in `transaction'
/usr/local/rvm/gems/ruby-2.3.0/gems/activerecord-5.0.0.1/lib/active_record/transactions.rb:392:in `with_transaction_returning_status'
/usr/local/rvm/gems/ruby-2.3.0/gems/activerecord-5.0.0.1/lib/active_record/transactions.rb:319:in `block in save'
/usr/local/rvm/gems/ruby-2.3.0/gems/activerecord-5.0.0.1/lib/active_record/transactions.rb:334:in `rollback_active_record_state!'
/usr/local/rvm/gems/ruby-2.3.0/gems/activerecord-5.0.0.1/lib/active_record/transactions.rb:318:in `save'
/usr/local/rvm/gems/ruby-2.3.0/gems/activerecord-5.0.0.1/lib/active_record/suppressor.rb:41:in `save'
/usr/local/rvm/gems/ruby-2.3.0/gems/activerecord-5.0.0.1/lib/active_record/persistence.rb:266:in `block in update'
/usr/local/rvm/gems/ruby-2.3.0/gems/activerecord-5.0.0.1/lib/active_record/transactions.rb:395:in `block in with_transaction_returning_status'
/usr/local/rvm/gems/ruby-2.3.0/gems/activerecord-5.0.0.1/lib/active_record/connection_adapters/abstract/database_statements.rb:230:in `transaction'
/usr/local/rvm/gems/ruby-2.3.0/gems/activerecord-5.0.0.1/lib/active_record/transactions.rb:211:in `transaction'
/usr/local/rvm/gems/ruby-2.3.0/gems/activerecord-5.0.0.1/lib/active_record/transactions.rb:392:in `with_transaction_returning_status'
/usr/local/rvm/gems/ruby-2.3.0/gems/activerecord-5.0.0.1/lib/active_record/persistence.rb:264:in `update'
/home/ubuntu/workspace/matchme/app/models/match.rb:25:in `add_percent'
/usr/local/rvm/gems/ruby-2.3.0/gems/activesupport-5.0.0.1/lib/active_support/callbacks.rb:382:in `block in make_lambda'
/usr/local/rvm/gems/ruby-2.3.0/gems/activesupport-5.0.0.1/lib/active_support/callbacks.rb:207:in `block in halting_and_conditional'
/usr/local/rvm/gems/ruby-2.3.0/gems/activesupport-5.0.0.1/lib/active_support/callbacks.rb:456:in `block in call'
/usr/local/rvm/gems/ruby-2.3.0/gems/activesupport-5.0.0.1/lib/active_support/callbacks.rb:456:in `each'
/usr/local/rvm/gems/ruby-2.3.0/gems/activesupport-5.0.0.1/lib/active_support/callbacks.rb:456:in `call'
/usr/local/rvm/gems/ruby-2.3.0/gems/activesupport-5.0.0.1/lib/active_support/callbacks.rb:101:in `__run_callbacks__'
/usr/local/rvm/gems/ruby-2.3.0/gems/activesupport-5.0.0.1/lib/active_support/callbacks.rb:750:in `_run_save_callbacks'
/usr/local/rvm/gems/ruby-2.3.0/gems/activerecord-5.0.0.1/lib/active_record/callbacks.rb:298:in `create_or_update'
/usr/local/rvm/gems/ruby-2.3.0/gems/activerecord-5.0.0.1/lib/active_record/persistence.rb:125:in `save'
/usr/local/rvm/gems/ruby-2.3.0/gems/activerecord-5.0.0.1/lib/active_record/validations.rb:44:in `save'
/usr/local/rvm/gems/ruby-2.3.0/gems/activerecord-5.0.0.1/lib/active_record/attribute_methods/dirty.rb:22:in `save'
/usr/local/rvm/gems/ruby-2.3.0/gems/activerecord-5.0.0.1/lib/active_record/transactions.rb:319:in `block (2 levels) in save'
/usr/local/rvm/gems/ruby-2.3.0/gems/activerecord-5.0.0.1/lib/active_record/transactions.rb:395:in `block in with_transaction_returning_status'
/usr/local/rvm/gems/ruby-2.3.0/gems/activerecord-5.0.0.1/lib/active_record/connection_adapters/abstract/database_statements.rb:230:in `transaction'
/usr/local/rvm/gems/ruby-2.3.0/gems/activerecord-5.0.0.1/lib/active_record/transactions.rb:211:in `transaction'
/usr/local/rvm/gems/ruby-2.3.0/gems/activerecord-5.0.0.1/lib/active_record/transactions.rb:392:in `with_transaction_returning_status'
/usr/local/rvm/gems/ruby-2.3.0/gems/activerecord-5.0.0.1/lib/active_record/transactions.rb:319:in `block in save'
/usr/local/rvm/gems/ruby-2.3.0/gems/activerecord-5.0.0.1/lib/active_record/transactions.rb:334:in `rollback_active_record_state!'
/usr/local/rvm/gems/ruby-2.3.0/gems/activerecord-5.0.0.1/lib/active_record/transactions.rb:318:in `save'
/usr/local/rvm/gems/ruby-2.3.0/gems/activerecord-5.0.0.1/lib/active_record/suppressor.rb:41:in `save'
/usr/local/rvm/gems/ruby-2.3.0/gems/activerecord-5.0.0.1/lib/active_record/persistence.rb:266:in `block in update'
/usr/local/rvm/gems/ruby-2.3.0/gems/activerecord-5.0.0.1/lib/active_record/transactions.rb:395:in `block in with_transaction_returning_status'
/usr/local/rvm/gems/ruby-2.3.0/gems/activerecord-5.0.0.1/lib/active_record/connection_adapters/abstract/database_statements.rb:230:in `transaction'
/usr/local/rvm/gems/ruby-2.3.0/gems/activerecord-5.0.0.1/lib/active_record/transactions.rb:211:in `transaction'
/usr/local/rvm/gems/ruby-2.3.0/gems/activerecord-5.0.0.1/lib/active_record/transactions.rb:392:in `with_transaction_returning_status'
/usr/local/rvm/gems/ruby-2.3.0/gems/activerecord-5.0.0.1/lib/active_record/persistence.rb:264:in `update'
/home/ubuntu/workspace/matchme/app/models/match.rb:25:in `add_percent'
/usr/local/rvm/gems/ruby-2.3.0/gems/activesupport-5.0.0.1/lib/active_support/callbacks.rb:382:in `block in make_lambda'
/usr/local/rvm/gems/ruby-2.3.0/gems/activesupport-5.0.0.1/lib/active_support/callbacks.rb:207:in `block in halting_and_conditional'
/usr/local/rvm/gems/ruby-2.3.0/gems/activesupport-5.0.0.1/lib/active_support/callbacks.rb:456:in `block in call'
/usr/local/rvm/gems/ruby-2.3.0/gems/activesupport-5.0.0.1/lib/active_support/callbacks.rb:456:in `each'
/usr/local/rvm/gems/ruby-2.3.0/gems/activesupport-5.0.0.1/lib/active_support/callbacks.rb:456:in `call'
/usr/local/rvm/gems/ruby-2.3.0/gems/activesupport-5.0.0.1/lib/active_support/callbacks.rb:101:in `__run_callbacks__'
/usr/local/rvm/gems/ruby-2.3.0/gems/activesupport-5.0.0.1/lib/active_support/callbacks.rb:750:in `_run_save_callbacks'
/usr/local/rvm/gems/ruby-2.3.0/gems/activerecord-5.0.0.1/lib/active_record/callbacks.rb:298:in `create_or_update'
/usr/local/rvm/gems/ruby-2.3.0/gems/activerecord-5.0.0.1/lib/active_record/persistence.rb:125:in `save'
/usr/local/rvm/gems/ruby-2.3.0/gems/activerecord-5.0.0.1/lib/active_record/validations.rb:44:in `save'
/usr/local/rvm/gems/ruby-2.3.0/gems/activerecord-5.0.0.1/lib/active_record/attribute_methods/dirty.rb:22:in `save'
/usr/local/rvm/gems/ruby-2.3.0/gems/activerecord-5.0.0.1/lib/active_record/transactions.rb:319:in `block (2 levels) in save'
/usr/local/rvm/gems/ruby-2.3.0/gems/activerecord-5.0.0.1/lib/active_record/transactions.rb:395:in `block in with_transaction_returning_status'
/usr/local/rvm/gems/ruby-2.3.0/gems/activerecord-5.0.0.1/lib/active_record/connection_adapters/abstract/database_statements.rb:230:in `transaction'
/usr/local/rvm/gems/ruby-2.3.0/gems/activerecord-5.0.0.1/lib/active_record/transactions.rb:211:in `transaction'
/usr/local/rvm/gems/ruby-2.3.0/gems/activerecord-5.0.0.1/lib/active_record/transactions.rb:392:in `with_transaction_returning_status'
/usr/local/rvm/gems/ruby-2.3.0/gems/activerecord-5.0.0.1/lib/active_record/transactions.rb:319:in `block in save'
/usr/local/rvm/gems/ruby-2.3.0/gems/activerecord-5.0.0.1/lib/active_record/transactions.rb:334:in `rollback_active_record_state!'
/usr/local/rvm/gems/ruby-2.3.0/gems/activerecord-5.0.0.1/lib/active_record/transactions.rb:318:in `save'
/usr/local/rvm/gems/ruby-2.3.0/gems/activerecord-5.0.0.1/lib/active_record/suppressor.rb:41:in `save'
/usr/local/rvm/gems/ruby-2.3.0/gems/activerecord-5.0.0.1/lib/active_record/persistence.rb:266:in `block in update'
/usr/local/rvm/gems/ruby-2.3.0/gems/activerecord-5.0.0.1/lib/active_record/transactions.rb:395:in `block in with_transaction_returning_status'
/usr/local/rvm/gems/ruby-2.3.0/gems/activerecord-5.0.0.1/lib/active_record/connection_adapters/abstract/database_statements.rb:230:in `transaction'
/usr/local/rvm/gems/ruby-2.3.0/gems/activerecord-5.0.0.1/lib/active_record/transactions.rb:211:in `transaction'
/usr/local/rvm/gems/ruby-2.3.0/gems/activerecord-5.0.0.1/lib/active_record/transactions.rb:392:in `with_transaction_returning_status'
/usr/local/rvm/gems/ruby-2.3.0/gems/activerecord-5.0.0.1/lib/active_record/persistence.rb:264:in `update'
/home/ubuntu/workspace/matchme/app/models/match.rb:25:in `add_percent'
/usr/local/rvm/gems/ruby-2.3.0/gems/activesupport-5.0.0.1/lib/active_support/callbacks.rb:382:in `block in make_lambda'
/usr/local/rvm/gems/ruby-2.3.0/gems/activesupport-5.0.0.1/lib/active_support/callbacks.rb:207:in `block in halting_and_conditional'
/usr/local/rvm/gems/ruby-2.3.0/gems/activesupport-5.0.0.1/lib/active_support/callbacks.rb:456:in `block in call'
/usr/local/rvm/gems/ruby-2.3.0/gems/activesupport-5.0.0.1/lib/active_support/callbacks.rb:456:in `each'
/usr/local/rvm/gems/ruby-2.3.0/gems/activesupport-5.0.0.1/lib/active_support/callbacks.rb:456:in `call'
/usr/local/rvm/gems/ruby-2.3.0/gems/activesupport-5.0.0.1/lib/active_support/callbacks.rb:101:in `__run_callbacks__'
/usr/local/rvm/gems/ruby-2.3.0/gems/activesupport-5.0.0.1/lib/active_support/callbacks.rb:750:in `_run_save_callbacks'
/usr/local/rvm/gems/ruby-2.3.0/gems/activerecord-5.0.0.1/lib/active_record/callbacks.rb:298:in `create_or_update'
/usr/local/rvm/gems/ruby-2.3.0/gems/activerecord-5.0.0.1/lib/active_record/persistence.rb:125:in `save'
/usr/local/rvm/gems/ruby-2.3.0/gems/activerecord-5.0.0.1/lib/active_record/validations.rb:44:in `save'
/usr/local/rvm/gems/ruby-2.3.0/gems/activerecord-5.0.0.1/lib/active_record/attribute_methods/dirty.rb:22:in `save'
/usr/local/rvm/gems/ruby-2.3.0/gems/activerecord-5.0.0.1/lib/active_record/transactions.rb:319:in `block (2 levels) in save'
/usr/local/rvm/gems/ruby-2.3.0/gems/activerecord-5.0.0.1/lib/active_record/transactions.rb:395:in `block in with_transaction_returning_status'
/usr/local/rvm/gems/ruby-2.3.0/gems/activerecord-5.0.0.1/lib/active_record/connection_adapters/abstract/database_statements.rb:230:in `transaction'
/usr/local/rvm/gems/ruby-2.3.0/gems/activerecord-5.0.0.1/lib/active_record/transactions.rb:211:in `transaction'
/usr/local/rvm/gems/ruby-2.3.0/gems/activerecord-5.0.0.1/lib/active_record/transactions.rb:392:in `with_transaction_returning_status'
/usr/local/rvm/gems/ruby-2.3.0/gems/activerecord-5.0.0.1/lib/active_record/transactions.rb:319:in `block in save'
/usr/local/rvm/gems/ruby-2.3.0/gems/activerecord-5.0.0.1/lib/active_record/transactions.rb:334:in `rollback_active_record_state!'
/usr/local/rvm/gems/ruby-2.3.0/gems/activerecord-5.0.0.1/lib/active_record/transactions.rb:318:in `save'
/usr/local/rvm/gems/ruby-2.3.0/gems/activerecord-5.0.0.1/lib/active_record/suppressor.rb:41:in `save'
/usr/local/rvm/gems/ruby-2.3.0/gems/activerecord-5.0.0.1/lib/active_record/persistence.rb:266:in `block in update'
/usr/local/rvm/gems/ruby-2.3.0/gems/activerecord-5.0.0.1/lib/active_record/transactions.rb:395:in `block in with_transaction_returning_status'
/usr/local/rvm/gems/ruby-2.3.0/gems/activerecord-5.0.0.1/lib/active_record/connection_adapters/abstract/database_statements.rb:230:in `transaction'
/usr/local/rvm/gems/ruby-2.3.0/gems/activerecord-5.0.0.1/lib/active_record/transactions.rb:211:in `transaction'
/usr/local/rvm/gems/ruby-2.3.0/gems/activerecord-5.0.0.1/lib/active_record/transactions.rb:392:in `with_transaction_returning_status'
/usr/local/rvm/gems/ruby-2.3.0/gems/activerecord-5.0.0.1/lib/active_record/persistence.rb:264:in `update'
/home/ubuntu/workspace/matchme/app/models/match.rb:25:in `add_percent'
/usr/local/rvm/gems/ruby-2.3.0/gems/activesupport-5.0.0.1/lib/active_support/callbacks.rb:382:in `block in make_lambda'
/usr/local/rvm/gems/ruby-2.3.0/gems/activesupport-5.0.0.1/lib/active_support/callbacks.rb:207:in `block in halting_and_conditional'
/usr/local/rvm/gems/ruby-2.3.0/gems/activesupport-5.0.0.1/lib/active_support/callbacks.rb:456:in `block in call'
/usr/local/rvm/gems/ruby-2.3.0/gems/activesupport-5.0.0.1/lib/active_support/callbacks.rb:456:in `each'
/usr/local/rvm/gems/ruby-2.3.0/gems/activesupport-5.0.0.1/lib/active_support/callbacks.rb:456:in `call'
/usr/local/rvm/gems/ruby-2.3.0/gems/activesupport-5.0.0.1/lib/active_support/callbacks.rb:101:in `__run_callbacks__'
/usr/local/rvm/gems/ruby-2.3.0/gems/activesupport-5.0.0.1/lib/active_support/callbacks.rb:750:in `_run_save_callbacks'
/usr/local/rvm/gems/ruby-2.3.0/gems/activerecord-5.0.0.1/lib/active_record/callbacks.rb:298:in `create_or_update'
/usr/local/rvm/gems/ruby-2.3.0/gems/activerecord-5.0.0.1/lib/active_record/persistence.rb:125:in `save'
/usr/local/rvm/gems/ruby-2.3.0/gems/activerecord-5.0.0.1/lib/active_record/validations.rb:44:in `save'
/usr/local/rvm/gems/ruby-2.3.0/gems/activerecord-5.0.0.1/lib/active_record/attribute_methods/dirty.rb:22:in `save'
/usr/local/rvm/gems/ruby-2.3.0/gems/activerecord-5.0.0.1/lib/active_record/transactions.rb:319:in `block (2 levels) in save'
/usr/local/rvm/gems/ruby-2.3.0/gems/activerecord-5.0.0.1/lib/active_record/transactions.rb:395:in `block in with_transaction_returning_status'
/usr/local/rvm/gems/ruby-2.3.0/gems/activerecord-5.0.0.1/lib/active_record/connection_adapters/abstract/database_statements.rb:230:in `transaction'
/usr/local/rvm/gems/ruby-2.3.0/gems/activerecord-5.0.0.1/lib/active_record/transactions.rb:211:in `transaction'
/usr/local/rvm/gems/ruby-2.3.0/gems/activerecord-5.0.0.1/lib/active_record/transactions.rb:392:in `with_transaction_returning_status'
/usr/local/rvm/gems/ruby-2.3.0/gems/activerecord-5.0.0.1/lib/active_record/transactions.rb:319:in `block in save'
/usr/local/rvm/gems/ruby-2.3.0/gems/activerecord-5.0.0.1/lib/active_record/transactions.rb:334:in `rollback_active_record_state!'
/usr/local/rvm/gems/ruby-2.3.0/gems/activerecord-5.0.0.1/lib/active_record/transactions.rb:318:in `save'
/usr/local/rvm/gems/ruby-2.3.0/gems/activerecord-5.0.0.1/lib/active_record/suppressor.rb:41:in `save'
/usr/local/rvm/gems/ruby-2.3.0/gems/activerecord-5.0.0.1/lib/active_record/persistence.rb:266:in `block in update'
/usr/local/rvm/gems/ruby-2.3.0/gems/activerecord-5.0.0.1/lib/active_record/transactions.rb:395:in `block in with_transaction_returning_status'
/usr/local/rvm/gems/ruby-2.3.0/gems/activerecord-5.0.0.1/lib/active_record/connection_adapters/abstract/database_statements.rb:230:in `transaction'
/usr/local/rvm/gems/ruby-2.3.0/gems/activerecord-5.0.0.1/lib/active_record/transactions.rb:211:in `transaction'
/usr/local/rvm/gems/ruby-2.3.0/gems/activerecord-5.0.0.1/lib/active_record/transactions.rb:392:in `with_transaction_returning_status'
/usr/local/rvm/gems/ruby-2.3.0/gems/activerecord-5.0.0.1/lib/active_record/persistence.rb:264:in `update'
/home/ubuntu/workspace/matchme/app/models/match.rb:25:in `add_percent'
/usr/local/rvm/gems/ruby-2.3.0/gems/activesupport-5.0.0.1/lib/active_support/callbacks.rb:382:in `block in make_lambda'
/usr/local/rvm/gems/ruby-2.3.0/gems/activesupport-5.0.0.1/lib/active_support/callbacks.rb:207:in `block in halting_and_conditional'
/usr/local/rvm/gems/ruby-2.3.0/gems/activesupport-5.0.0.1/lib/active_support/callbacks.rb:456:in `block in call'
/usr/local/rvm/gems/ruby-2.3.0/gems/activesupport-5.0.0.1/lib/active_support/callbacks.rb:456:in `each'
/usr/local/rvm/gems/ruby-2.3.0/gems/activesupport-5.0.0.1/lib/active_support/callbacks.rb:456:in `call'
/usr/local/rvm/gems/ruby-2.3.0/gems/activesupport-5.0.0.1/lib/active_support/callbacks.rb:101:in `__run_callbacks__'
/usr/local/rvm/gems/ruby-2.3.0/gems/activesupport-5.0.0.1/lib/active_support/callbacks.rb:750:in `_run_save_callbacks'
/usr/local/rvm/gems/ruby-2.3.0/gems/activerecord-5.0.0.1/lib/active_record/callbacks.rb:298:in `create_or_update'
/usr/local/rvm/gems/ruby-2.3.0/gems/activerecord-5.0.0.1/lib/active_record/persistence.rb:125:in `save'
/usr/local/rvm/gems/ruby-2.3.0/gems/activerecord-5.0.0.1/lib/active_record/validations.rb:44:in `save'
/usr/local/rvm/gems/ruby-2.3.0/gems/activerecord-5.0.0.1/lib/active_record/attribute_methods/dirty.rb:22:in `save'
/usr/local/rvm/gems/ruby-2.3.0/gems/activerecord-5.0.0.1/lib/active_record/transactions.rb:319:in `block (2 levels) in save'
/usr/local/rvm/gems/ruby-2.3.0/gems/activerecord-5.0.0.1/lib/active_record/transactions.rb:395:in `block in with_transaction_returning_status'
/usr/local/rvm/gems/ruby-2.3.0/gems/activerecord-5.0.0.1/lib/active_record/connection_adapters/abstract/database_statements.rb:230:in `transaction'
/usr/local/rvm/gems/ruby-2.3.0/gems/activerecord-5.0.0.1/lib/active_record/transactions.rb:211:in `transaction'
/usr/local/rvm/gems/ruby-2.3.0/gems/activerecord-5.0.0.1/lib/active_record/transactions.rb:392:in `with_transaction_returning_status'
/usr/local/rvm/gems/ruby-2.3.0/gems/activerecord-5.0.0.1/lib/active_record/transactions.rb:319:in `block in save'
/usr/local/rvm/gems/ruby-2.3.0/gems/activerecord-5.0.0.1/lib/active_record/transactions.rb:334:in `rollback_active_record_state!'
/usr/local/rvm/gems/ruby-2.3.0/gems/activerecord-5.0.0.1/lib/active_record/transactions.rb:318:in `save'
/usr/local/rvm/gems/ruby-2.3.0/gems/activerecord-5.0.0.1/lib/active_record/suppressor.rb:41:in `save'
/usr/local/rvm/gems/ruby-2.3.0/gems/activerecord-5.0.0.1/lib/active_record/persistence.rb:266:in `block in update'
/usr/local/rvm/gems/ruby-2.3.0/gems/activerecord-5.0.0.1/lib/active_record/transactions.rb:395:in `block in with_transaction_returning_status'
/usr/local/rvm/gems/ruby-2.3.0/gems/activerecord-5.0.0.1/lib/active_record/connection_adapters/abstract/database_statements.rb:230:in `transaction'
/usr/local/rvm/gems/ruby-2.3.0/gems/activerecord-5.0.0.1/lib/active_record/transactions.rb:211:in `transaction'
/usr/local/rvm/gems/ruby-2.3.0/gems/activerecord-5.0.0.1/lib/active_record/transactions.rb:392:in `with_transaction_returning_status'
/usr/local/rvm/gems/ruby-2.3.0/gems/activerecord-5.0.0.1/lib/active_record/persistence.rb:264:in `update'
/home/ubuntu/workspace/matchme/app/models/match.rb:25:in `add_percent'
/usr/local/rvm/gems/ruby-2.3.0/gems/activesupport-5.0.0.1/lib/active_support/callbacks.rb:382:in `block in make_lambda'
/usr/local/rvm/gems/ruby-2.3.0/gems/activesupport-5.0.0.1/lib/active_support/callbacks.rb:207:in `block in halting_and_conditional'
/usr/local/rvm/gems/ruby-2.3.0/gems/activesupport-5.0.0.1/lib/active_support/callbacks.rb:456:in `block in call'
/usr/local/rvm/gems/ruby-2.3.0/gems/activesupport-5.0.0.1/lib/active_support/callbacks.rb:456:in `each'
/usr/local/rvm/gems/ruby-2.3.0/gems/activesupport-5.0.0.1/lib/active_support/callbacks.rb:456:in `call'
/usr/local/rvm/gems/ruby-2.3.0/gems/activesupport-5.0.0.1/lib/active_support/callbacks.rb:101:in `__run_callbacks__'
/usr/local/rvm/gems/ruby-2.3.0/gems/activesupport-5.0.0.1/lib/active_support/callbacks.rb:750:in `_run_save_callbacks'
/usr/local/rvm/gems/ruby-2.3.0/gems/activerecord-5.0.0.1/lib/active_record/callbacks.rb:298:in `create_or_update'
/usr/local/rvm/gems/ruby-2.3.0/gems/activerecord-5.0.0.1/lib/active_record/persistence.rb:125:in `save'
/usr/local/rvm/gems/ruby-2.3.0/gems/activerecord-5.0.0.1/lib/active_record/validations.rb:44:in `save'
/usr/local/rvm/gems/ruby-2.3.0/gems/activerecord-5.0.0.1/lib/active_record/attribute_methods/dirty.rb:22:in `save'
/usr/local/rvm/gems/ruby-2.3.0/gems/activerecord-5.0.0.1/lib/active_record/transactions.rb:319:in `block (2 levels) in save'
/usr/local/rvm/gems/ruby-2.3.0/gems/activerecord-5.0.0.1/lib/active_record/transactions.rb:395:in `block in with_transaction_returning_status'
/usr/local/rvm/gems/ruby-2.3.0/gems/activerecord-5.0.0.1/lib/active_record/connection_adapters/abstract/database_statements.rb:230:in `transaction'
/usr/local/rvm/gems/ruby-2.3.0/gems/activerecord-5.0.0.1/lib/active_record/transactions.rb:211:in `transaction'
/usr/local/rvm/gems/ruby-2.3.0/gems/activerecord-5.0.0.1/lib/active_record/transactions.rb:392:in `with_transaction_returning_status'
/usr/local/rvm/gems/ruby-2.3.0/gems/activerecord-5.0.0.1/lib/active_record/transactions.rb:319:in `block in save'
/usr/local/rvm/gems/ruby-2.3.0/gems/activerecord-5.0.0.1/lib/active_record/transactions.rb:334:in `rollback_active_record_state!'
/usr/local/rvm/gems/ruby-2.3.0/gems/activerecord-5.0.0.1/lib/active_record/transactions.rb:318:in `save'
/usr/local/rvm/gems/ruby-2.3.0/gems/activerecord-5.0.0.1/lib/active_record/suppressor.rb:41:in `save'
/usr/local/rvm/gems/ruby-2.3.0/gems/activerecord-5.0.0.1/lib/active_record/persistence.rb:266:in `block in update'
/usr/local/rvm/gems/ruby-2.3.0/gems/activerecord-5.0.0.1/lib/active_record/transactions.rb:395:in `block in with_transaction_returning_status'
/usr/local/rvm/gems/ruby-2.3.0/gems/activerecord-5.0.0.1/lib/active_record/connection_adapters/abstract/database_statements.rb:230:in `transaction'
/usr/local/rvm/gems/ruby-2.3.0/gems/activerecord-5.0.0.1/lib/active_record/transactions.rb:211:in `transaction'
/usr/local/rvm/gems/ruby-2.3.0/gems/activerecord-5.0.0.1/lib/active_record/transactions.rb:392:in `with_transaction_returning_status'
/usr/local/rvm/gems/ruby-2.3.0/gems/activerecord-5.0.0.1/lib/active_record/persistence.rb:264:in `update'
/home/ubuntu/workspace/matchme/app/models/match.rb:25:in `add_percent'
/usr/local/rvm/gems/ruby-2.3.0/gems/activesupport-5.0.0.1/lib/active_support/callbacks.rb:382:in `block in make_lambda'
/usr/local/rvm/gems/ruby-2.3.0/gems/activesupport-5.0.0.1/lib/active_support/callbacks.rb:207:in `block in halting_and_conditional'
/usr/local/rvm/gems/ruby-2.3.0/gems/activesupport-5.0.0.1/lib/active_support/callbacks.rb:456:in `block in call'
/usr/local/rvm/gems/ruby-2.3.0/gems/activesupport-5.0.0.1/lib/active_support/callbacks.rb:456:in `each'
/usr/local/rvm/gems/ruby-2.3.0/gems/activesupport-5.0.0.1/lib/active_support/callbacks.rb:456:in `call'
/usr/local/rvm/gems/ruby-2.3.0/gems/activesupport-5.0.0.1/lib/active_support/callbacks.rb:101:in `__run_callbacks__'
/usr/local/rvm/gems/ruby-2.3.0/gems/activesupport-5.0.0.1/lib/active_support/callbacks.rb:750:in `_run_save_callbacks'
/usr/local/rvm/gems/ruby-2.3.0/gems/activerecord-5.0.0.1/lib/active_record/callbacks.rb:298:in `create_or_update'
/usr/local/rvm/gems/ruby-2.3.0/gems/activerecord-5.0.0.1/lib/active_record/persistence.rb:125:in `save'
/usr/local/rvm/gems/ruby-2.3.0/gems/activerecord-5.0.0.1/lib/active_record/validations.rb:44:in `save'
/usr/local/rvm/gems/ruby-2.3.0/gems/activerecord-5.0.0.1/lib/active_record/attribute_methods/dirty.rb:22:in `save'
/usr/local/rvm/gems/ruby-2.3.0/gems/activerecord-5.0.0.1/lib/active_record/transactions.rb:319:in `block (2 levels) in save'
/usr/local/rvm/gems/ruby-2.3.0/gems/activerecord-5.0.0.1/lib/active_record/transactions.rb:395:in `block in with_transaction_returning_status'
/usr/local/rvm/gems/ruby-2.3.0/gems/activerecord-5.0.0.1/lib/active_record/connection_adapters/abstract/database_statements.rb:230:in `transaction'
/usr/local/rvm/gems/ruby-2.3.0/gems/activerecord-5.0.0.1/lib/active_record/transactions.rb:211:in `transaction'
/usr/local/rvm/gems/ruby-2.3.0/gems/activerecord-5.0.0.1/lib/active_record/transactions.rb:392:in `with_transaction_returning_status'
/usr/local/rvm/gems/ruby-2.3.0/gems/activerecord-5.0.0.1/lib/active_record/transactions.rb:319:in `block in save'
/usr/local/rvm/gems/ruby-2.3.0/gems/activerecord-5.0.0.1/lib/active_record/transactions.rb:334:in `rollback_active_record_state!'
/usr/local/rvm/gems/ruby-2.3.0/gems/activerecord-5.0.0.1/lib/active_record/transactions.rb:318:in `save'
/usr/local/rvm/gems/ruby-2.3.0/gems/activerecord-5.0.0.1/lib/active_record/suppressor.rb:41:in `save'
/usr/local/rvm/gems/ruby-2.3.0/gems/activerecord-5.0.0.1/lib/active_record/persistence.rb:266:in `block in update'
/usr/local/rvm/gems/ruby-2.3.0/gems/activerecord-5.0.0.1/lib/active_record/transactions.rb:395:in `block in with_transaction_returning_status'
/usr/local/rvm/gems/ruby-2.3.0/gems/activerecord-5.0.0.1/lib/active_record/connection_adapters/abstract/database_statements.rb:230:in `transaction'
/usr/local/rvm/gems/ruby-2.3.0/gems/activerecord-5.0.0.1/lib/active_record/transactions.rb:211:in `transaction'
/usr/local/rvm/gems/ruby-2.3.0/gems/activerecord-5.0.0.1/lib/active_record/transactions.rb:392:in `with_transaction_returning_status'
/usr/local/rvm/gems/ruby-2.3.0/gems/activerecord-5.0.0.1/lib/active_record/persistence.rb:264:in `update'
/home/ubuntu/workspace/matchme/app/models/match.rb:25:in `add_percent'
/usr/local/rvm/gems/ruby-2.3.0/gems/activesupport-5.0.0.1/lib/active_support/callbacks.rb:382:in `block in make_lambda'
/usr/local/rvm/gems/ruby-2.3.0/gems/activesupport-5.0.0.1/lib/active_support/callbacks.rb:207:in `block in halting_and_conditional'
/usr/local/rvm/gems/ruby-2.3.0/gems/activesupport-5.0.0.1/lib/active_support/callbacks.rb:456:in `block in call'
/usr/local/rvm/gems/ruby-2.3.0/gems/activesupport-5.0.0.1/lib/active_support/callbacks.rb:456:in `each'
/usr/local/rvm/gems/ruby-2.3.0/gems/activesupport-5.0.0.1/lib/active_support/callbacks.rb:456:in `call'
/usr/local/rvm/gems/ruby-2.3.0/gems/activesupport-5.0.0.1/lib/active_support/callbacks.rb:101:in `__run_callbacks__'
/usr/local/rvm/gems/ruby-2.3.0/gems/activesupport-5.0.0.1/lib/active_support/callbacks.rb:750:in `_run_save_callbacks'
/usr/local/rvm/gems/ruby-2.3.0/gems/activerecord-5.0.0.1/lib/active_record/callbacks.rb:298:in `create_or_update'
/usr/local/rvm/gems/ruby-2.3.0/gems/activerecord-5.0.0.1/lib/active_record/persistence.rb:125:in `save'
/usr/local/rvm/gems/ruby-2.3.0/gems/activerecord-5.0.0.1/lib/active_record/validations.rb:44:in `save'
/usr/local/rvm/gems/ruby-2.3.0/gems/activerecord-5.0.0.1/lib/active_record/attribute_methods/dirty.rb:22:in `save'
/usr/local/rvm/gems/ruby-2.3.0/gems/activerecord-5.0.0.1/lib/active_record/transactions.rb:319:in `block (2 levels) in save'
/usr/local/rvm/gems/ruby-2.3.0/gems/activerecord-5.0.0.1/lib/active_record/transactions.rb:395:in `block in with_transaction_returning_status'
/usr/local/rvm/gems/ruby-2.3.0/gems/activerecord-5.0.0.1/lib/active_record/connection_adapters/abstract/database_statements.rb:230:in `transaction'
/usr/local/rvm/gems/ruby-2.3.0/gems/activerecord-5.0.0.1/lib/active_record/transactions.rb:211:in `transaction'
/usr/local/rvm/gems/ruby-2.3.0/gems/activerecord-5.0.0.1/lib/active_record/transactions.rb:392:in `with_transaction_returning_status'
/usr/local/rvm/gems/ruby-2.3.0/gems/activerecord-5.0.0.1/lib/active_record/transactions.rb:319:in `block in save'
/usr/local/rvm/gems/ruby-2.3.0/gems/activerecord-5.0.0.1/lib/active_record/transactions.rb:334:in `rollback_active_record_state!'
/usr/local/rvm/gems/ruby-2.3.0/gems/activerecord-5.0.0.1/lib/active_record/transactions.rb:318:in `save'
/usr/local/rvm/gems/ruby-2.3.0/gems/activerecord-5.0.0.1/lib/active_record/suppressor.rb:41:in `save'
/usr/local/rvm/gems/ruby-2.3.0/gems/activerecord-5.0.0.1/lib/active_record/persistence.rb:266:in `block in update'
/usr/local/rvm/gems/ruby-2.3.0/gems/activerecord-5.0.0.1/lib/active_record/transactions.rb:395:in `block in with_transaction_returning_status'
/usr/local/rvm/gems/ruby-2.3.0/gems/activerecord-5.0.0.1/lib/active_record/connection_adapters/abstract/database_statements.rb:230:in `transaction'
/usr/local/rvm/gems/ruby-2.3.0/gems/activerecord-5.0.0.1/lib/active_record/transactions.rb:211:in `transaction'
/usr/local/rvm/gems/ruby-2.3.0/gems/activerecord-5.0.0.1/lib/active_record/transactions.rb:392:in `with_transaction_returning_status'
/usr/local/rvm/gems/ruby-2.3.0/gems/activerecord-5.0.0.1/lib/active_record/persistence.rb:264:in `update'
/home/ubuntu/workspace/matchme/app/models/match.rb:25:in `add_percent'
/usr/local/rvm/gems/ruby-2.3.0/gems/activesupport-5.0.0.1/lib/active_support/callbacks.rb:382:in `block in make_lambda'
/usr/local/rvm/gems/ruby-2.3.0/gems/activesupport-5.0.0.1/lib/active_support/callbacks.rb:207:in `block in halting_and_conditional'
/usr/local/rvm/gems/ruby-2.3.0/gems/activesupport-5.0.0.1/lib/active_support/callbacks.rb:456:in `block in call'
/usr/local/rvm/gems/ruby-2.3.0/gems/activesupport-5.0.0.1/lib/active_support/callbacks.rb:456:in `each'
/usr/local/rvm/gems/ruby-2.3.0/gems/activesupport-5.0.0.1/lib/active_support/callbacks.rb:456:in `call'
/usr/local/rvm/gems/ruby-2.3.0/gems/activesupport-5.0.0.1/lib/active_support/callbacks.rb:101:in `__run_callbacks__'
/usr/local/rvm/gems/ruby-2.3.0/gems/activesupport-5.0.0.1/lib/active_support/callbacks.rb:750:in `_run_save_callbacks'
/usr/local/rvm/gems/ruby-2.3.0/gems/activerecord-5.0.0.1/lib/active_record/callbacks.rb:298:in `create_or_update'
/usr/local/rvm/gems/ruby-2.3.0/gems/activerecord-5.0.0.1/lib/active_record/persistence.rb:125:in `save'
/usr/local/rvm/gems/ruby-2.3.0/gems/activerecord-5.0.0.1/lib/active_record/validations.rb:44:in `save'
/usr/local/rvm/gems/ruby-2.3.0/gems/activerecord-5.0.0.1/lib/active_record/attribute_methods/dirty.rb:22:in `save'
/usr/local/rvm/gems/ruby-2.3.0/gems/activerecord-5.0.0.1/lib/active_record/transactions.rb:319:in `block (2 levels) in save'
/usr/local/rvm/gems/ruby-2.3.0/gems/activerecord-5.0.0.1/lib/active_record/transactions.rb:395:in `block in with_transaction_returning_status'
/usr/local/rvm/gems/ruby-2.3.0/gems/activerecord-5.0.0.1/lib/active_record/connection_adapters/abstract/database_statements.rb:230:in `transaction'
/usr/local/rvm/gems/ruby-2.3.0/gems/activerecord-5.0.0.1/lib/active_record/transactions.rb:211:in `transaction'
/usr/local/rvm/gems/ruby-2.3.0/gems/activerecord-5.0.0.1/lib/active_record/transactions.rb:392:in `with_transaction_returning_status'
/usr/local/rvm/gems/ruby-2.3.0/gems/activerecord-5.0.0.1/lib/active_record/transactions.rb:319:in `block in save'
/usr/local/rvm/gems/ruby-2.3.0/gems/activerecord-5.0.0.1/lib/active_record/transactions.rb:334:in `rollback_active_record_state!'
/usr/local/rvm/gems/ruby-2.3.0/gems/activerecord-5.0.0.1/lib/active_record/transactions.rb:318:in `save'
/usr/local/rvm/gems/ruby-2.3.0/gems/activerecord-5.0.0.1/lib/active_record/suppressor.rb:41:in `save'
/usr/local/rvm/gems/ruby-2.3.0/gems/activerecord-5.0.0.1/lib/active_record/persistence.rb:266:in `block in update'
/usr/local/rvm/gems/ruby-2.3.0/gems/activerecord-5.0.0.1/lib/active_record/transactions.rb:395:in `block in with_transaction_returning_status'
/usr/local/rvm/gems/ruby-2.3.0/gems/activerecord-5.0.0.1/lib/active_record/connection_adapters/abstract/database_statements.rb:230:in `transaction'
/usr/local/rvm/gems/ruby-2.3.0/gems/activerecord-5.0.0.1/lib/active_record/transactions.rb:211:in `transaction'
/usr/local/rvm/gems/ruby-2.3.0/gems/activerecord-5.0.0.1/lib/active_record/transactions.rb:392:in `with_transaction_returning_status'
/usr/local/rvm/gems/ruby-2.3.0/gems/activerecord-5.0.0.1/lib/active_record/persistence.rb:264:in `update'
/home/ubuntu/workspace/matchme/app/models/match.rb:25:in `add_percent'
/usr/local/rvm/gems/ruby-2.3.0/gems/activesupport-5.0.0.1/lib/active_support/callbacks.rb:382:in `block in make_lambda'
/usr/local/rvm/gems/ruby-2.3.0/gems/activesupport-5.0.0.1/lib/active_support/callbacks.rb:207:in `block in halting_and_conditional'
/usr/local/rvm/gems/ruby-2.3.0/gems/activesupport-5.0.0.1/lib/active_support/callbacks.rb:456:in `block in call'
/usr/local/rvm/gems/ruby-2.3.0/gems/activesupport-5.0.0.1/lib/active_support/callbacks.rb:456:in `each'
/usr/local/rvm/gems/ruby-2.3.0/gems/activesupport-5.0.0.1/lib/active_support/callbacks.rb:456:in `call'
/usr/local/rvm/gems/ruby-2.3.0/gems/activesupport-5.0.0.1/lib/active_support/callbacks.rb:101:in `__run_callbacks__'
/usr/local/rvm/gems/ruby-2.3.0/gems/activesupport-5.0.0.1/lib/active_support/callbacks.rb:750:in `_run_save_callbacks'
/usr/local/rvm/gems/ruby-2.3.0/gems/activerecord-5.0.0.1/lib/active_record/callbacks.rb:298:in `create_or_update'
/usr/local/rvm/gems/ruby-2.3.0/gems/activerecord-5.0.0.1/lib/active_record/persistence.rb:125:in `save'
/usr/local/rvm/gems/ruby-2.3.0/gems/activerecord-5.0.0.1/lib/active_record/validations.rb:44:in `save'
/usr/local/rvm/gems/ruby-2.3.0/gems/activerecord-5.0.0.1/lib/active_record/attribute_methods/dirty.rb:22:in `save'
/usr/local/rvm/gems/ruby-2.3.0/gems/activerecord-5.0.0.1/lib/active_record/transactions.rb:319:in `block (2 levels) in save'
/usr/local/rvm/gems/ruby-2.3.0/gems/activerecord-5.0.0.1/lib/active_record/transactions.rb:395:in `block in with_transaction_returning_status'
/usr/local/rvm/gems/ruby-2.3.0/gems/activerecord-5.0.0.1/lib/active_record/connection_adapters/abstract/database_statements.rb:230:in `transaction'
/usr/local/rvm/gems/ruby-2.3.0/gems/activerecord-5.0.0.1/lib/active_record/transactions.rb:211:in `transaction'
/usr/local/rvm/gems/ruby-2.3.0/gems/activerecord-5.0.0.1/lib/active_record/transactions.rb:392:in `with_transaction_returning_status'
/usr/local/rvm/gems/ruby-2.3.0/gems/activerecord-5.0.0.1/lib/active_record/transactions.rb:319:in `block in save'
/usr/local/rvm/gems/ruby-2.3.0/gems/activerecord-5.0.0.1/lib/active_record/transactions.rb:334:in `rollback_active_record_state!'
/usr/local/rvm/gems/ruby-2.3.0/gems/activerecord-5.0.0.1/lib/active_record/transactions.rb:318:in `save'
/usr/local/rvm/gems/ruby-2.3.0/gems/activerecord-5.0.0.1/lib/active_record/suppressor.rb:41:in `save'
/usr/local/rvm/gems/ruby-2.3.0/gems/activerecord-5.0.0.1/lib/active_record/persistence.rb:266:in `block in update'
/usr/local/rvm/gems/ruby-2.3.0/gems/activerecord-5.0.0.1/lib/active_record/transactions.rb:395:in `block in with_transaction_returning_status'
/usr/local/rvm/gems/ruby-2.3.0/gems/activerecord-5.0.0.1/lib/active_record/connection_adapters/abstract/database_statements.rb:230:in `transaction'
/usr/local/rvm/gems/ruby-2.3.0/gems/activerecord-5.0.0.1/lib/active_record/transactions.rb:211:in `transaction'
/usr/local/rvm/gems/ruby-2.3.0/gems/activerecord-5.0.0.1/lib/active_record/transactions.rb:392:in `with_transaction_returning_status'
/usr/local/rvm/gems/ruby-2.3.0/gems/activerecord-5.0.0.1/lib/active_record/persistence.rb:264:in `update'
/home/ubuntu/workspace/matchme/app/models/match.rb:25:in `add_percent'
/usr/local/rvm/gems/ruby-2.3.0/gems/activesupport-5.0.0.1/lib/active_support/callbacks.rb:382:in `block in make_lambda'
/usr/local/rvm/gems/ruby-2.3.0/gems/activesupport-5.0.0.1/lib/active_support/callbacks.rb:207:in `block in halting_and_conditional'
/usr/local/rvm/gems/ruby-2.3.0/gems/activesupport-5.0.0.1/lib/active_support/callbacks.rb:456:in `block in call'
/usr/local/rvm/gems/ruby-2.3.0/gems/activesupport-5.0.0.1/lib/active_support/callbacks.rb:456:in `each'
/usr/local/rvm/gems/ruby-2.3.0/gems/activesupport-5.0.0.1/lib/active_support/callbacks.rb:456:in `call'
/usr/local/rvm/gems/ruby-2.3.0/gems/activesupport-5.0.0.1/lib/active_support/callbacks.rb:101:in `__run_callbacks__'
/usr/local/rvm/gems/ruby-2.3.0/gems/activesupport-5.0.0.1/lib/active_support/callbacks.rb:750:in `_run_save_callbacks'
/usr/local/rvm/gems/ruby-2.3.0/gems/activerecord-5.0.0.1/lib/active_record/callbacks.rb:298:in `create_or_update'
/usr/local/rvm/gems/ruby-2.3.0/gems/activerecord-5.0.0.1/lib/active_record/persistence.rb:125:in `save'
/usr/local/rvm/gems/ruby-2.3.0/gems/activerecord-5.0.0.1/lib/active_record/validations.rb:44:in `save'
/usr/local/rvm/gems/ruby-2.3.0/gems/activerecord-5.0.0.1/lib/active_record/attribute_methods/dirty.rb:22:in `save'
/usr/local/rvm/gems/ruby-2.3.0/gems/activerecord-5.0.0.1/lib/active_record/transactions.rb:319:in `block (2 levels) in save'
/usr/local/rvm/gems/ruby-2.3.0/gems/activerecord-5.0.0.1/lib/active_record/transactions.rb:395:in `block in with_transaction_returning_status'
/usr/local/rvm/gems/ruby-2.3.0/gems/activerecord-5.0.0.1/lib/active_record/connection_adapters/abstract/database_statements.rb:230:in `transaction'
/usr/local/rvm/gems/ruby-2.3.0/gems/activerecord-5.0.0.1/lib/active_record/transactions.rb:211:in `transaction'
/usr/local/rvm/gems/ruby-2.3.0/gems/activerecord-5.0.0.1/lib/active_record/transactions.rb:392:in `with_transaction_returning_status'
/usr/local/rvm/gems/ruby-2.3.0/gems/activerecord-5.0.0.1/lib/active_record/transactions.rb:319:in `block in save'
/usr/local/rvm/gems/ruby-2.3.0/gems/activerecord-5.0.0.1/lib/active_record/transactions.rb:334:in `rollback_active_record_state!'
/usr/local/rvm/gems/ruby-2.3.0/gems/activerecord-5.0.0.1/lib/active_record/transactions.rb:318:in `save'
/usr/local/rvm/gems/ruby-2.3.0/gems/activerecord-5.0.0.1/lib/active_record/suppressor.rb:41:in `save'
/usr/local/rvm/gems/ruby-2.3.0/gems/activerecord-5.0.0.1/lib/active_record/persistence.rb:266:in `block in update'
/usr/local/rvm/gems/ruby-2.3.0/gems/activerecord-5.0.0.1/lib/active_record/transactions.rb:395:in `block in with_transaction_returning_status'
/usr/local/rvm/gems/ruby-2.3.0/gems/activerecord-5.0.0.1/lib/active_record/connection_adapters/abstract/database_statements.rb:230:in `transaction'
/usr/local/rvm/gems/ruby-2.3.0/gems/activerecord-5.0.0.1/lib/active_record/transactions.rb:211:in `transaction'
/usr/local/rvm/gems/ruby-2.3.0/gems/activerecord-5.0.0.1/lib/active_record/transactions.rb:392:in `with_transaction_returning_status'
/usr/local/rvm/gems/ruby-2.3.0/gems/activerecord-5.0.0.1/lib/active_record/persistence.rb:264:in `update'
/home/ubuntu/workspace/matchme/app/models/match.rb:25:in `add_percent'
/usr/local/rvm/gems/ruby-2.3.0/gems/activesupport-5.0.0.1/lib/active_support/callbacks.rb:382:in `block in make_lambda'
/usr/local/rvm/gems/ruby-2.3.0/gems/activesupport-5.0.0.1/lib/active_support/callbacks.rb:207:in `block in halting_and_conditional'
/usr/local/rvm/gems/ruby-2.3.0/gems/activesupport-5.0.0.1/lib/active_support/callbacks.rb:456:in `block in call'
/usr/local/rvm/gems/ruby-2.3.0/gems/activesupport-5.0.0.1/lib/active_support/callbacks.rb:456:in `each'
/usr/local/rvm/gems/ruby-2.3.0/gems/activesupport-5.0.0.1/lib/active_support/callbacks.rb:456:in `call'
/usr/local/rvm/gems/ruby-2.3.0/gems/activesupport-5.0.0.1/lib/active_support/callbacks.rb:101:in `__run_callbacks__'
/usr/local/rvm/gems/ruby-2.3.0/gems/activesupport-5.0.0.1/lib/active_support/callbacks.rb:750:in `_run_save_callbacks'
/usr/local/rvm/gems/ruby-2.3.0/gems/activerecord-5.0.0.1/lib/active_record/callbacks.rb:298:in `create_or_update'
/usr/local/rvm/gems/ruby-2.3.0/gems/activerecord-5.0.0.1/lib/active_record/persistence.rb:125:in `save'
/usr/local/rvm/gems/ruby-2.3.0/gems/activerecord-5.0.0.1/lib/active_record/validations.rb:44:in `save'
/usr/local/rvm/gems/ruby-2.3.0/gems/activerecord-5.0.0.1/lib/active_record/attribute_methods/dirty.rb:22:in `save'
/usr/local/rvm/gems/ruby-2.3.0/gems/activerecord-5.0.0.1/lib/active_record/transactions.rb:319:in `block (2 levels) in save'
/usr/local/rvm/gems/ruby-2.3.0/gems/activerecord-5.0.0.1/lib/active_record/transactions.rb:395:in `block in with_transaction_returning_status'
/usr/local/rvm/gems/ruby-2.3.0/gems/activerecord-5.0.0.1/lib/active_record/connection_adapters/abstract/database_statements.rb:230:in `transaction'
/usr/local/rvm/gems/ruby-2.3.0/gems/activerecord-5.0.0.1/lib/active_record/transactions.rb:211:in `transaction'
/usr/local/rvm/gems/ruby-2.3.0/gems/activerecord-5.0.0.1/lib/active_record/transactions.rb:392:in `with_transaction_returning_status'
/usr/local/rvm/gems/ruby-2.3.0/gems/activerecord-5.0.0.1/lib/active_record/transactions.rb:319:in `block in save'
/usr/local/rvm/gems/ruby-2.3.0/gems/activerecord-5.0.0.1/lib/active_record/transactions.rb:334:in `rollback_active_record_state!'
/usr/local/rvm/gems/ruby-2.3.0/gems/activerecord-5.0.0.1/lib/active_record/transactions.rb:318:in `save'
/usr/local/rvm/gems/ruby-2.3.0/gems/activerecord-5.0.0.1/lib/active_record/suppressor.rb:41:in `save'
/usr/local/rvm/gems/ruby-2.3.0/gems/activerecord-5.0.0.1/lib/active_record/persistence.rb:266:in `block in update'
/usr/local/rvm/gems/ruby-2.3.0/gems/activerecord-5.0.0.1/lib/active_record/transactions.rb:395:in `block in with_transaction_returning_status'
/usr/local/rvm/gems/ruby-2.3.0/gems/activerecord-5.0.0.1/lib/active_record/connection_adapters/abstract/database_statements.rb:230:in `transaction'
/usr/local/rvm/gems/ruby-2.3.0/gems/activerecord-5.0.0.1/lib/active_record/transactions.rb:211:in `transaction'
/usr/local/rvm/gems/ruby-2.3.0/gems/activerecord-5.0.0.1/lib/active_record/transactions.rb:392:in `with_transaction_returning_status'
/usr/local/rvm/gems/ruby-2.3.0/gems/activerecord-5.0.0.1/lib/active_record/persistence.rb:264:in `update'
/home/ubuntu/workspace/matchme/app/models/match.rb:25:in `add_percent'
/usr/local/rvm/gems/ruby-2.3.0/gems/activesupport-5.0.0.1/lib/active_support/callbacks.rb:382:in `block in make_lambda'
/usr/local/rvm/gems/ruby-2.3.0/gems/activesupport-5.0.0.1/lib/active_support/callbacks.rb:207:in `block in halting_and_conditional'
/usr/local/rvm/gems/ruby-2.3.0/gems/activesupport-5.0.0.1/lib/active_support/callbacks.rb:456:in `block in call'
/usr/local/rvm/gems/ruby-2.3.0/gems/activesupport-5.0.0.1/lib/active_support/callbacks.rb:456:in `each'
/usr/local/rvm/gems/ruby-2.3.0/gems/activesupport-5.0.0.1/lib/active_support/callbacks.rb:456:in `call'
/usr/local/rvm/gems/ruby-2.3.0/gems/activesupport-5.0.0.1/lib/active_support/callbacks.rb:101:in `__run_callbacks__'
/usr/local/rvm/gems/ruby-2.3.0/gems/activesupport-5.0.0.1/lib/active_support/callbacks.rb:750:in `_run_save_callbacks'
/usr/local/rvm/gems/ruby-2.3.0/gems/activerecord-5.0.0.1/lib/active_record/callbacks.rb:298:in `create_or_update'
/usr/local/rvm/gems/ruby-2.3.0/gems/activerecord-5.0.0.1/lib/active_record/persistence.rb:125:in `save'
/usr/local/rvm/gems/ruby-2.3.0/gems/activerecord-5.0.0.1/lib/active_record/validations.rb:44:in `save'
/usr/local/rvm/gems/ruby-2.3.0/gems/activerecord-5.0.0.1/lib/active_record/attribute_methods/dirty.rb:22:in `save'
/usr/local/rvm/gems/ruby-2.3.0/gems/activerecord-5.0.0.1/lib/active_record/transactions.rb:319:in `block (2 levels) in save'
/usr/local/rvm/gems/ruby-2.3.0/gems/activerecord-5.0.0.1/lib/active_record/transactions.rb:395:in `block in with_transaction_returning_status'
/usr/local/rvm/gems/ruby-2.3.0/gems/activerecord-5.0.0.1/lib/active_record/connection_adapters/abstract/database_statements.rb:230:in `transaction'
/usr/local/rvm/gems/ruby-2.3.0/gems/activerecord-5.0.0.1/lib/active_record/transactions.rb:211:in `transaction'
/usr/local/rvm/gems/ruby-2.3.0/gems/activerecord-5.0.0.1/lib/active_record/transactions.rb:392:in `with_transaction_returning_status'
/usr/local/rvm/gems/ruby-2.3.0/gems/activerecord-5.0.0.1/lib/active_record/transactions.rb:319:in `block in save'
/usr/local/rvm/gems/ruby-2.3.0/gems/activerecord-5.0.0.1/lib/active_record/transactions.rb:334:in `rollback_active_record_state!'
/usr/local/rvm/gems/ruby-2.3.0/gems/activerecord-5.0.0.1/lib/active_record/transactions.rb:318:in `save'
/usr/local/rvm/gems/ruby-2.3.0/gems/activerecord-5.0.0.1/lib/active_record/suppressor.rb:41:in `save'
/usr/local/rvm/gems/ruby-2.3.0/gems/activerecord-5.0.0.1/lib/active_record/persistence.rb:266:in `block in update'
/usr/local/rvm/gems/ruby-2.3.0/gems/activerecord-5.0.0.1/lib/active_record/transactions.rb:395:in `block in with_transaction_returning_status'
/usr/local/rvm/gems/ruby-2.3.0/gems/activerecord-5.0.0.1/lib/active_record/connection_adapters/abstract/database_statements.rb:230:in `transaction'
/usr/local/rvm/gems/ruby-2.3.0/gems/activerecord-5.0.0.1/lib/active_record/transactions.rb:211:in `transaction'
/usr/local/rvm/gems/ruby-2.3.0/gems/activerecord-5.0.0.1/lib/active_record/transactions.rb:392:in `with_transaction_returning_status'
/usr/local/rvm/gems/ruby-2.3.0/gems/activerecord-5.0.0.1/lib/active_record/persistence.rb:264:in `update'
/home/ubuntu/workspace/matchme/app/models/match.rb:25:in `add_percent'
/usr/local/rvm/gems/ruby-2.3.0/gems/activesupport-5.0.0.1/lib/active_support/callbacks.rb:382:in `block in make_lambda'
/usr/local/rvm/gems/ruby-2.3.0/gems/activesupport-5.0.0.1/lib/active_support/callbacks.rb:207:in `block in halting_and_conditional'
/usr/local/rvm/gems/ruby-2.3.0/gems/activesupport-5.0.0.1/lib/active_support/callbacks.rb:456:in `block in call'
/usr/local/rvm/gems/ruby-2.3.0/gems/activesupport-5.0.0.1/lib/active_support/callbacks.rb:456:in `each'
/usr/local/rvm/gems/ruby-2.3.0/gems/activesupport-5.0.0.1/lib/active_support/callbacks.rb:456:in `call'
/usr/local/rvm/gems/ruby-2.3.0/gems/activesupport-5.0.0.1/lib/active_support/callbacks.rb:101:in `__run_callbacks__'
/usr/local/rvm/gems/ruby-2.3.0/gems/activesupport-5.0.0.1/lib/active_support/callbacks.rb:750:in `_run_save_callbacks'
/usr/local/rvm/gems/ruby-2.3.0/gems/activerecord-5.0.0.1/lib/active_record/callbacks.rb:298:in `create_or_update'
/usr/local/rvm/gems/ruby-2.3.0/gems/activerecord-5.0.0.1/lib/active_record/persistence.rb:125:in `save'
/usr/local/rvm/gems/ruby-2.3.0/gems/activerecord-5.0.0.1/lib/active_record/validations.rb:44:in `save'
/usr/local/rvm/gems/ruby-2.3.0/gems/activerecord-5.0.0.1/lib/active_record/attribute_methods/dirty.rb:22:in `save'
/usr/local/rvm/gems/ruby-2.3.0/gems/activerecord-5.0.0.1/lib/active_record/transactions.rb:319:in `block (2 levels) in save'
/usr/local/rvm/gems/ruby-2.3.0/gems/activerecord-5.0.0.1/lib/active_record/transactions.rb:395:in `block in with_transaction_returning_status'
/usr/local/rvm/gems/ruby-2.3.0/gems/activerecord-5.0.0.1/lib/active_record/connection_adapters/abstract/database_statements.rb:230:in `transaction'
/usr/local/rvm/gems/ruby-2.3.0/gems/activerecord-5.0.0.1/lib/active_record/transactions.rb:211:in `transaction'
/usr/local/rvm/gems/ruby-2.3.0/gems/activerecord-5.0.0.1/lib/active_record/transactions.rb:392:in `with_transaction_returning_status'
/usr/local/rvm/gems/ruby-2.3.0/gems/activerecord-5.0.0.1/lib/active_record/transactions.rb:319:in `block in save'
/usr/local/rvm/gems/ruby-2.3.0/gems/activerecord-5.0.0.1/lib/active_record/transactions.rb:334:in `rollback_active_record_state!'
/usr/local/rvm/gems/ruby-2.3.0/gems/activerecord-5.0.0.1/lib/active_record/transactions.rb:318:in `save'
/usr/local/rvm/gems/ruby-2.3.0/gems/activerecord-5.0.0.1/lib/active_record/suppressor.rb:41:in `save'
/usr/local/rvm/gems/ruby-2.3.0/gems/activerecord-5.0.0.1/lib/active_record/persistence.rb:266:in `block in update'
/usr/local/rvm/gems/ruby-2.3.0/gems/activerecord-5.0.0.1/lib/active_record/transactions.rb:395:in `block in with_transaction_returning_status'
/usr/local/rvm/gems/ruby-2.3.0/gems/activerecord-5.0.0.1/lib/active_record/connection_adapters/abstract/database_statements.rb:230:in `transaction'
/usr/local/rvm/gems/ruby-2.3.0/gems/activerecord-5.0.0.1/lib/active_record/transactions.rb:211:in `transaction'
/usr/local/rvm/gems/ruby-2.3.0/gems/activerecord-5.0.0.1/lib/active_record/transactions.rb:392:in `with_transaction_returning_status'
/usr/local/rvm/gems/ruby-2.3.0/gems/activerecord-5.0.0.1/lib/active_record/persistence.rb:264:in `update'
/home/ubuntu/workspace/matchme/app/models/match.rb:25:in `add_percent'
/usr/local/rvm/gems/ruby-2.3.0/gems/activesupport-5.0.0.1/lib/active_support/callbacks.rb:382:in `block in make_lambda'
/usr/local/rvm/gems/ruby-2.3.0/gems/activesupport-5.0.0.1/lib/active_support/callbacks.rb:207:in `block in halting_and_conditional'
/usr/local/rvm/gems/ruby-2.3.0/gems/activesupport-5.0.0.1/lib/active_support/callbacks.rb:456:in `block in call'
/usr/local/rvm/gems/ruby-2.3.0/gems/activesupport-5.0.0.1/lib/active_support/callbacks.rb:456:in `each'
/usr/local/rvm/gems/ruby-2.3.0/gems/activesupport-5.0.0.1/lib/active_support/callbacks.rb:456:in `call'
/usr/local/rvm/gems/ruby-2.3.0/gems/activesupport-5.0.0.1/lib/active_support/callbacks.rb:101:in `__run_callbacks__'
/usr/local/rvm/gems/ruby-2.3.0/gems/activesupport-5.0.0.1/lib/active_support/callbacks.rb:750:in `_run_save_callbacks'
/usr/local/rvm/gems/ruby-2.3.0/gems/activerecord-5.0.0.1/lib/active_record/callbacks.rb:298:in `create_or_update'
/usr/local/rvm/gems/ruby-2.3.0/gems/activerecord-5.0.0.1/lib/active_record/persistence.rb:125:in `save'
/usr/local/rvm/gems/ruby-2.3.0/gems/activerecord-5.0.0.1/lib/active_record/validations.rb:44:in `save'
/usr/local/rvm/gems/ruby-2.3.0/gems/activerecord-5.0.0.1/lib/active_record/attribute_methods/dirty.rb:22:in `save'
/usr/local/rvm/gems/ruby-2.3.0/gems/activerecord-5.0.0.1/lib/active_record/transactions.rb:319:in `block (2 levels) in save'
/usr/local/rvm/gems/ruby-2.3.0/gems/activerecord-5.0.0.1/lib/active_record/transactions.rb:395:in `block in with_transaction_returning_status'
/usr/local/rvm/gems/ruby-2.3.0/gems/activerecord-5.0.0.1/lib/active_record/connection_adapters/abstract/database_statements.rb:230:in `transaction'
/usr/local/rvm/gems/ruby-2.3.0/gems/activerecord-5.0.0.1/lib/active_record/transactions.rb:211:in `transaction'
/usr/local/rvm/gems/ruby-2.3.0/gems/activerecord-5.0.0.1/lib/active_record/transactions.rb:392:in `with_transaction_returning_status'
/usr/local/rvm/gems/ruby-2.3.0/gems/activerecord-5.0.0.1/lib/active_record/transactions.rb:319:in `block in save'
/usr/local/rvm/gems/ruby-2.3.0/gems/activerecord-5.0.0.1/lib/active_record/transactions.rb:334:in `rollback_active_record_state!'
/usr/local/rvm/gems/ruby-2.3.0/gems/activerecord-5.0.0.1/lib/active_record/transactions.rb:318:in `save'
/usr/local/rvm/gems/ruby-2.3.0/gems/activerecord-5.0.0.1/lib/active_record/suppressor.rb:41:in `save'
/usr/local/rvm/gems/ruby-2.3.0/gems/activerecord-5.0.0.1/lib/active_record/persistence.rb:266:in `block in update'
/usr/local/rvm/gems/ruby-2.3.0/gems/activerecord-5.0.0.1/lib/active_record/transactions.rb:395:in `block in with_transaction_returning_status'
/usr/local/rvm/gems/ruby-2.3.0/gems/activerecord-5.0.0.1/lib/active_record/connection_adapters/abstract/database_statements.rb:230:in `transaction'
/usr/local/rvm/gems/ruby-2.3.0/gems/activerecord-5.0.0.1/lib/active_record/transactions.rb:211:in `transaction'
/usr/local/rvm/gems/ruby-2.3.0/gems/activerecord-5.0.0.1/lib/active_record/transactions.rb:392:in `with_transaction_returning_status'
/usr/local/rvm/gems/ruby-2.3.0/gems/activerecord-5.0.0.1/lib/active_record/persistence.rb:264:in `update'
/home/ubuntu/workspace/matchme/app/models/match.rb:25:in `add_percent'
/usr/local/rvm/gems/ruby-2.3.0/gems/activesupport-5.0.0.1/lib/active_support/callbacks.rb:382:in `block in make_lambda'
/usr/local/rvm/gems/ruby-2.3.0/gems/activesupport-5.0.0.1/lib/active_support/callbacks.rb:207:in `block in halting_and_conditional'
/usr/local/rvm/gems/ruby-2.3.0/gems/activesupport-5.0.0.1/lib/active_support/callbacks.rb:456:in `block in call'
/usr/local/rvm/gems/ruby-2.3.0/gems/activesupport-5.0.0.1/lib/active_support/callbacks.rb:456:in `each'
/usr/local/rvm/gems/ruby-2.3.0/gems/activesupport-5.0.0.1/lib/active_support/callbacks.rb:456:in `call'
/usr/local/rvm/gems/ruby-2.3.0/gems/activesupport-5.0.0.1/lib/active_support/callbacks.rb:101:in `__run_callbacks__'
/usr/local/rvm/gems/ruby-2.3.0/gems/activesupport-5.0.0.1/lib/active_support/callbacks.rb:750:in `_run_save_callbacks'
/usr/local/rvm/gems/ruby-2.3.0/gems/activerecord-5.0.0.1/lib/active_record/callbacks.rb:298:in `create_or_update'
/usr/local/rvm/gems/ruby-2.3.0/gems/activerecord-5.0.0.1/lib/active_record/persistence.rb:125:in `save'
/usr/local/rvm/gems/ruby-2.3.0/gems/activerecord-5.0.0.1/lib/active_record/validations.rb:44:in `save'
/usr/local/rvm/gems/ruby-2.3.0/gems/activerecord-5.0.0.1/lib/active_record/attribute_methods/dirty.rb:22:in `save'
/usr/local/rvm/gems/ruby-2.3.0/gems/activerecord-5.0.0.1/lib/active_record/transactions.rb:319:in `block (2 levels) in save'
/usr/local/rvm/gems/ruby-2.3.0/gems/activerecord-5.0.0.1/lib/active_record/transactions.rb:395:in `block in with_transaction_returning_status'
/usr/local/rvm/gems/ruby-2.3.0/gems/activerecord-5.0.0.1/lib/active_record/connection_adapters/abstract/database_statements.rb:230:in `transaction'
/usr/local/rvm/gems/ruby-2.3.0/gems/activerecord-5.0.0.1/lib/active_record/transactions.rb:211:in `transaction'
/usr/local/rvm/gems/ruby-2.3.0/gems/activerecord-5.0.0.1/lib/active_record/transactions.rb:392:in `with_transaction_returning_status'
/usr/local/rvm/gems/ruby-2.3.0/gems/activerecord-5.0.0.1/lib/active_record/transactions.rb:319:in `block in save'
/usr/local/rvm/gems/ruby-2.3.0/gems/activerecord-5.0.0.1/lib/active_record/transactions.rb:334:in `rollback_active_record_state!'
/usr/local/rvm/gems/ruby-2.3.0/gems/activerecord-5.0.0.1/lib/active_record/transactions.rb:318:in `save'
/usr/local/rvm/gems/ruby-2.3.0/gems/activerecord-5.0.0.1/lib/active_record/suppressor.rb:41:in `save'
/usr/local/rvm/gems/ruby-2.3.0/gems/activerecord-5.0.0.1/lib/active_record/persistence.rb:266:in `block in update'
/usr/local/rvm/gems/ruby-2.3.0/gems/activerecord-5.0.0.1/lib/active_record/transactions.rb:395:in `block in with_transaction_returning_status'
/usr/local/rvm/gems/ruby-2.3.0/gems/activerecord-5.0.0.1/lib/active_record/connection_adapters/abstract/database_statements.rb:230:in `transaction'
/usr/local/rvm/gems/ruby-2.3.0/gems/activerecord-5.0.0.1/lib/active_record/transactions.rb:211:in `transaction'
/usr/local/rvm/gems/ruby-2.3.0/gems/activerecord-5.0.0.1/lib/active_record/transactions.rb:392:in `with_transaction_returning_status'
/usr/local/rvm/gems/ruby-2.3.0/gems/activerecord-5.0.0.1/lib/active_record/persistence.rb:264:in `update'
/home/ubuntu/workspace/matchme/app/models/match.rb:25:in `add_percent'
/usr/local/rvm/gems/ruby-2.3.0/gems/activesupport-5.0.0.1/lib/active_support/callbacks.rb:382:in `block in make_lambda'
/usr/local/rvm/gems/ruby-2.3.0/gems/activesupport-5.0.0.1/lib/active_support/callbacks.rb:207:in `block in halting_and_conditional'
/usr/local/rvm/gems/ruby-2.3.0/gems/activesupport-5.0.0.1/lib/active_support/callbacks.rb:456:in `block in call'
/usr/local/rvm/gems/ruby-2.3.0/gems/activesupport-5.0.0.1/lib/active_support/callbacks.rb:456:in `each'
/usr/local/rvm/gems/ruby-2.3.0/gems/activesupport-5.0.0.1/lib/active_support/callbacks.rb:456:in `call'
/usr/local/rvm/gems/ruby-2.3.0/gems/activesupport-5.0.0.1/lib/active_support/callbacks.rb:101:in `__run_callbacks__'
/usr/local/rvm/gems/ruby-2.3.0/gems/activesupport-5.0.0.1/lib/active_support/callbacks.rb:750:in `_run_save_callbacks'
/usr/local/rvm/gems/ruby-2.3.0/gems/activerecord-5.0.0.1/lib/active_record/callbacks.rb:298:in `create_or_update'
/usr/local/rvm/gems/ruby-2.3.0/gems/activerecord-5.0.0.1/lib/active_record/persistence.rb:125:in `save'
/usr/local/rvm/gems/ruby-2.3.0/gems/activerecord-5.0.0.1/lib/active_record/validations.rb:44:in `save'
/usr/local/rvm/gems/ruby-2.3.0/gems/activerecord-5.0.0.1/lib/active_record/attribute_methods/dirty.rb:22:in `save'
/usr/local/rvm/gems/ruby-2.3.0/gems/activerecord-5.0.0.1/lib/active_record/transactions.rb:319:in `block (2 levels) in save'
/usr/local/rvm/gems/ruby-2.3.0/gems/activerecord-5.0.0.1/lib/active_record/transactions.rb:395:in `block in with_transaction_returning_status'
/usr/local/rvm/gems/ruby-2.3.0/gems/activerecord-5.0.0.1/lib/active_record/connection_adapters/abstract/database_statements.rb:230:in `transaction'
/usr/local/rvm/gems/ruby-2.3.0/gems/activerecord-5.0.0.1/lib/active_record/transactions.rb:211:in `transaction'
/usr/local/rvm/gems/ruby-2.3.0/gems/activerecord-5.0.0.1/lib/active_record/transactions.rb:392:in `with_transaction_returning_status'
/usr/local/rvm/gems/ruby-2.3.0/gems/activerecord-5.0.0.1/lib/active_record/transactions.rb:319:in `block in save'
/usr/local/rvm/gems/ruby-2.3.0/gems/activerecord-5.0.0.1/lib/active_record/transactions.rb:334:in `rollback_active_record_state!'
/usr/local/rvm/gems/ruby-2.3.0/gems/activerecord-5.0.0.1/lib/active_record/transactions.rb:318:in `save'
/usr/local/rvm/gems/ruby-2.3.0/gems/activerecord-5.0.0.1/lib/active_record/suppressor.rb:41:in `save'
/usr/local/rvm/gems/ruby-2.3.0/gems/activerecord-5.0.0.1/lib/active_record/persistence.rb:266:in `block in update'
/usr/local/rvm/gems/ruby-2.3.0/gems/activerecord-5.0.0.1/lib/active_record/transactions.rb:395:in `block in with_transaction_returning_status'
/usr/local/rvm/gems/ruby-2.3.0/gems/activerecord-5.0.0.1/lib/active_record/connection_adapters/abstract/database_statements.rb:230:in `transaction'
/usr/local/rvm/gems/ruby-2.3.0/gems/activerecord-5.0.0.1/lib/active_record/transactions.rb:211:in `transaction'
/usr/local/rvm/gems/ruby-2.3.0/gems/activerecord-5.0.0.1/lib/active_record/transactions.rb:392:in `with_transaction_returning_status'
/usr/local/rvm/gems/ruby-2.3.0/gems/activerecord-5.0.0.1/lib/active_record/persistence.rb:264:in `update'
/home/ubuntu/workspace/matchme/app/models/match.rb:25:in `add_percent'
/usr/local/rvm/gems/ruby-2.3.0/gems/activesupport-5.0.0.1/lib/active_support/callbacks.rb:382:in `block in make_lambda'
/usr/local/rvm/gems/ruby-2.3.0/gems/activesupport-5.0.0.1/lib/active_support/callbacks.rb:207:in `block in halting_and_conditional'
/usr/local/rvm/gems/ruby-2.3.0/gems/activesupport-5.0.0.1/lib/active_support/callbacks.rb:456:in `block in call'
/usr/local/rvm/gems/ruby-2.3.0/gems/activesupport-5.0.0.1/lib/active_support/callbacks.rb:456:in `each'
/usr/local/rvm/gems/ruby-2.3.0/gems/activesupport-5.0.0.1/lib/active_support/callbacks.rb:456:in `call'
/usr/local/rvm/gems/ruby-2.3.0/gems/activesupport-5.0.0.1/lib/active_support/callbacks.rb:101:in `__run_callbacks__'
/usr/local/rvm/gems/ruby-2.3.0/gems/activesupport-5.0.0.1/lib/active_support/callbacks.rb:750:in `_run_save_callbacks'
/usr/local/rvm/gems/ruby-2.3.0/gems/activerecord-5.0.0.1/lib/active_record/callbacks.rb:298:in `create_or_update'
/usr/local/rvm/gems/ruby-2.3.0/gems/activerecord-5.0.0.1/lib/active_record/persistence.rb:125:in `save'
/usr/local/rvm/gems/ruby-2.3.0/gems/activerecord-5.0.0.1/lib/active_record/validations.rb:44:in `save'
/usr/local/rvm/gems/ruby-2.3.0/gems/activerecord-5.0.0.1/lib/active_record/attribute_methods/dirty.rb:22:in `save'
/usr/local/rvm/gems/ruby-2.3.0/gems/activerecord-5.0.0.1/lib/active_record/transactions.rb:319:in `block (2 levels) in save'
/usr/local/rvm/gems/ruby-2.3.0/gems/activerecord-5.0.0.1/lib/active_record/transactions.rb:395:in `block in with_transaction_returning_status'
/usr/local/rvm/gems/ruby-2.3.0/gems/activerecord-5.0.0.1/lib/active_record/connection_adapters/abstract/database_statements.rb:230:in `transaction'
/usr/local/rvm/gems/ruby-2.3.0/gems/activerecord-5.0.0.1/lib/active_record/transactions.rb:211:in `transaction'
/usr/local/rvm/gems/ruby-2.3.0/gems/activerecord-5.0.0.1/lib/active_record/transactions.rb:392:in `with_transaction_returning_status'
/usr/local/rvm/gems/ruby-2.3.0/gems/activerecord-5.0.0.1/lib/active_record/transactions.rb:319:in `block in save'
/usr/local/rvm/gems/ruby-2.3.0/gems/activerecord-5.0.0.1/lib/active_record/transactions.rb:334:in `rollback_active_record_state!'
/usr/local/rvm/gems/ruby-2.3.0/gems/activerecord-5.0.0.1/lib/active_record/transactions.rb:318:in `save'
/usr/local/rvm/gems/ruby-2.3.0/gems/activerecord-5.0.0.1/lib/active_record/suppressor.rb:41:in `save'
/usr/local/rvm/gems/ruby-2.3.0/gems/activerecord-5.0.0.1/lib/active_record/persistence.rb:266:in `block in update'
/usr/local/rvm/gems/ruby-2.3.0/gems/activerecord-5.0.0.1/lib/active_record/transactions.rb:395:in `block in with_transaction_returning_status'
/usr/local/rvm/gems/ruby-2.3.0/gems/activerecord-5.0.0.1/lib/active_record/connection_adapters/abstract/database_statements.rb:230:in `transaction'
/usr/local/rvm/gems/ruby-2.3.0/gems/activerecord-5.0.0.1/lib/active_record/transactions.rb:211:in `transaction'
/usr/local/rvm/gems/ruby-2.3.0/gems/activerecord-5.0.0.1/lib/active_record/transactions.rb:392:in `with_transaction_returning_status'
/usr/local/rvm/gems/ruby-2.3.0/gems/activerecord-5.0.0.1/lib/active_record/persistence.rb:264:in `update'
/home/ubuntu/workspace/matchme/app/models/match.rb:25:in `add_percent'
/usr/local/rvm/gems/ruby-2.3.0/gems/activesupport-5.0.0.1/lib/active_support/callbacks.rb:382:in `block in make_lambda'
/usr/local/rvm/gems/ruby-2.3.0/gems/activesupport-5.0.0.1/lib/active_support/callbacks.rb:207:in `block in halting_and_conditional'
/usr/local/rvm/gems/ruby-2.3.0/gems/activesupport-5.0.0.1/lib/active_support/callbacks.rb:456:in `block in call'
/usr/local/rvm/gems/ruby-2.3.0/gems/activesupport-5.0.0.1/lib/active_support/callbacks.rb:456:in `each'
/usr/local/rvm/gems/ruby-2.3.0/gems/activesupport-5.0.0.1/lib/active_support/callbacks.rb:456:in `call'
/usr/local/rvm/gems/ruby-2.3.0/gems/activesupport-5.0.0.1/lib/active_support/callbacks.rb:101:in `__run_callbacks__'
/usr/local/rvm/gems/ruby-2.3.0/gems/activesupport-5.0.0.1/lib/active_support/callbacks.rb:750:in `_run_save_callbacks'
/usr/local/rvm/gems/ruby-2.3.0/gems/activerecord-5.0.0.1/lib/active_record/callbacks.rb:298:in `create_or_update'
/usr/local/rvm/gems/ruby-2.3.0/gems/activerecord-5.0.0.1/lib/active_record/persistence.rb:125:in `save'
/usr/local/rvm/gems/ruby-2.3.0/gems/activerecord-5.0.0.1/lib/active_record/validations.rb:44:in `save'
/usr/local/rvm/gems/ruby-2.3.0/gems/activerecord-5.0.0.1/lib/active_record/attribute_methods/dirty.rb:22:in `save'
/usr/local/rvm/gems/ruby-2.3.0/gems/activerecord-5.0.0.1/lib/active_record/transactions.rb:319:in `block (2 levels) in save'
/usr/local/rvm/gems/ruby-2.3.0/gems/activerecord-5.0.0.1/lib/active_record/transactions.rb:395:in `block in with_transaction_returning_status'
/usr/local/rvm/gems/ruby-2.3.0/gems/activerecord-5.0.0.1/lib/active_record/connection_adapters/abstract/database_statements.rb:230:in `transaction'
/usr/local/rvm/gems/ruby-2.3.0/gems/activerecord-5.0.0.1/lib/active_record/transactions.rb:211:in `transaction'
/usr/local/rvm/gems/ruby-2.3.0/gems/activerecord-5.0.0.1/lib/active_record/transactions.rb:392:in `with_transaction_returning_status'
/usr/local/rvm/gems/ruby-2.3.0/gems/activerecord-5.0.0.1/lib/active_record/transactions.rb:319:in `block in save'
/usr/local/rvm/gems/ruby-2.3.0/gems/activerecord-5.0.0.1/lib/active_record/transactions.rb:334:in `rollback_active_record_state!'
/usr/local/rvm/gems/ruby-2.3.0/gems/activerecord-5.0.0.1/lib/active_record/transactions.rb:318:in `save'
/usr/local/rvm/gems/ruby-2.3.0/gems/activerecord-5.0.0.1/lib/active_record/suppressor.rb:41:in `save'
/usr/local/rvm/gems/ruby-2.3.0/gems/activerecord-5.0.0.1/lib/active_record/persistence.rb:266:in `block in update'
/usr/local/rvm/gems/ruby-2.3.0/gems/activerecord-5.0.0.1/lib/active_record/transactions.rb:395:in `block in with_transaction_returning_status'
/usr/local/rvm/gems/ruby-2.3.0/gems/activerecord-5.0.0.1/lib/active_record/connection_adapters/abstract/database_statements.rb:230:in `transaction'
/usr/local/rvm/gems/ruby-2.3.0/gems/activerecord-5.0.0.1/lib/active_record/transactions.rb:211:in `transaction'
/usr/local/rvm/gems/ruby-2.3.0/gems/activerecord-5.0.0.1/lib/active_record/transactions.rb:392:in `with_transaction_returning_status'
/usr/local/rvm/gems/ruby-2.3.0/gems/activerecord-5.0.0.1/lib/active_record/persistence.rb:264:in `update'
/home/ubuntu/workspace/matchme/app/models/match.rb:25:in `add_percent'
/usr/local/rvm/gems/ruby-2.3.0/gems/activesupport-5.0.0.1/lib/active_support/callbacks.rb:382:in `block in make_lambda'
/usr/local/rvm/gems/ruby-2.3.0/gems/activesupport-5.0.0.1/lib/active_support/callbacks.rb:207:in `block in halting_and_conditional'
/usr/local/rvm/gems/ruby-2.3.0/gems/activesupport-5.0.0.1/lib/active_support/callbacks.rb:456:in `block in call'
/usr/local/rvm/gems/ruby-2.3.0/gems/activesupport-5.0.0.1/lib/active_support/callbacks.rb:456:in `each'
/usr/local/rvm/gems/ruby-2.3.0/gems/activesupport-5.0.0.1/lib/active_support/callbacks.rb:456:in `call'
/usr/local/rvm/gems/ruby-2.3.0/gems/activesupport-5.0.0.1/lib/active_support/callbacks.rb:101:in `__run_callbacks__'
/usr/local/rvm/gems/ruby-2.3.0/gems/activesupport-5.0.0.1/lib/active_support/callbacks.rb:750:in `_run_save_callbacks'
/usr/local/rvm/gems/ruby-2.3.0/gems/activerecord-5.0.0.1/lib/active_record/callbacks.rb:298:in `create_or_update'
/usr/local/rvm/gems/ruby-2.3.0/gems/activerecord-5.0.0.1/lib/active_record/persistence.rb:125:in `save'
/usr/local/rvm/gems/ruby-2.3.0/gems/activerecord-5.0.0.1/lib/active_record/validations.rb:44:in `save'
/usr/local/rvm/gems/ruby-2.3.0/gems/activerecord-5.0.0.1/lib/active_record/attribute_methods/dirty.rb:22:in `save'
/usr/local/rvm/gems/ruby-2.3.0/gems/activerecord-5.0.0.1/lib/active_record/transactions.rb:319:in `block (2 levels) in save'
/usr/local/rvm/gems/ruby-2.3.0/gems/activerecord-5.0.0.1/lib/active_record/transactions.rb:395:in `block in with_transaction_returning_status'
/usr/local/rvm/gems/ruby-2.3.0/gems/activerecord-5.0.0.1/lib/active_record/connection_adapters/abstract/database_statements.rb:230:in `transaction'
/usr/local/rvm/gems/ruby-2.3.0/gems/activerecord-5.0.0.1/lib/active_record/transactions.rb:211:in `transaction'
/usr/local/rvm/gems/ruby-2.3.0/gems/activerecord-5.0.0.1/lib/active_record/transactions.rb:392:in `with_transaction_returning_status'
/usr/local/rvm/gems/ruby-2.3.0/gems/activerecord-5.0.0.1/lib/active_record/transactions.rb:319:in `block in save'
/usr/local/rvm/gems/ruby-2.3.0/gems/activerecord-5.0.0.1/lib/active_record/transactions.rb:334:in `rollback_active_record_state!'
/usr/local/rvm/gems/ruby-2.3.0/gems/activerecord-5.0.0.1/lib/active_record/transactions.rb:318:in `save'
/usr/local/rvm/gems/ruby-2.3.0/gems/activerecord-5.0.0.1/lib/active_record/suppressor.rb:41:in `save'
/usr/local/rvm/gems/ruby-2.3.0/gems/activerecord-5.0.0.1/lib/active_record/persistence.rb:266:in `block in update'
/usr/local/rvm/gems/ruby-2.3.0/gems/activerecord-5.0.0.1/lib/active_record/transactions.rb:395:in `block in with_transaction_returning_status'
/usr/local/rvm/gems/ruby-2.3.0/gems/activerecord-5.0.0.1/lib/active_record/connection_adapters/abstract/database_statements.rb:230:in `transaction'
/usr/local/rvm/gems/ruby-2.3.0/gems/activerecord-5.0.0.1/lib/active_record/transactions.rb:211:in `transaction'
/usr/local/rvm/gems/ruby-2.3.0/gems/activerecord-5.0.0.1/lib/active_record/transactions.rb:392:in `with_transaction_returning_status'
/usr/local/rvm/gems/ruby-2.3.0/gems/activerecord-5.0.0.1/lib/active_record/persistence.rb:264:in `update'
/home/ubuntu/workspace/matchme/app/models/match.rb:25:in `add_percent'
/usr/local/rvm/gems/ruby-2.3.0/gems/activesupport-5.0.0.1/lib/active_support/callbacks.rb:382:in `block in make_lambda'
/usr/local/rvm/gems/ruby-2.3.0/gems/activesupport-5.0.0.1/lib/active_support/callbacks.rb:207:in `block in halting_and_conditional'
/usr/local/rvm/gems/ruby-2.3.0/gems/activesupport-5.0.0.1/lib/active_support/callbacks.rb:456:in `block in call'
/usr/local/rvm/gems/ruby-2.3.0/gems/activesupport-5.0.0.1/lib/active_support/callbacks.rb:456:in `each'
/usr/local/rvm/gems/ruby-2.3.0/gems/activesupport-5.0.0.1/lib/active_support/callbacks.rb:456:in `call'
/usr/local/rvm/gems/ruby-2.3.0/gems/activesupport-5.0.0.1/lib/active_support/callbacks.rb:101:in `__run_callbacks__'
/usr/local/rvm/gems/ruby-2.3.0/gems/activesupport-5.0.0.1/lib/active_support/callbacks.rb:750:in `_run_save_callbacks'
/usr/local/rvm/gems/ruby-2.3.0/gems/activerecord-5.0.0.1/lib/active_record/callbacks.rb:298:in `create_or_update'
/usr/local/rvm/gems/ruby-2.3.0/gems/activerecord-5.0.0.1/lib/active_record/persistence.rb:125:in `save'
/usr/local/rvm/gems/ruby-2.3.0/gems/activerecord-5.0.0.1/lib/active_record/validations.rb:44:in `save'
/usr/local/rvm/gems/ruby-2.3.0/gems/activerecord-5.0.0.1/lib/active_record/attribute_methods/dirty.rb:22:in `save'
/usr/local/rvm/gems/ruby-2.3.0/gems/activerecord-5.0.0.1/lib/active_record/transactions.rb:319:in `block (2 levels) in save'
/usr/local/rvm/gems/ruby-2.3.0/gems/activerecord-5.0.0.1/lib/active_record/transactions.rb:395:in `block in with_transaction_returning_status'
/usr/local/rvm/gems/ruby-2.3.0/gems/activerecord-5.0.0.1/lib/active_record/connection_adapters/abstract/database_statements.rb:230:in `transaction'
/usr/local/rvm/gems/ruby-2.3.0/gems/activerecord-5.0.0.1/lib/active_record/transactions.rb:211:in `transaction'
/usr/local/rvm/gems/ruby-2.3.0/gems/activerecord-5.0.0.1/lib/active_record/transactions.rb:392:in `with_transaction_returning_status'
/usr/local/rvm/gems/ruby-2.3.0/gems/activerecord-5.0.0.1/lib/active_record/transactions.rb:319:in `block in save'
/usr/local/rvm/gems/ruby-2.3.0/gems/activerecord-5.0.0.1/lib/active_record/transactions.rb:334:in `rollback_active_record_state!'
/usr/local/rvm/gems/ruby-2.3.0/gems/activerecord-5.0.0.1/lib/active_record/transactions.rb:318:in `save'
/usr/local/rvm/gems/ruby-2.3.0/gems/activerecord-5.0.0.1/lib/active_record/suppressor.rb:41:in `save'
/usr/local/rvm/gems/ruby-2.3.0/gems/activerecord-5.0.0.1/lib/active_record/persistence.rb:266:in `block in update'
/usr/local/rvm/gems/ruby-2.3.0/gems/activerecord-5.0.0.1/lib/active_record/transactions.rb:395:in `block in with_transaction_returning_status'
/usr/local/rvm/gems/ruby-2.3.0/gems/activerecord-5.0.0.1/lib/active_record/connection_adapters/abstract/database_statements.rb:230:in `transaction'
/usr/local/rvm/gems/ruby-2.3.0/gems/activerecord-5.0.0.1/lib/active_record/transactions.rb:211:in `transaction'
/usr/local/rvm/gems/ruby-2.3.0/gems/activerecord-5.0.0.1/lib/active_record/transactions.rb:392:in `with_transaction_returning_status'
/usr/local/rvm/gems/ruby-2.3.0/gems/activerecord-5.0.0.1/lib/active_record/persistence.rb:264:in `update'
/home/ubuntu/workspace/matchme/app/models/match.rb:25:in `add_percent'
/usr/local/rvm/gems/ruby-2.3.0/gems/activesupport-5.0.0.1/lib/active_support/callbacks.rb:382:in `block in make_lambda'
/usr/local/rvm/gems/ruby-2.3.0/gems/activesupport-5.0.0.1/lib/active_support/callbacks.rb:207:in `block in halting_and_conditional'
/usr/local/rvm/gems/ruby-2.3.0/gems/activesupport-5.0.0.1/lib/active_support/callbacks.rb:456:in `block in call'
/usr/local/rvm/gems/ruby-2.3.0/gems/activesupport-5.0.0.1/lib/active_support/callbacks.rb:456:in `each'
/usr/local/rvm/gems/ruby-2.3.0/gems/activesupport-5.0.0.1/lib/active_support/callbacks.rb:456:in `call'
/usr/local/rvm/gems/ruby-2.3.0/gems/activesupport-5.0.0.1/lib/active_support/callbacks.rb:101:in `__run_callbacks__'
/usr/local/rvm/gems/ruby-2.3.0/gems/activesupport-5.0.0.1/lib/active_support/callbacks.rb:750:in `_run_save_callbacks'
/usr/local/rvm/gems/ruby-2.3.0/gems/activerecord-5.0.0.1/lib/active_record/callbacks.rb:298:in `create_or_update'
/usr/local/rvm/gems/ruby-2.3.0/gems/activerecord-5.0.0.1/lib/active_record/persistence.rb:125:in `save'
/usr/local/rvm/gems/ruby-2.3.0/gems/activerecord-5.0.0.1/lib/active_record/validations.rb:44:in `save'
/usr/local/rvm/gems/ruby-2.3.0/gems/activerecord-5.0.0.1/lib/active_record/attribute_methods/dirty.rb:22:in `save'
/usr/local/rvm/gems/ruby-2.3.0/gems/activerecord-5.0.0.1/lib/active_record/transactions.rb:319:in `block (2 levels) in save'
/usr/local/rvm/gems/ruby-2.3.0/gems/activerecord-5.0.0.1/lib/active_record/transactions.rb:395:in `block in with_transaction_returning_status'
/usr/local/rvm/gems/ruby-2.3.0/gems/activerecord-5.0.0.1/lib/active_record/connection_adapters/abstract/database_statements.rb:230:in `transaction'
/usr/local/rvm/gems/ruby-2.3.0/gems/activerecord-5.0.0.1/lib/active_record/transactions.rb:211:in `transaction'
/usr/local/rvm/gems/ruby-2.3.0/gems/activerecord-5.0.0.1/lib/active_record/transactions.rb:392:in `with_transaction_returning_status'
/usr/local/rvm/gems/ruby-2.3.0/gems/activerecord-5.0.0.1/lib/active_record/transactions.rb:319:in `block in save'
/usr/local/rvm/gems/ruby-2.3.0/gems/activerecord-5.0.0.1/lib/active_record/transactions.rb:334:in `rollback_active_record_state!'
/usr/local/rvm/gems/ruby-2.3.0/gems/activerecord-5.0.0.1/lib/active_record/transactions.rb:318:in `save'
/usr/local/rvm/gems/ruby-2.3.0/gems/activerecord-5.0.0.1/lib/active_record/suppressor.rb:41:in `save'
/usr/local/rvm/gems/ruby-2.3.0/gems/activerecord-5.0.0.1/lib/active_record/persistence.rb:266:in `block in update'
/usr/local/rvm/gems/ruby-2.3.0/gems/activerecord-5.0.0.1/lib/active_record/transactions.rb:395:in `block in with_transaction_returning_status'
/usr/local/rvm/gems/ruby-2.3.0/gems/activerecord-5.0.0.1/lib/active_record/connection_adapters/abstract/database_statements.rb:230:in `transaction'
/usr/local/rvm/gems/ruby-2.3.0/gems/activerecord-5.0.0.1/lib/active_record/transactions.rb:211:in `transaction'
/usr/local/rvm/gems/ruby-2.3.0/gems/activerecord-5.0.0.1/lib/active_record/transactions.rb:392:in `with_transaction_returning_status'
/usr/local/rvm/gems/ruby-2.3.0/gems/activerecord-5.0.0.1/lib/active_record/persistence.rb:264:in `update'
/home/ubuntu/workspace/matchme/app/models/match.rb:25:in `add_percent'
/usr/local/rvm/gems/ruby-2.3.0/gems/activesupport-5.0.0.1/lib/active_support/callbacks.rb:382:in `block in make_lambda'
/usr/local/rvm/gems/ruby-2.3.0/gems/activesupport-5.0.0.1/lib/active_support/callbacks.rb:207:in `block in halting_and_conditional'
/usr/local/rvm/gems/ruby-2.3.0/gems/activesupport-5.0.0.1/lib/active_support/callbacks.rb:456:in `block in call'
/usr/local/rvm/gems/ruby-2.3.0/gems/activesupport-5.0.0.1/lib/active_support/callbacks.rb:456:in `each'
/usr/local/rvm/gems/ruby-2.3.0/gems/activesupport-5.0.0.1/lib/active_support/callbacks.rb:456:in `call'
/usr/local/rvm/gems/ruby-2.3.0/gems/activesupport-5.0.0.1/lib/active_support/callbacks.rb:101:in `__run_callbacks__'
/usr/local/rvm/gems/ruby-2.3.0/gems/activesupport-5.0.0.1/lib/active_support/callbacks.rb:750:in `_run_save_callbacks'
/usr/local/rvm/gems/ruby-2.3.0/gems/activerecord-5.0.0.1/lib/active_record/callbacks.rb:298:in `create_or_update'
/usr/local/rvm/gems/ruby-2.3.0/gems/activerecord-5.0.0.1/lib/active_record/persistence.rb:125:in `save'
/usr/local/rvm/gems/ruby-2.3.0/gems/activerecord-5.0.0.1/lib/active_record/validations.rb:44:in `save'
/usr/local/rvm/gems/ruby-2.3.0/gems/activerecord-5.0.0.1/lib/active_record/attribute_methods/dirty.rb:22:in `save'
/usr/local/rvm/gems/ruby-2.3.0/gems/activerecord-5.0.0.1/lib/active_record/transactions.rb:319:in `block (2 levels) in save'
/usr/local/rvm/gems/ruby-2.3.0/gems/activerecord-5.0.0.1/lib/active_record/transactions.rb:395:in `block in with_transaction_returning_status'
/usr/local/rvm/gems/ruby-2.3.0/gems/activerecord-5.0.0.1/lib/active_record/connection_adapters/abstract/database_statements.rb:230:in `transaction'
/usr/local/rvm/gems/ruby-2.3.0/gems/activerecord-5.0.0.1/lib/active_record/transactions.rb:211:in `transaction'
/usr/local/rvm/gems/ruby-2.3.0/gems/activerecord-5.0.0.1/lib/active_record/transactions.rb:392:in `with_transaction_returning_status'
/usr/local/rvm/gems/ruby-2.3.0/gems/activerecord-5.0.0.1/lib/active_record/transactions.rb:319:in `block in save'
/usr/local/rvm/gems/ruby-2.3.0/gems/activerecord-5.0.0.1/lib/active_record/transactions.rb:334:in `rollback_active_record_state!'
/usr/local/rvm/gems/ruby-2.3.0/gems/activerecord-5.0.0.1/lib/active_record/transactions.rb:318:in `save'
/usr/local/rvm/gems/ruby-2.3.0/gems/activerecord-5.0.0.1/lib/active_record/suppressor.rb:41:in `save'
/usr/local/rvm/gems/ruby-2.3.0/gems/activerecord-5.0.0.1/lib/active_record/persistence.rb:266:in `block in update'
/usr/local/rvm/gems/ruby-2.3.0/gems/activerecord-5.0.0.1/lib/active_record/transactions.rb:395:in `block in with_transaction_returning_status'
/usr/local/rvm/gems/ruby-2.3.0/gems/activerecord-5.0.0.1/lib/active_record/connection_adapters/abstract/database_statements.rb:230:in `transaction'
/usr/local/rvm/gems/ruby-2.3.0/gems/activerecord-5.0.0.1/lib/active_record/transactions.rb:211:in `transaction'
/usr/local/rvm/gems/ruby-2.3.0/gems/activerecord-5.0.0.1/lib/active_record/transactions.rb:392:in `with_transaction_returning_status'
/usr/local/rvm/gems/ruby-2.3.0/gems/activerecord-5.0.0.1/lib/active_record/persistence.rb:264:in `update'
/home/ubuntu/workspace/matchme/app/models/match.rb:25:in `add_percent'
/usr/local/rvm/gems/ruby-2.3.0/gems/activesupport-5.0.0.1/lib/active_support/callbacks.rb:382:in `block in make_lambda'
/usr/local/rvm/gems/ruby-2.3.0/gems/activesupport-5.0.0.1/lib/active_support/callbacks.rb:207:in `block in halting_and_conditional'
/usr/local/rvm/gems/ruby-2.3.0/gems/activesupport-5.0.0.1/lib/active_support/callbacks.rb:456:in `block in call'
/usr/local/rvm/gems/ruby-2.3.0/gems/activesupport-5.0.0.1/lib/active_support/callbacks.rb:456:in `each'
/usr/local/rvm/gems/ruby-2.3.0/gems/activesupport-5.0.0.1/lib/active_support/callbacks.rb:456:in `call'
/usr/local/rvm/gems/ruby-2.3.0/gems/activesupport-5.0.0.1/lib/active_support/callbacks.rb:101:in `__run_callbacks__'
/usr/local/rvm/gems/ruby-2.3.0/gems/activesupport-5.0.0.1/lib/active_support/callbacks.rb:750:in `_run_save_callbacks'
/usr/local/rvm/gems/ruby-2.3.0/gems/activerecord-5.0.0.1/lib/active_record/callbacks.rb:298:in `create_or_update'
/usr/local/rvm/gems/ruby-2.3.0/gems/activerecord-5.0.0.1/lib/active_record/persistence.rb:125:in `save'
/usr/local/rvm/gems/ruby-2.3.0/gems/activerecord-5.0.0.1/lib/active_record/validations.rb:44:in `save'
/usr/local/rvm/gems/ruby-2.3.0/gems/activerecord-5.0.0.1/lib/active_record/attribute_methods/dirty.rb:22:in `save'
/usr/local/rvm/gems/ruby-2.3.0/gems/activerecord-5.0.0.1/lib/active_record/transactions.rb:319:in `block (2 levels) in save'
/usr/local/rvm/gems/ruby-2.3.0/gems/activerecord-5.0.0.1/lib/active_record/transactions.rb:395:in `block in with_transaction_returning_status'
/usr/local/rvm/gems/ruby-2.3.0/gems/activerecord-5.0.0.1/lib/active_record/connection_adapters/abstract/database_statements.rb:230:in `transaction'
/usr/local/rvm/gems/ruby-2.3.0/gems/activerecord-5.0.0.1/lib/active_record/transactions.rb:211:in `transaction'
/usr/local/rvm/gems/ruby-2.3.0/gems/activerecord-5.0.0.1/lib/active_record/transactions.rb:392:in `with_transaction_returning_status'
/usr/local/rvm/gems/ruby-2.3.0/gems/activerecord-5.0.0.1/lib/active_record/transactions.rb:319:in `block in save'
/usr/local/rvm/gems/ruby-2.3.0/gems/activerecord-5.0.0.1/lib/active_record/transactions.rb:334:in `rollback_active_record_state!'
/usr/local/rvm/gems/ruby-2.3.0/gems/activerecord-5.0.0.1/lib/active_record/transactions.rb:318:in `save'
/usr/local/rvm/gems/ruby-2.3.0/gems/activerecord-5.0.0.1/lib/active_record/suppressor.rb:41:in `save'
/usr/local/rvm/gems/ruby-2.3.0/gems/activerecord-5.0.0.1/lib/active_record/persistence.rb:266:in `block in update'
/usr/local/rvm/gems/ruby-2.3.0/gems/activerecord-5.0.0.1/lib/active_record/transactions.rb:395:in `block in with_transaction_returning_status'
/usr/local/rvm/gems/ruby-2.3.0/gems/activerecord-5.0.0.1/lib/active_record/connection_adapters/abstract/database_statements.rb:230:in `transaction'
/usr/local/rvm/gems/ruby-2.3.0/gems/activerecord-5.0.0.1/lib/active_record/transactions.rb:211:in `transaction'
/usr/local/rvm/gems/ruby-2.3.0/gems/activerecord-5.0.0.1/lib/active_record/transactions.rb:392:in `with_transaction_returning_status'
/usr/local/rvm/gems/ruby-2.3.0/gems/activerecord-5.0.0.1/lib/active_record/persistence.rb:264:in `update'
/home/ubuntu/workspace/matchme/app/models/match.rb:25:in `add_percent'
/usr/local/rvm/gems/ruby-2.3.0/gems/activesupport-5.0.0.1/lib/active_support/callbacks.rb:382:in `block in make_lambda'
/usr/local/rvm/gems/ruby-2.3.0/gems/activesupport-5.0.0.1/lib/active_support/callbacks.rb:207:in `block in halting_and_conditional'
/usr/local/rvm/gems/ruby-2.3.0/gems/activesupport-5.0.0.1/lib/active_support/callbacks.rb:456:in `block in call'
/usr/local/rvm/gems/ruby-2.3.0/gems/activesupport-5.0.0.1/lib/active_support/callbacks.rb:456:in `each'
/usr/local/rvm/gems/ruby-2.3.0/gems/activesupport-5.0.0.1/lib/active_support/callbacks.rb:456:in `call'
/usr/local/rvm/gems/ruby-2.3.0/gems/activesupport-5.0.0.1/lib/active_support/callbacks.rb:101:in `__run_callbacks__'
/usr/local/rvm/gems/ruby-2.3.0/gems/activesupport-5.0.0.1/lib/active_support/callbacks.rb:750:in `_run_save_callbacks'
/usr/local/rvm/gems/ruby-2.3.0/gems/activerecord-5.0.0.1/lib/active_record/callbacks.rb:298:in `create_or_update'
/usr/local/rvm/gems/ruby-2.3.0/gems/activerecord-5.0.0.1/lib/active_record/persistence.rb:125:in `save'
/usr/local/rvm/gems/ruby-2.3.0/gems/activerecord-5.0.0.1/lib/active_record/validations.rb:44:in `save'
/usr/local/rvm/gems/ruby-2.3.0/gems/activerecord-5.0.0.1/lib/active_record/attribute_methods/dirty.rb:22:in `save'
/usr/local/rvm/gems/ruby-2.3.0/gems/activerecord-5.0.0.1/lib/active_record/transactions.rb:319:in `block (2 levels) in save'
/usr/local/rvm/gems/ruby-2.3.0/gems/activerecord-5.0.0.1/lib/active_record/transactions.rb:395:in `block in with_transaction_returning_status'
/usr/local/rvm/gems/ruby-2.3.0/gems/activerecord-5.0.0.1/lib/active_record/connection_adapters/abstract/database_statements.rb:230:in `transaction'
/usr/local/rvm/gems/ruby-2.3.0/gems/activerecord-5.0.0.1/lib/active_record/transactions.rb:211:in `transaction'
/usr/local/rvm/gems/ruby-2.3.0/gems/activerecord-5.0.0.1/lib/active_record/transactions.rb:392:in `with_transaction_returning_status'
/usr/local/rvm/gems/ruby-2.3.0/gems/activerecord-5.0.0.1/lib/active_record/transactions.rb:319:in `block in save'
/usr/local/rvm/gems/ruby-2.3.0/gems/activerecord-5.0.0.1/lib/active_record/transactions.rb:334:in `rollback_active_record_state!'
/usr/local/rvm/gems/ruby-2.3.0/gems/activerecord-5.0.0.1/lib/active_record/transactions.rb:318:in `save'
/usr/local/rvm/gems/ruby-2.3.0/gems/activerecord-5.0.0.1/lib/active_record/suppressor.rb:41:in `save'
/usr/local/rvm/gems/ruby-2.3.0/gems/activerecord-5.0.0.1/lib/active_record/persistence.rb:266:in `block in update'
/usr/local/rvm/gems/ruby-2.3.0/gems/activerecord-5.0.0.1/lib/active_record/transactions.rb:395:in `block in with_transaction_returning_status'
/usr/local/rvm/gems/ruby-2.3.0/gems/activerecord-5.0.0.1/lib/active_record/connection_adapters/abstract/database_statements.rb:230:in `transaction'
/usr/local/rvm/gems/ruby-2.3.0/gems/activerecord-5.0.0.1/lib/active_record/transactions.rb:211:in `transaction'
/usr/local/rvm/gems/ruby-2.3.0/gems/activerecord-5.0.0.1/lib/active_record/transactions.rb:392:in `with_transaction_returning_status'
/usr/local/rvm/gems/ruby-2.3.0/gems/activerecord-5.0.0.1/lib/active_record/persistence.rb:264:in `update'
/home/ubuntu/workspace/matchme/app/models/match.rb:25:in `add_percent'
/usr/local/rvm/gems/ruby-2.3.0/gems/activesupport-5.0.0.1/lib/active_support/callbacks.rb:382:in `block in make_lambda'
/usr/local/rvm/gems/ruby-2.3.0/gems/activesupport-5.0.0.1/lib/active_support/callbacks.rb:207:in `block in halting_and_conditional'
/usr/local/rvm/gems/ruby-2.3.0/gems/activesupport-5.0.0.1/lib/active_support/callbacks.rb:456:in `block in call'
/usr/local/rvm/gems/ruby-2.3.0/gems/activesupport-5.0.0.1/lib/active_support/callbacks.rb:456:in `each'
/usr/local/rvm/gems/ruby-2.3.0/gems/activesupport-5.0.0.1/lib/active_support/callbacks.rb:456:in `call'
/usr/local/rvm/gems/ruby-2.3.0/gems/activesupport-5.0.0.1/lib/active_support/callbacks.rb:101:in `__run_callbacks__'
/usr/local/rvm/gems/ruby-2.3.0/gems/activesupport-5.0.0.1/lib/active_support/callbacks.rb:750:in `_run_save_callbacks'
/usr/local/rvm/gems/ruby-2.3.0/gems/activerecord-5.0.0.1/lib/active_record/callbacks.rb:298:in `create_or_update'
/usr/local/rvm/gems/ruby-2.3.0/gems/activerecord-5.0.0.1/lib/active_record/persistence.rb:125:in `save'
/usr/local/rvm/gems/ruby-2.3.0/gems/activerecord-5.0.0.1/lib/active_record/validations.rb:44:in `save'
/usr/local/rvm/gems/ruby-2.3.0/gems/activerecord-5.0.0.1/lib/active_record/attribute_methods/dirty.rb:22:in `save'
/usr/local/rvm/gems/ruby-2.3.0/gems/activerecord-5.0.0.1/lib/active_record/transactions.rb:319:in `block (2 levels) in save'
/usr/local/rvm/gems/ruby-2.3.0/gems/activerecord-5.0.0.1/lib/active_record/transactions.rb:395:in `block in with_transaction_returning_status'
/usr/local/rvm/gems/ruby-2.3.0/gems/activerecord-5.0.0.1/lib/active_record/connection_adapters/abstract/database_statements.rb:230:in `transaction'
/usr/local/rvm/gems/ruby-2.3.0/gems/activerecord-5.0.0.1/lib/active_record/transactions.rb:211:in `transaction'
/usr/local/rvm/gems/ruby-2.3.0/gems/activerecord-5.0.0.1/lib/active_record/transactions.rb:392:in `with_transaction_returning_status'
/usr/local/rvm/gems/ruby-2.3.0/gems/activerecord-5.0.0.1/lib/active_record/transactions.rb:319:in `block in save'
/usr/local/rvm/gems/ruby-2.3.0/gems/activerecord-5.0.0.1/lib/active_record/transactions.rb:334:in `rollback_active_record_state!'
/usr/local/rvm/gems/ruby-2.3.0/gems/activerecord-5.0.0.1/lib/active_record/transactions.rb:318:in `save'
/usr/local/rvm/gems/ruby-2.3.0/gems/activerecord-5.0.0.1/lib/active_record/suppressor.rb:41:in `save'
/usr/local/rvm/gems/ruby-2.3.0/gems/activerecord-5.0.0.1/lib/active_record/persistence.rb:266:in `block in update'
/usr/local/rvm/gems/ruby-2.3.0/gems/activerecord-5.0.0.1/lib/active_record/transactions.rb:395:in `block in with_transaction_returning_status'
/usr/local/rvm/gems/ruby-2.3.0/gems/activerecord-5.0.0.1/lib/active_record/connection_adapters/abstract/database_statements.rb:230:in `transaction'
/usr/local/rvm/gems/ruby-2.3.0/gems/activerecord-5.0.0.1/lib/active_record/transactions.rb:211:in `transaction'
/usr/local/rvm/gems/ruby-2.3.0/gems/activerecord-5.0.0.1/lib/active_record/transactions.rb:392:in `with_transaction_returning_status'
/usr/local/rvm/gems/ruby-2.3.0/gems/activerecord-5.0.0.1/lib/active_record/persistence.rb:264:in `update'
/home/ubuntu/workspace/matchme/app/models/match.rb:25:in `add_percent'
/usr/local/rvm/gems/ruby-2.3.0/gems/activesupport-5.0.0.1/lib/active_support/callbacks.rb:382:in `block in make_lambda'
/usr/local/rvm/gems/ruby-2.3.0/gems/activesupport-5.0.0.1/lib/active_support/callbacks.rb:207:in `block in halting_and_conditional'
/usr/local/rvm/gems/ruby-2.3.0/gems/activesupport-5.0.0.1/lib/active_support/callbacks.rb:456:in `block in call'
/usr/local/rvm/gems/ruby-2.3.0/gems/activesupport-5.0.0.1/lib/active_support/callbacks.rb:456:in `each'
/usr/local/rvm/gems/ruby-2.3.0/gems/activesupport-5.0.0.1/lib/active_support/callbacks.rb:456:in `call'
/usr/local/rvm/gems/ruby-2.3.0/gems/activesupport-5.0.0.1/lib/active_support/callbacks.rb:101:in `__run_callbacks__'
/usr/local/rvm/gems/ruby-2.3.0/gems/activesupport-5.0.0.1/lib/active_support/callbacks.rb:750:in `_run_save_callbacks'
/usr/local/rvm/gems/ruby-2.3.0/gems/activerecord-5.0.0.1/lib/active_record/callbacks.rb:298:in `create_or_update'
/usr/local/rvm/gems/ruby-2.3.0/gems/activerecord-5.0.0.1/lib/active_record/persistence.rb:125:in `save'
/usr/local/rvm/gems/ruby-2.3.0/gems/activerecord-5.0.0.1/lib/active_record/validations.rb:44:in `save'
/usr/local/rvm/gems/ruby-2.3.0/gems/activerecord-5.0.0.1/lib/active_record/attribute_methods/dirty.rb:22:in `save'
/usr/local/rvm/gems/ruby-2.3.0/gems/activerecord-5.0.0.1/lib/active_record/transactions.rb:319:in `block (2 levels) in save'
/usr/local/rvm/gems/ruby-2.3.0/gems/activerecord-5.0.0.1/lib/active_record/transactions.rb:395:in `block in with_transaction_returning_status'
/usr/local/rvm/gems/ruby-2.3.0/gems/activerecord-5.0.0.1/lib/active_record/connection_adapters/abstract/database_statements.rb:230:in `transaction'
/usr/local/rvm/gems/ruby-2.3.0/gems/activerecord-5.0.0.1/lib/active_record/transactions.rb:211:in `transaction'
/usr/local/rvm/gems/ruby-2.3.0/gems/activerecord-5.0.0.1/lib/active_record/transactions.rb:392:in `with_transaction_returning_status'
/usr/local/rvm/gems/ruby-2.3.0/gems/activerecord-5.0.0.1/lib/active_record/transactions.rb:319:in `block in save'
/usr/local/rvm/gems/ruby-2.3.0/gems/activerecord-5.0.0.1/lib/active_record/transactions.rb:334:in `rollback_active_record_state!'
/usr/local/rvm/gems/ruby-2.3.0/gems/activerecord-5.0.0.1/lib/active_record/transactions.rb:318:in `save'
/usr/local/rvm/gems/ruby-2.3.0/gems/activerecord-5.0.0.1/lib/active_record/suppressor.rb:41:in `save'
/usr/local/rvm/gems/ruby-2.3.0/gems/activerecord-5.0.0.1/lib/active_record/persistence.rb:266:in `block in update'
/usr/local/rvm/gems/ruby-2.3.0/gems/activerecord-5.0.0.1/lib/active_record/transactions.rb:395:in `block in with_transaction_returning_status'
/usr/local/rvm/gems/ruby-2.3.0/gems/activerecord-5.0.0.1/lib/active_record/connection_adapters/abstract/database_statements.rb:230:in `transaction'
/usr/local/rvm/gems/ruby-2.3.0/gems/activerecord-5.0.0.1/lib/active_record/transactions.rb:211:in `transaction'
/usr/local/rvm/gems/ruby-2.3.0/gems/activerecord-5.0.0.1/lib/active_record/transactions.rb:392:in `with_transaction_returning_status'
/usr/local/rvm/gems/ruby-2.3.0/gems/activerecord-5.0.0.1/lib/active_record/persistence.rb:264:in `update'
/home/ubuntu/workspace/matchme/app/models/match.rb:25:in `add_percent'
/usr/local/rvm/gems/ruby-2.3.0/gems/activesupport-5.0.0.1/lib/active_support/callbacks.rb:382:in `block in make_lambda'
/usr/local/rvm/gems/ruby-2.3.0/gems/activesupport-5.0.0.1/lib/active_support/callbacks.rb:207:in `block in halting_and_conditional'
/usr/local/rvm/gems/ruby-2.3.0/gems/activesupport-5.0.0.1/lib/active_support/callbacks.rb:456:in `block in call'
/usr/local/rvm/gems/ruby-2.3.0/gems/activesupport-5.0.0.1/lib/active_support/callbacks.rb:456:in `each'
/usr/local/rvm/gems/ruby-2.3.0/gems/activesupport-5.0.0.1/lib/active_support/callbacks.rb:456:in `call'
/usr/local/rvm/gems/ruby-2.3.0/gems/activesupport-5.0.0.1/lib/active_support/callbacks.rb:101:in `__run_callbacks__'
/usr/local/rvm/gems/ruby-2.3.0/gems/activesupport-5.0.0.1/lib/active_support/callbacks.rb:750:in `_run_save_callbacks'
/usr/local/rvm/gems/ruby-2.3.0/gems/activerecord-5.0.0.1/lib/active_record/callbacks.rb:298:in `create_or_update'
/usr/local/rvm/gems/ruby-2.3.0/gems/activerecord-5.0.0.1/lib/active_record/persistence.rb:125:in `save'
/usr/local/rvm/gems/ruby-2.3.0/gems/activerecord-5.0.0.1/lib/active_record/validations.rb:44:in `save'
/usr/local/rvm/gems/ruby-2.3.0/gems/activerecord-5.0.0.1/lib/active_record/attribute_methods/dirty.rb:22:in `save'
/usr/local/rvm/gems/ruby-2.3.0/gems/activerecord-5.0.0.1/lib/active_record/transactions.rb:319:in `block (2 levels) in save'
/usr/local/rvm/gems/ruby-2.3.0/gems/activerecord-5.0.0.1/lib/active_record/transactions.rb:395:in `block in with_transaction_returning_status'
/usr/local/rvm/gems/ruby-2.3.0/gems/activerecord-5.0.0.1/lib/active_record/connection_adapters/abstract/database_statements.rb:230:in `transaction'
/usr/local/rvm/gems/ruby-2.3.0/gems/activerecord-5.0.0.1/lib/active_record/transactions.rb:211:in `transaction'
/usr/local/rvm/gems/ruby-2.3.0/gems/activerecord-5.0.0.1/lib/active_record/transactions.rb:392:in `with_transaction_returning_status'
/usr/local/rvm/gems/ruby-2.3.0/gems/activerecord-5.0.0.1/lib/active_record/transactions.rb:319:in `block in save'
/usr/local/rvm/gems/ruby-2.3.0/gems/activerecord-5.0.0.1/lib/active_record/transactions.rb:334:in `rollback_active_record_state!'
/usr/local/rvm/gems/ruby-2.3.0/gems/activerecord-5.0.0.1/lib/active_record/transactions.rb:318:in `save'
/usr/local/rvm/gems/ruby-2.3.0/gems/activerecord-5.0.0.1/lib/active_record/suppressor.rb:41:in `save'
/usr/local/rvm/gems/ruby-2.3.0/gems/activerecord-5.0.0.1/lib/active_record/persistence.rb:266:in `block in update'
/usr/local/rvm/gems/ruby-2.3.0/gems/activerecord-5.0.0.1/lib/active_record/transactions.rb:395:in `block in with_transaction_returning_status'
/usr/local/rvm/gems/ruby-2.3.0/gems/activerecord-5.0.0.1/lib/active_record/connection_adapters/abstract/database_statements.rb:230:in `transaction'
/usr/local/rvm/gems/ruby-2.3.0/gems/activerecord-5.0.0.1/lib/active_record/transactions.rb:211:in `transaction'
/usr/local/rvm/gems/ruby-2.3.0/gems/activerecord-5.0.0.1/lib/active_record/transactions.rb:392:in `with_transaction_returning_status'
/usr/local/rvm/gems/ruby-2.3.0/gems/activerecord-5.0.0.1/lib/active_record/persistence.rb:264:in `update'
/home/ubuntu/workspace/matchme/app/models/match.rb:25:in `add_percent'
/usr/local/rvm/gems/ruby-2.3.0/gems/activesupport-5.0.0.1/lib/active_support/callbacks.rb:382:in `block in make_lambda'
/usr/local/rvm/gems/ruby-2.3.0/gems/activesupport-5.0.0.1/lib/active_support/callbacks.rb:207:in `block in halting_and_conditional'
/usr/local/rvm/gems/ruby-2.3.0/gems/activesupport-5.0.0.1/lib/active_support/callbacks.rb:456:in `block in call'
/usr/local/rvm/gems/ruby-2.3.0/gems/activesupport-5.0.0.1/lib/active_support/callbacks.rb:456:in `each'
/usr/local/rvm/gems/ruby-2.3.0/gems/activesupport-5.0.0.1/lib/active_support/callbacks.rb:456:in `call'
/usr/local/rvm/gems/ruby-2.3.0/gems/activesupport-5.0.0.1/lib/active_support/callbacks.rb:101:in `__run_callbacks__'
/usr/local/rvm/gems/ruby-2.3.0/gems/activesupport-5.0.0.1/lib/active_support/callbacks.rb:750:in `_run_save_callbacks'
/usr/local/rvm/gems/ruby-2.3.0/gems/activerecord-5.0.0.1/lib/active_record/callbacks.rb:298:in `create_or_update'
/usr/local/rvm/gems/ruby-2.3.0/gems/activerecord-5.0.0.1/lib/active_record/persistence.rb:125:in `save'
/usr/local/rvm/gems/ruby-2.3.0/gems/activerecord-5.0.0.1/lib/active_record/validations.rb:44:in `save'
/usr/local/rvm/gems/ruby-2.3.0/gems/activerecord-5.0.0.1/lib/active_record/attribute_methods/dirty.rb:22:in `save'
/usr/local/rvm/gems/ruby-2.3.0/gems/activerecord-5.0.0.1/lib/active_record/transactions.rb:319:in `block (2 levels) in save'
/usr/local/rvm/gems/ruby-2.3.0/gems/activerecord-5.0.0.1/lib/active_record/transactions.rb:395:in `block in with_transaction_returning_status'
/usr/local/rvm/gems/ruby-2.3.0/gems/activerecord-5.0.0.1/lib/active_record/connection_adapters/abstract/database_statements.rb:230:in `transaction'
/usr/local/rvm/gems/ruby-2.3.0/gems/activerecord-5.0.0.1/lib/active_record/transactions.rb:211:in `transaction'
/usr/local/rvm/gems/ruby-2.3.0/gems/activerecord-5.0.0.1/lib/active_record/transactions.rb:392:in `with_transaction_returning_status'
/usr/local/rvm/gems/ruby-2.3.0/gems/activerecord-5.0.0.1/lib/active_record/transactions.rb:319:in `block in save'
/usr/local/rvm/gems/ruby-2.3.0/gems/activerecord-5.0.0.1/lib/active_record/transactions.rb:334:in `rollback_active_record_state!'
/usr/local/rvm/gems/ruby-2.3.0/gems/activerecord-5.0.0.1/lib/active_record/transactions.rb:318:in `save'
/usr/local/rvm/gems/ruby-2.3.0/gems/activerecord-5.0.0.1/lib/active_record/suppressor.rb:41:in `save'
/usr/local/rvm/gems/ruby-2.3.0/gems/activerecord-5.0.0.1/lib/active_record/persistence.rb:266:in `block in update'
/usr/local/rvm/gems/ruby-2.3.0/gems/activerecord-5.0.0.1/lib/active_record/transactions.rb:395:in `block in with_transaction_returning_status'
/usr/local/rvm/gems/ruby-2.3.0/gems/activerecord-5.0.0.1/lib/active_record/connection_adapters/abstract/database_statements.rb:230:in `transaction'
/usr/local/rvm/gems/ruby-2.3.0/gems/activerecord-5.0.0.1/lib/active_record/transactions.rb:211:in `transaction'
/usr/local/rvm/gems/ruby-2.3.0/gems/activerecord-5.0.0.1/lib/active_record/transactions.rb:392:in `with_transaction_returning_status'
/usr/local/rvm/gems/ruby-2.3.0/gems/activerecord-5.0.0.1/lib/active_record/persistence.rb:264:in `update'
/home/ubuntu/workspace/matchme/app/models/match.rb:25:in `add_percent'
/usr/local/rvm/gems/ruby-2.3.0/gems/activesupport-5.0.0.1/lib/active_support/callbacks.rb:382:in `block in make_lambda'
/usr/local/rvm/gems/ruby-2.3.0/gems/activesupport-5.0.0.1/lib/active_support/callbacks.rb:207:in `block in halting_and_conditional'
/usr/local/rvm/gems/ruby-2.3.0/gems/activesupport-5.0.0.1/lib/active_support/callbacks.rb:456:in `block in call'
/usr/local/rvm/gems/ruby-2.3.0/gems/activesupport-5.0.0.1/lib/active_support/callbacks.rb:456:in `each'
/usr/local/rvm/gems/ruby-2.3.0/gems/activesupport-5.0.0.1/lib/active_support/callbacks.rb:456:in `call'
/usr/local/rvm/gems/ruby-2.3.0/gems/activesupport-5.0.0.1/lib/active_support/callbacks.rb:101:in `__run_callbacks__'
/usr/local/rvm/gems/ruby-2.3.0/gems/activesupport-5.0.0.1/lib/active_support/callbacks.rb:750:in `_run_save_callbacks'
/usr/local/rvm/gems/ruby-2.3.0/gems/activerecord-5.0.0.1/lib/active_record/callbacks.rb:298:in `create_or_update'
/usr/local/rvm/gems/ruby-2.3.0/gems/activerecord-5.0.0.1/lib/active_record/persistence.rb:125:in `save'
/usr/local/rvm/gems/ruby-2.3.0/gems/activerecord-5.0.0.1/lib/active_record/validations.rb:44:in `save'
/usr/local/rvm/gems/ruby-2.3.0/gems/activerecord-5.0.0.1/lib/active_record/attribute_methods/dirty.rb:22:in `save'
/usr/local/rvm/gems/ruby-2.3.0/gems/activerecord-5.0.0.1/lib/active_record/transactions.rb:319:in `block (2 levels) in save'
/usr/local/rvm/gems/ruby-2.3.0/gems/activerecord-5.0.0.1/lib/active_record/transactions.rb:395:in `block in with_transaction_returning_status'
/usr/local/rvm/gems/ruby-2.3.0/gems/activerecord-5.0.0.1/lib/active_record/connection_adapters/abstract/database_statements.rb:230:in `transaction'
/usr/local/rvm/gems/ruby-2.3.0/gems/activerecord-5.0.0.1/lib/active_record/transactions.rb:211:in `transaction'
/usr/local/rvm/gems/ruby-2.3.0/gems/activerecord-5.0.0.1/lib/active_record/transactions.rb:392:in `with_transaction_returning_status'
/usr/local/rvm/gems/ruby-2.3.0/gems/activerecord-5.0.0.1/lib/active_record/transactions.rb:319:in `block in save'
/usr/local/rvm/gems/ruby-2.3.0/gems/activerecord-5.0.0.1/lib/active_record/transactions.rb:334:in `rollback_active_record_state!'
/usr/local/rvm/gems/ruby-2.3.0/gems/activerecord-5.0.0.1/lib/active_record/transactions.rb:318:in `save'
/usr/local/rvm/gems/ruby-2.3.0/gems/activerecord-5.0.0.1/lib/active_record/suppressor.rb:41:in `save'
/usr/local/rvm/gems/ruby-2.3.0/gems/activerecord-5.0.0.1/lib/active_record/persistence.rb:266:in `block in update'
/usr/local/rvm/gems/ruby-2.3.0/gems/activerecord-5.0.0.1/lib/active_record/transactions.rb:395:in `block in with_transaction_returning_status'
/usr/local/rvm/gems/ruby-2.3.0/gems/activerecord-5.0.0.1/lib/active_record/connection_adapters/abstract/database_statements.rb:230:in `transaction'
/usr/local/rvm/gems/ruby-2.3.0/gems/activerecord-5.0.0.1/lib/active_record/transactions.rb:211:in `transaction'
/usr/local/rvm/gems/ruby-2.3.0/gems/activerecord-5.0.0.1/lib/active_record/transactions.rb:392:in `with_transaction_returning_status'
/usr/local/rvm/gems/ruby-2.3.0/gems/activerecord-5.0.0.1/lib/active_record/persistence.rb:264:in `update'
/home/ubuntu/workspace/matchme/app/models/match.rb:25:in `add_percent'
/usr/local/rvm/gems/ruby-2.3.0/gems/activesupport-5.0.0.1/lib/active_support/callbacks.rb:382:in `block in make_lambda'
/usr/local/rvm/gems/ruby-2.3.0/gems/activesupport-5.0.0.1/lib/active_support/callbacks.rb:207:in `block in halting_and_conditional'
/usr/local/rvm/gems/ruby-2.3.0/gems/activesupport-5.0.0.1/lib/active_support/callbacks.rb:456:in `block in call'
/usr/local/rvm/gems/ruby-2.3.0/gems/activesupport-5.0.0.1/lib/active_support/callbacks.rb:456:in `each'
/usr/local/rvm/gems/ruby-2.3.0/gems/activesupport-5.0.0.1/lib/active_support/callbacks.rb:456:in `call'
/usr/local/rvm/gems/ruby-2.3.0/gems/activesupport-5.0.0.1/lib/active_support/callbacks.rb:101:in `__run_callbacks__'
/usr/local/rvm/gems/ruby-2.3.0/gems/activesupport-5.0.0.1/lib/active_support/callbacks.rb:750:in `_run_save_callbacks'
/usr/local/rvm/gems/ruby-2.3.0/gems/activerecord-5.0.0.1/lib/active_record/callbacks.rb:298:in `create_or_update'
/usr/local/rvm/gems/ruby-2.3.0/gems/activerecord-5.0.0.1/lib/active_record/persistence.rb:125:in `save'
/usr/local/rvm/gems/ruby-2.3.0/gems/activerecord-5.0.0.1/lib/active_record/validations.rb:44:in `save'
/usr/local/rvm/gems/ruby-2.3.0/gems/activerecord-5.0.0.1/lib/active_record/attribute_methods/dirty.rb:22:in `save'
/usr/local/rvm/gems/ruby-2.3.0/gems/activerecord-5.0.0.1/lib/active_record/transactions.rb:319:in `block (2 levels) in save'
/usr/local/rvm/gems/ruby-2.3.0/gems/activerecord-5.0.0.1/lib/active_record/transactions.rb:395:in `block in with_transaction_returning_status'
/usr/local/rvm/gems/ruby-2.3.0/gems/activerecord-5.0.0.1/lib/active_record/connection_adapters/abstract/database_statements.rb:230:in `transaction'
/usr/local/rvm/gems/ruby-2.3.0/gems/activerecord-5.0.0.1/lib/active_record/transactions.rb:211:in `transaction'
/usr/local/rvm/gems/ruby-2.3.0/gems/activerecord-5.0.0.1/lib/active_record/transactions.rb:392:in `with_transaction_returning_status'
/usr/local/rvm/gems/ruby-2.3.0/gems/activerecord-5.0.0.1/lib/active_record/transactions.rb:319:in `block in save'
/usr/local/rvm/gems/ruby-2.3.0/gems/activerecord-5.0.0.1/lib/active_record/transactions.rb:334:in `rollback_active_record_state!'
/usr/local/rvm/gems/ruby-2.3.0/gems/activerecord-5.0.0.1/lib/active_record/transactions.rb:318:in `save'
/usr/local/rvm/gems/ruby-2.3.0/gems/activerecord-5.0.0.1/lib/active_record/suppressor.rb:41:in `save'
/usr/local/rvm/gems/ruby-2.3.0/gems/activerecord-5.0.0.1/lib/active_record/persistence.rb:266:in `block in update'
/usr/local/rvm/gems/ruby-2.3.0/gems/activerecord-5.0.0.1/lib/active_record/transactions.rb:395:in `block in with_transaction_returning_status'
/usr/local/rvm/gems/ruby-2.3.0/gems/activerecord-5.0.0.1/lib/active_record/connection_adapters/abstract/database_statements.rb:230:in `transaction'
/usr/local/rvm/gems/ruby-2.3.0/gems/activerecord-5.0.0.1/lib/active_record/transactions.rb:211:in `transaction'
/usr/local/rvm/gems/ruby-2.3.0/gems/activerecord-5.0.0.1/lib/active_record/transactions.rb:392:in `with_transaction_returning_status'
/usr/local/rvm/gems/ruby-2.3.0/gems/activerecord-5.0.0.1/lib/active_record/persistence.rb:264:in `update'
/home/ubuntu/workspace/matchme/app/models/match.rb:25:in `add_percent'
/usr/local/rvm/gems/ruby-2.3.0/gems/activesupport-5.0.0.1/lib/active_support/callbacks.rb:382:in `block in make_lambda'
/usr/local/rvm/gems/ruby-2.3.0/gems/activesupport-5.0.0.1/lib/active_support/callbacks.rb:207:in `block in halting_and_conditional'
/usr/local/rvm/gems/ruby-2.3.0/gems/activesupport-5.0.0.1/lib/active_support/callbacks.rb:456:in `block in call'
/usr/local/rvm/gems/ruby-2.3.0/gems/activesupport-5.0.0.1/lib/active_support/callbacks.rb:456:in `each'
/usr/local/rvm/gems/ruby-2.3.0/gems/activesupport-5.0.0.1/lib/active_support/callbacks.rb:456:in `call'
/usr/local/rvm/gems/ruby-2.3.0/gems/activesupport-5.0.0.1/lib/active_support/callbacks.rb:101:in `__run_callbacks__'
/usr/local/rvm/gems/ruby-2.3.0/gems/activesupport-5.0.0.1/lib/active_support/callbacks.rb:750:in `_run_save_callbacks'
/usr/local/rvm/gems/ruby-2.3.0/gems/activerecord-5.0.0.1/lib/active_record/callbacks.rb:298:in `create_or_update'
/usr/local/rvm/gems/ruby-2.3.0/gems/activerecord-5.0.0.1/lib/active_record/persistence.rb:125:in `save'
/usr/local/rvm/gems/ruby-2.3.0/gems/activerecord-5.0.0.1/lib/active_record/validations.rb:44:in `save'
/usr/local/rvm/gems/ruby-2.3.0/gems/activerecord-5.0.0.1/lib/active_record/attribute_methods/dirty.rb:22:in `save'
/usr/local/rvm/gems/ruby-2.3.0/gems/activerecord-5.0.0.1/lib/active_record/transactions.rb:319:in `block (2 levels) in save'
/usr/local/rvm/gems/ruby-2.3.0/gems/activerecord-5.0.0.1/lib/active_record/transactions.rb:395:in `block in with_transaction_returning_status'
/usr/local/rvm/gems/ruby-2.3.0/gems/activerecord-5.0.0.1/lib/active_record/connection_adapters/abstract/database_statements.rb:230:in `transaction'
/usr/local/rvm/gems/ruby-2.3.0/gems/activerecord-5.0.0.1/lib/active_record/transactions.rb:211:in `transaction'
/usr/local/rvm/gems/ruby-2.3.0/gems/activerecord-5.0.0.1/lib/active_record/transactions.rb:392:in `with_transaction_returning_status'
/usr/local/rvm/gems/ruby-2.3.0/gems/activerecord-5.0.0.1/lib/active_record/transactions.rb:319:in `block in save'
/usr/local/rvm/gems/ruby-2.3.0/gems/activerecord-5.0.0.1/lib/active_record/transactions.rb:334:in `rollback_active_record_state!'
/usr/local/rvm/gems/ruby-2.3.0/gems/activerecord-5.0.0.1/lib/active_record/transactions.rb:318:in `save'
/usr/local/rvm/gems/ruby-2.3.0/gems/activerecord-5.0.0.1/lib/active_record/suppressor.rb:41:in `save'
/usr/local/rvm/gems/ruby-2.3.0/gems/activerecord-5.0.0.1/lib/active_record/persistence.rb:266:in `block in update'
/usr/local/rvm/gems/ruby-2.3.0/gems/activerecord-5.0.0.1/lib/active_record/transactions.rb:395:in `block in with_transaction_returning_status'
/usr/local/rvm/gems/ruby-2.3.0/gems/activerecord-5.0.0.1/lib/active_record/connection_adapters/abstract/database_statements.rb:230:in `transaction'
/usr/local/rvm/gems/ruby-2.3.0/gems/activerecord-5.0.0.1/lib/active_record/transactions.rb:211:in `transaction'
/usr/local/rvm/gems/ruby-2.3.0/gems/activerecord-5.0.0.1/lib/active_record/transactions.rb:392:in `with_transaction_returning_status'
/usr/local/rvm/gems/ruby-2.3.0/gems/activerecord-5.0.0.1/lib/active_record/persistence.rb:264:in `update'
/home/ubuntu/workspace/matchme/app/models/match.rb:25:in `add_percent'
/usr/local/rvm/gems/ruby-2.3.0/gems/activesupport-5.0.0.1/lib/active_support/callbacks.rb:382:in `block in make_lambda'
/usr/local/rvm/gems/ruby-2.3.0/gems/activesupport-5.0.0.1/lib/active_support/callbacks.rb:207:in `block in halting_and_conditional'
/usr/local/rvm/gems/ruby-2.3.0/gems/activesupport-5.0.0.1/lib/active_support/callbacks.rb:456:in `block in call'
/usr/local/rvm/gems/ruby-2.3.0/gems/activesupport-5.0.0.1/lib/active_support/callbacks.rb:456:in `each'
/usr/local/rvm/gems/ruby-2.3.0/gems/activesupport-5.0.0.1/lib/active_support/callbacks.rb:456:in `call'
/usr/local/rvm/gems/ruby-2.3.0/gems/activesupport-5.0.0.1/lib/active_support/callbacks.rb:101:in `__run_callbacks__'
/usr/local/rvm/gems/ruby-2.3.0/gems/activesupport-5.0.0.1/lib/active_support/callbacks.rb:750:in `_run_save_callbacks'
/usr/local/rvm/gems/ruby-2.3.0/gems/activerecord-5.0.0.1/lib/active_record/callbacks.rb:298:in `create_or_update'
/usr/local/rvm/gems/ruby-2.3.0/gems/activerecord-5.0.0.1/lib/active_record/persistence.rb:125:in `save'
/usr/local/rvm/gems/ruby-2.3.0/gems/activerecord-5.0.0.1/lib/active_record/validations.rb:44:in `save'
/usr/local/rvm/gems/ruby-2.3.0/gems/activerecord-5.0.0.1/lib/active_record/attribute_methods/dirty.rb:22:in `save'
/usr/local/rvm/gems/ruby-2.3.0/gems/activerecord-5.0.0.1/lib/active_record/transactions.rb:319:in `block (2 levels) in save'
/usr/local/rvm/gems/ruby-2.3.0/gems/activerecord-5.0.0.1/lib/active_record/transactions.rb:395:in `block in with_transaction_returning_status'
/usr/local/rvm/gems/ruby-2.3.0/gems/activerecord-5.0.0.1/lib/active_record/connection_adapters/abstract/database_statements.rb:230:in `transaction'
/usr/local/rvm/gems/ruby-2.3.0/gems/activerecord-5.0.0.1/lib/active_record/transactions.rb:211:in `transaction'
/usr/local/rvm/gems/ruby-2.3.0/gems/activerecord-5.0.0.1/lib/active_record/transactions.rb:392:in `with_transaction_returning_status'
/usr/local/rvm/gems/ruby-2.3.0/gems/activerecord-5.0.0.1/lib/active_record/transactions.rb:319:in `block in save'
/usr/local/rvm/gems/ruby-2.3.0/gems/activerecord-5.0.0.1/lib/active_record/transactions.rb:334:in `rollback_active_record_state!'
/usr/local/rvm/gems/ruby-2.3.0/gems/activerecord-5.0.0.1/lib/active_record/transactions.rb:318:in `save'
/usr/local/rvm/gems/ruby-2.3.0/gems/activerecord-5.0.0.1/lib/active_record/suppressor.rb:41:in `save'
/usr/local/rvm/gems/ruby-2.3.0/gems/activerecord-5.0.0.1/lib/active_record/persistence.rb:266:in `block in update'
/usr/local/rvm/gems/ruby-2.3.0/gems/activerecord-5.0.0.1/lib/active_record/transactions.rb:395:in `block in with_transaction_returning_status'
/usr/local/rvm/gems/ruby-2.3.0/gems/activerecord-5.0.0.1/lib/active_record/connection_adapters/abstract/database_statements.rb:230:in `transaction'
/usr/local/rvm/gems/ruby-2.3.0/gems/activerecord-5.0.0.1/lib/active_record/transactions.rb:211:in `transaction'
/usr/local/rvm/gems/ruby-2.3.0/gems/activerecord-5.0.0.1/lib/active_record/transactions.rb:392:in `with_transaction_returning_status'
/usr/local/rvm/gems/ruby-2.3.0/gems/activerecord-5.0.0.1/lib/active_record/persistence.rb:264:in `update'
/home/ubuntu/workspace/matchme/app/models/match.rb:25:in `add_percent'
/usr/local/rvm/gems/ruby-2.3.0/gems/activesupport-5.0.0.1/lib/active_support/callbacks.rb:382:in `block in make_lambda'
/usr/local/rvm/gems/ruby-2.3.0/gems/activesupport-5.0.0.1/lib/active_support/callbacks.rb:207:in `block in halting_and_conditional'
/usr/local/rvm/gems/ruby-2.3.0/gems/activesupport-5.0.0.1/lib/active_support/callbacks.rb:456:in `block in call'
/usr/local/rvm/gems/ruby-2.3.0/gems/activesupport-5.0.0.1/lib/active_support/callbacks.rb:456:in `each'
/usr/local/rvm/gems/ruby-2.3.0/gems/activesupport-5.0.0.1/lib/active_support/callbacks.rb:456:in `call'
/usr/local/rvm/gems/ruby-2.3.0/gems/activesupport-5.0.0.1/lib/active_support/callbacks.rb:101:in `__run_callbacks__'
/usr/local/rvm/gems/ruby-2.3.0/gems/activesupport-5.0.0.1/lib/active_support/callbacks.rb:750:in `_run_save_callbacks'
/usr/local/rvm/gems/ruby-2.3.0/gems/activerecord-5.0.0.1/lib/active_record/callbacks.rb:298:in `create_or_update'
/usr/local/rvm/gems/ruby-2.3.0/gems/activerecord-5.0.0.1/lib/active_record/persistence.rb:125:in `save'
/usr/local/rvm/gems/ruby-2.3.0/gems/activerecord-5.0.0.1/lib/active_record/validations.rb:44:in `save'
/usr/local/rvm/gems/ruby-2.3.0/gems/activerecord-5.0.0.1/lib/active_record/attribute_methods/dirty.rb:22:in `save'
/usr/local/rvm/gems/ruby-2.3.0/gems/activerecord-5.0.0.1/lib/active_record/transactions.rb:319:in `block (2 levels) in save'
/usr/local/rvm/gems/ruby-2.3.0/gems/activerecord-5.0.0.1/lib/active_record/transactions.rb:395:in `block in with_transaction_returning_status'
/usr/local/rvm/gems/ruby-2.3.0/gems/activerecord-5.0.0.1/lib/active_record/connection_adapters/abstract/database_statements.rb:230:in `transaction'
/usr/local/rvm/gems/ruby-2.3.0/gems/activerecord-5.0.0.1/lib/active_record/transactions.rb:211:in `transaction'
/usr/local/rvm/gems/ruby-2.3.0/gems/activerecord-5.0.0.1/lib/active_record/transactions.rb:392:in `with_transaction_returning_status'
/usr/local/rvm/gems/ruby-2.3.0/gems/activerecord-5.0.0.1/lib/active_record/transactions.rb:319:in `block in save'
/usr/local/rvm/gems/ruby-2.3.0/gems/activerecord-5.0.0.1/lib/active_record/transactions.rb:334:in `rollback_active_record_state!'
/usr/local/rvm/gems/ruby-2.3.0/gems/activerecord-5.0.0.1/lib/active_record/transactions.rb:318:in `save'
/usr/local/rvm/gems/ruby-2.3.0/gems/activerecord-5.0.0.1/lib/active_record/suppressor.rb:41:in `save'
/usr/local/rvm/gems/ruby-2.3.0/gems/activerecord-5.0.0.1/lib/active_record/persistence.rb:266:in `block in update'
/usr/local/rvm/gems/ruby-2.3.0/gems/activerecord-5.0.0.1/lib/active_record/transactions.rb:395:in `block in with_transaction_returning_status'
/usr/local/rvm/gems/ruby-2.3.0/gems/activerecord-5.0.0.1/lib/active_record/connection_adapters/abstract/database_statements.rb:230:in `transaction'
/usr/local/rvm/gems/ruby-2.3.0/gems/activerecord-5.0.0.1/lib/active_record/transactions.rb:211:in `transaction'
/usr/local/rvm/gems/ruby-2.3.0/gems/activerecord-5.0.0.1/lib/active_record/transactions.rb:392:in `with_transaction_returning_status'
/usr/local/rvm/gems/ruby-2.3.0/gems/activerecord-5.0.0.1/lib/active_record/persistence.rb:264:in `update'
/home/ubuntu/workspace/matchme/app/models/match.rb:25:in `add_percent'
/usr/local/rvm/gems/ruby-2.3.0/gems/activesupport-5.0.0.1/lib/active_support/callbacks.rb:382:in `block in make_lambda'
/usr/local/rvm/gems/ruby-2.3.0/gems/activesupport-5.0.0.1/lib/active_support/callbacks.rb:207:in `block in halting_and_conditional'
/usr/local/rvm/gems/ruby-2.3.0/gems/activesupport-5.0.0.1/lib/active_support/callbacks.rb:456:in `block in call'
/usr/local/rvm/gems/ruby-2.3.0/gems/activesupport-5.0.0.1/lib/active_support/callbacks.rb:456:in `each'
/usr/local/rvm/gems/ruby-2.3.0/gems/activesupport-5.0.0.1/lib/active_support/callbacks.rb:456:in `call'
/usr/local/rvm/gems/ruby-2.3.0/gems/activesupport-5.0.0.1/lib/active_support/callbacks.rb:101:in `__run_callbacks__'
/usr/local/rvm/gems/ruby-2.3.0/gems/activesupport-5.0.0.1/lib/active_support/callbacks.rb:750:in `_run_save_callbacks'
/usr/local/rvm/gems/ruby-2.3.0/gems/activerecord-5.0.0.1/lib/active_record/callbacks.rb:298:in `create_or_update'
/usr/local/rvm/gems/ruby-2.3.0/gems/activerecord-5.0.0.1/lib/active_record/persistence.rb:125:in `save'
/usr/local/rvm/gems/ruby-2.3.0/gems/activerecord-5.0.0.1/lib/active_record/validations.rb:44:in `save'
/usr/local/rvm/gems/ruby-2.3.0/gems/activerecord-5.0.0.1/lib/active_record/attribute_methods/dirty.rb:22:in `save'
/usr/local/rvm/gems/ruby-2.3.0/gems/activerecord-5.0.0.1/lib/active_record/transactions.rb:319:in `block (2 levels) in save'
/usr/local/rvm/gems/ruby-2.3.0/gems/activerecord-5.0.0.1/lib/active_record/transactions.rb:395:in `block in with_transaction_returning_status'
/usr/local/rvm/gems/ruby-2.3.0/gems/activerecord-5.0.0.1/lib/active_record/connection_adapters/abstract/database_statements.rb:230:in `transaction'
/usr/local/rvm/gems/ruby-2.3.0/gems/activerecord-5.0.0.1/lib/active_record/transactions.rb:211:in `transaction'
/usr/local/rvm/gems/ruby-2.3.0/gems/activerecord-5.0.0.1/lib/active_record/transactions.rb:392:in `with_transaction_returning_status'
/usr/local/rvm/gems/ruby-2.3.0/gems/activerecord-5.0.0.1/lib/active_record/transactions.rb:319:in `block in save'
/usr/local/rvm/gems/ruby-2.3.0/gems/activerecord-5.0.0.1/lib/active_record/transactions.rb:334:in `rollback_active_record_state!'
/usr/local/rvm/gems/ruby-2.3.0/gems/activerecord-5.0.0.1/lib/active_record/transactions.rb:318:in `save'
/usr/local/rvm/gems/ruby-2.3.0/gems/activerecord-5.0.0.1/lib/active_record/suppressor.rb:41:in `save'
/usr/local/rvm/gems/ruby-2.3.0/gems/activerecord-5.0.0.1/lib/active_record/persistence.rb:266:in `block in update'
/usr/local/rvm/gems/ruby-2.3.0/gems/activerecord-5.0.0.1/lib/active_record/transactions.rb:395:in `block in with_transaction_returning_status'
/usr/local/rvm/gems/ruby-2.3.0/gems/activerecord-5.0.0.1/lib/active_record/connection_adapters/abstract/database_statements.rb:230:in `transaction'
/usr/local/rvm/gems/ruby-2.3.0/gems/activerecord-5.0.0.1/lib/active_record/transactions.rb:211:in `transaction'
/usr/local/rvm/gems/ruby-2.3.0/gems/activerecord-5.0.0.1/lib/active_record/transactions.rb:392:in `with_transaction_returning_status'
/usr/local/rvm/gems/ruby-2.3.0/gems/activerecord-5.0.0.1/lib/active_record/persistence.rb:264:in `update'
/home/ubuntu/workspace/matchme/app/models/match.rb:25:in `add_percent'
/usr/local/rvm/gems/ruby-2.3.0/gems/activesupport-5.0.0.1/lib/active_support/callbacks.rb:382:in `block in make_lambda'
/usr/local/rvm/gems/ruby-2.3.0/gems/activesupport-5.0.0.1/lib/active_support/callbacks.rb:207:in `block in halting_and_conditional'
/usr/local/rvm/gems/ruby-2.3.0/gems/activesupport-5.0.0.1/lib/active_support/callbacks.rb:456:in `block in call'
/usr/local/rvm/gems/ruby-2.3.0/gems/activesupport-5.0.0.1/lib/active_support/callbacks.rb:456:in `each'
/usr/local/rvm/gems/ruby-2.3.0/gems/activesupport-5.0.0.1/lib/active_support/callbacks.rb:456:in `call'
/usr/local/rvm/gems/ruby-2.3.0/gems/activesupport-5.0.0.1/lib/active_support/callbacks.rb:101:in `__run_callbacks__'
/usr/local/rvm/gems/ruby-2.3.0/gems/activesupport-5.0.0.1/lib/active_support/callbacks.rb:750:in `_run_save_callbacks'
/usr/local/rvm/gems/ruby-2.3.0/gems/activerecord-5.0.0.1/lib/active_record/callbacks.rb:298:in `create_or_update'
/usr/local/rvm/gems/ruby-2.3.0/gems/activerecord-5.0.0.1/lib/active_record/persistence.rb:125:in `save'
/usr/local/rvm/gems/ruby-2.3.0/gems/activerecord-5.0.0.1/lib/active_record/validations.rb:44:in `save'
/usr/local/rvm/gems/ruby-2.3.0/gems/activerecord-5.0.0.1/lib/active_record/attribute_methods/dirty.rb:22:in `save'
/usr/local/rvm/gems/ruby-2.3.0/gems/activerecord-5.0.0.1/lib/active_record/transactions.rb:319:in `block (2 levels) in save'
/usr/local/rvm/gems/ruby-2.3.0/gems/activerecord-5.0.0.1/lib/active_record/transactions.rb:395:in `block in with_transaction_returning_status'
/usr/local/rvm/gems/ruby-2.3.0/gems/activerecord-5.0.0.1/lib/active_record/connection_adapters/abstract/database_statements.rb:230:in `transaction'
/usr/local/rvm/gems/ruby-2.3.0/gems/activerecord-5.0.0.1/lib/active_record/transactions.rb:211:in `transaction'
/usr/local/rvm/gems/ruby-2.3.0/gems/activerecord-5.0.0.1/lib/active_record/transactions.rb:392:in `with_transaction_returning_status'
/usr/local/rvm/gems/ruby-2.3.0/gems/activerecord-5.0.0.1/lib/active_record/transactions.rb:319:in `block in save'
/usr/local/rvm/gems/ruby-2.3.0/gems/activerecord-5.0.0.1/lib/active_record/transactions.rb:334:in `rollback_active_record_state!'
/usr/local/rvm/gems/ruby-2.3.0/gems/activerecord-5.0.0.1/lib/active_record/transactions.rb:318:in `save'
/usr/local/rvm/gems/ruby-2.3.0/gems/activerecord-5.0.0.1/lib/active_record/suppressor.rb:41:in `save'
/usr/local/rvm/gems/ruby-2.3.0/gems/activerecord-5.0.0.1/lib/active_record/persistence.rb:266:in `block in update'
/usr/local/rvm/gems/ruby-2.3.0/gems/activerecord-5.0.0.1/lib/active_record/transactions.rb:395:in `block in with_transaction_returning_status'
/usr/local/rvm/gems/ruby-2.3.0/gems/activerecord-5.0.0.1/lib/active_record/connection_adapters/abstract/database_statements.rb:230:in `transaction'
/usr/local/rvm/gems/ruby-2.3.0/gems/activerecord-5.0.0.1/lib/active_record/transactions.rb:211:in `transaction'
/usr/local/rvm/gems/ruby-2.3.0/gems/activerecord-5.0.0.1/lib/active_record/transactions.rb:392:in `with_transaction_returning_status'
/usr/local/rvm/gems/ruby-2.3.0/gems/activerecord-5.0.0.1/lib/active_record/persistence.rb:264:in `update'
/home/ubuntu/workspace/matchme/app/models/match.rb:25:in `add_percent'
/usr/local/rvm/gems/ruby-2.3.0/gems/activesupport-5.0.0.1/lib/active_support/callbacks.rb:382:in `block in make_lambda'
/usr/local/rvm/gems/ruby-2.3.0/gems/activesupport-5.0.0.1/lib/active_support/callbacks.rb:207:in `block in halting_and_conditional'
/usr/local/rvm/gems/ruby-2.3.0/gems/activesupport-5.0.0.1/lib/active_support/callbacks.rb:456:in `block in call'
/usr/local/rvm/gems/ruby-2.3.0/gems/activesupport-5.0.0.1/lib/active_support/callbacks.rb:456:in `each'
/usr/local/rvm/gems/ruby-2.3.0/gems/activesupport-5.0.0.1/lib/active_support/callbacks.rb:456:in `call'
/usr/local/rvm/gems/ruby-2.3.0/gems/activesupport-5.0.0.1/lib/active_support/callbacks.rb:101:in `__run_callbacks__'
/usr/local/rvm/gems/ruby-2.3.0/gems/activesupport-5.0.0.1/lib/active_support/callbacks.rb:750:in `_run_save_callbacks'
/usr/local/rvm/gems/ruby-2.3.0/gems/activerecord-5.0.0.1/lib/active_record/callbacks.rb:298:in `create_or_update'
/usr/local/rvm/gems/ruby-2.3.0/gems/activerecord-5.0.0.1/lib/active_record/persistence.rb:125:in `save'
/usr/local/rvm/gems/ruby-2.3.0/gems/activerecord-5.0.0.1/lib/active_record/validations.rb:44:in `save'
/usr/local/rvm/gems/ruby-2.3.0/gems/activerecord-5.0.0.1/lib/active_record/attribute_methods/dirty.rb:22:in `save'
/usr/local/rvm/gems/ruby-2.3.0/gems/activerecord-5.0.0.1/lib/active_record/transactions.rb:319:in `block (2 levels) in save'
/usr/local/rvm/gems/ruby-2.3.0/gems/activerecord-5.0.0.1/lib/active_record/transactions.rb:395:in `block in with_transaction_returning_status'
/usr/local/rvm/gems/ruby-2.3.0/gems/activerecord-5.0.0.1/lib/active_record/connection_adapters/abstract/database_statements.rb:230:in `transaction'
/usr/local/rvm/gems/ruby-2.3.0/gems/activerecord-5.0.0.1/lib/active_record/transactions.rb:211:in `transaction'
/usr/local/rvm/gems/ruby-2.3.0/gems/activerecord-5.0.0.1/lib/active_record/transactions.rb:392:in `with_transaction_returning_status'
/usr/local/rvm/gems/ruby-2.3.0/gems/activerecord-5.0.0.1/lib/active_record/transactions.rb:319:in `block in save'
/usr/local/rvm/gems/ruby-2.3.0/gems/activerecord-5.0.0.1/lib/active_record/transactions.rb:334:in `rollback_active_record_state!'
/usr/local/rvm/gems/ruby-2.3.0/gems/activerecord-5.0.0.1/lib/active_record/transactions.rb:318:in `save'
/usr/local/rvm/gems/ruby-2.3.0/gems/activerecord-5.0.0.1/lib/active_record/suppressor.rb:41:in `save'
/usr/local/rvm/gems/ruby-2.3.0/gems/activerecord-5.0.0.1/lib/active_record/persistence.rb:266:in `block in update'
/usr/local/rvm/gems/ruby-2.3.0/gems/activerecord-5.0.0.1/lib/active_record/transactions.rb:395:in `block in with_transaction_returning_status'
/usr/local/rvm/gems/ruby-2.3.0/gems/activerecord-5.0.0.1/lib/active_record/connection_adapters/abstract/database_statements.rb:230:in `transaction'
/usr/local/rvm/gems/ruby-2.3.0/gems/activerecord-5.0.0.1/lib/active_record/transactions.rb:211:in `transaction'
/usr/local/rvm/gems/ruby-2.3.0/gems/activerecord-5.0.0.1/lib/active_record/transactions.rb:392:in `with_transaction_returning_status'
/usr/local/rvm/gems/ruby-2.3.0/gems/activerecord-5.0.0.1/lib/active_record/persistence.rb:264:in `update'
/home/ubuntu/workspace/matchme/app/models/match.rb:25:in `add_percent'
/usr/local/rvm/gems/ruby-2.3.0/gems/activesupport-5.0.0.1/lib/active_support/callbacks.rb:382:in `block in make_lambda'
/usr/local/rvm/gems/ruby-2.3.0/gems/activesupport-5.0.0.1/lib/active_support/callbacks.rb:207:in `block in halting_and_conditional'
/usr/local/rvm/gems/ruby-2.3.0/gems/activesupport-5.0.0.1/lib/active_support/callbacks.rb:456:in `block in call'
/usr/local/rvm/gems/ruby-2.3.0/gems/activesupport-5.0.0.1/lib/active_support/callbacks.rb:456:in `each'
/usr/local/rvm/gems/ruby-2.3.0/gems/activesupport-5.0.0.1/lib/active_support/callbacks.rb:456:in `call'
/usr/local/rvm/gems/ruby-2.3.0/gems/activesupport-5.0.0.1/lib/active_support/callbacks.rb:101:in `__run_callbacks__'
/usr/local/rvm/gems/ruby-2.3.0/gems/activesupport-5.0.0.1/lib/active_support/callbacks.rb:750:in `_run_save_callbacks'
/usr/local/rvm/gems/ruby-2.3.0/gems/activerecord-5.0.0.1/lib/active_record/callbacks.rb:298:in `create_or_update'
/usr/local/rvm/gems/ruby-2.3.0/gems/activerecord-5.0.0.1/lib/active_record/persistence.rb:125:in `save'
/usr/local/rvm/gems/ruby-2.3.0/gems/activerecord-5.0.0.1/lib/active_record/validations.rb:44:in `save'
/usr/local/rvm/gems/ruby-2.3.0/gems/activerecord-5.0.0.1/lib/active_record/attribute_methods/dirty.rb:22:in `save'
/usr/local/rvm/gems/ruby-2.3.0/gems/activerecord-5.0.0.1/lib/active_record/transactions.rb:319:in `block (2 levels) in save'
/usr/local/rvm/gems/ruby-2.3.0/gems/activerecord-5.0.0.1/lib/active_record/transactions.rb:395:in `block in with_transaction_returning_status'
/usr/local/rvm/gems/ruby-2.3.0/gems/activerecord-5.0.0.1/lib/active_record/connection_adapters/abstract/database_statements.rb:230:in `transaction'
/usr/local/rvm/gems/ruby-2.3.0/gems/activerecord-5.0.0.1/lib/active_record/transactions.rb:211:in `transaction'
/usr/local/rvm/gems/ruby-2.3.0/gems/activerecord-5.0.0.1/lib/active_record/transactions.rb:392:in `with_transaction_returning_status'
/usr/local/rvm/gems/ruby-2.3.0/gems/activerecord-5.0.0.1/lib/active_record/transactions.rb:319:in `block in save'
/usr/local/rvm/gems/ruby-2.3.0/gems/activerecord-5.0.0.1/lib/active_record/transactions.rb:334:in `rollback_active_record_state!'
/usr/local/rvm/gems/ruby-2.3.0/gems/activerecord-5.0.0.1/lib/active_record/transactions.rb:318:in `save'
/usr/local/rvm/gems/ruby-2.3.0/gems/activerecord-5.0.0.1/lib/active_record/suppressor.rb:41:in `save'
/usr/local/rvm/gems/ruby-2.3.0/gems/activerecord-5.0.0.1/lib/active_record/persistence.rb:266:in `block in update'
/usr/local/rvm/gems/ruby-2.3.0/gems/activerecord-5.0.0.1/lib/active_record/transactions.rb:395:in `block in with_transaction_returning_status'
/usr/local/rvm/gems/ruby-2.3.0/gems/activerecord-5.0.0.1/lib/active_record/connection_adapters/abstract/database_statements.rb:230:in `transaction'
/usr/local/rvm/gems/ruby-2.3.0/gems/activerecord-5.0.0.1/lib/active_record/transactions.rb:211:in `transaction'
/usr/local/rvm/gems/ruby-2.3.0/gems/activerecord-5.0.0.1/lib/active_record/transactions.rb:392:in `with_transaction_returning_status'
/usr/local/rvm/gems/ruby-2.3.0/gems/activerecord-5.0.0.1/lib/active_record/persistence.rb:264:in `update'
/home/ubuntu/workspace/matchme/app/models/match.rb:25:in `add_percent'
/usr/local/rvm/gems/ruby-2.3.0/gems/activesupport-5.0.0.1/lib/active_support/callbacks.rb:382:in `block in make_lambda'
/usr/local/rvm/gems/ruby-2.3.0/gems/activesupport-5.0.0.1/lib/active_support/callbacks.rb:207:in `block in halting_and_conditional'
/usr/local/rvm/gems/ruby-2.3.0/gems/activesupport-5.0.0.1/lib/active_support/callbacks.rb:456:in `block in call'
/usr/local/rvm/gems/ruby-2.3.0/gems/activesupport-5.0.0.1/lib/active_support/callbacks.rb:456:in `each'
/usr/local/rvm/gems/ruby-2.3.0/gems/activesupport-5.0.0.1/lib/active_support/callbacks.rb:456:in `call'
/usr/local/rvm/gems/ruby-2.3.0/gems/activesupport-5.0.0.1/lib/active_support/callbacks.rb:101:in `__run_callbacks__'
/usr/local/rvm/gems/ruby-2.3.0/gems/activesupport-5.0.0.1/lib/active_support/callbacks.rb:750:in `_run_save_callbacks'
/usr/local/rvm/gems/ruby-2.3.0/gems/activerecord-5.0.0.1/lib/active_record/callbacks.rb:298:in `create_or_update'
/usr/local/rvm/gems/ruby-2.3.0/gems/activerecord-5.0.0.1/lib/active_record/persistence.rb:125:in `save'
/usr/local/rvm/gems/ruby-2.3.0/gems/activerecord-5.0.0.1/lib/active_record/validations.rb:44:in `save'
/usr/local/rvm/gems/ruby-2.3.0/gems/activerecord-5.0.0.1/lib/active_record/attribute_methods/dirty.rb:22:in `save'
/usr/local/rvm/gems/ruby-2.3.0/gems/activerecord-5.0.0.1/lib/active_record/transactions.rb:319:in `block (2 levels) in save'
/usr/local/rvm/gems/ruby-2.3.0/gems/activerecord-5.0.0.1/lib/active_record/transactions.rb:395:in `block in with_transaction_returning_status'
/usr/local/rvm/gems/ruby-2.3.0/gems/activerecord-5.0.0.1/lib/active_record/connection_adapters/abstract/database_statements.rb:230:in `transaction'
/usr/local/rvm/gems/ruby-2.3.0/gems/activerecord-5.0.0.1/lib/active_record/transactions.rb:211:in `transaction'
/usr/local/rvm/gems/ruby-2.3.0/gems/activerecord-5.0.0.1/lib/active_record/transactions.rb:392:in `with_transaction_returning_status'
/usr/local/rvm/gems/ruby-2.3.0/gems/activerecord-5.0.0.1/lib/active_record/transactions.rb:319:in `block in save'
/usr/local/rvm/gems/ruby-2.3.0/gems/activerecord-5.0.0.1/lib/active_record/transactions.rb:334:in `rollback_active_record_state!'
/usr/local/rvm/gems/ruby-2.3.0/gems/activerecord-5.0.0.1/lib/active_record/transactions.rb:318:in `save'
/usr/local/rvm/gems/ruby-2.3.0/gems/activerecord-5.0.0.1/lib/active_record/suppressor.rb:41:in `save'
/usr/local/rvm/gems/ruby-2.3.0/gems/activerecord-5.0.0.1/lib/active_record/persistence.rb:266:in `block in update'
/usr/local/rvm/gems/ruby-2.3.0/gems/activerecord-5.0.0.1/lib/active_record/transactions.rb:395:in `block in with_transaction_returning_status'
/usr/local/rvm/gems/ruby-2.3.0/gems/activerecord-5.0.0.1/lib/active_record/connection_adapters/abstract/database_statements.rb:230:in `transaction'
/usr/local/rvm/gems/ruby-2.3.0/gems/activerecord-5.0.0.1/lib/active_record/transactions.rb:211:in `transaction'
/usr/local/rvm/gems/ruby-2.3.0/gems/activerecord-5.0.0.1/lib/active_record/transactions.rb:392:in `with_transaction_returning_status'
/usr/local/rvm/gems/ruby-2.3.0/gems/activerecord-5.0.0.1/lib/active_record/persistence.rb:264:in `update'
/home/ubuntu/workspace/matchme/app/models/match.rb:25:in `add_percent'
/usr/local/rvm/gems/ruby-2.3.0/gems/activesupport-5.0.0.1/lib/active_support/callbacks.rb:382:in `block in make_lambda'
/usr/local/rvm/gems/ruby-2.3.0/gems/activesupport-5.0.0.1/lib/active_support/callbacks.rb:207:in `block in halting_and_conditional'
/usr/local/rvm/gems/ruby-2.3.0/gems/activesupport-5.0.0.1/lib/active_support/callbacks.rb:456:in `block in call'
/usr/local/rvm/gems/ruby-2.3.0/gems/activesupport-5.0.0.1/lib/active_support/callbacks.rb:456:in `each'
/usr/local/rvm/gems/ruby-2.3.0/gems/activesupport-5.0.0.1/lib/active_support/callbacks.rb:456:in `call'
/usr/local/rvm/gems/ruby-2.3.0/gems/activesupport-5.0.0.1/lib/active_support/callbacks.rb:101:in `__run_callbacks__'
/usr/local/rvm/gems/ruby-2.3.0/gems/activesupport-5.0.0.1/lib/active_support/callbacks.rb:750:in `_run_save_callbacks'
/usr/local/rvm/gems/ruby-2.3.0/gems/activerecord-5.0.0.1/lib/active_record/callbacks.rb:298:in `create_or_update'
/usr/local/rvm/gems/ruby-2.3.0/gems/activerecord-5.0.0.1/lib/active_record/persistence.rb:125:in `save'
/usr/local/rvm/gems/ruby-2.3.0/gems/activerecord-5.0.0.1/lib/active_record/validations.rb:44:in `save'
/usr/local/rvm/gems/ruby-2.3.0/gems/activerecord-5.0.0.1/lib/active_record/attribute_methods/dirty.rb:22:in `save'
/usr/local/rvm/gems/ruby-2.3.0/gems/activerecord-5.0.0.1/lib/active_record/transactions.rb:319:in `block (2 levels) in save'
/usr/local/rvm/gems/ruby-2.3.0/gems/activerecord-5.0.0.1/lib/active_record/transactions.rb:395:in `block in with_transaction_returning_status'
/usr/local/rvm/gems/ruby-2.3.0/gems/activerecord-5.0.0.1/lib/active_record/connection_adapters/abstract/database_statements.rb:230:in `transaction'
/usr/local/rvm/gems/ruby-2.3.0/gems/activerecord-5.0.0.1/lib/active_record/transactions.rb:211:in `transaction'
/usr/local/rvm/gems/ruby-2.3.0/gems/activerecord-5.0.0.1/lib/active_record/transactions.rb:392:in `with_transaction_returning_status'
/usr/local/rvm/gems/ruby-2.3.0/gems/activerecord-5.0.0.1/lib/active_record/transactions.rb:319:in `block in save'
/usr/local/rvm/gems/ruby-2.3.0/gems/activerecord-5.0.0.1/lib/active_record/transactions.rb:334:in `rollback_active_record_state!'
/usr/local/rvm/gems/ruby-2.3.0/gems/activerecord-5.0.0.1/lib/active_record/transactions.rb:318:in `save'
/usr/local/rvm/gems/ruby-2.3.0/gems/activerecord-5.0.0.1/lib/active_record/suppressor.rb:41:in `save'
/usr/local/rvm/gems/ruby-2.3.0/gems/activerecord-5.0.0.1/lib/active_record/persistence.rb:266:in `block in update'
/usr/local/rvm/gems/ruby-2.3.0/gems/activerecord-5.0.0.1/lib/active_record/transactions.rb:395:in `block in with_transaction_returning_status'
/usr/local/rvm/gems/ruby-2.3.0/gems/activerecord-5.0.0.1/lib/active_record/connection_adapters/abstract/database_statements.rb:230:in `transaction'
/usr/local/rvm/gems/ruby-2.3.0/gems/activerecord-5.0.0.1/lib/active_record/transactions.rb:211:in `transaction'
/usr/local/rvm/gems/ruby-2.3.0/gems/activerecord-5.0.0.1/lib/active_record/transactions.rb:392:in `with_transaction_returning_status'
/usr/local/rvm/gems/ruby-2.3.0/gems/activerecord-5.0.0.1/lib/active_record/persistence.rb:264:in `update'
/home/ubuntu/workspace/matchme/app/models/match.rb:25:in `add_percent'
/usr/local/rvm/gems/ruby-2.3.0/gems/activesupport-5.0.0.1/lib/active_support/callbacks.rb:382:in `block in make_lambda'
/usr/local/rvm/gems/ruby-2.3.0/gems/activesupport-5.0.0.1/lib/active_support/callbacks.rb:207:in `block in halting_and_conditional'
/usr/local/rvm/gems/ruby-2.3.0/gems/activesupport-5.0.0.1/lib/active_support/callbacks.rb:456:in `block in call'
/usr/local/rvm/gems/ruby-2.3.0/gems/activesupport-5.0.0.1/lib/active_support/callbacks.rb:456:in `each'
/usr/local/rvm/gems/ruby-2.3.0/gems/activesupport-5.0.0.1/lib/active_support/callbacks.rb:456:in `call'
/usr/local/rvm/gems/ruby-2.3.0/gems/activesupport-5.0.0.1/lib/active_support/callbacks.rb:101:in `__run_callbacks__'
/usr/local/rvm/gems/ruby-2.3.0/gems/activesupport-5.0.0.1/lib/active_support/callbacks.rb:750:in `_run_save_callbacks'
/usr/local/rvm/gems/ruby-2.3.0/gems/activerecord-5.0.0.1/lib/active_record/callbacks.rb:298:in `create_or_update'
/usr/local/rvm/gems/ruby-2.3.0/gems/activerecord-5.0.0.1/lib/active_record/persistence.rb:125:in `save'
/usr/local/rvm/gems/ruby-2.3.0/gems/activerecord-5.0.0.1/lib/active_record/validations.rb:44:in `save'
/usr/local/rvm/gems/ruby-2.3.0/gems/activerecord-5.0.0.1/lib/active_record/attribute_methods/dirty.rb:22:in `save'
/usr/local/rvm/gems/ruby-2.3.0/gems/activerecord-5.0.0.1/lib/active_record/transactions.rb:319:in `block (2 levels) in save'
/usr/local/rvm/gems/ruby-2.3.0/gems/activerecord-5.0.0.1/lib/active_record/transactions.rb:395:in `block in with_transaction_returning_status'
/usr/local/rvm/gems/ruby-2.3.0/gems/activerecord-5.0.0.1/lib/active_record/connection_adapters/abstract/database_statements.rb:230:in `transaction'
/usr/local/rvm/gems/ruby-2.3.0/gems/activerecord-5.0.0.1/lib/active_record/transactions.rb:211:in `transaction'
/usr/local/rvm/gems/ruby-2.3.0/gems/activerecord-5.0.0.1/lib/active_record/transactions.rb:392:in `with_transaction_returning_status'
/usr/local/rvm/gems/ruby-2.3.0/gems/activerecord-5.0.0.1/lib/active_record/transactions.rb:319:in `block in save'
/usr/local/rvm/gems/ruby-2.3.0/gems/activerecord-5.0.0.1/lib/active_record/transactions.rb:334:in `rollback_active_record_state!'
/usr/local/rvm/gems/ruby-2.3.0/gems/activerecord-5.0.0.1/lib/active_record/transactions.rb:318:in `save'
/usr/local/rvm/gems/ruby-2.3.0/gems/activerecord-5.0.0.1/lib/active_record/suppressor.rb:41:in `save'
/usr/local/rvm/gems/ruby-2.3.0/gems/activerecord-5.0.0.1/lib/active_record/persistence.rb:266:in `block in update'
/usr/local/rvm/gems/ruby-2.3.0/gems/activerecord-5.0.0.1/lib/active_record/transactions.rb:395:in `block in with_transaction_returning_status'
/usr/local/rvm/gems/ruby-2.3.0/gems/activerecord-5.0.0.1/lib/active_record/connection_adapters/abstract/database_statements.rb:230:in `transaction'
/usr/local/rvm/gems/ruby-2.3.0/gems/activerecord-5.0.0.1/lib/active_record/transactions.rb:211:in `transaction'
/usr/local/rvm/gems/ruby-2.3.0/gems/activerecord-5.0.0.1/lib/active_record/transactions.rb:392:in `with_transaction_returning_status'
/usr/local/rvm/gems/ruby-2.3.0/gems/activerecord-5.0.0.1/lib/active_record/persistence.rb:264:in `update'
/home/ubuntu/workspace/matchme/app/models/match.rb:25:in `add_percent'
/usr/local/rvm/gems/ruby-2.3.0/gems/activesupport-5.0.0.1/lib/active_support/callbacks.rb:382:in `block in make_lambda'
/usr/local/rvm/gems/ruby-2.3.0/gems/activesupport-5.0.0.1/lib/active_support/callbacks.rb:207:in `block in halting_and_conditional'
/usr/local/rvm/gems/ruby-2.3.0/gems/activesupport-5.0.0.1/lib/active_support/callbacks.rb:456:in `block in call'
/usr/local/rvm/gems/ruby-2.3.0/gems/activesupport-5.0.0.1/lib/active_support/callbacks.rb:456:in `each'
/usr/local/rvm/gems/ruby-2.3.0/gems/activesupport-5.0.0.1/lib/active_support/callbacks.rb:456:in `call'
/usr/local/rvm/gems/ruby-2.3.0/gems/activesupport-5.0.0.1/lib/active_support/callbacks.rb:101:in `__run_callbacks__'
/usr/local/rvm/gems/ruby-2.3.0/gems/activesupport-5.0.0.1/lib/active_support/callbacks.rb:750:in `_run_save_callbacks'
/usr/local/rvm/gems/ruby-2.3.0/gems/activerecord-5.0.0.1/lib/active_record/callbacks.rb:298:in `create_or_update'
/usr/local/rvm/gems/ruby-2.3.0/gems/activerecord-5.0.0.1/lib/active_record/persistence.rb:125:in `save'
/usr/local/rvm/gems/ruby-2.3.0/gems/activerecord-5.0.0.1/lib/active_record/validations.rb:44:in `save'
/usr/local/rvm/gems/ruby-2.3.0/gems/activerecord-5.0.0.1/lib/active_record/attribute_methods/dirty.rb:22:in `save'
/usr/local/rvm/gems/ruby-2.3.0/gems/activerecord-5.0.0.1/lib/active_record/transactions.rb:319:in `block (2 levels) in save'
/usr/local/rvm/gems/ruby-2.3.0/gems/activerecord-5.0.0.1/lib/active_record/transactions.rb:395:in `block in with_transaction_returning_status'
/usr/local/rvm/gems/ruby-2.3.0/gems/activerecord-5.0.0.1/lib/active_record/connection_adapters/abstract/database_statements.rb:230:in `transaction'
/usr/local/rvm/gems/ruby-2.3.0/gems/activerecord-5.0.0.1/lib/active_record/transactions.rb:211:in `transaction'
/usr/local/rvm/gems/ruby-2.3.0/gems/activerecord-5.0.0.1/lib/active_record/transactions.rb:392:in `with_transaction_returning_status'
/usr/local/rvm/gems/ruby-2.3.0/gems/activerecord-5.0.0.1/lib/active_record/transactions.rb:319:in `block in save'
/usr/local/rvm/gems/ruby-2.3.0/gems/activerecord-5.0.0.1/lib/active_record/transactions.rb:334:in `rollback_active_record_state!'
/usr/local/rvm/gems/ruby-2.3.0/gems/activerecord-5.0.0.1/lib/active_record/transactions.rb:318:in `save'
/usr/local/rvm/gems/ruby-2.3.0/gems/activerecord-5.0.0.1/lib/active_record/suppressor.rb:41:in `save'
/usr/local/rvm/gems/ruby-2.3.0/gems/activerecord-5.0.0.1/lib/active_record/persistence.rb:266:in `block in update'
/usr/local/rvm/gems/ruby-2.3.0/gems/activerecord-5.0.0.1/lib/active_record/transactions.rb:395:in `block in with_transaction_returning_status'
/usr/local/rvm/gems/ruby-2.3.0/gems/activerecord-5.0.0.1/lib/active_record/connection_adapters/abstract/database_statements.rb:230:in `transaction'
/usr/local/rvm/gems/ruby-2.3.0/gems/activerecord-5.0.0.1/lib/active_record/transactions.rb:211:in `transaction'
/usr/local/rvm/gems/ruby-2.3.0/gems/activerecord-5.0.0.1/lib/active_record/transactions.rb:392:in `with_transaction_returning_status'
/usr/local/rvm/gems/ruby-2.3.0/gems/activerecord-5.0.0.1/lib/active_record/persistence.rb:264:in `update'
/home/ubuntu/workspace/matchme/app/models/match.rb:25:in `add_percent'
/usr/local/rvm/gems/ruby-2.3.0/gems/activesupport-5.0.0.1/lib/active_support/callbacks.rb:382:in `block in make_lambda'
/usr/local/rvm/gems/ruby-2.3.0/gems/activesupport-5.0.0.1/lib/active_support/callbacks.rb:207:in `block in halting_and_conditional'
/usr/local/rvm/gems/ruby-2.3.0/gems/activesupport-5.0.0.1/lib/active_support/callbacks.rb:456:in `block in call'
/usr/local/rvm/gems/ruby-2.3.0/gems/activesupport-5.0.0.1/lib/active_support/callbacks.rb:456:in `each'
/usr/local/rvm/gems/ruby-2.3.0/gems/activesupport-5.0.0.1/lib/active_support/callbacks.rb:456:in `call'
/usr/local/rvm/gems/ruby-2.3.0/gems/activesupport-5.0.0.1/lib/active_support/callbacks.rb:101:in `__run_callbacks__'
/usr/local/rvm/gems/ruby-2.3.0/gems/activesupport-5.0.0.1/lib/active_support/callbacks.rb:750:in `_run_save_callbacks'
/usr/local/rvm/gems/ruby-2.3.0/gems/activerecord-5.0.0.1/lib/active_record/callbacks.rb:298:in `create_or_update'
/usr/local/rvm/gems/ruby-2.3.0/gems/activerecord-5.0.0.1/lib/active_record/persistence.rb:125:in `save'
/usr/local/rvm/gems/ruby-2.3.0/gems/activerecord-5.0.0.1/lib/active_record/validations.rb:44:in `save'
/usr/local/rvm/gems/ruby-2.3.0/gems/activerecord-5.0.0.1/lib/active_record/attribute_methods/dirty.rb:22:in `save'
/usr/local/rvm/gems/ruby-2.3.0/gems/activerecord-5.0.0.1/lib/active_record/transactions.rb:319:in `block (2 levels) in save'
/usr/local/rvm/gems/ruby-2.3.0/gems/activerecord-5.0.0.1/lib/active_record/transactions.rb:395:in `block in with_transaction_returning_status'
/usr/local/rvm/gems/ruby-2.3.0/gems/activerecord-5.0.0.1/lib/active_record/connection_adapters/abstract/database_statements.rb:230:in `transaction'
/usr/local/rvm/gems/ruby-2.3.0/gems/activerecord-5.0.0.1/lib/active_record/transactions.rb:211:in `transaction'
/usr/local/rvm/gems/ruby-2.3.0/gems/activerecord-5.0.0.1/lib/active_record/transactions.rb:392:in `with_transaction_returning_status'
/usr/local/rvm/gems/ruby-2.3.0/gems/activerecord-5.0.0.1/lib/active_record/transactions.rb:319:in `block in save'
/usr/local/rvm/gems/ruby-2.3.0/gems/activerecord-5.0.0.1/lib/active_record/transactions.rb:334:in `rollback_active_record_state!'
/usr/local/rvm/gems/ruby-2.3.0/gems/activerecord-5.0.0.1/lib/active_record/transactions.rb:318:in `save'
/usr/local/rvm/gems/ruby-2.3.0/gems/activerecord-5.0.0.1/lib/active_record/suppressor.rb:41:in `save'
/usr/local/rvm/gems/ruby-2.3.0/gems/activerecord-5.0.0.1/lib/active_record/persistence.rb:266:in `block in update'
/usr/local/rvm/gems/ruby-2.3.0/gems/activerecord-5.0.0.1/lib/active_record/transactions.rb:395:in `block in with_transaction_returning_status'
/usr/local/rvm/gems/ruby-2.3.0/gems/activerecord-5.0.0.1/lib/active_record/connection_adapters/abstract/database_statements.rb:230:in `transaction'
/usr/local/rvm/gems/ruby-2.3.0/gems/activerecord-5.0.0.1/lib/active_record/transactions.rb:211:in `transaction'
/usr/local/rvm/gems/ruby-2.3.0/gems/activerecord-5.0.0.1/lib/active_record/transactions.rb:392:in `with_transaction_returning_status'
/usr/local/rvm/gems/ruby-2.3.0/gems/activerecord-5.0.0.1/lib/active_record/persistence.rb:264:in `update'
/home/ubuntu/workspace/matchme/app/models/match.rb:25:in `add_percent'
/usr/local/rvm/gems/ruby-2.3.0/gems/activesupport-5.0.0.1/lib/active_support/callbacks.rb:382:in `block in make_lambda'
/usr/local/rvm/gems/ruby-2.3.0/gems/activesupport-5.0.0.1/lib/active_support/callbacks.rb:207:in `block in halting_and_conditional'
/usr/local/rvm/gems/ruby-2.3.0/gems/activesupport-5.0.0.1/lib/active_support/callbacks.rb:456:in `block in call'
/usr/local/rvm/gems/ruby-2.3.0/gems/activesupport-5.0.0.1/lib/active_support/callbacks.rb:456:in `each'
/usr/local/rvm/gems/ruby-2.3.0/gems/activesupport-5.0.0.1/lib/active_support/callbacks.rb:456:in `call'
/usr/local/rvm/gems/ruby-2.3.0/gems/activesupport-5.0.0.1/lib/active_support/callbacks.rb:101:in `__run_callbacks__'
/usr/local/rvm/gems/ruby-2.3.0/gems/activesupport-5.0.0.1/lib/active_support/callbacks.rb:750:in `_run_save_callbacks'
/usr/local/rvm/gems/ruby-2.3.0/gems/activerecord-5.0.0.1/lib/active_record/callbacks.rb:298:in `create_or_update'
/usr/local/rvm/gems/ruby-2.3.0/gems/activerecord-5.0.0.1/lib/active_record/persistence.rb:125:in `save'
/usr/local/rvm/gems/ruby-2.3.0/gems/activerecord-5.0.0.1/lib/active_record/validations.rb:44:in `save'
/usr/local/rvm/gems/ruby-2.3.0/gems/activerecord-5.0.0.1/lib/active_record/attribute_methods/dirty.rb:22:in `save'
/usr/local/rvm/gems/ruby-2.3.0/gems/activerecord-5.0.0.1/lib/active_record/transactions.rb:319:in `block (2 levels) in save'
/usr/local/rvm/gems/ruby-2.3.0/gems/activerecord-5.0.0.1/lib/active_record/transactions.rb:395:in `block in with_transaction_returning_status'
/usr/local/rvm/gems/ruby-2.3.0/gems/activerecord-5.0.0.1/lib/active_record/connection_adapters/abstract/database_statements.rb:230:in `transaction'
/usr/local/rvm/gems/ruby-2.3.0/gems/activerecord-5.0.0.1/lib/active_record/transactions.rb:211:in `transaction'
/usr/local/rvm/gems/ruby-2.3.0/gems/activerecord-5.0.0.1/lib/active_record/transactions.rb:392:in `with_transaction_returning_status'
/usr/local/rvm/gems/ruby-2.3.0/gems/activerecord-5.0.0.1/lib/active_record/transactions.rb:319:in `block in save'
/usr/local/rvm/gems/ruby-2.3.0/gems/activerecord-5.0.0.1/lib/active_record/transactions.rb:334:in `rollback_active_record_state!'
/usr/local/rvm/gems/ruby-2.3.0/gems/activerecord-5.0.0.1/lib/active_record/transactions.rb:318:in `save'
/usr/local/rvm/gems/ruby-2.3.0/gems/activerecord-5.0.0.1/lib/active_record/suppressor.rb:41:in `save'
/usr/local/rvm/gems/ruby-2.3.0/gems/activerecord-5.0.0.1/lib/active_record/persistence.rb:266:in `block in update'
/usr/local/rvm/gems/ruby-2.3.0/gems/activerecord-5.0.0.1/lib/active_record/transactions.rb:395:in `block in with_transaction_returning_status'
/usr/local/rvm/gems/ruby-2.3.0/gems/activerecord-5.0.0.1/lib/active_record/connection_adapters/abstract/database_statements.rb:230:in `transaction'
/usr/local/rvm/gems/ruby-2.3.0/gems/activerecord-5.0.0.1/lib/active_record/transactions.rb:211:in `transaction'
/usr/local/rvm/gems/ruby-2.3.0/gems/activerecord-5.0.0.1/lib/active_record/transactions.rb:392:in `with_transaction_returning_status'
/usr/local/rvm/gems/ruby-2.3.0/gems/activerecord-5.0.0.1/lib/active_record/persistence.rb:264:in `update'
/home/ubuntu/workspace/matchme/app/models/match.rb:25:in `add_percent'
/usr/local/rvm/gems/ruby-2.3.0/gems/activesupport-5.0.0.1/lib/active_support/callbacks.rb:382:in `block in make_lambda'
/usr/local/rvm/gems/ruby-2.3.0/gems/activesupport-5.0.0.1/lib/active_support/callbacks.rb:207:in `block in halting_and_conditional'
/usr/local/rvm/gems/ruby-2.3.0/gems/activesupport-5.0.0.1/lib/active_support/callbacks.rb:456:in `block in call'
/usr/local/rvm/gems/ruby-2.3.0/gems/activesupport-5.0.0.1/lib/active_support/callbacks.rb:456:in `each'
/usr/local/rvm/gems/ruby-2.3.0/gems/activesupport-5.0.0.1/lib/active_support/callbacks.rb:456:in `call'
/usr/local/rvm/gems/ruby-2.3.0/gems/activesupport-5.0.0.1/lib/active_support/callbacks.rb:101:in `__run_callbacks__'
/usr/local/rvm/gems/ruby-2.3.0/gems/activesupport-5.0.0.1/lib/active_support/callbacks.rb:750:in `_run_save_callbacks'
/usr/local/rvm/gems/ruby-2.3.0/gems/activerecord-5.0.0.1/lib/active_record/callbacks.rb:298:in `create_or_update'
/usr/local/rvm/gems/ruby-2.3.0/gems/activerecord-5.0.0.1/lib/active_record/persistence.rb:125:in `save'
/usr/local/rvm/gems/ruby-2.3.0/gems/activerecord-5.0.0.1/lib/active_record/validations.rb:44:in `save'
/usr/local/rvm/gems/ruby-2.3.0/gems/activerecord-5.0.0.1/lib/active_record/attribute_methods/dirty.rb:22:in `save'
/usr/local/rvm/gems/ruby-2.3.0/gems/activerecord-5.0.0.1/lib/active_record/transactions.rb:319:in `block (2 levels) in save'
/usr/local/rvm/gems/ruby-2.3.0/gems/activerecord-5.0.0.1/lib/active_record/transactions.rb:395:in `block in with_transaction_returning_status'
/usr/local/rvm/gems/ruby-2.3.0/gems/activerecord-5.0.0.1/lib/active_record/connection_adapters/abstract/database_statements.rb:230:in `transaction'
/usr/local/rvm/gems/ruby-2.3.0/gems/activerecord-5.0.0.1/lib/active_record/transactions.rb:211:in `transaction'
/usr/local/rvm/gems/ruby-2.3.0/gems/activerecord-5.0.0.1/lib/active_record/transactions.rb:392:in `with_transaction_returning_status'
/usr/local/rvm/gems/ruby-2.3.0/gems/activerecord-5.0.0.1/lib/active_record/transactions.rb:319:in `block in save'
/usr/local/rvm/gems/ruby-2.3.0/gems/activerecord-5.0.0.1/lib/active_record/transactions.rb:334:in `rollback_active_record_state!'
/usr/local/rvm/gems/ruby-2.3.0/gems/activerecord-5.0.0.1/lib/active_record/transactions.rb:318:in `save'
/usr/local/rvm/gems/ruby-2.3.0/gems/activerecord-5.0.0.1/lib/active_record/suppressor.rb:41:in `save'
/usr/local/rvm/gems/ruby-2.3.0/gems/activerecord-5.0.0.1/lib/active_record/persistence.rb:266:in `block in update'
/usr/local/rvm/gems/ruby-2.3.0/gems/activerecord-5.0.0.1/lib/active_record/transactions.rb:395:in `block in with_transaction_returning_status'
/usr/local/rvm/gems/ruby-2.3.0/gems/activerecord-5.0.0.1/lib/active_record/connection_adapters/abstract/database_statements.rb:230:in `transaction'
/usr/local/rvm/gems/ruby-2.3.0/gems/activerecord-5.0.0.1/lib/active_record/transactions.rb:211:in `transaction'
/usr/local/rvm/gems/ruby-2.3.0/gems/activerecord-5.0.0.1/lib/active_record/transactions.rb:392:in `with_transaction_returning_status'
/usr/local/rvm/gems/ruby-2.3.0/gems/activerecord-5.0.0.1/lib/active_record/persistence.rb:264:in `update'
/home/ubuntu/workspace/matchme/app/models/match.rb:25:in `add_percent'
/usr/local/rvm/gems/ruby-2.3.0/gems/activesupport-5.0.0.1/lib/active_support/callbacks.rb:382:in `block in make_lambda'
/usr/local/rvm/gems/ruby-2.3.0/gems/activesupport-5.0.0.1/lib/active_support/callbacks.rb:207:in `block in halting_and_conditional'
/usr/local/rvm/gems/ruby-2.3.0/gems/activesupport-5.0.0.1/lib/active_support/callbacks.rb:456:in `block in call'
/usr/local/rvm/gems/ruby-2.3.0/gems/activesupport-5.0.0.1/lib/active_support/callbacks.rb:456:in `each'
/usr/local/rvm/gems/ruby-2.3.0/gems/activesupport-5.0.0.1/lib/active_support/callbacks.rb:456:in `call'
/usr/local/rvm/gems/ruby-2.3.0/gems/activesupport-5.0.0.1/lib/active_support/callbacks.rb:101:in `__run_callbacks__'
/usr/local/rvm/gems/ruby-2.3.0/gems/activesupport-5.0.0.1/lib/active_support/callbacks.rb:750:in `_run_save_callbacks'
/usr/local/rvm/gems/ruby-2.3.0/gems/activerecord-5.0.0.1/lib/active_record/callbacks.rb:298:in `create_or_update'
/usr/local/rvm/gems/ruby-2.3.0/gems/activerecord-5.0.0.1/lib/active_record/persistence.rb:125:in `save'
/usr/local/rvm/gems/ruby-2.3.0/gems/activerecord-5.0.0.1/lib/active_record/validations.rb:44:in `save'
/usr/local/rvm/gems/ruby-2.3.0/gems/activerecord-5.0.0.1/lib/active_record/attribute_methods/dirty.rb:22:in `save'
/usr/local/rvm/gems/ruby-2.3.0/gems/activerecord-5.0.0.1/lib/active_record/transactions.rb:319:in `block (2 levels) in save'
/usr/local/rvm/gems/ruby-2.3.0/gems/activerecord-5.0.0.1/lib/active_record/transactions.rb:395:in `block in with_transaction_returning_status'
/usr/local/rvm/gems/ruby-2.3.0/gems/activerecord-5.0.0.1/lib/active_record/connection_adapters/abstract/database_statements.rb:230:in `transaction'
/usr/local/rvm/gems/ruby-2.3.0/gems/activerecord-5.0.0.1/lib/active_record/transactions.rb:211:in `transaction'
/usr/local/rvm/gems/ruby-2.3.0/gems/activerecord-5.0.0.1/lib/active_record/transactions.rb:392:in `with_transaction_returning_status'
/usr/local/rvm/gems/ruby-2.3.0/gems/activerecord-5.0.0.1/lib/active_record/transactions.rb:319:in `block in save'
/usr/local/rvm/gems/ruby-2.3.0/gems/activerecord-5.0.0.1/lib/active_record/transactions.rb:334:in `rollback_active_record_state!'
/usr/local/rvm/gems/ruby-2.3.0/gems/activerecord-5.0.0.1/lib/active_record/transactions.rb:318:in `save'
/usr/local/rvm/gems/ruby-2.3.0/gems/activerecord-5.0.0.1/lib/active_record/suppressor.rb:41:in `save'
/usr/local/rvm/gems/ruby-2.3.0/gems/activerecord-5.0.0.1/lib/active_record/persistence.rb:266:in `block in update'
/usr/local/rvm/gems/ruby-2.3.0/gems/activerecord-5.0.0.1/lib/active_record/transactions.rb:395:in `block in with_transaction_returning_status'
/usr/local/rvm/gems/ruby-2.3.0/gems/activerecord-5.0.0.1/lib/active_record/connection_adapters/abstract/database_statements.rb:230:in `transaction'
/usr/local/rvm/gems/ruby-2.3.0/gems/activerecord-5.0.0.1/lib/active_record/transactions.rb:211:in `transaction'
/usr/local/rvm/gems/ruby-2.3.0/gems/activerecord-5.0.0.1/lib/active_record/transactions.rb:392:in `with_transaction_returning_status'
/usr/local/rvm/gems/ruby-2.3.0/gems/activerecord-5.0.0.1/lib/active_record/persistence.rb:264:in `update'
/home/ubuntu/workspace/matchme/app/models/match.rb:25:in `add_percent'
/usr/local/rvm/gems/ruby-2.3.0/gems/activesupport-5.0.0.1/lib/active_support/callbacks.rb:382:in `block in make_lambda'
/usr/local/rvm/gems/ruby-2.3.0/gems/activesupport-5.0.0.1/lib/active_support/callbacks.rb:207:in `block in halting_and_conditional'
/usr/local/rvm/gems/ruby-2.3.0/gems/activesupport-5.0.0.1/lib/active_support/callbacks.rb:456:in `block in call'
/usr/local/rvm/gems/ruby-2.3.0/gems/activesupport-5.0.0.1/lib/active_support/callbacks.rb:456:in `each'
/usr/local/rvm/gems/ruby-2.3.0/gems/activesupport-5.0.0.1/lib/active_support/callbacks.rb:456:in `call'
/usr/local/rvm/gems/ruby-2.3.0/gems/activesupport-5.0.0.1/lib/active_support/callbacks.rb:101:in `__run_callbacks__'
/usr/local/rvm/gems/ruby-2.3.0/gems/activesupport-5.0.0.1/lib/active_support/callbacks.rb:750:in `_run_save_callbacks'
/usr/local/rvm/gems/ruby-2.3.0/gems/activerecord-5.0.0.1/lib/active_record/callbacks.rb:298:in `create_or_update'
/usr/local/rvm/gems/ruby-2.3.0/gems/activerecord-5.0.0.1/lib/active_record/persistence.rb:125:in `save'
/usr/local/rvm/gems/ruby-2.3.0/gems/activerecord-5.0.0.1/lib/active_record/validations.rb:44:in `save'
/usr/local/rvm/gems/ruby-2.3.0/gems/activerecord-5.0.0.1/lib/active_record/attribute_methods/dirty.rb:22:in `save'
/usr/local/rvm/gems/ruby-2.3.0/gems/activerecord-5.0.0.1/lib/active_record/transactions.rb:319:in `block (2 levels) in save'
/usr/local/rvm/gems/ruby-2.3.0/gems/activerecord-5.0.0.1/lib/active_record/transactions.rb:395:in `block in with_transaction_returning_status'
/usr/local/rvm/gems/ruby-2.3.0/gems/activerecord-5.0.0.1/lib/active_record/connection_adapters/abstract/database_statements.rb:230:in `transaction'
/usr/local/rvm/gems/ruby-2.3.0/gems/activerecord-5.0.0.1/lib/active_record/transactions.rb:211:in `transaction'
/usr/local/rvm/gems/ruby-2.3.0/gems/activerecord-5.0.0.1/lib/active_record/transactions.rb:392:in `with_transaction_returning_status'
/usr/local/rvm/gems/ruby-2.3.0/gems/activerecord-5.0.0.1/lib/active_record/transactions.rb:319:in `block in save'
/usr/local/rvm/gems/ruby-2.3.0/gems/activerecord-5.0.0.1/lib/active_record/transactions.rb:334:in `rollback_active_record_state!'
/usr/local/rvm/gems/ruby-2.3.0/gems/activerecord-5.0.0.1/lib/active_record/transactions.rb:318:in `save'
/usr/local/rvm/gems/ruby-2.3.0/gems/activerecord-5.0.0.1/lib/active_record/suppressor.rb:41:in `save'
/usr/local/rvm/gems/ruby-2.3.0/gems/activerecord-5.0.0.1/lib/active_record/persistence.rb:266:in `block in update'
/usr/local/rvm/gems/ruby-2.3.0/gems/activerecord-5.0.0.1/lib/active_record/transactions.rb:395:in `block in with_transaction_returning_status'
/usr/local/rvm/gems/ruby-2.3.0/gems/activerecord-5.0.0.1/lib/active_record/connection_adapters/abstract/database_statements.rb:230:in `transaction'
/usr/local/rvm/gems/ruby-2.3.0/gems/activerecord-5.0.0.1/lib/active_record/transactions.rb:211:in `transaction'
/usr/local/rvm/gems/ruby-2.3.0/gems/activerecord-5.0.0.1/lib/active_record/transactions.rb:392:in `with_transaction_returning_status'
/usr/local/rvm/gems/ruby-2.3.0/gems/activerecord-5.0.0.1/lib/active_record/persistence.rb:264:in `update'
/home/ubuntu/workspace/matchme/app/models/match.rb:25:in `add_percent'
/usr/local/rvm/gems/ruby-2.3.0/gems/activesupport-5.0.0.1/lib/active_support/callbacks.rb:382:in `block in make_lambda'
/usr/local/rvm/gems/ruby-2.3.0/gems/activesupport-5.0.0.1/lib/active_support/callbacks.rb:207:in `block in halting_and_conditional'
/usr/local/rvm/gems/ruby-2.3.0/gems/activesupport-5.0.0.1/lib/active_support/callbacks.rb:456:in `block in call'
/usr/local/rvm/gems/ruby-2.3.0/gems/activesupport-5.0.0.1/lib/active_support/callbacks.rb:456:in `each'
/usr/local/rvm/gems/ruby-2.3.0/gems/activesupport-5.0.0.1/lib/active_support/callbacks.rb:456:in `call'
/usr/local/rvm/gems/ruby-2.3.0/gems/activesupport-5.0.0.1/lib/active_support/callbacks.rb:101:in `__run_callbacks__'
/usr/local/rvm/gems/ruby-2.3.0/gems/activesupport-5.0.0.1/lib/active_support/callbacks.rb:750:in `_run_save_callbacks'
/usr/local/rvm/gems/ruby-2.3.0/gems/activerecord-5.0.0.1/lib/active_record/callbacks.rb:298:in `create_or_update'
/usr/local/rvm/gems/ruby-2.3.0/gems/activerecord-5.0.0.1/lib/active_record/persistence.rb:125:in `save'
/usr/local/rvm/gems/ruby-2.3.0/gems/activerecord-5.0.0.1/lib/active_record/validations.rb:44:in `save'
/usr/local/rvm/gems/ruby-2.3.0/gems/activerecord-5.0.0.1/lib/active_record/attribute_methods/dirty.rb:22:in `save'
/usr/local/rvm/gems/ruby-2.3.0/gems/activerecord-5.0.0.1/lib/active_record/transactions.rb:319:in `block (2 levels) in save'
/usr/local/rvm/gems/ruby-2.3.0/gems/activerecord-5.0.0.1/lib/active_record/transactions.rb:395:in `block in with_transaction_returning_status'
/usr/local/rvm/gems/ruby-2.3.0/gems/activerecord-5.0.0.1/lib/active_record/connection_adapters/abstract/database_statements.rb:230:in `transaction'
/usr/local/rvm/gems/ruby-2.3.0/gems/activerecord-5.0.0.1/lib/active_record/transactions.rb:211:in `transaction'
/usr/local/rvm/gems/ruby-2.3.0/gems/activerecord-5.0.0.1/lib/active_record/transactions.rb:392:in `with_transaction_returning_status'
/usr/local/rvm/gems/ruby-2.3.0/gems/activerecord-5.0.0.1/lib/active_record/transactions.rb:319:in `block in save'
/usr/local/rvm/gems/ruby-2.3.0/gems/activerecord-5.0.0.1/lib/active_record/transactions.rb:334:in `rollback_active_record_state!'
/usr/local/rvm/gems/ruby-2.3.0/gems/activerecord-5.0.0.1/lib/active_record/transactions.rb:318:in `save'
/usr/local/rvm/gems/ruby-2.3.0/gems/activerecord-5.0.0.1/lib/active_record/suppressor.rb:41:in `save'
/usr/local/rvm/gems/ruby-2.3.0/gems/activerecord-5.0.0.1/lib/active_record/persistence.rb:266:in `block in update'
/usr/local/rvm/gems/ruby-2.3.0/gems/activerecord-5.0.0.1/lib/active_record/transactions.rb:395:in `block in with_transaction_returning_status'
/usr/local/rvm/gems/ruby-2.3.0/gems/activerecord-5.0.0.1/lib/active_record/connection_adapters/abstract/database_statements.rb:230:in `transaction'
/usr/local/rvm/gems/ruby-2.3.0/gems/activerecord-5.0.0.1/lib/active_record/transactions.rb:211:in `transaction'
/usr/local/rvm/gems/ruby-2.3.0/gems/activerecord-5.0.0.1/lib/active_record/transactions.rb:392:in `with_transaction_returning_status'
/usr/local/rvm/gems/ruby-2.3.0/gems/activerecord-5.0.0.1/lib/active_record/persistence.rb:264:in `update'
/home/ubuntu/workspace/matchme/app/models/match.rb:25:in `add_percent'
/usr/local/rvm/gems/ruby-2.3.0/gems/activesupport-5.0.0.1/lib/active_support/callbacks.rb:382:in `block in make_lambda'
/usr/local/rvm/gems/ruby-2.3.0/gems/activesupport-5.0.0.1/lib/active_support/callbacks.rb:207:in `block in halting_and_conditional'
/usr/local/rvm/gems/ruby-2.3.0/gems/activesupport-5.0.0.1/lib/active_support/callbacks.rb:456:in `block in call'
/usr/local/rvm/gems/ruby-2.3.0/gems/activesupport-5.0.0.1/lib/active_support/callbacks.rb:456:in `each'
/usr/local/rvm/gems/ruby-2.3.0/gems/activesupport-5.0.0.1/lib/active_support/callbacks.rb:456:in `call'
/usr/local/rvm/gems/ruby-2.3.0/gems/activesupport-5.0.0.1/lib/active_support/callbacks.rb:101:in `__run_callbacks__'
/usr/local/rvm/gems/ruby-2.3.0/gems/activesupport-5.0.0.1/lib/active_support/callbacks.rb:750:in `_run_save_callbacks'
/usr/local/rvm/gems/ruby-2.3.0/gems/activerecord-5.0.0.1/lib/active_record/callbacks.rb:298:in `create_or_update'
/usr/local/rvm/gems/ruby-2.3.0/gems/activerecord-5.0.0.1/lib/active_record/persistence.rb:125:in `save'
/usr/local/rvm/gems/ruby-2.3.0/gems/activerecord-5.0.0.1/lib/active_record/validations.rb:44:in `save'
/usr/local/rvm/gems/ruby-2.3.0/gems/activerecord-5.0.0.1/lib/active_record/attribute_methods/dirty.rb:22:in `save'
/usr/local/rvm/gems/ruby-2.3.0/gems/activerecord-5.0.0.1/lib/active_record/transactions.rb:319:in `block (2 levels) in save'
/usr/local/rvm/gems/ruby-2.3.0/gems/activerecord-5.0.0.1/lib/active_record/transactions.rb:395:in `block in with_transaction_returning_status'
/usr/local/rvm/gems/ruby-2.3.0/gems/activerecord-5.0.0.1/lib/active_record/connection_adapters/abstract/database_statements.rb:230:in `transaction'
/usr/local/rvm/gems/ruby-2.3.0/gems/activerecord-5.0.0.1/lib/active_record/transactions.rb:211:in `transaction'
/usr/local/rvm/gems/ruby-2.3.0/gems/activerecord-5.0.0.1/lib/active_record/transactions.rb:392:in `with_transaction_returning_status'
/usr/local/rvm/gems/ruby-2.3.0/gems/activerecord-5.0.0.1/lib/active_record/transactions.rb:319:in `block in save'
/usr/local/rvm/gems/ruby-2.3.0/gems/activerecord-5.0.0.1/lib/active_record/transactions.rb:334:in `rollback_active_record_state!'
/usr/local/rvm/gems/ruby-2.3.0/gems/activerecord-5.0.0.1/lib/active_record/transactions.rb:318:in `save'
/usr/local/rvm/gems/ruby-2.3.0/gems/activerecord-5.0.0.1/lib/active_record/suppressor.rb:41:in `save'
/usr/local/rvm/gems/ruby-2.3.0/gems/activerecord-5.0.0.1/lib/active_record/persistence.rb:266:in `block in update'
/usr/local/rvm/gems/ruby-2.3.0/gems/activerecord-5.0.0.1/lib/active_record/transactions.rb:395:in `block in with_transaction_returning_status'
/usr/local/rvm/gems/ruby-2.3.0/gems/activerecord-5.0.0.1/lib/active_record/connection_adapters/abstract/database_statements.rb:230:in `transaction'
/usr/local/rvm/gems/ruby-2.3.0/gems/activerecord-5.0.0.1/lib/active_record/transactions.rb:211:in `transaction'
/usr/local/rvm/gems/ruby-2.3.0/gems/activerecord-5.0.0.1/lib/active_record/transactions.rb:392:in `with_transaction_returning_status'
/usr/local/rvm/gems/ruby-2.3.0/gems/activerecord-5.0.0.1/lib/active_record/persistence.rb:264:in `update'
/home/ubuntu/workspace/matchme/app/models/match.rb:25:in `add_percent'
/usr/local/rvm/gems/ruby-2.3.0/gems/activesupport-5.0.0.1/lib/active_support/callbacks.rb:382:in `block in make_lambda'
/usr/local/rvm/gems/ruby-2.3.0/gems/activesupport-5.0.0.1/lib/active_support/callbacks.rb:207:in `block in halting_and_conditional'
/usr/local/rvm/gems/ruby-2.3.0/gems/activesupport-5.0.0.1/lib/active_support/callbacks.rb:456:in `block in call'
/usr/local/rvm/gems/ruby-2.3.0/gems/activesupport-5.0.0.1/lib/active_support/callbacks.rb:456:in `each'
/usr/local/rvm/gems/ruby-2.3.0/gems/activesupport-5.0.0.1/lib/active_support/callbacks.rb:456:in `call'
/usr/local/rvm/gems/ruby-2.3.0/gems/activesupport-5.0.0.1/lib/active_support/callbacks.rb:101:in `__run_callbacks__'
/usr/local/rvm/gems/ruby-2.3.0/gems/activesupport-5.0.0.1/lib/active_support/callbacks.rb:750:in `_run_save_callbacks'
/usr/local/rvm/gems/ruby-2.3.0/gems/activerecord-5.0.0.1/lib/active_record/callbacks.rb:298:in `create_or_update'
/usr/local/rvm/gems/ruby-2.3.0/gems/activerecord-5.0.0.1/lib/active_record/persistence.rb:125:in `save'
/usr/local/rvm/gems/ruby-2.3.0/gems/activerecord-5.0.0.1/lib/active_record/validations.rb:44:in `save'
/usr/local/rvm/gems/ruby-2.3.0/gems/activerecord-5.0.0.1/lib/active_record/attribute_methods/dirty.rb:22:in `save'
/usr/local/rvm/gems/ruby-2.3.0/gems/activerecord-5.0.0.1/lib/active_record/transactions.rb:319:in `block (2 levels) in save'
/usr/local/rvm/gems/ruby-2.3.0/gems/activerecord-5.0.0.1/lib/active_record/transactions.rb:395:in `block in with_transaction_returning_status'
/usr/local/rvm/gems/ruby-2.3.0/gems/activerecord-5.0.0.1/lib/active_record/connection_adapters/abstract/database_statements.rb:230:in `transaction'
/usr/local/rvm/gems/ruby-2.3.0/gems/activerecord-5.0.0.1/lib/active_record/transactions.rb:211:in `transaction'
/usr/local/rvm/gems/ruby-2.3.0/gems/activerecord-5.0.0.1/lib/active_record/transactions.rb:392:in `with_transaction_returning_status'
/usr/local/rvm/gems/ruby-2.3.0/gems/activerecord-5.0.0.1/lib/active_record/transactions.rb:319:in `block in save'
/usr/local/rvm/gems/ruby-2.3.0/gems/activerecord-5.0.0.1/lib/active_record/transactions.rb:334:in `rollback_active_record_state!'
/usr/local/rvm/gems/ruby-2.3.0/gems/activerecord-5.0.0.1/lib/active_record/transactions.rb:318:in `save'
/usr/local/rvm/gems/ruby-2.3.0/gems/activerecord-5.0.0.1/lib/active_record/suppressor.rb:41:in `save'
/usr/local/rvm/gems/ruby-2.3.0/gems/activerecord-5.0.0.1/lib/active_record/persistence.rb:266:in `block in update'
/usr/local/rvm/gems/ruby-2.3.0/gems/activerecord-5.0.0.1/lib/active_record/transactions.rb:395:in `block in with_transaction_returning_status'
/usr/local/rvm/gems/ruby-2.3.0/gems/activerecord-5.0.0.1/lib/active_record/connection_adapters/abstract/database_statements.rb:230:in `transaction'
/usr/local/rvm/gems/ruby-2.3.0/gems/activerecord-5.0.0.1/lib/active_record/transactions.rb:211:in `transaction'
/usr/local/rvm/gems/ruby-2.3.0/gems/activerecord-5.0.0.1/lib/active_record/transactions.rb:392:in `with_transaction_returning_status'
/usr/local/rvm/gems/ruby-2.3.0/gems/activerecord-5.0.0.1/lib/active_record/persistence.rb:264:in `update'
/home/ubuntu/workspace/matchme/app/models/match.rb:25:in `add_percent'
/usr/local/rvm/gems/ruby-2.3.0/gems/activesupport-5.0.0.1/lib/active_support/callbacks.rb:382:in `block in make_lambda'
/usr/local/rvm/gems/ruby-2.3.0/gems/activesupport-5.0.0.1/lib/active_support/callbacks.rb:207:in `block in halting_and_conditional'
/usr/local/rvm/gems/ruby-2.3.0/gems/activesupport-5.0.0.1/lib/active_support/callbacks.rb:456:in `block in call'
/usr/local/rvm/gems/ruby-2.3.0/gems/activesupport-5.0.0.1/lib/active_support/callbacks.rb:456:in `each'
/usr/local/rvm/gems/ruby-2.3.0/gems/activesupport-5.0.0.1/lib/active_support/callbacks.rb:456:in `call'
/usr/local/rvm/gems/ruby-2.3.0/gems/activesupport-5.0.0.1/lib/active_support/callbacks.rb:101:in `__run_callbacks__'
/usr/local/rvm/gems/ruby-2.3.0/gems/activesupport-5.0.0.1/lib/active_support/callbacks.rb:750:in `_run_save_callbacks'
/usr/local/rvm/gems/ruby-2.3.0/gems/activerecord-5.0.0.1/lib/active_record/callbacks.rb:298:in `create_or_update'
/usr/local/rvm/gems/ruby-2.3.0/gems/activerecord-5.0.0.1/lib/active_record/persistence.rb:125:in `save'
/usr/local/rvm/gems/ruby-2.3.0/gems/activerecord-5.0.0.1/lib/active_record/validations.rb:44:in `save'
/usr/local/rvm/gems/ruby-2.3.0/gems/activerecord-5.0.0.1/lib/active_record/attribute_methods/dirty.rb:22:in `save'
/usr/local/rvm/gems/ruby-2.3.0/gems/activerecord-5.0.0.1/lib/active_record/transactions.rb:319:in `block (2 levels) in save'
/usr/local/rvm/gems/ruby-2.3.0/gems/activerecord-5.0.0.1/lib/active_record/transactions.rb:395:in `block in with_transaction_returning_status'
/usr/local/rvm/gems/ruby-2.3.0/gems/activerecord-5.0.0.1/lib/active_record/connection_adapters/abstract/database_statements.rb:230:in `transaction'
/usr/local/rvm/gems/ruby-2.3.0/gems/activerecord-5.0.0.1/lib/active_record/transactions.rb:211:in `transaction'
/usr/local/rvm/gems/ruby-2.3.0/gems/activerecord-5.0.0.1/lib/active_record/transactions.rb:392:in `with_transaction_returning_status'
/usr/local/rvm/gems/ruby-2.3.0/gems/activerecord-5.0.0.1/lib/active_record/transactions.rb:319:in `block in save'
/usr/local/rvm/gems/ruby-2.3.0/gems/activerecord-5.0.0.1/lib/active_record/transactions.rb:334:in `rollback_active_record_state!'
/usr/local/rvm/gems/ruby-2.3.0/gems/activerecord-5.0.0.1/lib/active_record/transactions.rb:318:in `save'
/usr/local/rvm/gems/ruby-2.3.0/gems/activerecord-5.0.0.1/lib/active_record/suppressor.rb:41:in `save'
/usr/local/rvm/gems/ruby-2.3.0/gems/activerecord-5.0.0.1/lib/active_record/persistence.rb:266:in `block in update'
/usr/local/rvm/gems/ruby-2.3.0/gems/activerecord-5.0.0.1/lib/active_record/transactions.rb:395:in `block in with_transaction_returning_status'
/usr/local/rvm/gems/ruby-2.3.0/gems/activerecord-5.0.0.1/lib/active_record/connection_adapters/abstract/database_statements.rb:230:in `transaction'
/usr/local/rvm/gems/ruby-2.3.0/gems/activerecord-5.0.0.1/lib/active_record/transactions.rb:211:in `transaction'
/usr/local/rvm/gems/ruby-2.3.0/gems/activerecord-5.0.0.1/lib/active_record/transactions.rb:392:in `with_transaction_returning_status'
/usr/local/rvm/gems/ruby-2.3.0/gems/activerecord-5.0.0.1/lib/active_record/persistence.rb:264:in `update'
/home/ubuntu/workspace/matchme/app/models/match.rb:25:in `add_percent'
/usr/local/rvm/gems/ruby-2.3.0/gems/activesupport-5.0.0.1/lib/active_support/callbacks.rb:382:in `block in make_lambda'
/usr/local/rvm/gems/ruby-2.3.0/gems/activesupport-5.0.0.1/lib/active_support/callbacks.rb:207:in `block in halting_and_conditional'
/usr/local/rvm/gems/ruby-2.3.0/gems/activesupport-5.0.0.1/lib/active_support/callbacks.rb:456:in `block in call'
/usr/local/rvm/gems/ruby-2.3.0/gems/activesupport-5.0.0.1/lib/active_support/callbacks.rb:456:in `each'
/usr/local/rvm/gems/ruby-2.3.0/gems/activesupport-5.0.0.1/lib/active_support/callbacks.rb:456:in `call'
/usr/local/rvm/gems/ruby-2.3.0/gems/activesupport-5.0.0.1/lib/active_support/callbacks.rb:101:in `__run_callbacks__'
/usr/local/rvm/gems/ruby-2.3.0/gems/activesupport-5.0.0.1/lib/active_support/callbacks.rb:750:in `_run_save_callbacks'
/usr/local/rvm/gems/ruby-2.3.0/gems/activerecord-5.0.0.1/lib/active_record/callbacks.rb:298:in `create_or_update'
/usr/local/rvm/gems/ruby-2.3.0/gems/activerecord-5.0.0.1/lib/active_record/persistence.rb:125:in `save'
/usr/local/rvm/gems/ruby-2.3.0/gems/activerecord-5.0.0.1/lib/active_record/validations.rb:44:in `save'
/usr/local/rvm/gems/ruby-2.3.0/gems/activerecord-5.0.0.1/lib/active_record/attribute_methods/dirty.rb:22:in `save'
/usr/local/rvm/gems/ruby-2.3.0/gems/activerecord-5.0.0.1/lib/active_record/transactions.rb:319:in `block (2 levels) in save'
/usr/local/rvm/gems/ruby-2.3.0/gems/activerecord-5.0.0.1/lib/active_record/transactions.rb:395:in `block in with_transaction_returning_status'
/usr/local/rvm/gems/ruby-2.3.0/gems/activerecord-5.0.0.1/lib/active_record/connection_adapters/abstract/database_statements.rb:230:in `transaction'
/usr/local/rvm/gems/ruby-2.3.0/gems/activerecord-5.0.0.1/lib/active_record/transactions.rb:211:in `transaction'
/usr/local/rvm/gems/ruby-2.3.0/gems/activerecord-5.0.0.1/lib/active_record/transactions.rb:392:in `with_transaction_returning_status'
/usr/local/rvm/gems/ruby-2.3.0/gems/activerecord-5.0.0.1/lib/active_record/transactions.rb:319:in `block in save'
/usr/local/rvm/gems/ruby-2.3.0/gems/activerecord-5.0.0.1/lib/active_record/transactions.rb:334:in `rollback_active_record_state!'
/usr/local/rvm/gems/ruby-2.3.0/gems/activerecord-5.0.0.1/lib/active_record/transactions.rb:318:in `save'
/usr/local/rvm/gems/ruby-2.3.0/gems/activerecord-5.0.0.1/lib/active_record/suppressor.rb:41:in `save'
/usr/local/rvm/gems/ruby-2.3.0/gems/activerecord-5.0.0.1/lib/active_record/persistence.rb:266:in `block in update'
/usr/local/rvm/gems/ruby-2.3.0/gems/activerecord-5.0.0.1/lib/active_record/transactions.rb:395:in `block in with_transaction_returning_status'
/usr/local/rvm/gems/ruby-2.3.0/gems/activerecord-5.0.0.1/lib/active_record/connection_adapters/abstract/database_statements.rb:230:in `transaction'
/usr/local/rvm/gems/ruby-2.3.0/gems/activerecord-5.0.0.1/lib/active_record/transactions.rb:211:in `transaction'
/usr/local/rvm/gems/ruby-2.3.0/gems/activerecord-5.0.0.1/lib/active_record/transactions.rb:392:in `with_transaction_returning_status'
/usr/local/rvm/gems/ruby-2.3.0/gems/activerecord-5.0.0.1/lib/active_record/persistence.rb:264:in `update'
/home/ubuntu/workspace/matchme/app/models/match.rb:25:in `add_percent'
/usr/local/rvm/gems/ruby-2.3.0/gems/activesupport-5.0.0.1/lib/active_support/callbacks.rb:382:in `block in make_lambda'
/usr/local/rvm/gems/ruby-2.3.0/gems/activesupport-5.0.0.1/lib/active_support/callbacks.rb:207:in `block in halting_and_conditional'
/usr/local/rvm/gems/ruby-2.3.0/gems/activesupport-5.0.0.1/lib/active_support/callbacks.rb:456:in `block in call'
/usr/local/rvm/gems/ruby-2.3.0/gems/activesupport-5.0.0.1/lib/active_support/callbacks.rb:456:in `each'
/usr/local/rvm/gems/ruby-2.3.0/gems/activesupport-5.0.0.1/lib/active_support/callbacks.rb:456:in `call'
/usr/local/rvm/gems/ruby-2.3.0/gems/activesupport-5.0.0.1/lib/active_support/callbacks.rb:101:in `__run_callbacks__'
/usr/local/rvm/gems/ruby-2.3.0/gems/activesupport-5.0.0.1/lib/active_support/callbacks.rb:750:in `_run_save_callbacks'
/usr/local/rvm/gems/ruby-2.3.0/gems/activerecord-5.0.0.1/lib/active_record/callbacks.rb:298:in `create_or_update'
/usr/local/rvm/gems/ruby-2.3.0/gems/activerecord-5.0.0.1/lib/active_record/persistence.rb:125:in `save'
/usr/local/rvm/gems/ruby-2.3.0/gems/activerecord-5.0.0.1/lib/active_record/validations.rb:44:in `save'
/usr/local/rvm/gems/ruby-2.3.0/gems/activerecord-5.0.0.1/lib/active_record/attribute_methods/dirty.rb:22:in `save'
/usr/local/rvm/gems/ruby-2.3.0/gems/activerecord-5.0.0.1/lib/active_record/transactions.rb:319:in `block (2 levels) in save'
/usr/local/rvm/gems/ruby-2.3.0/gems/activerecord-5.0.0.1/lib/active_record/transactions.rb:395:in `block in with_transaction_returning_status'
/usr/local/rvm/gems/ruby-2.3.0/gems/activerecord-5.0.0.1/lib/active_record/connection_adapters/abstract/database_statements.rb:230:in `transaction'
/usr/local/rvm/gems/ruby-2.3.0/gems/activerecord-5.0.0.1/lib/active_record/transactions.rb:211:in `transaction'
/usr/local/rvm/gems/ruby-2.3.0/gems/activerecord-5.0.0.1/lib/active_record/transactions.rb:392:in `with_transaction_returning_status'
/usr/local/rvm/gems/ruby-2.3.0/gems/activerecord-5.0.0.1/lib/active_record/transactions.rb:319:in `block in save'
/usr/local/rvm/gems/ruby-2.3.0/gems/activerecord-5.0.0.1/lib/active_record/transactions.rb:334:in `rollback_active_record_state!'
/usr/local/rvm/gems/ruby-2.3.0/gems/activerecord-5.0.0.1/lib/active_record/transactions.rb:318:in `save'
/usr/local/rvm/gems/ruby-2.3.0/gems/activerecord-5.0.0.1/lib/active_record/suppressor.rb:41:in `save'
/usr/local/rvm/gems/ruby-2.3.0/gems/activerecord-5.0.0.1/lib/active_record/persistence.rb:266:in `block in update'
/usr/local/rvm/gems/ruby-2.3.0/gems/activerecord-5.0.0.1/lib/active_record/transactions.rb:395:in `block in with_transaction_returning_status'
/usr/local/rvm/gems/ruby-2.3.0/gems/activerecord-5.0.0.1/lib/active_record/connection_adapters/abstract/database_statements.rb:230:in `transaction'
/usr/local/rvm/gems/ruby-2.3.0/gems/activerecord-5.0.0.1/lib/active_record/transactions.rb:211:in `transaction'
/usr/local/rvm/gems/ruby-2.3.0/gems/activerecord-5.0.0.1/lib/active_record/transactions.rb:392:in `with_transaction_returning_status'
/usr/local/rvm/gems/ruby-2.3.0/gems/activerecord-5.0.0.1/lib/active_record/persistence.rb:264:in `update'
/home/ubuntu/workspace/matchme/app/models/match.rb:25:in `add_percent'
/usr/local/rvm/gems/ruby-2.3.0/gems/activesupport-5.0.0.1/lib/active_support/callbacks.rb:382:in `block in make_lambda'
/usr/local/rvm/gems/ruby-2.3.0/gems/activesupport-5.0.0.1/lib/active_support/callbacks.rb:207:in `block in halting_and_conditional'
/usr/local/rvm/gems/ruby-2.3.0/gems/activesupport-5.0.0.1/lib/active_support/callbacks.rb:456:in `block in call'
/usr/local/rvm/gems/ruby-2.3.0/gems/activesupport-5.0.0.1/lib/active_support/callbacks.rb:456:in `each'
/usr/local/rvm/gems/ruby-2.3.0/gems/activesupport-5.0.0.1/lib/active_support/callbacks.rb:456:in `call'
/usr/local/rvm/gems/ruby-2.3.0/gems/activesupport-5.0.0.1/lib/active_support/callbacks.rb:101:in `__run_callbacks__'
/usr/local/rvm/gems/ruby-2.3.0/gems/activesupport-5.0.0.1/lib/active_support/callbacks.rb:750:in `_run_save_callbacks'
/usr/local/rvm/gems/ruby-2.3.0/gems/activerecord-5.0.0.1/lib/active_record/callbacks.rb:298:in `create_or_update'
/usr/local/rvm/gems/ruby-2.3.0/gems/activerecord-5.0.0.1/lib/active_record/persistence.rb:125:in `save'
/usr/local/rvm/gems/ruby-2.3.0/gems/activerecord-5.0.0.1/lib/active_record/validations.rb:44:in `save'
/usr/local/rvm/gems/ruby-2.3.0/gems/activerecord-5.0.0.1/lib/active_record/attribute_methods/dirty.rb:22:in `save'
/usr/local/rvm/gems/ruby-2.3.0/gems/activerecord-5.0.0.1/lib/active_record/transactions.rb:319:in `block (2 levels) in save'
/usr/local/rvm/gems/ruby-2.3.0/gems/activerecord-5.0.0.1/lib/active_record/transactions.rb:395:in `block in with_transaction_returning_status'
/usr/local/rvm/gems/ruby-2.3.0/gems/activerecord-5.0.0.1/lib/active_record/connection_adapters/abstract/database_statements.rb:230:in `transaction'
/usr/local/rvm/gems/ruby-2.3.0/gems/activerecord-5.0.0.1/lib/active_record/transactions.rb:211:in `transaction'
/usr/local/rvm/gems/ruby-2.3.0/gems/activerecord-5.0.0.1/lib/active_record/transactions.rb:392:in `with_transaction_returning_status'
/usr/local/rvm/gems/ruby-2.3.0/gems/activerecord-5.0.0.1/lib/active_record/transactions.rb:319:in `block in save'
/usr/local/rvm/gems/ruby-2.3.0/gems/activerecord-5.0.0.1/lib/active_record/transactions.rb:334:in `rollback_active_record_state!'
/usr/local/rvm/gems/ruby-2.3.0/gems/activerecord-5.0.0.1/lib/active_record/transactions.rb:318:in `save'
/usr/local/rvm/gems/ruby-2.3.0/gems/activerecord-5.0.0.1/lib/active_record/suppressor.rb:41:in `save'
/usr/local/rvm/gems/ruby-2.3.0/gems/activerecord-5.0.0.1/lib/active_record/persistence.rb:266:in `block in update'
/usr/local/rvm/gems/ruby-2.3.0/gems/activerecord-5.0.0.1/lib/active_record/transactions.rb:395:in `block in with_transaction_returning_status'
/usr/local/rvm/gems/ruby-2.3.0/gems/activerecord-5.0.0.1/lib/active_record/connection_adapters/abstract/database_statements.rb:230:in `transaction'
/usr/local/rvm/gems/ruby-2.3.0/gems/activerecord-5.0.0.1/lib/active_record/transactions.rb:211:in `transaction'
/usr/local/rvm/gems/ruby-2.3.0/gems/activerecord-5.0.0.1/lib/active_record/transactions.rb:392:in `with_transaction_returning_status'
/usr/local/rvm/gems/ruby-2.3.0/gems/activerecord-5.0.0.1/lib/active_record/persistence.rb:264:in `update'
/home/ubuntu/workspace/matchme/app/models/match.rb:25:in `add_percent'
/usr/local/rvm/gems/ruby-2.3.0/gems/activesupport-5.0.0.1/lib/active_support/callbacks.rb:382:in `block in make_lambda'
/usr/local/rvm/gems/ruby-2.3.0/gems/activesupport-5.0.0.1/lib/active_support/callbacks.rb:207:in `block in halting_and_conditional'
/usr/local/rvm/gems/ruby-2.3.0/gems/activesupport-5.0.0.1/lib/active_support/callbacks.rb:456:in `block in call'
/usr/local/rvm/gems/ruby-2.3.0/gems/activesupport-5.0.0.1/lib/active_support/callbacks.rb:456:in `each'
/usr/local/rvm/gems/ruby-2.3.0/gems/activesupport-5.0.0.1/lib/active_support/callbacks.rb:456:in `call'
/usr/local/rvm/gems/ruby-2.3.0/gems/activesupport-5.0.0.1/lib/active_support/callbacks.rb:101:in `__run_callbacks__'
/usr/local/rvm/gems/ruby-2.3.0/gems/activesupport-5.0.0.1/lib/active_support/callbacks.rb:750:in `_run_save_callbacks'
/usr/local/rvm/gems/ruby-2.3.0/gems/activerecord-5.0.0.1/lib/active_record/callbacks.rb:298:in `create_or_update'
/usr/local/rvm/gems/ruby-2.3.0/gems/activerecord-5.0.0.1/lib/active_record/persistence.rb:125:in `save'
/usr/local/rvm/gems/ruby-2.3.0/gems/activerecord-5.0.0.1/lib/active_record/validations.rb:44:in `save'
/usr/local/rvm/gems/ruby-2.3.0/gems/activerecord-5.0.0.1/lib/active_record/attribute_methods/dirty.rb:22:in `save'
/usr/local/rvm/gems/ruby-2.3.0/gems/activerecord-5.0.0.1/lib/active_record/transactions.rb:319:in `block (2 levels) in save'
/usr/local/rvm/gems/ruby-2.3.0/gems/activerecord-5.0.0.1/lib/active_record/transactions.rb:395:in `block in with_transaction_returning_status'
/usr/local/rvm/gems/ruby-2.3.0/gems/activerecord-5.0.0.1/lib/active_record/connection_adapters/abstract/database_statements.rb:230:in `transaction'
/usr/local/rvm/gems/ruby-2.3.0/gems/activerecord-5.0.0.1/lib/active_record/transactions.rb:211:in `transaction'
/usr/local/rvm/gems/ruby-2.3.0/gems/activerecord-5.0.0.1/lib/active_record/transactions.rb:392:in `with_transaction_returning_status'
/usr/local/rvm/gems/ruby-2.3.0/gems/activerecord-5.0.0.1/lib/active_record/transactions.rb:319:in `block in save'
/usr/local/rvm/gems/ruby-2.3.0/gems/activerecord-5.0.0.1/lib/active_record/transactions.rb:334:in `rollback_active_record_state!'
/usr/local/rvm/gems/ruby-2.3.0/gems/activerecord-5.0.0.1/lib/active_record/transactions.rb:318:in `save'
/usr/local/rvm/gems/ruby-2.3.0/gems/activerecord-5.0.0.1/lib/active_record/suppressor.rb:41:in `save'
/usr/local/rvm/gems/ruby-2.3.0/gems/activerecord-5.0.0.1/lib/active_record/persistence.rb:266:in `block in update'
/usr/local/rvm/gems/ruby-2.3.0/gems/activerecord-5.0.0.1/lib/active_record/transactions.rb:395:in `block in with_transaction_returning_status'
/usr/local/rvm/gems/ruby-2.3.0/gems/activerecord-5.0.0.1/lib/active_record/connection_adapters/abstract/database_statements.rb:230:in `transaction'
/usr/local/rvm/gems/ruby-2.3.0/gems/activerecord-5.0.0.1/lib/active_record/transactions.rb:211:in `transaction'
/usr/local/rvm/gems/ruby-2.3.0/gems/activerecord-5.0.0.1/lib/active_record/transactions.rb:392:in `with_transaction_returning_status'
/usr/local/rvm/gems/ruby-2.3.0/gems/activerecord-5.0.0.1/lib/active_record/persistence.rb:264:in `update'
/home/ubuntu/workspace/matchme/app/models/match.rb:25:in `add_percent'
/usr/local/rvm/gems/ruby-2.3.0/gems/activesupport-5.0.0.1/lib/active_support/callbacks.rb:382:in `block in make_lambda'
/usr/local/rvm/gems/ruby-2.3.0/gems/activesupport-5.0.0.1/lib/active_support/callbacks.rb:207:in `block in halting_and_conditional'
/usr/local/rvm/gems/ruby-2.3.0/gems/activesupport-5.0.0.1/lib/active_support/callbacks.rb:456:in `block in call'
/usr/local/rvm/gems/ruby-2.3.0/gems/activesupport-5.0.0.1/lib/active_support/callbacks.rb:456:in `each'
/usr/local/rvm/gems/ruby-2.3.0/gems/activesupport-5.0.0.1/lib/active_support/callbacks.rb:456:in `call'
/usr/local/rvm/gems/ruby-2.3.0/gems/activesupport-5.0.0.1/lib/active_support/callbacks.rb:101:in `__run_callbacks__'
/usr/local/rvm/gems/ruby-2.3.0/gems/activesupport-5.0.0.1/lib/active_support/callbacks.rb:750:in `_run_save_callbacks'
/usr/local/rvm/gems/ruby-2.3.0/gems/activerecord-5.0.0.1/lib/active_record/callbacks.rb:298:in `create_or_update'
/usr/local/rvm/gems/ruby-2.3.0/gems/activerecord-5.0.0.1/lib/active_record/persistence.rb:125:in `save'
/usr/local/rvm/gems/ruby-2.3.0/gems/activerecord-5.0.0.1/lib/active_record/validations.rb:44:in `save'
/usr/local/rvm/gems/ruby-2.3.0/gems/activerecord-5.0.0.1/lib/active_record/attribute_methods/dirty.rb:22:in `save'
/usr/local/rvm/gems/ruby-2.3.0/gems/activerecord-5.0.0.1/lib/active_record/transactions.rb:319:in `block (2 levels) in save'
/usr/local/rvm/gems/ruby-2.3.0/gems/activerecord-5.0.0.1/lib/active_record/transactions.rb:395:in `block in with_transaction_returning_status'
/usr/local/rvm/gems/ruby-2.3.0/gems/activerecord-5.0.0.1/lib/active_record/connection_adapters/abstract/database_statements.rb:230:in `transaction'
/usr/local/rvm/gems/ruby-2.3.0/gems/activerecord-5.0.0.1/lib/active_record/transactions.rb:211:in `transaction'
/usr/local/rvm/gems/ruby-2.3.0/gems/activerecord-5.0.0.1/lib/active_record/transactions.rb:392:in `with_transaction_returning_status'
/usr/local/rvm/gems/ruby-2.3.0/gems/activerecord-5.0.0.1/lib/active_record/transactions.rb:319:in `block in save'
/usr/local/rvm/gems/ruby-2.3.0/gems/activerecord-5.0.0.1/lib/active_record/transactions.rb:334:in `rollback_active_record_state!'
/usr/local/rvm/gems/ruby-2.3.0/gems/activerecord-5.0.0.1/lib/active_record/transactions.rb:318:in `save'
/usr/local/rvm/gems/ruby-2.3.0/gems/activerecord-5.0.0.1/lib/active_record/suppressor.rb:41:in `save'
/usr/local/rvm/gems/ruby-2.3.0/gems/activerecord-5.0.0.1/lib/active_record/persistence.rb:266:in `block in update'
/usr/local/rvm/gems/ruby-2.3.0/gems/activerecord-5.0.0.1/lib/active_record/transactions.rb:395:in `block in with_transaction_returning_status'
/usr/local/rvm/gems/ruby-2.3.0/gems/activerecord-5.0.0.1/lib/active_record/connection_adapters/abstract/database_statements.rb:230:in `transaction'
/usr/local/rvm/gems/ruby-2.3.0/gems/activerecord-5.0.0.1/lib/active_record/transactions.rb:211:in `transaction'
/usr/local/rvm/gems/ruby-2.3.0/gems/activerecord-5.0.0.1/lib/active_record/transactions.rb:392:in `with_transaction_returning_status'
/usr/local/rvm/gems/ruby-2.3.0/gems/activerecord-5.0.0.1/lib/active_record/persistence.rb:264:in `update'
/home/ubuntu/workspace/matchme/app/models/match.rb:25:in `add_percent'
/usr/local/rvm/gems/ruby-2.3.0/gems/activesupport-5.0.0.1/lib/active_support/callbacks.rb:382:in `block in make_lambda'
/usr/local/rvm/gems/ruby-2.3.0/gems/activesupport-5.0.0.1/lib/active_support/callbacks.rb:207:in `block in halting_and_conditional'
/usr/local/rvm/gems/ruby-2.3.0/gems/activesupport-5.0.0.1/lib/active_support/callbacks.rb:456:in `block in call'
/usr/local/rvm/gems/ruby-2.3.0/gems/activesupport-5.0.0.1/lib/active_support/callbacks.rb:456:in `each'
/usr/local/rvm/gems/ruby-2.3.0/gems/activesupport-5.0.0.1/lib/active_support/callbacks.rb:456:in `call'
/usr/local/rvm/gems/ruby-2.3.0/gems/activesupport-5.0.0.1/lib/active_support/callbacks.rb:101:in `__run_callbacks__'
/usr/local/rvm/gems/ruby-2.3.0/gems/activesupport-5.0.0.1/lib/active_support/callbacks.rb:750:in `_run_save_callbacks'
/usr/local/rvm/gems/ruby-2.3.0/gems/activerecord-5.0.0.1/lib/active_record/callbacks.rb:298:in `create_or_update'
/usr/local/rvm/gems/ruby-2.3.0/gems/activerecord-5.0.0.1/lib/active_record/persistence.rb:125:in `save'
/usr/local/rvm/gems/ruby-2.3.0/gems/activerecord-5.0.0.1/lib/active_record/validations.rb:44:in `save'
/usr/local/rvm/gems/ruby-2.3.0/gems/activerecord-5.0.0.1/lib/active_record/attribute_methods/dirty.rb:22:in `save'
/usr/local/rvm/gems/ruby-2.3.0/gems/activerecord-5.0.0.1/lib/active_record/transactions.rb:319:in `block (2 levels) in save'
/usr/local/rvm/gems/ruby-2.3.0/gems/activerecord-5.0.0.1/lib/active_record/transactions.rb:395:in `block in with_transaction_returning_status'
/usr/local/rvm/gems/ruby-2.3.0/gems/activerecord-5.0.0.1/lib/active_record/connection_adapters/abstract/database_statements.rb:230:in `transaction'
/usr/local/rvm/gems/ruby-2.3.0/gems/activerecord-5.0.0.1/lib/active_record/transactions.rb:211:in `transaction'
/usr/local/rvm/gems/ruby-2.3.0/gems/activerecord-5.0.0.1/lib/active_record/transactions.rb:392:in `with_transaction_returning_status'
/usr/local/rvm/gems/ruby-2.3.0/gems/activerecord-5.0.0.1/lib/active_record/transactions.rb:319:in `block in save'
/usr/local/rvm/gems/ruby-2.3.0/gems/activerecord-5.0.0.1/lib/active_record/transactions.rb:334:in `rollback_active_record_state!'
/usr/local/rvm/gems/ruby-2.3.0/gems/activerecord-5.0.0.1/lib/active_record/transactions.rb:318:in `save'
/usr/local/rvm/gems/ruby-2.3.0/gems/activerecord-5.0.0.1/lib/active_record/suppressor.rb:41:in `save'
/usr/local/rvm/gems/ruby-2.3.0/gems/activerecord-5.0.0.1/lib/active_record/persistence.rb:266:in `block in update'
/usr/local/rvm/gems/ruby-2.3.0/gems/activerecord-5.0.0.1/lib/active_record/transactions.rb:395:in `block in with_transaction_returning_status'
/usr/local/rvm/gems/ruby-2.3.0/gems/activerecord-5.0.0.1/lib/active_record/connection_adapters/abstract/database_statements.rb:230:in `transaction'
/usr/local/rvm/gems/ruby-2.3.0/gems/activerecord-5.0.0.1/lib/active_record/transactions.rb:211:in `transaction'
/usr/local/rvm/gems/ruby-2.3.0/gems/activerecord-5.0.0.1/lib/active_record/transactions.rb:392:in `with_transaction_returning_status'
/usr/local/rvm/gems/ruby-2.3.0/gems/activerecord-5.0.0.1/lib/active_record/persistence.rb:264:in `update'
/home/ubuntu/workspace/matchme/app/models/match.rb:25:in `add_percent'
/usr/local/rvm/gems/ruby-2.3.0/gems/activesupport-5.0.0.1/lib/active_support/callbacks.rb:382:in `block in make_lambda'
/usr/local/rvm/gems/ruby-2.3.0/gems/activesupport-5.0.0.1/lib/active_support/callbacks.rb:207:in `block in halting_and_conditional'
/usr/local/rvm/gems/ruby-2.3.0/gems/activesupport-5.0.0.1/lib/active_support/callbacks.rb:456:in `block in call'
/usr/local/rvm/gems/ruby-2.3.0/gems/activesupport-5.0.0.1/lib/active_support/callbacks.rb:456:in `each'
/usr/local/rvm/gems/ruby-2.3.0/gems/activesupport-5.0.0.1/lib/active_support/callbacks.rb:456:in `call'
/usr/local/rvm/gems/ruby-2.3.0/gems/activesupport-5.0.0.1/lib/active_support/callbacks.rb:101:in `__run_callbacks__'
/usr/local/rvm/gems/ruby-2.3.0/gems/activesupport-5.0.0.1/lib/active_support/callbacks.rb:750:in `_run_save_callbacks'
/usr/local/rvm/gems/ruby-2.3.0/gems/activerecord-5.0.0.1/lib/active_record/callbacks.rb:298:in `create_or_update'
/usr/local/rvm/gems/ruby-2.3.0/gems/activerecord-5.0.0.1/lib/active_record/persistence.rb:125:in `save'
/usr/local/rvm/gems/ruby-2.3.0/gems/activerecord-5.0.0.1/lib/active_record/validations.rb:44:in `save'
/usr/local/rvm/gems/ruby-2.3.0/gems/activerecord-5.0.0.1/lib/active_record/attribute_methods/dirty.rb:22:in `save'
/usr/local/rvm/gems/ruby-2.3.0/gems/activerecord-5.0.0.1/lib/active_record/transactions.rb:319:in `block (2 levels) in save'
/usr/local/rvm/gems/ruby-2.3.0/gems/activerecord-5.0.0.1/lib/active_record/transactions.rb:395:in `block in with_transaction_returning_status'
/usr/local/rvm/gems/ruby-2.3.0/gems/activerecord-5.0.0.1/lib/active_record/connection_adapters/abstract/database_statements.rb:230:in `transaction'
/usr/local/rvm/gems/ruby-2.3.0/gems/activerecord-5.0.0.1/lib/active_record/transactions.rb:211:in `transaction'
/usr/local/rvm/gems/ruby-2.3.0/gems/activerecord-5.0.0.1/lib/active_record/transactions.rb:392:in `with_transaction_returning_status'
/usr/local/rvm/gems/ruby-2.3.0/gems/activerecord-5.0.0.1/lib/active_record/transactions.rb:319:in `block in save'
/usr/local/rvm/gems/ruby-2.3.0/gems/activerecord-5.0.0.1/lib/active_record/transactions.rb:334:in `rollback_active_record_state!'
/usr/local/rvm/gems/ruby-2.3.0/gems/activerecord-5.0.0.1/lib/active_record/transactions.rb:318:in `save'
/usr/local/rvm/gems/ruby-2.3.0/gems/activerecord-5.0.0.1/lib/active_record/suppressor.rb:41:in `save'
/usr/local/rvm/gems/ruby-2.3.0/gems/activerecord-5.0.0.1/lib/active_record/persistence.rb:266:in `block in update'
/usr/local/rvm/gems/ruby-2.3.0/gems/activerecord-5.0.0.1/lib/active_record/transactions.rb:395:in `block in with_transaction_returning_status'
/usr/local/rvm/gems/ruby-2.3.0/gems/activerecord-5.0.0.1/lib/active_record/connection_adapters/abstract/database_statements.rb:230:in `transaction'
/usr/local/rvm/gems/ruby-2.3.0/gems/activerecord-5.0.0.1/lib/active_record/transactions.rb:211:in `transaction'
/usr/local/rvm/gems/ruby-2.3.0/gems/activerecord-5.0.0.1/lib/active_record/transactions.rb:392:in `with_transaction_returning_status'
/usr/local/rvm/gems/ruby-2.3.0/gems/activerecord-5.0.0.1/lib/active_record/persistence.rb:264:in `update'
/home/ubuntu/workspace/matchme/app/models/match.rb:25:in `add_percent'
/usr/local/rvm/gems/ruby-2.3.0/gems/activesupport-5.0.0.1/lib/active_support/callbacks.rb:382:in `block in make_lambda'
/usr/local/rvm/gems/ruby-2.3.0/gems/activesupport-5.0.0.1/lib/active_support/callbacks.rb:207:in `block in halting_and_conditional'
/usr/local/rvm/gems/ruby-2.3.0/gems/activesupport-5.0.0.1/lib/active_support/callbacks.rb:456:in `block in call'
/usr/local/rvm/gems/ruby-2.3.0/gems/activesupport-5.0.0.1/lib/active_support/callbacks.rb:456:in `each'
/usr/local/rvm/gems/ruby-2.3.0/gems/activesupport-5.0.0.1/lib/active_support/callbacks.rb:456:in `call'
/usr/local/rvm/gems/ruby-2.3.0/gems/activesupport-5.0.0.1/lib/active_support/callbacks.rb:101:in `__run_callbacks__'
/usr/local/rvm/gems/ruby-2.3.0/gems/activesupport-5.0.0.1/lib/active_support/callbacks.rb:750:in `_run_save_callbacks'
/usr/local/rvm/gems/ruby-2.3.0/gems/activerecord-5.0.0.1/lib/active_record/callbacks.rb:298:in `create_or_update'
/usr/local/rvm/gems/ruby-2.3.0/gems/activerecord-5.0.0.1/lib/active_record/persistence.rb:125:in `save'
/usr/local/rvm/gems/ruby-2.3.0/gems/activerecord-5.0.0.1/lib/active_record/validations.rb:44:in `save'
/usr/local/rvm/gems/ruby-2.3.0/gems/activerecord-5.0.0.1/lib/active_record/attribute_methods/dirty.rb:22:in `save'
/usr/local/rvm/gems/ruby-2.3.0/gems/activerecord-5.0.0.1/lib/active_record/transactions.rb:319:in `block (2 levels) in save'
/usr/local/rvm/gems/ruby-2.3.0/gems/activerecord-5.0.0.1/lib/active_record/transactions.rb:395:in `block in with_transaction_returning_status'
/usr/local/rvm/gems/ruby-2.3.0/gems/activerecord-5.0.0.1/lib/active_record/connection_adapters/abstract/database_statements.rb:230:in `transaction'
/usr/local/rvm/gems/ruby-2.3.0/gems/activerecord-5.0.0.1/lib/active_record/transactions.rb:211:in `transaction'
/usr/local/rvm/gems/ruby-2.3.0/gems/activerecord-5.0.0.1/lib/active_record/transactions.rb:392:in `with_transaction_returning_status'
/usr/local/rvm/gems/ruby-2.3.0/gems/activerecord-5.0.0.1/lib/active_record/transactions.rb:319:in `block in save'
/usr/local/rvm/gems/ruby-2.3.0/gems/activerecord-5.0.0.1/lib/active_record/transactions.rb:334:in `rollback_active_record_state!'
/usr/local/rvm/gems/ruby-2.3.0/gems/activerecord-5.0.0.1/lib/active_record/transactions.rb:318:in `save'
/usr/local/rvm/gems/ruby-2.3.0/gems/activerecord-5.0.0.1/lib/active_record/suppressor.rb:41:in `save'
/usr/local/rvm/gems/ruby-2.3.0/gems/activerecord-5.0.0.1/lib/active_record/persistence.rb:266:in `block in update'
/usr/local/rvm/gems/ruby-2.3.0/gems/activerecord-5.0.0.1/lib/active_record/transactions.rb:395:in `block in with_transaction_returning_status'
/usr/local/rvm/gems/ruby-2.3.0/gems/activerecord-5.0.0.1/lib/active_record/connection_adapters/abstract/database_statements.rb:230:in `transaction'
/usr/local/rvm/gems/ruby-2.3.0/gems/activerecord-5.0.0.1/lib/active_record/transactions.rb:211:in `transaction'
/usr/local/rvm/gems/ruby-2.3.0/gems/activerecord-5.0.0.1/lib/active_record/transactions.rb:392:in `with_transaction_returning_status'
/usr/local/rvm/gems/ruby-2.3.0/gems/activerecord-5.0.0.1/lib/active_record/persistence.rb:264:in `update'
/home/ubuntu/workspace/matchme/app/models/match.rb:25:in `add_percent'
/usr/local/rvm/gems/ruby-2.3.0/gems/activesupport-5.0.0.1/lib/active_support/callbacks.rb:382:in `block in make_lambda'
/usr/local/rvm/gems/ruby-2.3.0/gems/activesupport-5.0.0.1/lib/active_support/callbacks.rb:207:in `block in halting_and_conditional'
/usr/local/rvm/gems/ruby-2.3.0/gems/activesupport-5.0.0.1/lib/active_support/callbacks.rb:456:in `block in call'
/usr/local/rvm/gems/ruby-2.3.0/gems/activesupport-5.0.0.1/lib/active_support/callbacks.rb:456:in `each'
/usr/local/rvm/gems/ruby-2.3.0/gems/activesupport-5.0.0.1/lib/active_support/callbacks.rb:456:in `call'
/usr/local/rvm/gems/ruby-2.3.0/gems/activesupport-5.0.0.1/lib/active_support/callbacks.rb:101:in `__run_callbacks__'
/usr/local/rvm/gems/ruby-2.3.0/gems/activesupport-5.0.0.1/lib/active_support/callbacks.rb:750:in `_run_save_callbacks'
/usr/local/rvm/gems/ruby-2.3.0/gems/activerecord-5.0.0.1/lib/active_record/callbacks.rb:298:in `create_or_update'
/usr/local/rvm/gems/ruby-2.3.0/gems/activerecord-5.0.0.1/lib/active_record/persistence.rb:125:in `save'
/usr/local/rvm/gems/ruby-2.3.0/gems/activerecord-5.0.0.1/lib/active_record/validations.rb:44:in `save'
/usr/local/rvm/gems/ruby-2.3.0/gems/activerecord-5.0.0.1/lib/active_record/attribute_methods/dirty.rb:22:in `save'
/usr/local/rvm/gems/ruby-2.3.0/gems/activerecord-5.0.0.1/lib/active_record/transactions.rb:319:in `block (2 levels) in save'
/usr/local/rvm/gems/ruby-2.3.0/gems/activerecord-5.0.0.1/lib/active_record/transactions.rb:395:in `block in with_transaction_returning_status'
/usr/local/rvm/gems/ruby-2.3.0/gems/activerecord-5.0.0.1/lib/active_record/connection_adapters/abstract/database_statements.rb:230:in `transaction'
/usr/local/rvm/gems/ruby-2.3.0/gems/activerecord-5.0.0.1/lib/active_record/transactions.rb:211:in `transaction'
/usr/local/rvm/gems/ruby-2.3.0/gems/activerecord-5.0.0.1/lib/active_record/transactions.rb:392:in `with_transaction_returning_status'
/usr/local/rvm/gems/ruby-2.3.0/gems/activerecord-5.0.0.1/lib/active_record/transactions.rb:319:in `block in save'
/usr/local/rvm/gems/ruby-2.3.0/gems/activerecord-5.0.0.1/lib/active_record/transactions.rb:334:in `rollback_active_record_state!'
/usr/local/rvm/gems/ruby-2.3.0/gems/activerecord-5.0.0.1/lib/active_record/transactions.rb:318:in `save'
/usr/local/rvm/gems/ruby-2.3.0/gems/activerecord-5.0.0.1/lib/active_record/suppressor.rb:41:in `save'
/usr/local/rvm/gems/ruby-2.3.0/gems/activerecord-5.0.0.1/lib/active_record/persistence.rb:266:in `block in update'
/usr/local/rvm/gems/ruby-2.3.0/gems/activerecord-5.0.0.1/lib/active_record/transactions.rb:395:in `block in with_transaction_returning_status'
/usr/local/rvm/gems/ruby-2.3.0/gems/activerecord-5.0.0.1/lib/active_record/connection_adapters/abstract/database_statements.rb:230:in `transaction'
/usr/local/rvm/gems/ruby-2.3.0/gems/activerecord-5.0.0.1/lib/active_record/transactions.rb:211:in `transaction'
/usr/local/rvm/gems/ruby-2.3.0/gems/activerecord-5.0.0.1/lib/active_record/transactions.rb:392:in `with_transaction_returning_status'
/usr/local/rvm/gems/ruby-2.3.0/gems/activerecord-5.0.0.1/lib/active_record/persistence.rb:264:in `update'
/home/ubuntu/workspace/matchme/app/models/match.rb:25:in `add_percent'
/usr/local/rvm/gems/ruby-2.3.0/gems/activesupport-5.0.0.1/lib/active_support/callbacks.rb:382:in `block in make_lambda'
/usr/local/rvm/gems/ruby-2.3.0/gems/activesupport-5.0.0.1/lib/active_support/callbacks.rb:207:in `block in halting_and_conditional'
/usr/local/rvm/gems/ruby-2.3.0/gems/activesupport-5.0.0.1/lib/active_support/callbacks.rb:456:in `block in call'
/usr/local/rvm/gems/ruby-2.3.0/gems/activesupport-5.0.0.1/lib/active_support/callbacks.rb:456:in `each'
/usr/local/rvm/gems/ruby-2.3.0/gems/activesupport-5.0.0.1/lib/active_support/callbacks.rb:456:in `call'
/usr/local/rvm/gems/ruby-2.3.0/gems/activesupport-5.0.0.1/lib/active_support/callbacks.rb:101:in `__run_callbacks__'
/usr/local/rvm/gems/ruby-2.3.0/gems/activesupport-5.0.0.1/lib/active_support/callbacks.rb:750:in `_run_save_callbacks'
/usr/local/rvm/gems/ruby-2.3.0/gems/activerecord-5.0.0.1/lib/active_record/callbacks.rb:298:in `create_or_update'
/usr/local/rvm/gems/ruby-2.3.0/gems/activerecord-5.0.0.1/lib/active_record/persistence.rb:125:in `save'
/usr/local/rvm/gems/ruby-2.3.0/gems/activerecord-5.0.0.1/lib/active_record/validations.rb:44:in `save'
/usr/local/rvm/gems/ruby-2.3.0/gems/activerecord-5.0.0.1/lib/active_record/attribute_methods/dirty.rb:22:in `save'
/usr/local/rvm/gems/ruby-2.3.0/gems/activerecord-5.0.0.1/lib/active_record/transactions.rb:319:in `block (2 levels) in save'
/usr/local/rvm/gems/ruby-2.3.0/gems/activerecord-5.0.0.1/lib/active_record/transactions.rb:395:in `block in with_transaction_returning_status'
/usr/local/rvm/gems/ruby-2.3.0/gems/activerecord-5.0.0.1/lib/active_record/connection_adapters/abstract/database_statements.rb:230:in `transaction'
/usr/local/rvm/gems/ruby-2.3.0/gems/activerecord-5.0.0.1/lib/active_record/transactions.rb:211:in `transaction'
/usr/local/rvm/gems/ruby-2.3.0/gems/activerecord-5.0.0.1/lib/active_record/transactions.rb:392:in `with_transaction_returning_status'
/usr/local/rvm/gems/ruby-2.3.0/gems/activerecord-5.0.0.1/lib/active_record/transactions.rb:319:in `block in save'
/usr/local/rvm/gems/ruby-2.3.0/gems/activerecord-5.0.0.1/lib/active_record/transactions.rb:334:in `rollback_active_record_state!'
/usr/local/rvm/gems/ruby-2.3.0/gems/activerecord-5.0.0.1/lib/active_record/transactions.rb:318:in `save'
/usr/local/rvm/gems/ruby-2.3.0/gems/activerecord-5.0.0.1/lib/active_record/suppressor.rb:41:in `save'
/usr/local/rvm/gems/ruby-2.3.0/gems/activerecord-5.0.0.1/lib/active_record/persistence.rb:266:in `block in update'
/usr/local/rvm/gems/ruby-2.3.0/gems/activerecord-5.0.0.1/lib/active_record/transactions.rb:395:in `block in with_transaction_returning_status'
/usr/local/rvm/gems/ruby-2.3.0/gems/activerecord-5.0.0.1/lib/active_record/connection_adapters/abstract/database_statements.rb:230:in `transaction'
/usr/local/rvm/gems/ruby-2.3.0/gems/activerecord-5.0.0.1/lib/active_record/transactions.rb:211:in `transaction'
/usr/local/rvm/gems/ruby-2.3.0/gems/activerecord-5.0.0.1/lib/active_record/transactions.rb:392:in `with_transaction_returning_status'
/usr/local/rvm/gems/ruby-2.3.0/gems/activerecord-5.0.0.1/lib/active_record/persistence.rb:264:in `update'
/home/ubuntu/workspace/matchme/app/models/match.rb:25:in `add_percent'
/usr/local/rvm/gems/ruby-2.3.0/gems/activesupport-5.0.0.1/lib/active_support/callbacks.rb:382:in `block in make_lambda'
/usr/local/rvm/gems/ruby-2.3.0/gems/activesupport-5.0.0.1/lib/active_support/callbacks.rb:207:in `block in halting_and_conditional'
/usr/local/rvm/gems/ruby-2.3.0/gems/activesupport-5.0.0.1/lib/active_support/callbacks.rb:456:in `block in call'
/usr/local/rvm/gems/ruby-2.3.0/gems/activesupport-5.0.0.1/lib/active_support/callbacks.rb:456:in `each'
/usr/local/rvm/gems/ruby-2.3.0/gems/activesupport-5.0.0.1/lib/active_support/callbacks.rb:456:in `call'
/usr/local/rvm/gems/ruby-2.3.0/gems/activesupport-5.0.0.1/lib/active_support/callbacks.rb:101:in `__run_callbacks__'
/usr/local/rvm/gems/ruby-2.3.0/gems/activesupport-5.0.0.1/lib/active_support/callbacks.rb:750:in `_run_save_callbacks'
/usr/local/rvm/gems/ruby-2.3.0/gems/activerecord-5.0.0.1/lib/active_record/callbacks.rb:298:in `create_or_update'
/usr/local/rvm/gems/ruby-2.3.0/gems/activerecord-5.0.0.1/lib/active_record/persistence.rb:125:in `save'
/usr/local/rvm/gems/ruby-2.3.0/gems/activerecord-5.0.0.1/lib/active_record/validations.rb:44:in `save'
/usr/local/rvm/gems/ruby-2.3.0/gems/activerecord-5.0.0.1/lib/active_record/attribute_methods/dirty.rb:22:in `save'
/usr/local/rvm/gems/ruby-2.3.0/gems/activerecord-5.0.0.1/lib/active_record/transactions.rb:319:in `block (2 levels) in save'
/usr/local/rvm/gems/ruby-2.3.0/gems/activerecord-5.0.0.1/lib/active_record/transactions.rb:395:in `block in with_transaction_returning_status'
/usr/local/rvm/gems/ruby-2.3.0/gems/activerecord-5.0.0.1/lib/active_record/connection_adapters/abstract/database_statements.rb:230:in `transaction'
/usr/local/rvm/gems/ruby-2.3.0/gems/activerecord-5.0.0.1/lib/active_record/transactions.rb:211:in `transaction'
/usr/local/rvm/gems/ruby-2.3.0/gems/activerecord-5.0.0.1/lib/active_record/transactions.rb:392:in `with_transaction_returning_status'
/usr/local/rvm/gems/ruby-2.3.0/gems/activerecord-5.0.0.1/lib/active_record/transactions.rb:319:in `block in save'
/usr/local/rvm/gems/ruby-2.3.0/gems/activerecord-5.0.0.1/lib/active_record/transactions.rb:334:in `rollback_active_record_state!'
/usr/local/rvm/gems/ruby-2.3.0/gems/activerecord-5.0.0.1/lib/active_record/transactions.rb:318:in `save'
/usr/local/rvm/gems/ruby-2.3.0/gems/activerecord-5.0.0.1/lib/active_record/suppressor.rb:41:in `save'
/usr/local/rvm/gems/ruby-2.3.0/gems/activerecord-5.0.0.1/lib/active_record/persistence.rb:266:in `block in update'
/usr/local/rvm/gems/ruby-2.3.0/gems/activerecord-5.0.0.1/lib/active_record/transactions.rb:395:in `block in with_transaction_returning_status'
/usr/local/rvm/gems/ruby-2.3.0/gems/activerecord-5.0.0.1/lib/active_record/connection_adapters/abstract/database_statements.rb:230:in `transaction'
/usr/local/rvm/gems/ruby-2.3.0/gems/activerecord-5.0.0.1/lib/active_record/transactions.rb:211:in `transaction'
/usr/local/rvm/gems/ruby-2.3.0/gems/activerecord-5.0.0.1/lib/active_record/transactions.rb:392:in `with_transaction_returning_status'
/usr/local/rvm/gems/ruby-2.3.0/gems/activerecord-5.0.0.1/lib/active_record/persistence.rb:264:in `update'
/home/ubuntu/workspace/matchme/app/models/match.rb:25:in `add_percent'
/usr/local/rvm/gems/ruby-2.3.0/gems/activesupport-5.0.0.1/lib/active_support/callbacks.rb:382:in `block in make_lambda'
/usr/local/rvm/gems/ruby-2.3.0/gems/activesupport-5.0.0.1/lib/active_support/callbacks.rb:207:in `block in halting_and_conditional'
/usr/local/rvm/gems/ruby-2.3.0/gems/activesupport-5.0.0.1/lib/active_support/callbacks.rb:456:in `block in call'
/usr/local/rvm/gems/ruby-2.3.0/gems/activesupport-5.0.0.1/lib/active_support/callbacks.rb:456:in `each'
/usr/local/rvm/gems/ruby-2.3.0/gems/activesupport-5.0.0.1/lib/active_support/callbacks.rb:456:in `call'
/usr/local/rvm/gems/ruby-2.3.0/gems/activesupport-5.0.0.1/lib/active_support/callbacks.rb:101:in `__run_callbacks__'
/usr/local/rvm/gems/ruby-2.3.0/gems/activesupport-5.0.0.1/lib/active_support/callbacks.rb:750:in `_run_save_callbacks'
/usr/local/rvm/gems/ruby-2.3.0/gems/activerecord-5.0.0.1/lib/active_record/callbacks.rb:298:in `create_or_update'
/usr/local/rvm/gems/ruby-2.3.0/gems/activerecord-5.0.0.1/lib/active_record/persistence.rb:125:in `save'
/usr/local/rvm/gems/ruby-2.3.0/gems/activerecord-5.0.0.1/lib/active_record/validations.rb:44:in `save'
/usr/local/rvm/gems/ruby-2.3.0/gems/activerecord-5.0.0.1/lib/active_record/attribute_methods/dirty.rb:22:in `save'
/usr/local/rvm/gems/ruby-2.3.0/gems/activerecord-5.0.0.1/lib/active_record/transactions.rb:319:in `block (2 levels) in save'
/usr/local/rvm/gems/ruby-2.3.0/gems/activerecord-5.0.0.1/lib/active_record/transactions.rb:395:in `block in with_transaction_returning_status'
/usr/local/rvm/gems/ruby-2.3.0/gems/activerecord-5.0.0.1/lib/active_record/connection_adapters/abstract/database_statements.rb:230:in `transaction'
/usr/local/rvm/gems/ruby-2.3.0/gems/activerecord-5.0.0.1/lib/active_record/transactions.rb:211:in `transaction'
/usr/local/rvm/gems/ruby-2.3.0/gems/activerecord-5.0.0.1/lib/active_record/transactions.rb:392:in `with_transaction_returning_status'
/usr/local/rvm/gems/ruby-2.3.0/gems/activerecord-5.0.0.1/lib/active_record/transactions.rb:319:in `block in save'
/usr/local/rvm/gems/ruby-2.3.0/gems/activerecord-5.0.0.1/lib/active_record/transactions.rb:334:in `rollback_active_record_state!'
/usr/local/rvm/gems/ruby-2.3.0/gems/activerecord-5.0.0.1/lib/active_record/transactions.rb:318:in `save'
/usr/local/rvm/gems/ruby-2.3.0/gems/activerecord-5.0.0.1/lib/active_record/suppressor.rb:41:in `save'
/usr/local/rvm/gems/ruby-2.3.0/gems/activerecord-5.0.0.1/lib/active_record/persistence.rb:266:in `block in update'
/usr/local/rvm/gems/ruby-2.3.0/gems/activerecord-5.0.0.1/lib/active_record/transactions.rb:395:in `block in with_transaction_returning_status'
/usr/local/rvm/gems/ruby-2.3.0/gems/activerecord-5.0.0.1/lib/active_record/connection_adapters/abstract/database_statements.rb:230:in `transaction'
/usr/local/rvm/gems/ruby-2.3.0/gems/activerecord-5.0.0.1/lib/active_record/transactions.rb:211:in `transaction'
/usr/local/rvm/gems/ruby-2.3.0/gems/activerecord-5.0.0.1/lib/active_record/transactions.rb:392:in `with_transaction_returning_status'
/usr/local/rvm/gems/ruby-2.3.0/gems/activerecord-5.0.0.1/lib/active_record/persistence.rb:264:in `update'
/home/ubuntu/workspace/matchme/app/models/match.rb:25:in `add_percent'
/usr/local/rvm/gems/ruby-2.3.0/gems/activesupport-5.0.0.1/lib/active_support/callbacks.rb:382:in `block in make_lambda'
/usr/local/rvm/gems/ruby-2.3.0/gems/activesupport-5.0.0.1/lib/active_support/callbacks.rb:207:in `block in halting_and_conditional'
/usr/local/rvm/gems/ruby-2.3.0/gems/activesupport-5.0.0.1/lib/active_support/callbacks.rb:456:in `block in call'
/usr/local/rvm/gems/ruby-2.3.0/gems/activesupport-5.0.0.1/lib/active_support/callbacks.rb:456:in `each'
/usr/local/rvm/gems/ruby-2.3.0/gems/activesupport-5.0.0.1/lib/active_support/callbacks.rb:456:in `call'
/usr/local/rvm/gems/ruby-2.3.0/gems/activesupport-5.0.0.1/lib/active_support/callbacks.rb:101:in `__run_callbacks__'
/usr/local/rvm/gems/ruby-2.3.0/gems/activesupport-5.0.0.1/lib/active_support/callbacks.rb:750:in `_run_save_callbacks'
/usr/local/rvm/gems/ruby-2.3.0/gems/activerecord-5.0.0.1/lib/active_record/callbacks.rb:298:in `create_or_update'
/usr/local/rvm/gems/ruby-2.3.0/gems/activerecord-5.0.0.1/lib/active_record/persistence.rb:125:in `save'
/usr/local/rvm/gems/ruby-2.3.0/gems/activerecord-5.0.0.1/lib/active_record/validations.rb:44:in `save'
/usr/local/rvm/gems/ruby-2.3.0/gems/activerecord-5.0.0.1/lib/active_record/attribute_methods/dirty.rb:22:in `save'
/usr/local/rvm/gems/ruby-2.3.0/gems/activerecord-5.0.0.1/lib/active_record/transactions.rb:319:in `block (2 levels) in save'
/usr/local/rvm/gems/ruby-2.3.0/gems/activerecord-5.0.0.1/lib/active_record/transactions.rb:395:in `block in with_transaction_returning_status'
/usr/local/rvm/gems/ruby-2.3.0/gems/activerecord-5.0.0.1/lib/active_record/connection_adapters/abstract/database_statements.rb:230:in `transaction'
/usr/local/rvm/gems/ruby-2.3.0/gems/activerecord-5.0.0.1/lib/active_record/transactions.rb:211:in `transaction'
/usr/local/rvm/gems/ruby-2.3.0/gems/activerecord-5.0.0.1/lib/active_record/transactions.rb:392:in `with_transaction_returning_status'
/usr/local/rvm/gems/ruby-2.3.0/gems/activerecord-5.0.0.1/lib/active_record/transactions.rb:319:in `block in save'
/usr/local/rvm/gems/ruby-2.3.0/gems/activerecord-5.0.0.1/lib/active_record/transactions.rb:334:in `rollback_active_record_state!'
/usr/local/rvm/gems/ruby-2.3.0/gems/activerecord-5.0.0.1/lib/active_record/transactions.rb:318:in `save'
/usr/local/rvm/gems/ruby-2.3.0/gems/activerecord-5.0.0.1/lib/active_record/suppressor.rb:41:in `save'
/usr/local/rvm/gems/ruby-2.3.0/gems/activerecord-5.0.0.1/lib/active_record/persistence.rb:266:in `block in update'
/usr/local/rvm/gems/ruby-2.3.0/gems/activerecord-5.0.0.1/lib/active_record/transactions.rb:395:in `block in with_transaction_returning_status'
/usr/local/rvm/gems/ruby-2.3.0/gems/activerecord-5.0.0.1/lib/active_record/connection_adapters/abstract/database_statements.rb:230:in `transaction'
/usr/local/rvm/gems/ruby-2.3.0/gems/activerecord-5.0.0.1/lib/active_record/transactions.rb:211:in `transaction'
/usr/local/rvm/gems/ruby-2.3.0/gems/activerecord-5.0.0.1/lib/active_record/transactions.rb:392:in `with_transaction_returning_status'
/usr/local/rvm/gems/ruby-2.3.0/gems/activerecord-5.0.0.1/lib/active_record/persistence.rb:264:in `update'
/home/ubuntu/workspace/matchme/app/models/match.rb:25:in `add_percent'
/usr/local/rvm/gems/ruby-2.3.0/gems/activesupport-5.0.0.1/lib/active_support/callbacks.rb:382:in `block in make_lambda'
/usr/local/rvm/gems/ruby-2.3.0/gems/activesupport-5.0.0.1/lib/active_support/callbacks.rb:207:in `block in halting_and_conditional'
/usr/local/rvm/gems/ruby-2.3.0/gems/activesupport-5.0.0.1/lib/active_support/callbacks.rb:456:in `block in call'
/usr/local/rvm/gems/ruby-2.3.0/gems/activesupport-5.0.0.1/lib/active_support/callbacks.rb:456:in `each'
/usr/local/rvm/gems/ruby-2.3.0/gems/activesupport-5.0.0.1/lib/active_support/callbacks.rb:456:in `call'
/usr/local/rvm/gems/ruby-2.3.0/gems/activesupport-5.0.0.1/lib/active_support/callbacks.rb:101:in `__run_callbacks__'
/usr/local/rvm/gems/ruby-2.3.0/gems/activesupport-5.0.0.1/lib/active_support/callbacks.rb:750:in `_run_save_callbacks'
/usr/local/rvm/gems/ruby-2.3.0/gems/activerecord-5.0.0.1/lib/active_record/callbacks.rb:298:in `create_or_update'
/usr/local/rvm/gems/ruby-2.3.0/gems/activerecord-5.0.0.1/lib/active_record/persistence.rb:125:in `save'
/usr/local/rvm/gems/ruby-2.3.0/gems/activerecord-5.0.0.1/lib/active_record/validations.rb:44:in `save'
/usr/local/rvm/gems/ruby-2.3.0/gems/activerecord-5.0.0.1/lib/active_record/attribute_methods/dirty.rb:22:in `save'
/usr/local/rvm/gems/ruby-2.3.0/gems/activerecord-5.0.0.1/lib/active_record/transactions.rb:319:in `block (2 levels) in save'
/usr/local/rvm/gems/ruby-2.3.0/gems/activerecord-5.0.0.1/lib/active_record/transactions.rb:395:in `block in with_transaction_returning_status'
/usr/local/rvm/gems/ruby-2.3.0/gems/activerecord-5.0.0.1/lib/active_record/connection_adapters/abstract/database_statements.rb:230:in `transaction'
/usr/local/rvm/gems/ruby-2.3.0/gems/activerecord-5.0.0.1/lib/active_record/transactions.rb:211:in `transaction'
/usr/local/rvm/gems/ruby-2.3.0/gems/activerecord-5.0.0.1/lib/active_record/transactions.rb:392:in `with_transaction_returning_status'
/usr/local/rvm/gems/ruby-2.3.0/gems/activerecord-5.0.0.1/lib/active_record/transactions.rb:319:in `block in save'
/usr/local/rvm/gems/ruby-2.3.0/gems/activerecord-5.0.0.1/lib/active_record/transactions.rb:334:in `rollback_active_record_state!'
/usr/local/rvm/gems/ruby-2.3.0/gems/activerecord-5.0.0.1/lib/active_record/transactions.rb:318:in `save'
/usr/local/rvm/gems/ruby-2.3.0/gems/activerecord-5.0.0.1/lib/active_record/suppressor.rb:41:in `save'
/usr/local/rvm/gems/ruby-2.3.0/gems/activerecord-5.0.0.1/lib/active_record/persistence.rb:266:in `block in update'
/usr/local/rvm/gems/ruby-2.3.0/gems/activerecord-5.0.0.1/lib/active_record/transactions.rb:395:in `block in with_transaction_returning_status'
/usr/local/rvm/gems/ruby-2.3.0/gems/activerecord-5.0.0.1/lib/active_record/connection_adapters/abstract/database_statements.rb:230:in `transaction'
/usr/local/rvm/gems/ruby-2.3.0/gems/activerecord-5.0.0.1/lib/active_record/transactions.rb:211:in `transaction'
/usr/local/rvm/gems/ruby-2.3.0/gems/activerecord-5.0.0.1/lib/active_record/transactions.rb:392:in `with_transaction_returning_status'
/usr/local/rvm/gems/ruby-2.3.0/gems/activerecord-5.0.0.1/lib/active_record/persistence.rb:264:in `update'
/home/ubuntu/workspace/matchme/app/models/match.rb:25:in `add_percent'
/usr/local/rvm/gems/ruby-2.3.0/gems/activesupport-5.0.0.1/lib/active_support/callbacks.rb:382:in `block in make_lambda'
/usr/local/rvm/gems/ruby-2.3.0/gems/activesupport-5.0.0.1/lib/active_support/callbacks.rb:207:in `block in halting_and_conditional'
/usr/local/rvm/gems/ruby-2.3.0/gems/activesupport-5.0.0.1/lib/active_support/callbacks.rb:456:in `block in call'
/usr/local/rvm/gems/ruby-2.3.0/gems/activesupport-5.0.0.1/lib/active_support/callbacks.rb:456:in `each'
/usr/local/rvm/gems/ruby-2.3.0/gems/activesupport-5.0.0.1/lib/active_support/callbacks.rb:456:in `call'
/usr/local/rvm/gems/ruby-2.3.0/gems/activesupport-5.0.0.1/lib/active_support/callbacks.rb:101:in `__run_callbacks__'
/usr/local/rvm/gems/ruby-2.3.0/gems/activesupport-5.0.0.1/lib/active_support/callbacks.rb:750:in `_run_save_callbacks'
/usr/local/rvm/gems/ruby-2.3.0/gems/activerecord-5.0.0.1/lib/active_record/callbacks.rb:298:in `create_or_update'
/usr/local/rvm/gems/ruby-2.3.0/gems/activerecord-5.0.0.1/lib/active_record/persistence.rb:125:in `save'
/usr/local/rvm/gems/ruby-2.3.0/gems/activerecord-5.0.0.1/lib/active_record/validations.rb:44:in `save'
/usr/local/rvm/gems/ruby-2.3.0/gems/activerecord-5.0.0.1/lib/active_record/attribute_methods/dirty.rb:22:in `save'
/usr/local/rvm/gems/ruby-2.3.0/gems/activerecord-5.0.0.1/lib/active_record/transactions.rb:319:in `block (2 levels) in save'
/usr/local/rvm/gems/ruby-2.3.0/gems/activerecord-5.0.0.1/lib/active_record/transactions.rb:395:in `block in with_transaction_returning_status'
/usr/local/rvm/gems/ruby-2.3.0/gems/activerecord-5.0.0.1/lib/active_record/connection_adapters/abstract/database_statements.rb:230:in `transaction'
/usr/local/rvm/gems/ruby-2.3.0/gems/activerecord-5.0.0.1/lib/active_record/transactions.rb:211:in `transaction'
/usr/local/rvm/gems/ruby-2.3.0/gems/activerecord-5.0.0.1/lib/active_record/transactions.rb:392:in `with_transaction_returning_status'
/usr/local/rvm/gems/ruby-2.3.0/gems/activerecord-5.0.0.1/lib/active_record/transactions.rb:319:in `block in save'
/usr/local/rvm/gems/ruby-2.3.0/gems/activerecord-5.0.0.1/lib/active_record/transactions.rb:334:in `rollback_active_record_state!'
/usr/local/rvm/gems/ruby-2.3.0/gems/activerecord-5.0.0.1/lib/active_record/transactions.rb:318:in `save'
/usr/local/rvm/gems/ruby-2.3.0/gems/activerecord-5.0.0.1/lib/active_record/suppressor.rb:41:in `save'
/usr/local/rvm/gems/ruby-2.3.0/gems/activerecord-5.0.0.1/lib/active_record/persistence.rb:266:in `block in update'
/usr/local/rvm/gems/ruby-2.3.0/gems/activerecord-5.0.0.1/lib/active_record/transactions.rb:395:in `block in with_transaction_returning_status'
/usr/local/rvm/gems/ruby-2.3.0/gems/activerecord-5.0.0.1/lib/active_record/connection_adapters/abstract/database_statements.rb:230:in `transaction'
/usr/local/rvm/gems/ruby-2.3.0/gems/activerecord-5.0.0.1/lib/active_record/transactions.rb:211:in `transaction'
/usr/local/rvm/gems/ruby-2.3.0/gems/activerecord-5.0.0.1/lib/active_record/transactions.rb:392:in `with_transaction_returning_status'
/usr/local/rvm/gems/ruby-2.3.0/gems/activerecord-5.0.0.1/lib/active_record/persistence.rb:264:in `update'
/home/ubuntu/workspace/matchme/app/models/match.rb:25:in `add_percent'
/usr/local/rvm/gems/ruby-2.3.0/gems/activesupport-5.0.0.1/lib/active_support/callbacks.rb:382:in `block in make_lambda'
/usr/local/rvm/gems/ruby-2.3.0/gems/activesupport-5.0.0.1/lib/active_support/callbacks.rb:207:in `block in halting_and_conditional'
/usr/local/rvm/gems/ruby-2.3.0/gems/activesupport-5.0.0.1/lib/active_support/callbacks.rb:456:in `block in call'
/usr/local/rvm/gems/ruby-2.3.0/gems/activesupport-5.0.0.1/lib/active_support/callbacks.rb:456:in `each'
/usr/local/rvm/gems/ruby-2.3.0/gems/activesupport-5.0.0.1/lib/active_support/callbacks.rb:456:in `call'
/usr/local/rvm/gems/ruby-2.3.0/gems/activesupport-5.0.0.1/lib/active_support/callbacks.rb:101:in `__run_callbacks__'
/usr/local/rvm/gems/ruby-2.3.0/gems/activesupport-5.0.0.1/lib/active_support/callbacks.rb:750:in `_run_save_callbacks'
/usr/local/rvm/gems/ruby-2.3.0/gems/activerecord-5.0.0.1/lib/active_record/callbacks.rb:298:in `create_or_update'
/usr/local/rvm/gems/ruby-2.3.0/gems/activerecord-5.0.0.1/lib/active_record/persistence.rb:125:in `save'
/usr/local/rvm/gems/ruby-2.3.0/gems/activerecord-5.0.0.1/lib/active_record/validations.rb:44:in `save'
/usr/local/rvm/gems/ruby-2.3.0/gems/activerecord-5.0.0.1/lib/active_record/attribute_methods/dirty.rb:22:in `save'
/usr/local/rvm/gems/ruby-2.3.0/gems/activerecord-5.0.0.1/lib/active_record/transactions.rb:319:in `block (2 levels) in save'
/usr/local/rvm/gems/ruby-2.3.0/gems/activerecord-5.0.0.1/lib/active_record/transactions.rb:395:in `block in with_transaction_returning_status'
/usr/local/rvm/gems/ruby-2.3.0/gems/activerecord-5.0.0.1/lib/active_record/connection_adapters/abstract/database_statements.rb:230:in `transaction'
/usr/local/rvm/gems/ruby-2.3.0/gems/activerecord-5.0.0.1/lib/active_record/transactions.rb:211:in `transaction'
/usr/local/rvm/gems/ruby-2.3.0/gems/activerecord-5.0.0.1/lib/active_record/transactions.rb:392:in `with_transaction_returning_status'
/usr/local/rvm/gems/ruby-2.3.0/gems/activerecord-5.0.0.1/lib/active_record/transactions.rb:319:in `block in save'
/usr/local/rvm/gems/ruby-2.3.0/gems/activerecord-5.0.0.1/lib/active_record/transactions.rb:334:in `rollback_active_record_state!'
/usr/local/rvm/gems/ruby-2.3.0/gems/activerecord-5.0.0.1/lib/active_record/transactions.rb:318:in `save'
/usr/local/rvm/gems/ruby-2.3.0/gems/activerecord-5.0.0.1/lib/active_record/suppressor.rb:41:in `save'
/usr/local/rvm/gems/ruby-2.3.0/gems/activerecord-5.0.0.1/lib/active_record/persistence.rb:266:in `block in update'
/usr/local/rvm/gems/ruby-2.3.0/gems/activerecord-5.0.0.1/lib/active_record/transactions.rb:395:in `block in with_transaction_returning_status'
/usr/local/rvm/gems/ruby-2.3.0/gems/activerecord-5.0.0.1/lib/active_record/connection_adapters/abstract/database_statements.rb:230:in `transaction'
/usr/local/rvm/gems/ruby-2.3.0/gems/activerecord-5.0.0.1/lib/active_record/transactions.rb:211:in `transaction'
/usr/local/rvm/gems/ruby-2.3.0/gems/activerecord-5.0.0.1/lib/active_record/transactions.rb:392:in `with_transaction_returning_status'
/usr/local/rvm/gems/ruby-2.3.0/gems/activerecord-5.0.0.1/lib/active_record/persistence.rb:264:in `update'
/home/ubuntu/workspace/matchme/app/models/match.rb:25:in `add_percent'
/usr/local/rvm/gems/ruby-2.3.0/gems/activesupport-5.0.0.1/lib/active_support/callbacks.rb:382:in `block in make_lambda'
/usr/local/rvm/gems/ruby-2.3.0/gems/activesupport-5.0.0.1/lib/active_support/callbacks.rb:207:in `block in halting_and_conditional'
/usr/local/rvm/gems/ruby-2.3.0/gems/activesupport-5.0.0.1/lib/active_support/callbacks.rb:456:in `block in call'
/usr/local/rvm/gems/ruby-2.3.0/gems/activesupport-5.0.0.1/lib/active_support/callbacks.rb:456:in `each'
/usr/local/rvm/gems/ruby-2.3.0/gems/activesupport-5.0.0.1/lib/active_support/callbacks.rb:456:in `call'
/usr/local/rvm/gems/ruby-2.3.0/gems/activesupport-5.0.0.1/lib/active_support/callbacks.rb:101:in `__run_callbacks__'
/usr/local/rvm/gems/ruby-2.3.0/gems/activesupport-5.0.0.1/lib/active_support/callbacks.rb:750:in `_run_save_callbacks'
/usr/local/rvm/gems/ruby-2.3.0/gems/activerecord-5.0.0.1/lib/active_record/callbacks.rb:298:in `create_or_update'
/usr/local/rvm/gems/ruby-2.3.0/gems/activerecord-5.0.0.1/lib/active_record/persistence.rb:125:in `save'
/usr/local/rvm/gems/ruby-2.3.0/gems/activerecord-5.0.0.1/lib/active_record/validations.rb:44:in `save'
/usr/local/rvm/gems/ruby-2.3.0/gems/activerecord-5.0.0.1/lib/active_record/attribute_methods/dirty.rb:22:in `save'
/usr/local/rvm/gems/ruby-2.3.0/gems/activerecord-5.0.0.1/lib/active_record/transactions.rb:319:in `block (2 levels) in save'
/usr/local/rvm/gems/ruby-2.3.0/gems/activerecord-5.0.0.1/lib/active_record/transactions.rb:395:in `block in with_transaction_returning_status'
/usr/local/rvm/gems/ruby-2.3.0/gems/activerecord-5.0.0.1/lib/active_record/connection_adapters/abstract/database_statements.rb:230:in `transaction'
/usr/local/rvm/gems/ruby-2.3.0/gems/activerecord-5.0.0.1/lib/active_record/transactions.rb:211:in `transaction'
/usr/local/rvm/gems/ruby-2.3.0/gems/activerecord-5.0.0.1/lib/active_record/transactions.rb:392:in `with_transaction_returning_status'
/usr/local/rvm/gems/ruby-2.3.0/gems/activerecord-5.0.0.1/lib/active_record/transactions.rb:319:in `block in save'
/usr/local/rvm/gems/ruby-2.3.0/gems/activerecord-5.0.0.1/lib/active_record/transactions.rb:334:in `rollback_active_record_state!'
/usr/local/rvm/gems/ruby-2.3.0/gems/activerecord-5.0.0.1/lib/active_record/transactions.rb:318:in `save'
/usr/local/rvm/gems/ruby-2.3.0/gems/activerecord-5.0.0.1/lib/active_record/suppressor.rb:41:in `save'
/usr/local/rvm/gems/ruby-2.3.0/gems/activerecord-5.0.0.1/lib/active_record/persistence.rb:266:in `block in update'
/usr/local/rvm/gems/ruby-2.3.0/gems/activerecord-5.0.0.1/lib/active_record/transactions.rb:395:in `block in with_transaction_returning_status'
/usr/local/rvm/gems/ruby-2.3.0/gems/activerecord-5.0.0.1/lib/active_record/connection_adapters/abstract/database_statements.rb:230:in `transaction'
/usr/local/rvm/gems/ruby-2.3.0/gems/activerecord-5.0.0.1/lib/active_record/transactions.rb:211:in `transaction'
/usr/local/rvm/gems/ruby-2.3.0/gems/activerecord-5.0.0.1/lib/active_record/transactions.rb:392:in `with_transaction_returning_status'
/usr/local/rvm/gems/ruby-2.3.0/gems/activerecord-5.0.0.1/lib/active_record/persistence.rb:264:in `update'
/home/ubuntu/workspace/matchme/app/models/match.rb:25:in `add_percent'
/usr/local/rvm/gems/ruby-2.3.0/gems/activesupport-5.0.0.1/lib/active_support/callbacks.rb:382:in `block in make_lambda'
/usr/local/rvm/gems/ruby-2.3.0/gems/activesupport-5.0.0.1/lib/active_support/callbacks.rb:207:in `block in halting_and_conditional'
/usr/local/rvm/gems/ruby-2.3.0/gems/activesupport-5.0.0.1/lib/active_support/callbacks.rb:456:in `block in call'
/usr/local/rvm/gems/ruby-2.3.0/gems/activesupport-5.0.0.1/lib/active_support/callbacks.rb:456:in `each'
/usr/local/rvm/gems/ruby-2.3.0/gems/activesupport-5.0.0.1/lib/active_support/callbacks.rb:456:in `call'
/usr/local/rvm/gems/ruby-2.3.0/gems/activesupport-5.0.0.1/lib/active_support/callbacks.rb:101:in `__run_callbacks__'
/usr/local/rvm/gems/ruby-2.3.0/gems/activesupport-5.0.0.1/lib/active_support/callbacks.rb:750:in `_run_save_callbacks'
/usr/local/rvm/gems/ruby-2.3.0/gems/activerecord-5.0.0.1/lib/active_record/callbacks.rb:298:in `create_or_update'
/usr/local/rvm/gems/ruby-2.3.0/gems/activerecord-5.0.0.1/lib/active_record/persistence.rb:125:in `save'
/usr/local/rvm/gems/ruby-2.3.0/gems/activerecord-5.0.0.1/lib/active_record/validations.rb:44:in `save'
/usr/local/rvm/gems/ruby-2.3.0/gems/activerecord-5.0.0.1/lib/active_record/attribute_methods/dirty.rb:22:in `save'
/usr/local/rvm/gems/ruby-2.3.0/gems/activerecord-5.0.0.1/lib/active_record/transactions.rb:319:in `block (2 levels) in save'
/usr/local/rvm/gems/ruby-2.3.0/gems/activerecord-5.0.0.1/lib/active_record/transactions.rb:395:in `block in with_transaction_returning_status'
/usr/local/rvm/gems/ruby-2.3.0/gems/activerecord-5.0.0.1/lib/active_record/connection_adapters/abstract/database_statements.rb:230:in `transaction'
/usr/local/rvm/gems/ruby-2.3.0/gems/activerecord-5.0.0.1/lib/active_record/transactions.rb:211:in `transaction'
/usr/local/rvm/gems/ruby-2.3.0/gems/activerecord-5.0.0.1/lib/active_record/transactions.rb:392:in `with_transaction_returning_status'
/usr/local/rvm/gems/ruby-2.3.0/gems/activerecord-5.0.0.1/lib/active_record/transactions.rb:319:in `block in save'
/usr/local/rvm/gems/ruby-2.3.0/gems/activerecord-5.0.0.1/lib/active_record/transactions.rb:334:in `rollback_active_record_state!'
/usr/local/rvm/gems/ruby-2.3.0/gems/activerecord-5.0.0.1/lib/active_record/transactions.rb:318:in `save'
/usr/local/rvm/gems/ruby-2.3.0/gems/activerecord-5.0.0.1/lib/active_record/suppressor.rb:41:in `save'
/usr/local/rvm/gems/ruby-2.3.0/gems/activerecord-5.0.0.1/lib/active_record/persistence.rb:266:in `block in update'
/usr/local/rvm/gems/ruby-2.3.0/gems/activerecord-5.0.0.1/lib/active_record/transactions.rb:395:in `block in with_transaction_returning_status'
/usr/local/rvm/gems/ruby-2.3.0/gems/activerecord-5.0.0.1/lib/active_record/connection_adapters/abstract/database_statements.rb:230:in `transaction'
/usr/local/rvm/gems/ruby-2.3.0/gems/activerecord-5.0.0.1/lib/active_record/transactions.rb:211:in `transaction'
/usr/local/rvm/gems/ruby-2.3.0/gems/activerecord-5.0.0.1/lib/active_record/transactions.rb:392:in `with_transaction_returning_status'
/usr/local/rvm/gems/ruby-2.3.0/gems/activerecord-5.0.0.1/lib/active_record/persistence.rb:264:in `update'
/home/ubuntu/workspace/matchme/app/models/match.rb:25:in `add_percent'
/usr/local/rvm/gems/ruby-2.3.0/gems/activesupport-5.0.0.1/lib/active_support/callbacks.rb:382:in `block in make_lambda'
/usr/local/rvm/gems/ruby-2.3.0/gems/activesupport-5.0.0.1/lib/active_support/callbacks.rb:207:in `block in halting_and_conditional'
/usr/local/rvm/gems/ruby-2.3.0/gems/activesupport-5.0.0.1/lib/active_support/callbacks.rb:456:in `block in call'
/usr/local/rvm/gems/ruby-2.3.0/gems/activesupport-5.0.0.1/lib/active_support/callbacks.rb:456:in `each'
/usr/local/rvm/gems/ruby-2.3.0/gems/activesupport-5.0.0.1/lib/active_support/callbacks.rb:456:in `call'
/usr/local/rvm/gems/ruby-2.3.0/gems/activesupport-5.0.0.1/lib/active_support/callbacks.rb:101:in `__run_callbacks__'
/usr/local/rvm/gems/ruby-2.3.0/gems/activesupport-5.0.0.1/lib/active_support/callbacks.rb:750:in `_run_save_callbacks'
/usr/local/rvm/gems/ruby-2.3.0/gems/activerecord-5.0.0.1/lib/active_record/callbacks.rb:298:in `create_or_update'
/usr/local/rvm/gems/ruby-2.3.0/gems/activerecord-5.0.0.1/lib/active_record/persistence.rb:125:in `save'
/usr/local/rvm/gems/ruby-2.3.0/gems/activerecord-5.0.0.1/lib/active_record/validations.rb:44:in `save'
/usr/local/rvm/gems/ruby-2.3.0/gems/activerecord-5.0.0.1/lib/active_record/attribute_methods/dirty.rb:22:in `save'
/usr/local/rvm/gems/ruby-2.3.0/gems/activerecord-5.0.0.1/lib/active_record/transactions.rb:319:in `block (2 levels) in save'
/usr/local/rvm/gems/ruby-2.3.0/gems/activerecord-5.0.0.1/lib/active_record/transactions.rb:395:in `block in with_transaction_returning_status'
/usr/local/rvm/gems/ruby-2.3.0/gems/activerecord-5.0.0.1/lib/active_record/connection_adapters/abstract/database_statements.rb:230:in `transaction'
/usr/local/rvm/gems/ruby-2.3.0/gems/activerecord-5.0.0.1/lib/active_record/transactions.rb:211:in `transaction'
/usr/local/rvm/gems/ruby-2.3.0/gems/activerecord-5.0.0.1/lib/active_record/transactions.rb:392:in `with_transaction_returning_status'
/usr/local/rvm/gems/ruby-2.3.0/gems/activerecord-5.0.0.1/lib/active_record/transactions.rb:319:in `block in save'
/usr/local/rvm/gems/ruby-2.3.0/gems/activerecord-5.0.0.1/lib/active_record/transactions.rb:334:in `rollback_active_record_state!'
/usr/local/rvm/gems/ruby-2.3.0/gems/activerecord-5.0.0.1/lib/active_record/transactions.rb:318:in `save'
/usr/local/rvm/gems/ruby-2.3.0/gems/activerecord-5.0.0.1/lib/active_record/suppressor.rb:41:in `save'
/usr/local/rvm/gems/ruby-2.3.0/gems/activerecord-5.0.0.1/lib/active_record/persistence.rb:266:in `block in update'
/usr/local/rvm/gems/ruby-2.3.0/gems/activerecord-5.0.0.1/lib/active_record/transactions.rb:395:in `block in with_transaction_returning_status'
/usr/local/rvm/gems/ruby-2.3.0/gems/activerecord-5.0.0.1/lib/active_record/connection_adapters/abstract/database_statements.rb:230:in `transaction'
/usr/local/rvm/gems/ruby-2.3.0/gems/activerecord-5.0.0.1/lib/active_record/transactions.rb:211:in `transaction'
/usr/local/rvm/gems/ruby-2.3.0/gems/activerecord-5.0.0.1/lib/active_record/transactions.rb:392:in `with_transaction_returning_status'
/usr/local/rvm/gems/ruby-2.3.0/gems/activerecord-5.0.0.1/lib/active_record/persistence.rb:264:in `update'
/home/ubuntu/workspace/matchme/app/models/match.rb:25:in `add_percent'
/usr/local/rvm/gems/ruby-2.3.0/gems/activesupport-5.0.0.1/lib/active_support/callbacks.rb:382:in `block in make_lambda'
/usr/local/rvm/gems/ruby-2.3.0/gems/activesupport-5.0.0.1/lib/active_support/callbacks.rb:207:in `block in halting_and_conditional'
/usr/local/rvm/gems/ruby-2.3.0/gems/activesupport-5.0.0.1/lib/active_support/callbacks.rb:456:in `block in call'
/usr/local/rvm/gems/ruby-2.3.0/gems/activesupport-5.0.0.1/lib/active_support/callbacks.rb:456:in `each'
/usr/local/rvm/gems/ruby-2.3.0/gems/activesupport-5.0.0.1/lib/active_support/callbacks.rb:456:in `call'
/usr/local/rvm/gems/ruby-2.3.0/gems/activesupport-5.0.0.1/lib/active_support/callbacks.rb:101:in `__run_callbacks__'
/usr/local/rvm/gems/ruby-2.3.0/gems/activesupport-5.0.0.1/lib/active_support/callbacks.rb:750:in `_run_save_callbacks'
/usr/local/rvm/gems/ruby-2.3.0/gems/activerecord-5.0.0.1/lib/active_record/callbacks.rb:298:in `create_or_update'
/usr/local/rvm/gems/ruby-2.3.0/gems/activerecord-5.0.0.1/lib/active_record/persistence.rb:125:in `save'
/usr/local/rvm/gems/ruby-2.3.0/gems/activerecord-5.0.0.1/lib/active_record/validations.rb:44:in `save'
/usr/local/rvm/gems/ruby-2.3.0/gems/activerecord-5.0.0.1/lib/active_record/attribute_methods/dirty.rb:22:in `save'
/usr/local/rvm/gems/ruby-2.3.0/gems/activerecord-5.0.0.1/lib/active_record/transactions.rb:319:in `block (2 levels) in save'
/usr/local/rvm/gems/ruby-2.3.0/gems/activerecord-5.0.0.1/lib/active_record/transactions.rb:395:in `block in with_transaction_returning_status'
/usr/local/rvm/gems/ruby-2.3.0/gems/activerecord-5.0.0.1/lib/active_record/connection_adapters/abstract/database_statements.rb:230:in `transaction'
/usr/local/rvm/gems/ruby-2.3.0/gems/activerecord-5.0.0.1/lib/active_record/transactions.rb:211:in `transaction'
/usr/local/rvm/gems/ruby-2.3.0/gems/activerecord-5.0.0.1/lib/active_record/transactions.rb:392:in `with_transaction_returning_status'
/usr/local/rvm/gems/ruby-2.3.0/gems/activerecord-5.0.0.1/lib/active_record/transactions.rb:319:in `block in save'
/usr/local/rvm/gems/ruby-2.3.0/gems/activerecord-5.0.0.1/lib/active_record/transactions.rb:334:in `rollback_active_record_state!'
/usr/local/rvm/gems/ruby-2.3.0/gems/activerecord-5.0.0.1/lib/active_record/transactions.rb:318:in `save'
/usr/local/rvm/gems/ruby-2.3.0/gems/activerecord-5.0.0.1/lib/active_record/suppressor.rb:41:in `save'
/usr/local/rvm/gems/ruby-2.3.0/gems/activerecord-5.0.0.1/lib/active_record/persistence.rb:266:in `block in update'
/usr/local/rvm/gems/ruby-2.3.0/gems/activerecord-5.0.0.1/lib/active_record/transactions.rb:395:in `block in with_transaction_returning_status'
/usr/local/rvm/gems/ruby-2.3.0/gems/activerecord-5.0.0.1/lib/active_record/connection_adapters/abstract/database_statements.rb:230:in `transaction'
/usr/local/rvm/gems/ruby-2.3.0/gems/activerecord-5.0.0.1/lib/active_record/transactions.rb:211:in `transaction'
/usr/local/rvm/gems/ruby-2.3.0/gems/activerecord-5.0.0.1/lib/active_record/transactions.rb:392:in `with_transaction_returning_status'
/usr/local/rvm/gems/ruby-2.3.0/gems/activerecord-5.0.0.1/lib/active_record/persistence.rb:264:in `update'
/home/ubuntu/workspace/matchme/app/models/match.rb:25:in `add_percent'
/usr/local/rvm/gems/ruby-2.3.0/gems/activesupport-5.0.0.1/lib/active_support/callbacks.rb:382:in `block in make_lambda'
/usr/local/rvm/gems/ruby-2.3.0/gems/activesupport-5.0.0.1/lib/active_support/callbacks.rb:207:in `block in halting_and_conditional'
/usr/local/rvm/gems/ruby-2.3.0/gems/activesupport-5.0.0.1/lib/active_support/callbacks.rb:456:in `block in call'
/usr/local/rvm/gems/ruby-2.3.0/gems/activesupport-5.0.0.1/lib/active_support/callbacks.rb:456:in `each'
/usr/local/rvm/gems/ruby-2.3.0/gems/activesupport-5.0.0.1/lib/active_support/callbacks.rb:456:in `call'
/usr/local/rvm/gems/ruby-2.3.0/gems/activesupport-5.0.0.1/lib/active_support/callbacks.rb:101:in `__run_callbacks__'
/usr/local/rvm/gems/ruby-2.3.0/gems/activesupport-5.0.0.1/lib/active_support/callbacks.rb:750:in `_run_save_callbacks'
/usr/local/rvm/gems/ruby-2.3.0/gems/activerecord-5.0.0.1/lib/active_record/callbacks.rb:298:in `create_or_update'
/usr/local/rvm/gems/ruby-2.3.0/gems/activerecord-5.0.0.1/lib/active_record/persistence.rb:125:in `save'
/usr/local/rvm/gems/ruby-2.3.0/gems/activerecord-5.0.0.1/lib/active_record/validations.rb:44:in `save'
/usr/local/rvm/gems/ruby-2.3.0/gems/activerecord-5.0.0.1/lib/active_record/attribute_methods/dirty.rb:22:in `save'
/usr/local/rvm/gems/ruby-2.3.0/gems/activerecord-5.0.0.1/lib/active_record/transactions.rb:319:in `block (2 levels) in save'
/usr/local/rvm/gems/ruby-2.3.0/gems/activerecord-5.0.0.1/lib/active_record/transactions.rb:395:in `block in with_transaction_returning_status'
/usr/local/rvm/gems/ruby-2.3.0/gems/activerecord-5.0.0.1/lib/active_record/connection_adapters/abstract/database_statements.rb:230:in `transaction'
/usr/local/rvm/gems/ruby-2.3.0/gems/activerecord-5.0.0.1/lib/active_record/transactions.rb:211:in `transaction'
/usr/local/rvm/gems/ruby-2.3.0/gems/activerecord-5.0.0.1/lib/active_record/transactions.rb:392:in `with_transaction_returning_status'
/usr/local/rvm/gems/ruby-2.3.0/gems/activerecord-5.0.0.1/lib/active_record/transactions.rb:319:in `block in save'
/usr/local/rvm/gems/ruby-2.3.0/gems/activerecord-5.0.0.1/lib/active_record/transactions.rb:334:in `rollback_active_record_state!'
/usr/local/rvm/gems/ruby-2.3.0/gems/activerecord-5.0.0.1/lib/active_record/transactions.rb:318:in `save'
/usr/local/rvm/gems/ruby-2.3.0/gems/activerecord-5.0.0.1/lib/active_record/suppressor.rb:41:in `save'
/usr/local/rvm/gems/ruby-2.3.0/gems/activerecord-5.0.0.1/lib/active_record/persistence.rb:266:in `block in update'
/usr/local/rvm/gems/ruby-2.3.0/gems/activerecord-5.0.0.1/lib/active_record/transactions.rb:395:in `block in with_transaction_returning_status'
/usr/local/rvm/gems/ruby-2.3.0/gems/activerecord-5.0.0.1/lib/active_record/connection_adapters/abstract/database_statements.rb:230:in `transaction'
/usr/local/rvm/gems/ruby-2.3.0/gems/activerecord-5.0.0.1/lib/active_record/transactions.rb:211:in `transaction'
/usr/local/rvm/gems/ruby-2.3.0/gems/activerecord-5.0.0.1/lib/active_record/transactions.rb:392:in `with_transaction_returning_status'
/usr/local/rvm/gems/ruby-2.3.0/gems/activerecord-5.0.0.1/lib/active_record/persistence.rb:264:in `update'
/home/ubuntu/workspace/matchme/app/models/match.rb:25:in `add_percent'
/usr/local/rvm/gems/ruby-2.3.0/gems/activesupport-5.0.0.1/lib/active_support/callbacks.rb:382:in `block in make_lambda'
/usr/local/rvm/gems/ruby-2.3.0/gems/activesupport-5.0.0.1/lib/active_support/callbacks.rb:207:in `block in halting_and_conditional'
/usr/local/rvm/gems/ruby-2.3.0/gems/activesupport-5.0.0.1/lib/active_support/callbacks.rb:456:in `block in call'
/usr/local/rvm/gems/ruby-2.3.0/gems/activesupport-5.0.0.1/lib/active_support/callbacks.rb:456:in `each'
/usr/local/rvm/gems/ruby-2.3.0/gems/activesupport-5.0.0.1/lib/active_support/callbacks.rb:456:in `call'
/usr/local/rvm/gems/ruby-2.3.0/gems/activesupport-5.0.0.1/lib/active_support/callbacks.rb:101:in `__run_callbacks__'
/usr/local/rvm/gems/ruby-2.3.0/gems/activesupport-5.0.0.1/lib/active_support/callbacks.rb:750:in `_run_save_callbacks'
/usr/local/rvm/gems/ruby-2.3.0/gems/activerecord-5.0.0.1/lib/active_record/callbacks.rb:298:in `create_or_update'
/usr/local/rvm/gems/ruby-2.3.0/gems/activerecord-5.0.0.1/lib/active_record/persistence.rb:125:in `save'
/usr/local/rvm/gems/ruby-2.3.0/gems/activerecord-5.0.0.1/lib/active_record/validations.rb:44:in `save'
/usr/local/rvm/gems/ruby-2.3.0/gems/activerecord-5.0.0.1/lib/active_record/attribute_methods/dirty.rb:22:in `save'
/usr/local/rvm/gems/ruby-2.3.0/gems/activerecord-5.0.0.1/lib/active_record/transactions.rb:319:in `block (2 levels) in save'
/usr/local/rvm/gems/ruby-2.3.0/gems/activerecord-5.0.0.1/lib/active_record/transactions.rb:395:in `block in with_transaction_returning_status'
/usr/local/rvm/gems/ruby-2.3.0/gems/activerecord-5.0.0.1/lib/active_record/connection_adapters/abstract/database_statements.rb:230:in `transaction'
/usr/local/rvm/gems/ruby-2.3.0/gems/activerecord-5.0.0.1/lib/active_record/transactions.rb:211:in `transaction'
/usr/local/rvm/gems/ruby-2.3.0/gems/activerecord-5.0.0.1/lib/active_record/transactions.rb:392:in `with_transaction_returning_status'
/usr/local/rvm/gems/ruby-2.3.0/gems/activerecord-5.0.0.1/lib/active_record/transactions.rb:319:in `block in save'
/usr/local/rvm/gems/ruby-2.3.0/gems/activerecord-5.0.0.1/lib/active_record/transactions.rb:334:in `rollback_active_record_state!'
/usr/local/rvm/gems/ruby-2.3.0/gems/activerecord-5.0.0.1/lib/active_record/transactions.rb:318:in `save'
/usr/local/rvm/gems/ruby-2.3.0/gems/activerecord-5.0.0.1/lib/active_record/suppressor.rb:41:in `save'
/usr/local/rvm/gems/ruby-2.3.0/gems/activerecord-5.0.0.1/lib/active_record/persistence.rb:266:in `block in update'
/usr/local/rvm/gems/ruby-2.3.0/gems/activerecord-5.0.0.1/lib/active_record/transactions.rb:395:in `block in with_transaction_returning_status'
/usr/local/rvm/gems/ruby-2.3.0/gems/activerecord-5.0.0.1/lib/active_record/connection_adapters/abstract/database_statements.rb:230:in `transaction'
/usr/local/rvm/gems/ruby-2.3.0/gems/activerecord-5.0.0.1/lib/active_record/transactions.rb:211:in `transaction'
/usr/local/rvm/gems/ruby-2.3.0/gems/activerecord-5.0.0.1/lib/active_record/transactions.rb:392:in `with_transaction_returning_status'
/usr/local/rvm/gems/ruby-2.3.0/gems/activerecord-5.0.0.1/lib/active_record/persistence.rb:264:in `update'
/home/ubuntu/workspace/matchme/app/models/match.rb:25:in `add_percent'
/usr/local/rvm/gems/ruby-2.3.0/gems/activesupport-5.0.0.1/lib/active_support/callbacks.rb:382:in `block in make_lambda'
/usr/local/rvm/gems/ruby-2.3.0/gems/activesupport-5.0.0.1/lib/active_support/callbacks.rb:207:in `block in halting_and_conditional'
/usr/local/rvm/gems/ruby-2.3.0/gems/activesupport-5.0.0.1/lib/active_support/callbacks.rb:456:in `block in call'
/usr/local/rvm/gems/ruby-2.3.0/gems/activesupport-5.0.0.1/lib/active_support/callbacks.rb:456:in `each'
/usr/local/rvm/gems/ruby-2.3.0/gems/activesupport-5.0.0.1/lib/active_support/callbacks.rb:456:in `call'
/usr/local/rvm/gems/ruby-2.3.0/gems/activesupport-5.0.0.1/lib/active_support/callbacks.rb:101:in `__run_callbacks__'
/usr/local/rvm/gems/ruby-2.3.0/gems/activesupport-5.0.0.1/lib/active_support/callbacks.rb:750:in `_run_save_callbacks'
/usr/local/rvm/gems/ruby-2.3.0/gems/activerecord-5.0.0.1/lib/active_record/callbacks.rb:298:in `create_or_update'
/usr/local/rvm/gems/ruby-2.3.0/gems/activerecord-5.0.0.1/lib/active_record/persistence.rb:125:in `save'
/usr/local/rvm/gems/ruby-2.3.0/gems/activerecord-5.0.0.1/lib/active_record/validations.rb:44:in `save'
/usr/local/rvm/gems/ruby-2.3.0/gems/activerecord-5.0.0.1/lib/active_record/attribute_methods/dirty.rb:22:in `save'
/usr/local/rvm/gems/ruby-2.3.0/gems/activerecord-5.0.0.1/lib/active_record/transactions.rb:319:in `block (2 levels) in save'
/usr/local/rvm/gems/ruby-2.3.0/gems/activerecord-5.0.0.1/lib/active_record/transactions.rb:395:in `block in with_transaction_returning_status'
/usr/local/rvm/gems/ruby-2.3.0/gems/activerecord-5.0.0.1/lib/active_record/connection_adapters/abstract/database_statements.rb:230:in `transaction'
/usr/local/rvm/gems/ruby-2.3.0/gems/activerecord-5.0.0.1/lib/active_record/transactions.rb:211:in `transaction'
/usr/local/rvm/gems/ruby-2.3.0/gems/activerecord-5.0.0.1/lib/active_record/transactions.rb:392:in `with_transaction_returning_status'
/usr/local/rvm/gems/ruby-2.3.0/gems/activerecord-5.0.0.1/lib/active_record/transactions.rb:319:in `block in save'
/usr/local/rvm/gems/ruby-2.3.0/gems/activerecord-5.0.0.1/lib/active_record/transactions.rb:334:in `rollback_active_record_state!'
/usr/local/rvm/gems/ruby-2.3.0/gems/activerecord-5.0.0.1/lib/active_record/transactions.rb:318:in `save'
/usr/local/rvm/gems/ruby-2.3.0/gems/activerecord-5.0.0.1/lib/active_record/suppressor.rb:41:in `save'
/usr/local/rvm/gems/ruby-2.3.0/gems/activerecord-5.0.0.1/lib/active_record/persistence.rb:266:in `block in update'
/usr/local/rvm/gems/ruby-2.3.0/gems/activerecord-5.0.0.1/lib/active_record/transactions.rb:395:in `block in with_transaction_returning_status'
/usr/local/rvm/gems/ruby-2.3.0/gems/activerecord-5.0.0.1/lib/active_record/connection_adapters/abstract/database_statements.rb:230:in `transaction'
/usr/local/rvm/gems/ruby-2.3.0/gems/activerecord-5.0.0.1/lib/active_record/transactions.rb:211:in `transaction'
/usr/local/rvm/gems/ruby-2.3.0/gems/activerecord-5.0.0.1/lib/active_record/transactions.rb:392:in `with_transaction_returning_status'
/usr/local/rvm/gems/ruby-2.3.0/gems/activerecord-5.0.0.1/lib/active_record/persistence.rb:264:in `update'
/home/ubuntu/workspace/matchme/app/models/match.rb:25:in `add_percent'
/usr/local/rvm/gems/ruby-2.3.0/gems/activesupport-5.0.0.1/lib/active_support/callbacks.rb:382:in `block in make_lambda'
/usr/local/rvm/gems/ruby-2.3.0/gems/activesupport-5.0.0.1/lib/active_support/callbacks.rb:207:in `block in halting_and_conditional'
/usr/local/rvm/gems/ruby-2.3.0/gems/activesupport-5.0.0.1/lib/active_support/callbacks.rb:456:in `block in call'
/usr/local/rvm/gems/ruby-2.3.0/gems/activesupport-5.0.0.1/lib/active_support/callbacks.rb:456:in `each'
/usr/local/rvm/gems/ruby-2.3.0/gems/activesupport-5.0.0.1/lib/active_support/callbacks.rb:456:in `call'
/usr/local/rvm/gems/ruby-2.3.0/gems/activesupport-5.0.0.1/lib/active_support/callbacks.rb:101:in `__run_callbacks__'
/usr/local/rvm/gems/ruby-2.3.0/gems/activesupport-5.0.0.1/lib/active_support/callbacks.rb:750:in `_run_save_callbacks'
/usr/local/rvm/gems/ruby-2.3.0/gems/activerecord-5.0.0.1/lib/active_record/callbacks.rb:298:in `create_or_update'
/usr/local/rvm/gems/ruby-2.3.0/gems/activerecord-5.0.0.1/lib/active_record/persistence.rb:125:in `save'
/usr/local/rvm/gems/ruby-2.3.0/gems/activerecord-5.0.0.1/lib/active_record/validations.rb:44:in `save'
/usr/local/rvm/gems/ruby-2.3.0/gems/activerecord-5.0.0.1/lib/active_record/attribute_methods/dirty.rb:22:in `save'
/usr/local/rvm/gems/ruby-2.3.0/gems/activerecord-5.0.0.1/lib/active_record/transactions.rb:319:in `block (2 levels) in save'
/usr/local/rvm/gems/ruby-2.3.0/gems/activerecord-5.0.0.1/lib/active_record/transactions.rb:395:in `block in with_transaction_returning_status'
/usr/local/rvm/gems/ruby-2.3.0/gems/activerecord-5.0.0.1/lib/active_record/connection_adapters/abstract/database_statements.rb:230:in `transaction'
/usr/local/rvm/gems/ruby-2.3.0/gems/activerecord-5.0.0.1/lib/active_record/transactions.rb:211:in `transaction'
/usr/local/rvm/gems/ruby-2.3.0/gems/activerecord-5.0.0.1/lib/active_record/transactions.rb:392:in `with_transaction_returning_status'
/usr/local/rvm/gems/ruby-2.3.0/gems/activerecord-5.0.0.1/lib/active_record/transactions.rb:319:in `block in save'
/usr/local/rvm/gems/ruby-2.3.0/gems/activerecord-5.0.0.1/lib/active_record/transactions.rb:334:in `rollback_active_record_state!'
/usr/local/rvm/gems/ruby-2.3.0/gems/activerecord-5.0.0.1/lib/active_record/transactions.rb:318:in `save'
/usr/local/rvm/gems/ruby-2.3.0/gems/activerecord-5.0.0.1/lib/active_record/suppressor.rb:41:in `save'
/usr/local/rvm/gems/ruby-2.3.0/gems/activerecord-5.0.0.1/lib/active_record/persistence.rb:266:in `block in update'
/usr/local/rvm/gems/ruby-2.3.0/gems/activerecord-5.0.0.1/lib/active_record/transactions.rb:395:in `block in with_transaction_returning_status'
/usr/local/rvm/gems/ruby-2.3.0/gems/activerecord-5.0.0.1/lib/active_record/connection_adapters/abstract/database_statements.rb:230:in `transaction'
/usr/local/rvm/gems/ruby-2.3.0/gems/activerecord-5.0.0.1/lib/active_record/transactions.rb:211:in `transaction'
/usr/local/rvm/gems/ruby-2.3.0/gems/activerecord-5.0.0.1/lib/active_record/transactions.rb:392:in `with_transaction_returning_status'
/usr/local/rvm/gems/ruby-2.3.0/gems/activerecord-5.0.0.1/lib/active_record/persistence.rb:264:in `update'
/home/ubuntu/workspace/matchme/app/models/match.rb:25:in `add_percent'
/usr/local/rvm/gems/ruby-2.3.0/gems/activesupport-5.0.0.1/lib/active_support/callbacks.rb:382:in `block in make_lambda'
/usr/local/rvm/gems/ruby-2.3.0/gems/activesupport-5.0.0.1/lib/active_support/callbacks.rb:207:in `block in halting_and_conditional'
/usr/local/rvm/gems/ruby-2.3.0/gems/activesupport-5.0.0.1/lib/active_support/callbacks.rb:456:in `block in call'
/usr/local/rvm/gems/ruby-2.3.0/gems/activesupport-5.0.0.1/lib/active_support/callbacks.rb:456:in `each'
/usr/local/rvm/gems/ruby-2.3.0/gems/activesupport-5.0.0.1/lib/active_support/callbacks.rb:456:in `call'
/usr/local/rvm/gems/ruby-2.3.0/gems/activesupport-5.0.0.1/lib/active_support/callbacks.rb:101:in `__run_callbacks__'
/usr/local/rvm/gems/ruby-2.3.0/gems/activesupport-5.0.0.1/lib/active_support/callbacks.rb:750:in `_run_save_callbacks'
/usr/local/rvm/gems/ruby-2.3.0/gems/activerecord-5.0.0.1/lib/active_record/callbacks.rb:298:in `create_or_update'
/usr/local/rvm/gems/ruby-2.3.0/gems/activerecord-5.0.0.1/lib/active_record/persistence.rb:125:in `save'
/usr/local/rvm/gems/ruby-2.3.0/gems/activerecord-5.0.0.1/lib/active_record/validations.rb:44:in `save'
/usr/local/rvm/gems/ruby-2.3.0/gems/activerecord-5.0.0.1/lib/active_record/attribute_methods/dirty.rb:22:in `save'
/usr/local/rvm/gems/ruby-2.3.0/gems/activerecord-5.0.0.1/lib/active_record/transactions.rb:319:in `block (2 levels) in save'
/usr/local/rvm/gems/ruby-2.3.0/gems/activerecord-5.0.0.1/lib/active_record/transactions.rb:395:in `block in with_transaction_returning_status'
/usr/local/rvm/gems/ruby-2.3.0/gems/activerecord-5.0.0.1/lib/active_record/connection_adapters/abstract/database_statements.rb:230:in `transaction'
/usr/local/rvm/gems/ruby-2.3.0/gems/activerecord-5.0.0.1/lib/active_record/transactions.rb:211:in `transaction'
/usr/local/rvm/gems/ruby-2.3.0/gems/activerecord-5.0.0.1/lib/active_record/transactions.rb:392:in `with_transaction_returning_status'
/usr/local/rvm/gems/ruby-2.3.0/gems/activerecord-5.0.0.1/lib/active_record/transactions.rb:319:in `block in save'
/usr/local/rvm/gems/ruby-2.3.0/gems/activerecord-5.0.0.1/lib/active_record/transactions.rb:334:in `rollback_active_record_state!'
/usr/local/rvm/gems/ruby-2.3.0/gems/activerecord-5.0.0.1/lib/active_record/transactions.rb:318:in `save'
/usr/local/rvm/gems/ruby-2.3.0/gems/activerecord-5.0.0.1/lib/active_record/suppressor.rb:41:in `save'
/usr/local/rvm/gems/ruby-2.3.0/gems/activerecord-5.0.0.1/lib/active_record/persistence.rb:266:in `block in update'
/usr/local/rvm/gems/ruby-2.3.0/gems/activerecord-5.0.0.1/lib/active_record/transactions.rb:395:in `block in with_transaction_returning_status'
/usr/local/rvm/gems/ruby-2.3.0/gems/activerecord-5.0.0.1/lib/active_record/connection_adapters/abstract/database_statements.rb:230:in `transaction'
/usr/local/rvm/gems/ruby-2.3.0/gems/activerecord-5.0.0.1/lib/active_record/transactions.rb:211:in `transaction'
/usr/local/rvm/gems/ruby-2.3.0/gems/activerecord-5.0.0.1/lib/active_record/transactions.rb:392:in `with_transaction_returning_status'
/usr/local/rvm/gems/ruby-2.3.0/gems/activerecord-5.0.0.1/lib/active_record/persistence.rb:264:in `update'
/home/ubuntu/workspace/matchme/app/models/match.rb:25:in `add_percent'
/usr/local/rvm/gems/ruby-2.3.0/gems/activesupport-5.0.0.1/lib/active_support/callbacks.rb:382:in `block in make_lambda'
/usr/local/rvm/gems/ruby-2.3.0/gems/activesupport-5.0.0.1/lib/active_support/callbacks.rb:207:in `block in halting_and_conditional'
/usr/local/rvm/gems/ruby-2.3.0/gems/activesupport-5.0.0.1/lib/active_support/callbacks.rb:456:in `block in call'
/usr/local/rvm/gems/ruby-2.3.0/gems/activesupport-5.0.0.1/lib/active_support/callbacks.rb:456:in `each'
/usr/local/rvm/gems/ruby-2.3.0/gems/activesupport-5.0.0.1/lib/active_support/callbacks.rb:456:in `call'
/usr/local/rvm/gems/ruby-2.3.0/gems/activesupport-5.0.0.1/lib/active_support/callbacks.rb:101:in `__run_callbacks__'
/usr/local/rvm/gems/ruby-2.3.0/gems/activesupport-5.0.0.1/lib/active_support/callbacks.rb:750:in `_run_save_callbacks'
/usr/local/rvm/gems/ruby-2.3.0/gems/activerecord-5.0.0.1/lib/active_record/callbacks.rb:298:in `create_or_update'
/usr/local/rvm/gems/ruby-2.3.0/gems/activerecord-5.0.0.1/lib/active_record/persistence.rb:125:in `save'
/usr/local/rvm/gems/ruby-2.3.0/gems/activerecord-5.0.0.1/lib/active_record/validations.rb:44:in `save'
/usr/local/rvm/gems/ruby-2.3.0/gems/activerecord-5.0.0.1/lib/active_record/attribute_methods/dirty.rb:22:in `save'
/usr/local/rvm/gems/ruby-2.3.0/gems/activerecord-5.0.0.1/lib/active_record/transactions.rb:319:in `block (2 levels) in save'
/usr/local/rvm/gems/ruby-2.3.0/gems/activerecord-5.0.0.1/lib/active_record/transactions.rb:395:in `block in with_transaction_returning_status'
/usr/local/rvm/gems/ruby-2.3.0/gems/activerecord-5.0.0.1/lib/active_record/connection_adapters/abstract/database_statements.rb:230:in `transaction'
/usr/local/rvm/gems/ruby-2.3.0/gems/activerecord-5.0.0.1/lib/active_record/transactions.rb:211:in `transaction'
/usr/local/rvm/gems/ruby-2.3.0/gems/activerecord-5.0.0.1/lib/active_record/transactions.rb:392:in `with_transaction_returning_status'
/usr/local/rvm/gems/ruby-2.3.0/gems/activerecord-5.0.0.1/lib/active_record/transactions.rb:319:in `block in save'
/usr/local/rvm/gems/ruby-2.3.0/gems/activerecord-5.0.0.1/lib/active_record/transactions.rb:334:in `rollback_active_record_state!'
/usr/local/rvm/gems/ruby-2.3.0/gems/activerecord-5.0.0.1/lib/active_record/transactions.rb:318:in `save'
/usr/local/rvm/gems/ruby-2.3.0/gems/activerecord-5.0.0.1/lib/active_record/suppressor.rb:41:in `save'
/usr/local/rvm/gems/ruby-2.3.0/gems/activerecord-5.0.0.1/lib/active_record/persistence.rb:266:in `block in update'
/usr/local/rvm/gems/ruby-2.3.0/gems/activerecord-5.0.0.1/lib/active_record/transactions.rb:395:in `block in with_transaction_returning_status'
/usr/local/rvm/gems/ruby-2.3.0/gems/activerecord-5.0.0.1/lib/active_record/connection_adapters/abstract/database_statements.rb:230:in `transaction'
/usr/local/rvm/gems/ruby-2.3.0/gems/activerecord-5.0.0.1/lib/active_record/transactions.rb:211:in `transaction'
/usr/local/rvm/gems/ruby-2.3.0/gems/activerecord-5.0.0.1/lib/active_record/transactions.rb:392:in `with_transaction_returning_status'
/usr/local/rvm/gems/ruby-2.3.0/gems/activerecord-5.0.0.1/lib/active_record/persistence.rb:264:in `update'
/home/ubuntu/workspace/matchme/app/models/match.rb:25:in `add_percent'
/usr/local/rvm/gems/ruby-2.3.0/gems/activesupport-5.0.0.1/lib/active_support/callbacks.rb:382:in `block in make_lambda'
/usr/local/rvm/gems/ruby-2.3.0/gems/activesupport-5.0.0.1/lib/active_support/callbacks.rb:207:in `block in halting_and_conditional'
/usr/local/rvm/gems/ruby-2.3.0/gems/activesupport-5.0.0.1/lib/active_support/callbacks.rb:456:in `block in call'
/usr/local/rvm/gems/ruby-2.3.0/gems/activesupport-5.0.0.1/lib/active_support/callbacks.rb:456:in `each'
/usr/local/rvm/gems/ruby-2.3.0/gems/activesupport-5.0.0.1/lib/active_support/callbacks.rb:456:in `call'
/usr/local/rvm/gems/ruby-2.3.0/gems/activesupport-5.0.0.1/lib/active_support/callbacks.rb:101:in `__run_callbacks__'
/usr/local/rvm/gems/ruby-2.3.0/gems/activesupport-5.0.0.1/lib/active_support/callbacks.rb:750:in `_run_save_callbacks'
/usr/local/rvm/gems/ruby-2.3.0/gems/activerecord-5.0.0.1/lib/active_record/callbacks.rb:298:in `create_or_update'
/usr/local/rvm/gems/ruby-2.3.0/gems/activerecord-5.0.0.1/lib/active_record/persistence.rb:125:in `save'
/usr/local/rvm/gems/ruby-2.3.0/gems/activerecord-5.0.0.1/lib/active_record/validations.rb:44:in `save'
/usr/local/rvm/gems/ruby-2.3.0/gems/activerecord-5.0.0.1/lib/active_record/attribute_methods/dirty.rb:22:in `save'
/usr/local/rvm/gems/ruby-2.3.0/gems/activerecord-5.0.0.1/lib/active_record/transactions.rb:319:in `block (2 levels) in save'
/usr/local/rvm/gems/ruby-2.3.0/gems/activerecord-5.0.0.1/lib/active_record/transactions.rb:395:in `block in with_transaction_returning_status'
/usr/local/rvm/gems/ruby-2.3.0/gems/activerecord-5.0.0.1/lib/active_record/connection_adapters/abstract/database_statements.rb:230:in `transaction'
/usr/local/rvm/gems/ruby-2.3.0/gems/activerecord-5.0.0.1/lib/active_record/transactions.rb:211:in `transaction'
/usr/local/rvm/gems/ruby-2.3.0/gems/activerecord-5.0.0.1/lib/active_record/transactions.rb:392:in `with_transaction_returning_status'
/usr/local/rvm/gems/ruby-2.3.0/gems/activerecord-5.0.0.1/lib/active_record/transactions.rb:319:in `block in save'
/usr/local/rvm/gems/ruby-2.3.0/gems/activerecord-5.0.0.1/lib/active_record/transactions.rb:334:in `rollback_active_record_state!'
/usr/local/rvm/gems/ruby-2.3.0/gems/activerecord-5.0.0.1/lib/active_record/transactions.rb:318:in `save'
/usr/local/rvm/gems/ruby-2.3.0/gems/activerecord-5.0.0.1/lib/active_record/suppressor.rb:41:in `save'
/usr/local/rvm/gems/ruby-2.3.0/gems/activerecord-5.0.0.1/lib/active_record/persistence.rb:266:in `block in update'
/usr/local/rvm/gems/ruby-2.3.0/gems/activerecord-5.0.0.1/lib/active_record/transactions.rb:395:in `block in with_transaction_returning_status'
/usr/local/rvm/gems/ruby-2.3.0/gems/activerecord-5.0.0.1/lib/active_record/connection_adapters/abstract/database_statements.rb:230:in `transaction'
/usr/local/rvm/gems/ruby-2.3.0/gems/activerecord-5.0.0.1/lib/active_record/transactions.rb:211:in `transaction'
/usr/local/rvm/gems/ruby-2.3.0/gems/activerecord-5.0.0.1/lib/active_record/transactions.rb:392:in `with_transaction_returning_status'
/usr/local/rvm/gems/ruby-2.3.0/gems/activerecord-5.0.0.1/lib/active_record/persistence.rb:264:in `update'
/home/ubuntu/workspace/matchme/app/models/match.rb:25:in `add_percent'
/usr/local/rvm/gems/ruby-2.3.0/gems/activesupport-5.0.0.1/lib/active_support/callbacks.rb:382:in `block in make_lambda'
/usr/local/rvm/gems/ruby-2.3.0/gems/activesupport-5.0.0.1/lib/active_support/callbacks.rb:207:in `block in halting_and_conditional'
/usr/local/rvm/gems/ruby-2.3.0/gems/activesupport-5.0.0.1/lib/active_support/callbacks.rb:456:in `block in call'
/usr/local/rvm/gems/ruby-2.3.0/gems/activesupport-5.0.0.1/lib/active_support/callbacks.rb:456:in `each'
/usr/local/rvm/gems/ruby-2.3.0/gems/activesupport-5.0.0.1/lib/active_support/callbacks.rb:456:in `call'
/usr/local/rvm/gems/ruby-2.3.0/gems/activesupport-5.0.0.1/lib/active_support/callbacks.rb:101:in `__run_callbacks__'
/usr/local/rvm/gems/ruby-2.3.0/gems/activesupport-5.0.0.1/lib/active_support/callbacks.rb:750:in `_run_save_callbacks'
/usr/local/rvm/gems/ruby-2.3.0/gems/activerecord-5.0.0.1/lib/active_record/callbacks.rb:298:in `create_or_update'
/usr/local/rvm/gems/ruby-2.3.0/gems/activerecord-5.0.0.1/lib/active_record/persistence.rb:125:in `save'
/usr/local/rvm/gems/ruby-2.3.0/gems/activerecord-5.0.0.1/lib/active_record/validations.rb:44:in `save'
/usr/local/rvm/gems/ruby-2.3.0/gems/activerecord-5.0.0.1/lib/active_record/attribute_methods/dirty.rb:22:in `save'
/usr/local/rvm/gems/ruby-2.3.0/gems/activerecord-5.0.0.1/lib/active_record/transactions.rb:319:in `block (2 levels) in save'
/usr/local/rvm/gems/ruby-2.3.0/gems/activerecord-5.0.0.1/lib/active_record/transactions.rb:395:in `block in with_transaction_returning_status'
/usr/local/rvm/gems/ruby-2.3.0/gems/activerecord-5.0.0.1/lib/active_record/connection_adapters/abstract/database_statements.rb:230:in `transaction'
/usr/local/rvm/gems/ruby-2.3.0/gems/activerecord-5.0.0.1/lib/active_record/transactions.rb:211:in `transaction'
/usr/local/rvm/gems/ruby-2.3.0/gems/activerecord-5.0.0.1/lib/active_record/transactions.rb:392:in `with_transaction_returning_status'
/usr/local/rvm/gems/ruby-2.3.0/gems/activerecord-5.0.0.1/lib/active_record/transactions.rb:319:in `block in save'
/usr/local/rvm/gems/ruby-2.3.0/gems/activerecord-5.0.0.1/lib/active_record/transactions.rb:334:in `rollback_active_record_state!'
/usr/local/rvm/gems/ruby-2.3.0/gems/activerecord-5.0.0.1/lib/active_record/transactions.rb:318:in `save'
/usr/local/rvm/gems/ruby-2.3.0/gems/activerecord-5.0.0.1/lib/active_record/suppressor.rb:41:in `save'
/usr/local/rvm/gems/ruby-2.3.0/gems/activerecord-5.0.0.1/lib/active_record/persistence.rb:266:in `block in update'
/usr/local/rvm/gems/ruby-2.3.0/gems/activerecord-5.0.0.1/lib/active_record/transactions.rb:395:in `block in with_transaction_returning_status'
/usr/local/rvm/gems/ruby-2.3.0/gems/activerecord-5.0.0.1/lib/active_record/connection_adapters/abstract/database_statements.rb:230:in `transaction'
/usr/local/rvm/gems/ruby-2.3.0/gems/activerecord-5.0.0.1/lib/active_record/transactions.rb:211:in `transaction'
/usr/local/rvm/gems/ruby-2.3.0/gems/activerecord-5.0.0.1/lib/active_record/transactions.rb:392:in `with_transaction_returning_status'
/usr/local/rvm/gems/ruby-2.3.0/gems/activerecord-5.0.0.1/lib/active_record/persistence.rb:264:in `update'
/home/ubuntu/workspace/matchme/app/models/match.rb:25:in `add_percent'
/usr/local/rvm/gems/ruby-2.3.0/gems/activesupport-5.0.0.1/lib/active_support/callbacks.rb:382:in `block in make_lambda'
/usr/local/rvm/gems/ruby-2.3.0/gems/activesupport-5.0.0.1/lib/active_support/callbacks.rb:207:in `block in halting_and_conditional'
/usr/local/rvm/gems/ruby-2.3.0/gems/activesupport-5.0.0.1/lib/active_support/callbacks.rb:456:in `block in call'
/usr/local/rvm/gems/ruby-2.3.0/gems/activesupport-5.0.0.1/lib/active_support/callbacks.rb:456:in `each'
/usr/local/rvm/gems/ruby-2.3.0/gems/activesupport-5.0.0.1/lib/active_support/callbacks.rb:456:in `call'
/usr/local/rvm/gems/ruby-2.3.0/gems/activesupport-5.0.0.1/lib/active_support/callbacks.rb:101:in `__run_callbacks__'
/usr/local/rvm/gems/ruby-2.3.0/gems/activesupport-5.0.0.1/lib/active_support/callbacks.rb:750:in `_run_save_callbacks'
/usr/local/rvm/gems/ruby-2.3.0/gems/activerecord-5.0.0.1/lib/active_record/callbacks.rb:298:in `create_or_update'
/usr/local/rvm/gems/ruby-2.3.0/gems/activerecord-5.0.0.1/lib/active_record/persistence.rb:125:in `save'
/usr/local/rvm/gems/ruby-2.3.0/gems/activerecord-5.0.0.1/lib/active_record/validations.rb:44:in `save'
/usr/local/rvm/gems/ruby-2.3.0/gems/activerecord-5.0.0.1/lib/active_record/attribute_methods/dirty.rb:22:in `save'
/usr/local/rvm/gems/ruby-2.3.0/gems/activerecord-5.0.0.1/lib/active_record/transactions.rb:319:in `block (2 levels) in save'
/usr/local/rvm/gems/ruby-2.3.0/gems/activerecord-5.0.0.1/lib/active_record/transactions.rb:395:in `block in with_transaction_returning_status'
/usr/local/rvm/gems/ruby-2.3.0/gems/activerecord-5.0.0.1/lib/active_record/connection_adapters/abstract/database_statements.rb:230:in `transaction'
/usr/local/rvm/gems/ruby-2.3.0/gems/activerecord-5.0.0.1/lib/active_record/transactions.rb:211:in `transaction'
/usr/local/rvm/gems/ruby-2.3.0/gems/activerecord-5.0.0.1/lib/active_record/transactions.rb:392:in `with_transaction_returning_status'
/usr/local/rvm/gems/ruby-2.3.0/gems/activerecord-5.0.0.1/lib/active_record/transactions.rb:319:in `block in save'
/usr/local/rvm/gems/ruby-2.3.0/gems/activerecord-5.0.0.1/lib/active_record/transactions.rb:334:in `rollback_active_record_state!'
/usr/local/rvm/gems/ruby-2.3.0/gems/activerecord-5.0.0.1/lib/active_record/transactions.rb:318:in `save'
/usr/local/rvm/gems/ruby-2.3.0/gems/activerecord-5.0.0.1/lib/active_record/suppressor.rb:41:in `save'
/usr/local/rvm/gems/ruby-2.3.0/gems/activerecord-5.0.0.1/lib/active_record/persistence.rb:266:in `block in update'
/usr/local/rvm/gems/ruby-2.3.0/gems/activerecord-5.0.0.1/lib/active_record/transactions.rb:395:in `block in with_transaction_returning_status'
/usr/local/rvm/gems/ruby-2.3.0/gems/activerecord-5.0.0.1/lib/active_record/connection_adapters/abstract/database_statements.rb:230:in `transaction'
/usr/local/rvm/gems/ruby-2.3.0/gems/activerecord-5.0.0.1/lib/active_record/transactions.rb:211:in `transaction'
/usr/local/rvm/gems/ruby-2.3.0/gems/activerecord-5.0.0.1/lib/active_record/transactions.rb:392:in `with_transaction_returning_status'
/usr/local/rvm/gems/ruby-2.3.0/gems/activerecord-5.0.0.1/lib/active_record/persistence.rb:264:in `update'
/home/ubuntu/workspace/matchme/app/models/match.rb:25:in `add_percent'
/usr/local/rvm/gems/ruby-2.3.0/gems/activesupport-5.0.0.1/lib/active_support/callbacks.rb:382:in `block in make_lambda'
/usr/local/rvm/gems/ruby-2.3.0/gems/activesupport-5.0.0.1/lib/active_support/callbacks.rb:207:in `block in halting_and_conditional'
/usr/local/rvm/gems/ruby-2.3.0/gems/activesupport-5.0.0.1/lib/active_support/callbacks.rb:456:in `block in call'
/usr/local/rvm/gems/ruby-2.3.0/gems/activesupport-5.0.0.1/lib/active_support/callbacks.rb:456:in `each'
/usr/local/rvm/gems/ruby-2.3.0/gems/activesupport-5.0.0.1/lib/active_support/callbacks.rb:456:in `call'
/usr/local/rvm/gems/ruby-2.3.0/gems/activesupport-5.0.0.1/lib/active_support/callbacks.rb:101:in `__run_callbacks__'
/usr/local/rvm/gems/ruby-2.3.0/gems/activesupport-5.0.0.1/lib/active_support/callbacks.rb:750:in `_run_save_callbacks'
/usr/local/rvm/gems/ruby-2.3.0/gems/activerecord-5.0.0.1/lib/active_record/callbacks.rb:298:in `create_or_update'
/usr/local/rvm/gems/ruby-2.3.0/gems/activerecord-5.0.0.1/lib/active_record/persistence.rb:125:in `save'
/usr/local/rvm/gems/ruby-2.3.0/gems/activerecord-5.0.0.1/lib/active_record/validations.rb:44:in `save'
/usr/local/rvm/gems/ruby-2.3.0/gems/activerecord-5.0.0.1/lib/active_record/attribute_methods/dirty.rb:22:in `save'
/usr/local/rvm/gems/ruby-2.3.0/gems/activerecord-5.0.0.1/lib/active_record/transactions.rb:319:in `block (2 levels) in save'
/usr/local/rvm/gems/ruby-2.3.0/gems/activerecord-5.0.0.1/lib/active_record/transactions.rb:395:in `block in with_transaction_returning_status'
/usr/local/rvm/gems/ruby-2.3.0/gems/activerecord-5.0.0.1/lib/active_record/connection_adapters/abstract/database_statements.rb:230:in `transaction'
/usr/local/rvm/gems/ruby-2.3.0/gems/activerecord-5.0.0.1/lib/active_record/transactions.rb:211:in `transaction'
/usr/local/rvm/gems/ruby-2.3.0/gems/activerecord-5.0.0.1/lib/active_record/transactions.rb:392:in `with_transaction_returning_status'
/usr/local/rvm/gems/ruby-2.3.0/gems/activerecord-5.0.0.1/lib/active_record/transactions.rb:319:in `block in save'
/usr/local/rvm/gems/ruby-2.3.0/gems/activerecord-5.0.0.1/lib/active_record/transactions.rb:334:in `rollback_active_record_state!'
/usr/local/rvm/gems/ruby-2.3.0/gems/activerecord-5.0.0.1/lib/active_record/transactions.rb:318:in `save'
/usr/local/rvm/gems/ruby-2.3.0/gems/activerecord-5.0.0.1/lib/active_record/suppressor.rb:41:in `save'
/usr/local/rvm/gems/ruby-2.3.0/gems/activerecord-5.0.0.1/lib/active_record/persistence.rb:266:in `block in update'
/usr/local/rvm/gems/ruby-2.3.0/gems/activerecord-5.0.0.1/lib/active_record/transactions.rb:395:in `block in with_transaction_returning_status'
/usr/local/rvm/gems/ruby-2.3.0/gems/activerecord-5.0.0.1/lib/active_record/connection_adapters/abstract/database_statements.rb:230:in `transaction'
/usr/local/rvm/gems/ruby-2.3.0/gems/activerecord-5.0.0.1/lib/active_record/transactions.rb:211:in `transaction'
/usr/local/rvm/gems/ruby-2.3.0/gems/activerecord-5.0.0.1/lib/active_record/transactions.rb:392:in `with_transaction_returning_status'
/usr/local/rvm/gems/ruby-2.3.0/gems/activerecord-5.0.0.1/lib/active_record/persistence.rb:264:in `update'
/home/ubuntu/workspace/matchme/app/models/match.rb:25:in `add_percent'
/usr/local/rvm/gems/ruby-2.3.0/gems/activesupport-5.0.0.1/lib/active_support/callbacks.rb:382:in `block in make_lambda'
/usr/local/rvm/gems/ruby-2.3.0/gems/activesupport-5.0.0.1/lib/active_support/callbacks.rb:207:in `block in halting_and_conditional'
/usr/local/rvm/gems/ruby-2.3.0/gems/activesupport-5.0.0.1/lib/active_support/callbacks.rb:456:in `block in call'
/usr/local/rvm/gems/ruby-2.3.0/gems/activesupport-5.0.0.1/lib/active_support/callbacks.rb:456:in `each'
/usr/local/rvm/gems/ruby-2.3.0/gems/activesupport-5.0.0.1/lib/active_support/callbacks.rb:456:in `call'
/usr/local/rvm/gems/ruby-2.3.0/gems/activesupport-5.0.0.1/lib/active_support/callbacks.rb:101:in `__run_callbacks__'
/usr/local/rvm/gems/ruby-2.3.0/gems/activesupport-5.0.0.1/lib/active_support/callbacks.rb:750:in `_run_save_callbacks'
/usr/local/rvm/gems/ruby-2.3.0/gems/activerecord-5.0.0.1/lib/active_record/callbacks.rb:298:in `create_or_update'
/usr/local/rvm/gems/ruby-2.3.0/gems/activerecord-5.0.0.1/lib/active_record/persistence.rb:125:in `save'
/usr/local/rvm/gems/ruby-2.3.0/gems/activerecord-5.0.0.1/lib/active_record/validations.rb:44:in `save'
/usr/local/rvm/gems/ruby-2.3.0/gems/activerecord-5.0.0.1/lib/active_record/attribute_methods/dirty.rb:22:in `save'
/usr/local/rvm/gems/ruby-2.3.0/gems/activerecord-5.0.0.1/lib/active_record/transactions.rb:319:in `block (2 levels) in save'
/usr/local/rvm/gems/ruby-2.3.0/gems/activerecord-5.0.0.1/lib/active_record/transactions.rb:395:in `block in with_transaction_returning_status'
/usr/local/rvm/gems/ruby-2.3.0/gems/activerecord-5.0.0.1/lib/active_record/connection_adapters/abstract/database_statements.rb:230:in `transaction'
/usr/local/rvm/gems/ruby-2.3.0/gems/activerecord-5.0.0.1/lib/active_record/transactions.rb:211:in `transaction'
/usr/local/rvm/gems/ruby-2.3.0/gems/activerecord-5.0.0.1/lib/active_record/transactions.rb:392:in `with_transaction_returning_status'
/usr/local/rvm/gems/ruby-2.3.0/gems/activerecord-5.0.0.1/lib/active_record/transactions.rb:319:in `block in save'
/usr/local/rvm/gems/ruby-2.3.0/gems/activerecord-5.0.0.1/lib/active_record/transactions.rb:334:in `rollback_active_record_state!'
/usr/local/rvm/gems/ruby-2.3.0/gems/activerecord-5.0.0.1/lib/active_record/transactions.rb:318:in `save'
/usr/local/rvm/gems/ruby-2.3.0/gems/activerecord-5.0.0.1/lib/active_record/suppressor.rb:41:in `save'
/usr/local/rvm/gems/ruby-2.3.0/gems/activerecord-5.0.0.1/lib/active_record/persistence.rb:266:in `block in update'
/usr/local/rvm/gems/ruby-2.3.0/gems/activerecord-5.0.0.1/lib/active_record/transactions.rb:395:in `block in with_transaction_returning_status'
/usr/local/rvm/gems/ruby-2.3.0/gems/activerecord-5.0.0.1/lib/active_record/connection_adapters/abstract/database_statements.rb:230:in `transaction'
/usr/local/rvm/gems/ruby-2.3.0/gems/activerecord-5.0.0.1/lib/active_record/transactions.rb:211:in `transaction'
/usr/local/rvm/gems/ruby-2.3.0/gems/activerecord-5.0.0.1/lib/active_record/transactions.rb:392:in `with_transaction_returning_status'
/usr/local/rvm/gems/ruby-2.3.0/gems/activerecord-5.0.0.1/lib/active_record/persistence.rb:264:in `update'
/home/ubuntu/workspace/matchme/app/models/match.rb:25:in `add_percent'
/usr/local/rvm/gems/ruby-2.3.0/gems/activesupport-5.0.0.1/lib/active_support/callbacks.rb:382:in `block in make_lambda'
/usr/local/rvm/gems/ruby-2.3.0/gems/activesupport-5.0.0.1/lib/active_support/callbacks.rb:207:in `block in halting_and_conditional'
/usr/local/rvm/gems/ruby-2.3.0/gems/activesupport-5.0.0.1/lib/active_support/callbacks.rb:456:in `block in call'
/usr/local/rvm/gems/ruby-2.3.0/gems/activesupport-5.0.0.1/lib/active_support/callbacks.rb:456:in `each'
/usr/local/rvm/gems/ruby-2.3.0/gems/activesupport-5.0.0.1/lib/active_support/callbacks.rb:456:in `call'
/usr/local/rvm/gems/ruby-2.3.0/gems/activesupport-5.0.0.1/lib/active_support/callbacks.rb:101:in `__run_callbacks__'
/usr/local/rvm/gems/ruby-2.3.0/gems/activesupport-5.0.0.1/lib/active_support/callbacks.rb:750:in `_run_save_callbacks'
/usr/local/rvm/gems/ruby-2.3.0/gems/activerecord-5.0.0.1/lib/active_record/callbacks.rb:298:in `create_or_update'
/usr/local/rvm/gems/ruby-2.3.0/gems/activerecord-5.0.0.1/lib/active_record/persistence.rb:125:in `save'
/usr/local/rvm/gems/ruby-2.3.0/gems/activerecord-5.0.0.1/lib/active_record/validations.rb:44:in `save'
/usr/local/rvm/gems/ruby-2.3.0/gems/activerecord-5.0.0.1/lib/active_record/attribute_methods/dirty.rb:22:in `save'
/usr/local/rvm/gems/ruby-2.3.0/gems/activerecord-5.0.0.1/lib/active_record/transactions.rb:319:in `block (2 levels) in save'
/usr/local/rvm/gems/ruby-2.3.0/gems/activerecord-5.0.0.1/lib/active_record/transactions.rb:395:in `block in with_transaction_returning_status'
/usr/local/rvm/gems/ruby-2.3.0/gems/activerecord-5.0.0.1/lib/active_record/connection_adapters/abstract/database_statements.rb:230:in `transaction'
/usr/local/rvm/gems/ruby-2.3.0/gems/activerecord-5.0.0.1/lib/active_record/transactions.rb:211:in `transaction'
/usr/local/rvm/gems/ruby-2.3.0/gems/activerecord-5.0.0.1/lib/active_record/transactions.rb:392:in `with_transaction_returning_status'
/usr/local/rvm/gems/ruby-2.3.0/gems/activerecord-5.0.0.1/lib/active_record/transactions.rb:319:in `block in save'
/usr/local/rvm/gems/ruby-2.3.0/gems/activerecord-5.0.0.1/lib/active_record/transactions.rb:334:in `rollback_active_record_state!'
/usr/local/rvm/gems/ruby-2.3.0/gems/activerecord-5.0.0.1/lib/active_record/transactions.rb:318:in `save'
/usr/local/rvm/gems/ruby-2.3.0/gems/activerecord-5.0.0.1/lib/active_record/suppressor.rb:41:in `save'
/usr/local/rvm/gems/ruby-2.3.0/gems/activerecord-5.0.0.1/lib/active_record/persistence.rb:266:in `block in update'
/usr/local/rvm/gems/ruby-2.3.0/gems/activerecord-5.0.0.1/lib/active_record/transactions.rb:395:in `block in with_transaction_returning_status'
/usr/local/rvm/gems/ruby-2.3.0/gems/activerecord-5.0.0.1/lib/active_record/connection_adapters/abstract/database_statements.rb:230:in `transaction'
/usr/local/rvm/gems/ruby-2.3.0/gems/activerecord-5.0.0.1/lib/active_record/transactions.rb:211:in `transaction'
/usr/local/rvm/gems/ruby-2.3.0/gems/activerecord-5.0.0.1/lib/active_record/transactions.rb:392:in `with_transaction_returning_status'
/usr/local/rvm/gems/ruby-2.3.0/gems/activerecord-5.0.0.1/lib/active_record/persistence.rb:264:in `update'
/home/ubuntu/workspace/matchme/app/models/match.rb:25:in `add_percent'
/usr/local/rvm/gems/ruby-2.3.0/gems/activesupport-5.0.0.1/lib/active_support/callbacks.rb:382:in `block in make_lambda'
/usr/local/rvm/gems/ruby-2.3.0/gems/activesupport-5.0.0.1/lib/active_support/callbacks.rb:207:in `block in halting_and_conditional'
/usr/local/rvm/gems/ruby-2.3.0/gems/activesupport-5.0.0.1/lib/active_support/callbacks.rb:456:in `block in call'
/usr/local/rvm/gems/ruby-2.3.0/gems/activesupport-5.0.0.1/lib/active_support/callbacks.rb:456:in `each'
/usr/local/rvm/gems/ruby-2.3.0/gems/activesupport-5.0.0.1/lib/active_support/callbacks.rb:456:in `call'
/usr/local/rvm/gems/ruby-2.3.0/gems/activesupport-5.0.0.1/lib/active_support/callbacks.rb:101:in `__run_callbacks__'
/usr/local/rvm/gems/ruby-2.3.0/gems/activesupport-5.0.0.1/lib/active_support/callbacks.rb:750:in `_run_save_callbacks'
/usr/local/rvm/gems/ruby-2.3.0/gems/activerecord-5.0.0.1/lib/active_record/callbacks.rb:298:in `create_or_update'
/usr/local/rvm/gems/ruby-2.3.0/gems/activerecord-5.0.0.1/lib/active_record/persistence.rb:125:in `save'
/usr/local/rvm/gems/ruby-2.3.0/gems/activerecord-5.0.0.1/lib/active_record/validations.rb:44:in `save'
/usr/local/rvm/gems/ruby-2.3.0/gems/activerecord-5.0.0.1/lib/active_record/attribute_methods/dirty.rb:22:in `save'
/usr/local/rvm/gems/ruby-2.3.0/gems/activerecord-5.0.0.1/lib/active_record/transactions.rb:319:in `block (2 levels) in save'
/usr/local/rvm/gems/ruby-2.3.0/gems/activerecord-5.0.0.1/lib/active_record/transactions.rb:395:in `block in with_transaction_returning_status'
/usr/local/rvm/gems/ruby-2.3.0/gems/activerecord-5.0.0.1/lib/active_record/connection_adapters/abstract/database_statements.rb:230:in `transaction'
/usr/local/rvm/gems/ruby-2.3.0/gems/activerecord-5.0.0.1/lib/active_record/transactions.rb:211:in `transaction'
/usr/local/rvm/gems/ruby-2.3.0/gems/activerecord-5.0.0.1/lib/active_record/transactions.rb:392:in `with_transaction_returning_status'
/usr/local/rvm/gems/ruby-2.3.0/gems/activerecord-5.0.0.1/lib/active_record/transactions.rb:319:in `block in save'
/usr/local/rvm/gems/ruby-2.3.0/gems/activerecord-5.0.0.1/lib/active_record/transactions.rb:334:in `rollback_active_record_state!'
/usr/local/rvm/gems/ruby-2.3.0/gems/activerecord-5.0.0.1/lib/active_record/transactions.rb:318:in `save'
/usr/local/rvm/gems/ruby-2.3.0/gems/activerecord-5.0.0.1/lib/active_record/suppressor.rb:41:in `save'
/usr/local/rvm/gems/ruby-2.3.0/gems/activerecord-5.0.0.1/lib/active_record/persistence.rb:266:in `block in update'
/usr/local/rvm/gems/ruby-2.3.0/gems/activerecord-5.0.0.1/lib/active_record/transactions.rb:395:in `block in with_transaction_returning_status'
/usr/local/rvm/gems/ruby-2.3.0/gems/activerecord-5.0.0.1/lib/active_record/connection_adapters/abstract/database_statements.rb:230:in `transaction'
/usr/local/rvm/gems/ruby-2.3.0/gems/activerecord-5.0.0.1/lib/active_record/transactions.rb:211:in `transaction'
/usr/local/rvm/gems/ruby-2.3.0/gems/activerecord-5.0.0.1/lib/active_record/transactions.rb:392:in `with_transaction_returning_status'
/usr/local/rvm/gems/ruby-2.3.0/gems/activerecord-5.0.0.1/lib/active_record/persistence.rb:264:in `update'
/home/ubuntu/workspace/matchme/app/models/match.rb:25:in `add_percent'
/usr/local/rvm/gems/ruby-2.3.0/gems/activesupport-5.0.0.1/lib/active_support/callbacks.rb:382:in `block in make_lambda'
/usr/local/rvm/gems/ruby-2.3.0/gems/activesupport-5.0.0.1/lib/active_support/callbacks.rb:207:in `block in halting_and_conditional'
/usr/local/rvm/gems/ruby-2.3.0/gems/activesupport-5.0.0.1/lib/active_support/callbacks.rb:456:in `block in call'
/usr/local/rvm/gems/ruby-2.3.0/gems/activesupport-5.0.0.1/lib/active_support/callbacks.rb:456:in `each'
/usr/local/rvm/gems/ruby-2.3.0/gems/activesupport-5.0.0.1/lib/active_support/callbacks.rb:456:in `call'
/usr/local/rvm/gems/ruby-2.3.0/gems/activesupport-5.0.0.1/lib/active_support/callbacks.rb:101:in `__run_callbacks__'
/usr/local/rvm/gems/ruby-2.3.0/gems/activesupport-5.0.0.1/lib/active_support/callbacks.rb:750:in `_run_save_callbacks'
/usr/local/rvm/gems/ruby-2.3.0/gems/activerecord-5.0.0.1/lib/active_record/callbacks.rb:298:in `create_or_update'
/usr/local/rvm/gems/ruby-2.3.0/gems/activerecord-5.0.0.1/lib/active_record/persistence.rb:125:in `save'
/usr/local/rvm/gems/ruby-2.3.0/gems/activerecord-5.0.0.1/lib/active_record/validations.rb:44:in `save'
/usr/local/rvm/gems/ruby-2.3.0/gems/activerecord-5.0.0.1/lib/active_record/attribute_methods/dirty.rb:22:in `save'
/usr/local/rvm/gems/ruby-2.3.0/gems/activerecord-5.0.0.1/lib/active_record/transactions.rb:319:in `block (2 levels) in save'
/usr/local/rvm/gems/ruby-2.3.0/gems/activerecord-5.0.0.1/lib/active_record/transactions.rb:395:in `block in with_transaction_returning_status'
/usr/local/rvm/gems/ruby-2.3.0/gems/activerecord-5.0.0.1/lib/active_record/connection_adapters/abstract/database_statements.rb:230:in `transaction'
/usr/local/rvm/gems/ruby-2.3.0/gems/activerecord-5.0.0.1/lib/active_record/transactions.rb:211:in `transaction'
/usr/local/rvm/gems/ruby-2.3.0/gems/activerecord-5.0.0.1/lib/active_record/transactions.rb:392:in `with_transaction_returning_status'
/usr/local/rvm/gems/ruby-2.3.0/gems/activerecord-5.0.0.1/lib/active_record/transactions.rb:319:in `block in save'
/usr/local/rvm/gems/ruby-2.3.0/gems/activerecord-5.0.0.1/lib/active_record/transactions.rb:334:in `rollback_active_record_state!'
/usr/local/rvm/gems/ruby-2.3.0/gems/activerecord-5.0.0.1/lib/active_record/transactions.rb:318:in `save'
/usr/local/rvm/gems/ruby-2.3.0/gems/activerecord-5.0.0.1/lib/active_record/suppressor.rb:41:in `save'
/usr/local/rvm/gems/ruby-2.3.0/gems/activerecord-5.0.0.1/lib/active_record/persistence.rb:266:in `block in update'
/usr/local/rvm/gems/ruby-2.3.0/gems/activerecord-5.0.0.1/lib/active_record/transactions.rb:395:in `block in with_transaction_returning_status'
/usr/local/rvm/gems/ruby-2.3.0/gems/activerecord-5.0.0.1/lib/active_record/connection_adapters/abstract/database_statements.rb:230:in `transaction'
/usr/local/rvm/gems/ruby-2.3.0/gems/activerecord-5.0.0.1/lib/active_record/transactions.rb:211:in `transaction'
/usr/local/rvm/gems/ruby-2.3.0/gems/activerecord-5.0.0.1/lib/active_record/transactions.rb:392:in `with_transaction_returning_status'
/usr/local/rvm/gems/ruby-2.3.0/gems/activerecord-5.0.0.1/lib/active_record/persistence.rb:264:in `update'
/home/ubuntu/workspace/matchme/app/models/match.rb:25:in `add_percent'
/usr/local/rvm/gems/ruby-2.3.0/gems/activesupport-5.0.0.1/lib/active_support/callbacks.rb:382:in `block in make_lambda'
/usr/local/rvm/gems/ruby-2.3.0/gems/activesupport-5.0.0.1/lib/active_support/callbacks.rb:207:in `block in halting_and_conditional'
/usr/local/rvm/gems/ruby-2.3.0/gems/activesupport-5.0.0.1/lib/active_support/callbacks.rb:456:in `block in call'
/usr/local/rvm/gems/ruby-2.3.0/gems/activesupport-5.0.0.1/lib/active_support/callbacks.rb:456:in `each'
/usr/local/rvm/gems/ruby-2.3.0/gems/activesupport-5.0.0.1/lib/active_support/callbacks.rb:456:in `call'
/usr/local/rvm/gems/ruby-2.3.0/gems/activesupport-5.0.0.1/lib/active_support/callbacks.rb:101:in `__run_callbacks__'
/usr/local/rvm/gems/ruby-2.3.0/gems/activesupport-5.0.0.1/lib/active_support/callbacks.rb:750:in `_run_save_callbacks'
/usr/local/rvm/gems/ruby-2.3.0/gems/activerecord-5.0.0.1/lib/active_record/callbacks.rb:298:in `create_or_update'
/usr/local/rvm/gems/ruby-2.3.0/gems/activerecord-5.0.0.1/lib/active_record/persistence.rb:125:in `save'
/usr/local/rvm/gems/ruby-2.3.0/gems/activerecord-5.0.0.1/lib/active_record/validations.rb:44:in `save'
/usr/local/rvm/gems/ruby-2.3.0/gems/activerecord-5.0.0.1/lib/active_record/attribute_methods/dirty.rb:22:in `save'
/usr/local/rvm/gems/ruby-2.3.0/gems/activerecord-5.0.0.1/lib/active_record/transactions.rb:319:in `block (2 levels) in save'
/usr/local/rvm/gems/ruby-2.3.0/gems/activerecord-5.0.0.1/lib/active_record/transactions.rb:395:in `block in with_transaction_returning_status'
/usr/local/rvm/gems/ruby-2.3.0/gems/activerecord-5.0.0.1/lib/active_record/connection_adapters/abstract/database_statements.rb:230:in `transaction'
/usr/local/rvm/gems/ruby-2.3.0/gems/activerecord-5.0.0.1/lib/active_record/transactions.rb:211:in `transaction'
/usr/local/rvm/gems/ruby-2.3.0/gems/activerecord-5.0.0.1/lib/active_record/transactions.rb:392:in `with_transaction_returning_status'
/usr/local/rvm/gems/ruby-2.3.0/gems/activerecord-5.0.0.1/lib/active_record/transactions.rb:319:in `block in save'
/usr/local/rvm/gems/ruby-2.3.0/gems/activerecord-5.0.0.1/lib/active_record/transactions.rb:334:in `rollback_active_record_state!'
/usr/local/rvm/gems/ruby-2.3.0/gems/activerecord-5.0.0.1/lib/active_record/transactions.rb:318:in `save'
/usr/local/rvm/gems/ruby-2.3.0/gems/activerecord-5.0.0.1/lib/active_record/suppressor.rb:41:in `save'
/usr/local/rvm/gems/ruby-2.3.0/gems/activerecord-5.0.0.1/lib/active_record/persistence.rb:266:in `block in update'
/usr/local/rvm/gems/ruby-2.3.0/gems/activerecord-5.0.0.1/lib/active_record/transactions.rb:395:in `block in with_transaction_returning_status'
/usr/local/rvm/gems/ruby-2.3.0/gems/activerecord-5.0.0.1/lib/active_record/connection_adapters/abstract/database_statements.rb:230:in `transaction'
/usr/local/rvm/gems/ruby-2.3.0/gems/activerecord-5.0.0.1/lib/active_record/transactions.rb:211:in `transaction'
/usr/local/rvm/gems/ruby-2.3.0/gems/activerecord-5.0.0.1/lib/active_record/transactions.rb:392:in `with_transaction_returning_status'
/usr/local/rvm/gems/ruby-2.3.0/gems/activerecord-5.0.0.1/lib/active_record/persistence.rb:264:in `update'
/home/ubuntu/workspace/matchme/app/models/match.rb:25:in `add_percent'
/usr/local/rvm/gems/ruby-2.3.0/gems/activesupport-5.0.0.1/lib/active_support/callbacks.rb:382:in `block in make_lambda'
/usr/local/rvm/gems/ruby-2.3.0/gems/activesupport-5.0.0.1/lib/active_support/callbacks.rb:207:in `block in halting_and_conditional'
/usr/local/rvm/gems/ruby-2.3.0/gems/activesupport-5.0.0.1/lib/active_support/callbacks.rb:456:in `block in call'
/usr/local/rvm/gems/ruby-2.3.0/gems/activesupport-5.0.0.1/lib/active_support/callbacks.rb:456:in `each'
/usr/local/rvm/gems/ruby-2.3.0/gems/activesupport-5.0.0.1/lib/active_support/callbacks.rb:456:in `call'
/usr/local/rvm/gems/ruby-2.3.0/gems/activesupport-5.0.0.1/lib/active_support/callbacks.rb:101:in `__run_callbacks__'
/usr/local/rvm/gems/ruby-2.3.0/gems/activesupport-5.0.0.1/lib/active_support/callbacks.rb:750:in `_run_save_callbacks'
/usr/local/rvm/gems/ruby-2.3.0/gems/activerecord-5.0.0.1/lib/active_record/callbacks.rb:298:in `create_or_update'
/usr/local/rvm/gems/ruby-2.3.0/gems/activerecord-5.0.0.1/lib/active_record/persistence.rb:125:in `save'
/usr/local/rvm/gems/ruby-2.3.0/gems/activerecord-5.0.0.1/lib/active_record/validations.rb:44:in `save'
/usr/local/rvm/gems/ruby-2.3.0/gems/activerecord-5.0.0.1/lib/active_record/attribute_methods/dirty.rb:22:in `save'
/usr/local/rvm/gems/ruby-2.3.0/gems/activerecord-5.0.0.1/lib/active_record/transactions.rb:319:in `block (2 levels) in save'
/usr/local/rvm/gems/ruby-2.3.0/gems/activerecord-5.0.0.1/lib/active_record/transactions.rb:395:in `block in with_transaction_returning_status'
/usr/local/rvm/gems/ruby-2.3.0/gems/activerecord-5.0.0.1/lib/active_record/connection_adapters/abstract/database_statements.rb:230:in `transaction'
/usr/local/rvm/gems/ruby-2.3.0/gems/activerecord-5.0.0.1/lib/active_record/transactions.rb:211:in `transaction'
/usr/local/rvm/gems/ruby-2.3.0/gems/activerecord-5.0.0.1/lib/active_record/transactions.rb:392:in `with_transaction_returning_status'
/usr/local/rvm/gems/ruby-2.3.0/gems/activerecord-5.0.0.1/lib/active_record/transactions.rb:319:in `block in save'
/usr/local/rvm/gems/ruby-2.3.0/gems/activerecord-5.0.0.1/lib/active_record/transactions.rb:334:in `rollback_active_record_state!'
/usr/local/rvm/gems/ruby-2.3.0/gems/activerecord-5.0.0.1/lib/active_record/transactions.rb:318:in `save'
/usr/local/rvm/gems/ruby-2.3.0/gems/activerecord-5.0.0.1/lib/active_record/suppressor.rb:41:in `save'
/usr/local/rvm/gems/ruby-2.3.0/gems/activerecord-5.0.0.1/lib/active_record/persistence.rb:266:in `block in update'
/usr/local/rvm/gems/ruby-2.3.0/gems/activerecord-5.0.0.1/lib/active_record/transactions.rb:395:in `block in with_transaction_returning_status'
/usr/local/rvm/gems/ruby-2.3.0/gems/activerecord-5.0.0.1/lib/active_record/connection_adapters/abstract/database_statements.rb:230:in `transaction'
/usr/local/rvm/gems/ruby-2.3.0/gems/activerecord-5.0.0.1/lib/active_record/transactions.rb:211:in `transaction'
/usr/local/rvm/gems/ruby-2.3.0/gems/activerecord-5.0.0.1/lib/active_record/transactions.rb:392:in `with_transaction_returning_status'
/usr/local/rvm/gems/ruby-2.3.0/gems/activerecord-5.0.0.1/lib/active_record/persistence.rb:264:in `update'
/home/ubuntu/workspace/matchme/app/models/match.rb:25:in `add_percent'
/usr/local/rvm/gems/ruby-2.3.0/gems/activesupport-5.0.0.1/lib/active_support/callbacks.rb:382:in `block in make_lambda'
/usr/local/rvm/gems/ruby-2.3.0/gems/activesupport-5.0.0.1/lib/active_support/callbacks.rb:207:in `block in halting_and_conditional'
/usr/local/rvm/gems/ruby-2.3.0/gems/activesupport-5.0.0.1/lib/active_support/callbacks.rb:456:in `block in call'
/usr/local/rvm/gems/ruby-2.3.0/gems/activesupport-5.0.0.1/lib/active_support/callbacks.rb:456:in `each'
/usr/local/rvm/gems/ruby-2.3.0/gems/activesupport-5.0.0.1/lib/active_support/callbacks.rb:456:in `call'
/usr/local/rvm/gems/ruby-2.3.0/gems/activesupport-5.0.0.1/lib/active_support/callbacks.rb:101:in `__run_callbacks__'
/usr/local/rvm/gems/ruby-2.3.0/gems/activesupport-5.0.0.1/lib/active_support/callbacks.rb:750:in `_run_save_callbacks'
/usr/local/rvm/gems/ruby-2.3.0/gems/activerecord-5.0.0.1/lib/active_record/callbacks.rb:298:in `create_or_update'
/usr/local/rvm/gems/ruby-2.3.0/gems/activerecord-5.0.0.1/lib/active_record/persistence.rb:125:in `save'
/usr/local/rvm/gems/ruby-2.3.0/gems/activerecord-5.0.0.1/lib/active_record/validations.rb:44:in `save'
/usr/local/rvm/gems/ruby-2.3.0/gems/activerecord-5.0.0.1/lib/active_record/attribute_methods/dirty.rb:22:in `save'
/usr/local/rvm/gems/ruby-2.3.0/gems/activerecord-5.0.0.1/lib/active_record/transactions.rb:319:in `block (2 levels) in save'
/usr/local/rvm/gems/ruby-2.3.0/gems/activerecord-5.0.0.1/lib/active_record/transactions.rb:395:in `block in with_transaction_returning_status'
/usr/local/rvm/gems/ruby-2.3.0/gems/activerecord-5.0.0.1/lib/active_record/connection_adapters/abstract/database_statements.rb:230:in `transaction'
/usr/local/rvm/gems/ruby-2.3.0/gems/activerecord-5.0.0.1/lib/active_record/transactions.rb:211:in `transaction'
/usr/local/rvm/gems/ruby-2.3.0/gems/activerecord-5.0.0.1/lib/active_record/transactions.rb:392:in `with_transaction_returning_status'
/usr/local/rvm/gems/ruby-2.3.0/gems/activerecord-5.0.0.1/lib/active_record/transactions.rb:319:in `block in save'
/usr/local/rvm/gems/ruby-2.3.0/gems/activerecord-5.0.0.1/lib/active_record/transactions.rb:334:in `rollback_active_record_state!'
/usr/local/rvm/gems/ruby-2.3.0/gems/activerecord-5.0.0.1/lib/active_record/transactions.rb:318:in `save'
/usr/local/rvm/gems/ruby-2.3.0/gems/activerecord-5.0.0.1/lib/active_record/suppressor.rb:41:in `save'
/usr/local/rvm/gems/ruby-2.3.0/gems/activerecord-5.0.0.1/lib/active_record/persistence.rb:266:in `block in update'
/usr/local/rvm/gems/ruby-2.3.0/gems/activerecord-5.0.0.1/lib/active_record/transactions.rb:395:in `block in with_transaction_returning_status'
/usr/local/rvm/gems/ruby-2.3.0/gems/activerecord-5.0.0.1/lib/active_record/connection_adapters/abstract/database_statements.rb:230:in `transaction'
/usr/local/rvm/gems/ruby-2.3.0/gems/activerecord-5.0.0.1/lib/active_record/transactions.rb:211:in `transaction'
/usr/local/rvm/gems/ruby-2.3.0/gems/activerecord-5.0.0.1/lib/active_record/transactions.rb:392:in `with_transaction_returning_status'
/usr/local/rvm/gems/ruby-2.3.0/gems/activerecord-5.0.0.1/lib/active_record/persistence.rb:264:in `update'
/home/ubuntu/workspace/matchme/app/models/match.rb:25:in `add_percent'
/usr/local/rvm/gems/ruby-2.3.0/gems/activesupport-5.0.0.1/lib/active_support/callbacks.rb:382:in `block in make_lambda'
/usr/local/rvm/gems/ruby-2.3.0/gems/activesupport-5.0.0.1/lib/active_support/callbacks.rb:207:in `block in halting_and_conditional'
/usr/local/rvm/gems/ruby-2.3.0/gems/activesupport-5.0.0.1/lib/active_support/callbacks.rb:456:in `block in call'
/usr/local/rvm/gems/ruby-2.3.0/gems/activesupport-5.0.0.1/lib/active_support/callbacks.rb:456:in `each'
/usr/local/rvm/gems/ruby-2.3.0/gems/activesupport-5.0.0.1/lib/active_support/callbacks.rb:456:in `call'
/usr/local/rvm/gems/ruby-2.3.0/gems/activesupport-5.0.0.1/lib/active_support/callbacks.rb:101:in `__run_callbacks__'
/usr/local/rvm/gems/ruby-2.3.0/gems/activesupport-5.0.0.1/lib/active_support/callbacks.rb:750:in `_run_save_callbacks'
/usr/local/rvm/gems/ruby-2.3.0/gems/activerecord-5.0.0.1/lib/active_record/callbacks.rb:298:in `create_or_update'
/usr/local/rvm/gems/ruby-2.3.0/gems/activerecord-5.0.0.1/lib/active_record/persistence.rb:125:in `save'
/usr/local/rvm/gems/ruby-2.3.0/gems/activerecord-5.0.0.1/lib/active_record/validations.rb:44:in `save'
/usr/local/rvm/gems/ruby-2.3.0/gems/activerecord-5.0.0.1/lib/active_record/attribute_methods/dirty.rb:22:in `save'
/usr/local/rvm/gems/ruby-2.3.0/gems/activerecord-5.0.0.1/lib/active_record/transactions.rb:319:in `block (2 levels) in save'
/usr/local/rvm/gems/ruby-2.3.0/gems/activerecord-5.0.0.1/lib/active_record/transactions.rb:395:in `block in with_transaction_returning_status'
/usr/local/rvm/gems/ruby-2.3.0/gems/activerecord-5.0.0.1/lib/active_record/connection_adapters/abstract/database_statements.rb:230:in `transaction'
/usr/local/rvm/gems/ruby-2.3.0/gems/activerecord-5.0.0.1/lib/active_record/transactions.rb:211:in `transaction'
/usr/local/rvm/gems/ruby-2.3.0/gems/activerecord-5.0.0.1/lib/active_record/transactions.rb:392:in `with_transaction_returning_status'
/usr/local/rvm/gems/ruby-2.3.0/gems/activerecord-5.0.0.1/lib/active_record/transactions.rb:319:in `block in save'
/usr/local/rvm/gems/ruby-2.3.0/gems/activerecord-5.0.0.1/lib/active_record/transactions.rb:334:in `rollback_active_record_state!'
/usr/local/rvm/gems/ruby-2.3.0/gems/activerecord-5.0.0.1/lib/active_record/transactions.rb:318:in `save'
/usr/local/rvm/gems/ruby-2.3.0/gems/activerecord-5.0.0.1/lib/active_record/suppressor.rb:41:in `save'
/usr/local/rvm/gems/ruby-2.3.0/gems/activerecord-5.0.0.1/lib/active_record/persistence.rb:266:in `block in update'
/usr/local/rvm/gems/ruby-2.3.0/gems/activerecord-5.0.0.1/lib/active_record/transactions.rb:395:in `block in with_transaction_returning_status'
/usr/local/rvm/gems/ruby-2.3.0/gems/activerecord-5.0.0.1/lib/active_record/connection_adapters/abstract/database_statements.rb:230:in `transaction'
/usr/local/rvm/gems/ruby-2.3.0/gems/activerecord-5.0.0.1/lib/active_record/transactions.rb:211:in `transaction'
/usr/local/rvm/gems/ruby-2.3.0/gems/activerecord-5.0.0.1/lib/active_record/transactions.rb:392:in `with_transaction_returning_status'
/usr/local/rvm/gems/ruby-2.3.0/gems/activerecord-5.0.0.1/lib/active_record/persistence.rb:264:in `update'
/home/ubuntu/workspace/matchme/app/models/match.rb:25:in `add_percent'
/usr/local/rvm/gems/ruby-2.3.0/gems/activesupport-5.0.0.1/lib/active_support/callbacks.rb:382:in `block in make_lambda'
/usr/local/rvm/gems/ruby-2.3.0/gems/activesupport-5.0.0.1/lib/active_support/callbacks.rb:207:in `block in halting_and_conditional'
/usr/local/rvm/gems/ruby-2.3.0/gems/activesupport-5.0.0.1/lib/active_support/callbacks.rb:456:in `block in call'
/usr/local/rvm/gems/ruby-2.3.0/gems/activesupport-5.0.0.1/lib/active_support/callbacks.rb:456:in `each'
/usr/local/rvm/gems/ruby-2.3.0/gems/activesupport-5.0.0.1/lib/active_support/callbacks.rb:456:in `call'
/usr/local/rvm/gems/ruby-2.3.0/gems/activesupport-5.0.0.1/lib/active_support/callbacks.rb:101:in `__run_callbacks__'
/usr/local/rvm/gems/ruby-2.3.0/gems/activesupport-5.0.0.1/lib/active_support/callbacks.rb:750:in `_run_save_callbacks'
/usr/local/rvm/gems/ruby-2.3.0/gems/activerecord-5.0.0.1/lib/active_record/callbacks.rb:298:in `create_or_update'
/usr/local/rvm/gems/ruby-2.3.0/gems/activerecord-5.0.0.1/lib/active_record/persistence.rb:125:in `save'
/usr/local/rvm/gems/ruby-2.3.0/gems/activerecord-5.0.0.1/lib/active_record/validations.rb:44:in `save'
/usr/local/rvm/gems/ruby-2.3.0/gems/activerecord-5.0.0.1/lib/active_record/attribute_methods/dirty.rb:22:in `save'
/usr/local/rvm/gems/ruby-2.3.0/gems/activerecord-5.0.0.1/lib/active_record/transactions.rb:319:in `block (2 levels) in save'
/usr/local/rvm/gems/ruby-2.3.0/gems/activerecord-5.0.0.1/lib/active_record/transactions.rb:395:in `block in with_transaction_returning_status'
/usr/local/rvm/gems/ruby-2.3.0/gems/activerecord-5.0.0.1/lib/active_record/connection_adapters/abstract/database_statements.rb:230:in `transaction'
/usr/local/rvm/gems/ruby-2.3.0/gems/activerecord-5.0.0.1/lib/active_record/transactions.rb:211:in `transaction'
/usr/local/rvm/gems/ruby-2.3.0/gems/activerecord-5.0.0.1/lib/active_record/transactions.rb:392:in `with_transaction_returning_status'
/usr/local/rvm/gems/ruby-2.3.0/gems/activerecord-5.0.0.1/lib/active_record/transactions.rb:319:in `block in save'
/usr/local/rvm/gems/ruby-2.3.0/gems/activerecord-5.0.0.1/lib/active_record/transactions.rb:334:in `rollback_active_record_state!'
/usr/local/rvm/gems/ruby-2.3.0/gems/activerecord-5.0.0.1/lib/active_record/transactions.rb:318:in `save'
/usr/local/rvm/gems/ruby-2.3.0/gems/activerecord-5.0.0.1/lib/active_record/suppressor.rb:41:in `save'
/usr/local/rvm/gems/ruby-2.3.0/gems/activerecord-5.0.0.1/lib/active_record/persistence.rb:266:in `block in update'
/usr/local/rvm/gems/ruby-2.3.0/gems/activerecord-5.0.0.1/lib/active_record/transactions.rb:395:in `block in with_transaction_returning_status'
/usr/local/rvm/gems/ruby-2.3.0/gems/activerecord-5.0.0.1/lib/active_record/connection_adapters/abstract/database_statements.rb:230:in `transaction'
/usr/local/rvm/gems/ruby-2.3.0/gems/activerecord-5.0.0.1/lib/active_record/transactions.rb:211:in `transaction'
/usr/local/rvm/gems/ruby-2.3.0/gems/activerecord-5.0.0.1/lib/active_record/transactions.rb:392:in `with_transaction_returning_status'
/usr/local/rvm/gems/ruby-2.3.0/gems/activerecord-5.0.0.1/lib/active_record/persistence.rb:264:in `update'
/home/ubuntu/workspace/matchme/app/models/match.rb:25:in `add_percent'
/usr/local/rvm/gems/ruby-2.3.0/gems/activesupport-5.0.0.1/lib/active_support/callbacks.rb:382:in `block in make_lambda'
/usr/local/rvm/gems/ruby-2.3.0/gems/activesupport-5.0.0.1/lib/active_support/callbacks.rb:207:in `block in halting_and_conditional'
/usr/local/rvm/gems/ruby-2.3.0/gems/activesupport-5.0.0.1/lib/active_support/callbacks.rb:456:in `block in call'
/usr/local/rvm/gems/ruby-2.3.0/gems/activesupport-5.0.0.1/lib/active_support/callbacks.rb:456:in `each'
/usr/local/rvm/gems/ruby-2.3.0/gems/activesupport-5.0.0.1/lib/active_support/callbacks.rb:456:in `call'
/usr/local/rvm/gems/ruby-2.3.0/gems/activesupport-5.0.0.1/lib/active_support/callbacks.rb:101:in `__run_callbacks__'
/usr/local/rvm/gems/ruby-2.3.0/gems/activesupport-5.0.0.1/lib/active_support/callbacks.rb:750:in `_run_save_callbacks'
/usr/local/rvm/gems/ruby-2.3.0/gems/activerecord-5.0.0.1/lib/active_record/callbacks.rb:298:in `create_or_update'
/usr/local/rvm/gems/ruby-2.3.0/gems/activerecord-5.0.0.1/lib/active_record/persistence.rb:125:in `save'
/usr/local/rvm/gems/ruby-2.3.0/gems/activerecord-5.0.0.1/lib/active_record/validations.rb:44:in `save'
/usr/local/rvm/gems/ruby-2.3.0/gems/activerecord-5.0.0.1/lib/active_record/attribute_methods/dirty.rb:22:in `save'
/usr/local/rvm/gems/ruby-2.3.0/gems/activerecord-5.0.0.1/lib/active_record/transactions.rb:319:in `block (2 levels) in save'
/usr/local/rvm/gems/ruby-2.3.0/gems/activerecord-5.0.0.1/lib/active_record/transactions.rb:395:in `block in with_transaction_returning_status'
/usr/local/rvm/gems/ruby-2.3.0/gems/activerecord-5.0.0.1/lib/active_record/connection_adapters/abstract/database_statements.rb:230:in `transaction'
/usr/local/rvm/gems/ruby-2.3.0/gems/activerecord-5.0.0.1/lib/active_record/transactions.rb:211:in `transaction'
/usr/local/rvm/gems/ruby-2.3.0/gems/activerecord-5.0.0.1/lib/active_record/transactions.rb:392:in `with_transaction_returning_status'
/usr/local/rvm/gems/ruby-2.3.0/gems/activerecord-5.0.0.1/lib/active_record/transactions.rb:319:in `block in save'
/usr/local/rvm/gems/ruby-2.3.0/gems/activerecord-5.0.0.1/lib/active_record/transactions.rb:334:in `rollback_active_record_state!'
/usr/local/rvm/gems/ruby-2.3.0/gems/activerecord-5.0.0.1/lib/active_record/transactions.rb:318:in `save'
/usr/local/rvm/gems/ruby-2.3.0/gems/activerecord-5.0.0.1/lib/active_record/suppressor.rb:41:in `save'
/usr/local/rvm/gems/ruby-2.3.0/gems/activerecord-5.0.0.1/lib/active_record/persistence.rb:266:in `block in update'
/usr/local/rvm/gems/ruby-2.3.0/gems/activerecord-5.0.0.1/lib/active_record/transactions.rb:395:in `block in with_transaction_returning_status'
/usr/local/rvm/gems/ruby-2.3.0/gems/activerecord-5.0.0.1/lib/active_record/connection_adapters/abstract/database_statements.rb:230:in `transaction'
/usr/local/rvm/gems/ruby-2.3.0/gems/activerecord-5.0.0.1/lib/active_record/transactions.rb:211:in `transaction'
/usr/local/rvm/gems/ruby-2.3.0/gems/activerecord-5.0.0.1/lib/active_record/transactions.rb:392:in `with_transaction_returning_status'
/usr/local/rvm/gems/ruby-2.3.0/gems/activerecord-5.0.0.1/lib/active_record/persistence.rb:264:in `update'
/home/ubuntu/workspace/matchme/app/models/match.rb:25:in `add_percent'
/usr/local/rvm/gems/ruby-2.3.0/gems/activesupport-5.0.0.1/lib/active_support/callbacks.rb:382:in `block in make_lambda'
/usr/local/rvm/gems/ruby-2.3.0/gems/activesupport-5.0.0.1/lib/active_support/callbacks.rb:207:in `block in halting_and_conditional'
/usr/local/rvm/gems/ruby-2.3.0/gems/activesupport-5.0.0.1/lib/active_support/callbacks.rb:456:in `block in call'
/usr/local/rvm/gems/ruby-2.3.0/gems/activesupport-5.0.0.1/lib/active_support/callbacks.rb:456:in `each'
/usr/local/rvm/gems/ruby-2.3.0/gems/activesupport-5.0.0.1/lib/active_support/callbacks.rb:456:in `call'
/usr/local/rvm/gems/ruby-2.3.0/gems/activesupport-5.0.0.1/lib/active_support/callbacks.rb:101:in `__run_callbacks__'
/usr/local/rvm/gems/ruby-2.3.0/gems/activesupport-5.0.0.1/lib/active_support/callbacks.rb:750:in `_run_save_callbacks'
/usr/local/rvm/gems/ruby-2.3.0/gems/activerecord-5.0.0.1/lib/active_record/callbacks.rb:298:in `create_or_update'
/usr/local/rvm/gems/ruby-2.3.0/gems/activerecord-5.0.0.1/lib/active_record/persistence.rb:125:in `save'
/usr/local/rvm/gems/ruby-2.3.0/gems/activerecord-5.0.0.1/lib/active_record/validations.rb:44:in `save'
/usr/local/rvm/gems/ruby-2.3.0/gems/activerecord-5.0.0.1/lib/active_record/attribute_methods/dirty.rb:22:in `save'
/usr/local/rvm/gems/ruby-2.3.0/gems/activerecord-5.0.0.1/lib/active_record/transactions.rb:319:in `block (2 levels) in save'
/usr/local/rvm/gems/ruby-2.3.0/gems/activerecord-5.0.0.1/lib/active_record/transactions.rb:395:in `block in with_transaction_returning_status'
/usr/local/rvm/gems/ruby-2.3.0/gems/activerecord-5.0.0.1/lib/active_record/connection_adapters/abstract/database_statements.rb:230:in `transaction'
/usr/local/rvm/gems/ruby-2.3.0/gems/activerecord-5.0.0.1/lib/active_record/transactions.rb:211:in `transaction'
/usr/local/rvm/gems/ruby-2.3.0/gems/activerecord-5.0.0.1/lib/active_record/transactions.rb:392:in `with_transaction_returning_status'
/usr/local/rvm/gems/ruby-2.3.0/gems/activerecord-5.0.0.1/lib/active_record/transactions.rb:319:in `block in save'
/usr/local/rvm/gems/ruby-2.3.0/gems/activerecord-5.0.0.1/lib/active_record/transactions.rb:334:in `rollback_active_record_state!'
/usr/local/rvm/gems/ruby-2.3.0/gems/activerecord-5.0.0.1/lib/active_record/transactions.rb:318:in `save'
/usr/local/rvm/gems/ruby-2.3.0/gems/activerecord-5.0.0.1/lib/active_record/suppressor.rb:41:in `save'
/usr/local/rvm/gems/ruby-2.3.0/gems/activerecord-5.0.0.1/lib/active_record/persistence.rb:266:in `block in update'
/usr/local/rvm/gems/ruby-2.3.0/gems/activerecord-5.0.0.1/lib/active_record/transactions.rb:395:in `block in with_transaction_returning_status'
/usr/local/rvm/gems/ruby-2.3.0/gems/activerecord-5.0.0.1/lib/active_record/connection_adapters/abstract/database_statements.rb:230:in `transaction'
/usr/local/rvm/gems/ruby-2.3.0/gems/activerecord-5.0.0.1/lib/active_record/transactions.rb:211:in `transaction'
/usr/local/rvm/gems/ruby-2.3.0/gems/activerecord-5.0.0.1/lib/active_record/transactions.rb:392:in `with_transaction_returning_status'
/usr/local/rvm/gems/ruby-2.3.0/gems/activerecord-5.0.0.1/lib/active_record/persistence.rb:264:in `update'
/home/ubuntu/workspace/matchme/app/models/match.rb:25:in `add_percent'
/usr/local/rvm/gems/ruby-2.3.0/gems/activesupport-5.0.0.1/lib/active_support/callbacks.rb:382:in `block in make_lambda'
/usr/local/rvm/gems/ruby-2.3.0/gems/activesupport-5.0.0.1/lib/active_support/callbacks.rb:207:in `block in halting_and_conditional'
/usr/local/rvm/gems/ruby-2.3.0/gems/activesupport-5.0.0.1/lib/active_support/callbacks.rb:456:in `block in call'
/usr/local/rvm/gems/ruby-2.3.0/gems/activesupport-5.0.0.1/lib/active_support/callbacks.rb:456:in `each'
/usr/local/rvm/gems/ruby-2.3.0/gems/activesupport-5.0.0.1/lib/active_support/callbacks.rb:456:in `call'
/usr/local/rvm/gems/ruby-2.3.0/gems/activesupport-5.0.0.1/lib/active_support/callbacks.rb:101:in `__run_callbacks__'
/usr/local/rvm/gems/ruby-2.3.0/gems/activesupport-5.0.0.1/lib/active_support/callbacks.rb:750:in `_run_save_callbacks'
/usr/local/rvm/gems/ruby-2.3.0/gems/activerecord-5.0.0.1/lib/active_record/callbacks.rb:298:in `create_or_update'
/usr/local/rvm/gems/ruby-2.3.0/gems/activerecord-5.0.0.1/lib/active_record/persistence.rb:125:in `save'
/usr/local/rvm/gems/ruby-2.3.0/gems/activerecord-5.0.0.1/lib/active_record/validations.rb:44:in `save'
/usr/local/rvm/gems/ruby-2.3.0/gems/activerecord-5.0.0.1/lib/active_record/attribute_methods/dirty.rb:22:in `save'
/usr/local/rvm/gems/ruby-2.3.0/gems/activerecord-5.0.0.1/lib/active_record/transactions.rb:319:in `block (2 levels) in save'
/usr/local/rvm/gems/ruby-2.3.0/gems/activerecord-5.0.0.1/lib/active_record/transactions.rb:395:in `block in with_transaction_returning_status'
/usr/local/rvm/gems/ruby-2.3.0/gems/activerecord-5.0.0.1/lib/active_record/connection_adapters/abstract/database_statements.rb:230:in `transaction'
/usr/local/rvm/gems/ruby-2.3.0/gems/activerecord-5.0.0.1/lib/active_record/transactions.rb:211:in `transaction'
/usr/local/rvm/gems/ruby-2.3.0/gems/activerecord-5.0.0.1/lib/active_record/transactions.rb:392:in `with_transaction_returning_status'
/usr/local/rvm/gems/ruby-2.3.0/gems/activerecord-5.0.0.1/lib/active_record/transactions.rb:319:in `block in save'
/usr/local/rvm/gems/ruby-2.3.0/gems/activerecord-5.0.0.1/lib/active_record/transactions.rb:334:in `rollback_active_record_state!'
/usr/local/rvm/gems/ruby-2.3.0/gems/activerecord-5.0.0.1/lib/active_record/transactions.rb:318:in `save'
/usr/local/rvm/gems/ruby-2.3.0/gems/activerecord-5.0.0.1/lib/active_record/suppressor.rb:41:in `save'
/usr/local/rvm/gems/ruby-2.3.0/gems/activerecord-5.0.0.1/lib/active_record/persistence.rb:266:in `block in update'
/usr/local/rvm/gems/ruby-2.3.0/gems/activerecord-5.0.0.1/lib/active_record/transactions.rb:395:in `block in with_transaction_returning_status'
/usr/local/rvm/gems/ruby-2.3.0/gems/activerecord-5.0.0.1/lib/active_record/connection_adapters/abstract/database_statements.rb:230:in `transaction'
/usr/local/rvm/gems/ruby-2.3.0/gems/activerecord-5.0.0.1/lib/active_record/transactions.rb:211:in `transaction'
/usr/local/rvm/gems/ruby-2.3.0/gems/activerecord-5.0.0.1/lib/active_record/transactions.rb:392:in `with_transaction_returning_status'
/usr/local/rvm/gems/ruby-2.3.0/gems/activerecord-5.0.0.1/lib/active_record/persistence.rb:264:in `update'
/home/ubuntu/workspace/matchme/app/models/match.rb:25:in `add_percent'
/usr/local/rvm/gems/ruby-2.3.0/gems/activesupport-5.0.0.1/lib/active_support/callbacks.rb:382:in `block in make_lambda'
/usr/local/rvm/gems/ruby-2.3.0/gems/activesupport-5.0.0.1/lib/active_support/callbacks.rb:207:in `block in halting_and_conditional'
/usr/local/rvm/gems/ruby-2.3.0/gems/activesupport-5.0.0.1/lib/active_support/callbacks.rb:456:in `block in call'
/usr/local/rvm/gems/ruby-2.3.0/gems/activesupport-5.0.0.1/lib/active_support/callbacks.rb:456:in `each'
/usr/local/rvm/gems/ruby-2.3.0/gems/activesupport-5.0.0.1/lib/active_support/callbacks.rb:456:in `call'
/usr/local/rvm/gems/ruby-2.3.0/gems/activesupport-5.0.0.1/lib/active_support/callbacks.rb:101:in `__run_callbacks__'
/usr/local/rvm/gems/ruby-2.3.0/gems/activesupport-5.0.0.1/lib/active_support/callbacks.rb:750:in `_run_save_callbacks'
/usr/local/rvm/gems/ruby-2.3.0/gems/activerecord-5.0.0.1/lib/active_record/callbacks.rb:298:in `create_or_update'
/usr/local/rvm/gems/ruby-2.3.0/gems/activerecord-5.0.0.1/lib/active_record/persistence.rb:125:in `save'
/usr/local/rvm/gems/ruby-2.3.0/gems/activerecord-5.0.0.1/lib/active_record/validations.rb:44:in `save'
/usr/local/rvm/gems/ruby-2.3.0/gems/activerecord-5.0.0.1/lib/active_record/attribute_methods/dirty.rb:22:in `save'
/usr/local/rvm/gems/ruby-2.3.0/gems/activerecord-5.0.0.1/lib/active_record/transactions.rb:319:in `block (2 levels) in save'
/usr/local/rvm/gems/ruby-2.3.0/gems/activerecord-5.0.0.1/lib/active_record/transactions.rb:395:in `block in with_transaction_returning_status'
/usr/local/rvm/gems/ruby-2.3.0/gems/activerecord-5.0.0.1/lib/active_record/connection_adapters/abstract/database_statements.rb:230:in `transaction'
/usr/local/rvm/gems/ruby-2.3.0/gems/activerecord-5.0.0.1/lib/active_record/transactions.rb:211:in `transaction'
/usr/local/rvm/gems/ruby-2.3.0/gems/activerecord-5.0.0.1/lib/active_record/transactions.rb:392:in `with_transaction_returning_status'
/usr/local/rvm/gems/ruby-2.3.0/gems/activerecord-5.0.0.1/lib/active_record/transactions.rb:319:in `block in save'
/usr/local/rvm/gems/ruby-2.3.0/gems/activerecord-5.0.0.1/lib/active_record/transactions.rb:334:in `rollback_active_record_state!'
/usr/local/rvm/gems/ruby-2.3.0/gems/activerecord-5.0.0.1/lib/active_record/transactions.rb:318:in `save'
/usr/local/rvm/gems/ruby-2.3.0/gems/activerecord-5.0.0.1/lib/active_record/suppressor.rb:41:in `save'
/usr/local/rvm/gems/ruby-2.3.0/gems/activerecord-5.0.0.1/lib/active_record/persistence.rb:266:in `block in update'
/usr/local/rvm/gems/ruby-2.3.0/gems/activerecord-5.0.0.1/lib/active_record/transactions.rb:395:in `block in with_transaction_returning_status'
/usr/local/rvm/gems/ruby-2.3.0/gems/activerecord-5.0.0.1/lib/active_record/connection_adapters/abstract/database_statements.rb:230:in `transaction'
/usr/local/rvm/gems/ruby-2.3.0/gems/activerecord-5.0.0.1/lib/active_record/transactions.rb:211:in `transaction'
/usr/local/rvm/gems/ruby-2.3.0/gems/activerecord-5.0.0.1/lib/active_record/transactions.rb:392:in `with_transaction_returning_status'
/usr/local/rvm/gems/ruby-2.3.0/gems/activerecord-5.0.0.1/lib/active_record/persistence.rb:264:in `update'
/home/ubuntu/workspace/matchme/app/models/match.rb:25:in `add_percent'
/usr/local/rvm/gems/ruby-2.3.0/gems/activesupport-5.0.0.1/lib/active_support/callbacks.rb:382:in `block in make_lambda'
/usr/local/rvm/gems/ruby-2.3.0/gems/activesupport-5.0.0.1/lib/active_support/callbacks.rb:207:in `block in halting_and_conditional'
/usr/local/rvm/gems/ruby-2.3.0/gems/activesupport-5.0.0.1/lib/active_support/callbacks.rb:456:in `block in call'
/usr/local/rvm/gems/ruby-2.3.0/gems/activesupport-5.0.0.1/lib/active_support/callbacks.rb:456:in `each'
/usr/local/rvm/gems/ruby-2.3.0/gems/activesupport-5.0.0.1/lib/active_support/callbacks.rb:456:in `call'
/usr/local/rvm/gems/ruby-2.3.0/gems/activesupport-5.0.0.1/lib/active_support/callbacks.rb:101:in `__run_callbacks__'
/usr/local/rvm/gems/ruby-2.3.0/gems/activesupport-5.0.0.1/lib/active_support/callbacks.rb:750:in `_run_save_callbacks'
/usr/local/rvm/gems/ruby-2.3.0/gems/activerecord-5.0.0.1/lib/active_record/callbacks.rb:298:in `create_or_update'
/usr/local/rvm/gems/ruby-2.3.0/gems/activerecord-5.0.0.1/lib/active_record/persistence.rb:125:in `save'
/usr/local/rvm/gems/ruby-2.3.0/gems/activerecord-5.0.0.1/lib/active_record/validations.rb:44:in `save'
/usr/local/rvm/gems/ruby-2.3.0/gems/activerecord-5.0.0.1/lib/active_record/attribute_methods/dirty.rb:22:in `save'
/usr/local/rvm/gems/ruby-2.3.0/gems/activerecord-5.0.0.1/lib/active_record/transactions.rb:319:in `block (2 levels) in save'
/usr/local/rvm/gems/ruby-2.3.0/gems/activerecord-5.0.0.1/lib/active_record/transactions.rb:395:in `block in with_transaction_returning_status'
/usr/local/rvm/gems/ruby-2.3.0/gems/activerecord-5.0.0.1/lib/active_record/connection_adapters/abstract/database_statements.rb:230:in `transaction'
/usr/local/rvm/gems/ruby-2.3.0/gems/activerecord-5.0.0.1/lib/active_record/transactions.rb:211:in `transaction'
/usr/local/rvm/gems/ruby-2.3.0/gems/activerecord-5.0.0.1/lib/active_record/transactions.rb:392:in `with_transaction_returning_status'
/usr/local/rvm/gems/ruby-2.3.0/gems/activerecord-5.0.0.1/lib/active_record/transactions.rb:319:in `block in save'
/usr/local/rvm/gems/ruby-2.3.0/gems/activerecord-5.0.0.1/lib/active_record/transactions.rb:334:in `rollback_active_record_state!'
/usr/local/rvm/gems/ruby-2.3.0/gems/activerecord-5.0.0.1/lib/active_record/transactions.rb:318:in `save'
/usr/local/rvm/gems/ruby-2.3.0/gems/activerecord-5.0.0.1/lib/active_record/suppressor.rb:41:in `save'
/usr/local/rvm/gems/ruby-2.3.0/gems/activerecord-5.0.0.1/lib/active_record/persistence.rb:266:in `block in update'
/usr/local/rvm/gems/ruby-2.3.0/gems/activerecord-5.0.0.1/lib/active_record/transactions.rb:395:in `block in with_transaction_returning_status'
/usr/local/rvm/gems/ruby-2.3.0/gems/activerecord-5.0.0.1/lib/active_record/connection_adapters/abstract/database_statements.rb:230:in `transaction'
/usr/local/rvm/gems/ruby-2.3.0/gems/activerecord-5.0.0.1/lib/active_record/transactions.rb:211:in `transaction'
/usr/local/rvm/gems/ruby-2.3.0/gems/activerecord-5.0.0.1/lib/active_record/transactions.rb:392:in `with_transaction_returning_status'
/usr/local/rvm/gems/ruby-2.3.0/gems/activerecord-5.0.0.1/lib/active_record/persistence.rb:264:in `update'
/home/ubuntu/workspace/matchme/app/models/match.rb:25:in `add_percent'
/usr/local/rvm/gems/ruby-2.3.0/gems/activesupport-5.0.0.1/lib/active_support/callbacks.rb:382:in `block in make_lambda'
/usr/local/rvm/gems/ruby-2.3.0/gems/activesupport-5.0.0.1/lib/active_support/callbacks.rb:207:in `block in halting_and_conditional'
/usr/local/rvm/gems/ruby-2.3.0/gems/activesupport-5.0.0.1/lib/active_support/callbacks.rb:456:in `block in call'
/usr/local/rvm/gems/ruby-2.3.0/gems/activesupport-5.0.0.1/lib/active_support/callbacks.rb:456:in `each'
/usr/local/rvm/gems/ruby-2.3.0/gems/activesupport-5.0.0.1/lib/active_support/callbacks.rb:456:in `call'
/usr/local/rvm/gems/ruby-2.3.0/gems/activesupport-5.0.0.1/lib/active_support/callbacks.rb:101:in `__run_callbacks__'
/usr/local/rvm/gems/ruby-2.3.0/gems/activesupport-5.0.0.1/lib/active_support/callbacks.rb:750:in `_run_save_callbacks'
/usr/local/rvm/gems/ruby-2.3.0/gems/activerecord-5.0.0.1/lib/active_record/callbacks.rb:298:in `create_or_update'
/usr/local/rvm/gems/ruby-2.3.0/gems/activerecord-5.0.0.1/lib/active_record/persistence.rb:125:in `save'
/usr/local/rvm/gems/ruby-2.3.0/gems/activerecord-5.0.0.1/lib/active_record/validations.rb:44:in `save'
/usr/local/rvm/gems/ruby-2.3.0/gems/activerecord-5.0.0.1/lib/active_record/attribute_methods/dirty.rb:22:in `save'
/usr/local/rvm/gems/ruby-2.3.0/gems/activerecord-5.0.0.1/lib/active_record/transactions.rb:319:in `block (2 levels) in save'
/usr/local/rvm/gems/ruby-2.3.0/gems/activerecord-5.0.0.1/lib/active_record/transactions.rb:395:in `block in with_transaction_returning_status'
/usr/local/rvm/gems/ruby-2.3.0/gems/activerecord-5.0.0.1/lib/active_record/connection_adapters/abstract/database_statements.rb:230:in `transaction'
/usr/local/rvm/gems/ruby-2.3.0/gems/activerecord-5.0.0.1/lib/active_record/transactions.rb:211:in `transaction'
/usr/local/rvm/gems/ruby-2.3.0/gems/activerecord-5.0.0.1/lib/active_record/transactions.rb:392:in `with_transaction_returning_status'
/usr/local/rvm/gems/ruby-2.3.0/gems/activerecord-5.0.0.1/lib/active_record/transactions.rb:319:in `block in save'
/usr/local/rvm/gems/ruby-2.3.0/gems/activerecord-5.0.0.1/lib/active_record/transactions.rb:334:in `rollback_active_record_state!'
/usr/local/rvm/gems/ruby-2.3.0/gems/activerecord-5.0.0.1/lib/active_record/transactions.rb:318:in `save'
/usr/local/rvm/gems/ruby-2.3.0/gems/activerecord-5.0.0.1/lib/active_record/suppressor.rb:41:in `save'
/usr/local/rvm/gems/ruby-2.3.0/gems/activerecord-5.0.0.1/lib/active_record/persistence.rb:266:in `block in update'
/usr/local/rvm/gems/ruby-2.3.0/gems/activerecord-5.0.0.1/lib/active_record/transactions.rb:395:in `block in with_transaction_returning_status'
/usr/local/rvm/gems/ruby-2.3.0/gems/activerecord-5.0.0.1/lib/active_record/connection_adapters/abstract/database_statements.rb:230:in `transaction'
/usr/local/rvm/gems/ruby-2.3.0/gems/activerecord-5.0.0.1/lib/active_record/transactions.rb:211:in `transaction'
/usr/local/rvm/gems/ruby-2.3.0/gems/activerecord-5.0.0.1/lib/active_record/transactions.rb:392:in `with_transaction_returning_status'
/usr/local/rvm/gems/ruby-2.3.0/gems/activerecord-5.0.0.1/lib/active_record/persistence.rb:264:in `update'
/home/ubuntu/workspace/matchme/app/models/match.rb:25:in `add_percent'
/usr/local/rvm/gems/ruby-2.3.0/gems/activesupport-5.0.0.1/lib/active_support/callbacks.rb:382:in `block in make_lambda'
/usr/local/rvm/gems/ruby-2.3.0/gems/activesupport-5.0.0.1/lib/active_support/callbacks.rb:207:in `block in halting_and_conditional'
/usr/local/rvm/gems/ruby-2.3.0/gems/activesupport-5.0.0.1/lib/active_support/callbacks.rb:456:in `block in call'
/usr/local/rvm/gems/ruby-2.3.0/gems/activesupport-5.0.0.1/lib/active_support/callbacks.rb:456:in `each'
/usr/local/rvm/gems/ruby-2.3.0/gems/activesupport-5.0.0.1/lib/active_support/callbacks.rb:456:in `call'
/usr/local/rvm/gems/ruby-2.3.0/gems/activesupport-5.0.0.1/lib/active_support/callbacks.rb:101:in `__run_callbacks__'
/usr/local/rvm/gems/ruby-2.3.0/gems/activesupport-5.0.0.1/lib/active_support/callbacks.rb:750:in `_run_save_callbacks'
/usr/local/rvm/gems/ruby-2.3.0/gems/activerecord-5.0.0.1/lib/active_record/callbacks.rb:298:in `create_or_update'
/usr/local/rvm/gems/ruby-2.3.0/gems/activerecord-5.0.0.1/lib/active_record/persistence.rb:125:in `save'
/usr/local/rvm/gems/ruby-2.3.0/gems/activerecord-5.0.0.1/lib/active_record/validations.rb:44:in `save'
/usr/local/rvm/gems/ruby-2.3.0/gems/activerecord-5.0.0.1/lib/active_record/attribute_methods/dirty.rb:22:in `save'
/usr/local/rvm/gems/ruby-2.3.0/gems/activerecord-5.0.0.1/lib/active_record/transactions.rb:319:in `block (2 levels) in save'
/usr/local/rvm/gems/ruby-2.3.0/gems/activerecord-5.0.0.1/lib/active_record/transactions.rb:395:in `block in with_transaction_returning_status'
/usr/local/rvm/gems/ruby-2.3.0/gems/activerecord-5.0.0.1/lib/active_record/connection_adapters/abstract/database_statements.rb:230:in `transaction'
/usr/local/rvm/gems/ruby-2.3.0/gems/activerecord-5.0.0.1/lib/active_record/transactions.rb:211:in `transaction'
/usr/local/rvm/gems/ruby-2.3.0/gems/activerecord-5.0.0.1/lib/active_record/transactions.rb:392:in `with_transaction_returning_status'
/usr/local/rvm/gems/ruby-2.3.0/gems/activerecord-5.0.0.1/lib/active_record/transactions.rb:319:in `block in save'
/usr/local/rvm/gems/ruby-2.3.0/gems/activerecord-5.0.0.1/lib/active_record/transactions.rb:334:in `rollback_active_record_state!'
/usr/local/rvm/gems/ruby-2.3.0/gems/activerecord-5.0.0.1/lib/active_record/transactions.rb:318:in `save'
/usr/local/rvm/gems/ruby-2.3.0/gems/activerecord-5.0.0.1/lib/active_record/suppressor.rb:41:in `save'
/usr/local/rvm/gems/ruby-2.3.0/gems/activerecord-5.0.0.1/lib/active_record/persistence.rb:266:in `block in update'
/usr/local/rvm/gems/ruby-2.3.0/gems/activerecord-5.0.0.1/lib/active_record/transactions.rb:395:in `block in with_transaction_returning_status'
/usr/local/rvm/gems/ruby-2.3.0/gems/activerecord-5.0.0.1/lib/active_record/connection_adapters/abstract/database_statements.rb:230:in `transaction'
/usr/local/rvm/gems/ruby-2.3.0/gems/activerecord-5.0.0.1/lib/active_record/transactions.rb:211:in `transaction'
/usr/local/rvm/gems/ruby-2.3.0/gems/activerecord-5.0.0.1/lib/active_record/transactions.rb:392:in `with_transaction_returning_status'
/usr/local/rvm/gems/ruby-2.3.0/gems/activerecord-5.0.0.1/lib/active_record/persistence.rb:264:in `update'
/home/ubuntu/workspace/matchme/app/models/match.rb:25:in `add_percent'
/usr/local/rvm/gems/ruby-2.3.0/gems/activesupport-5.0.0.1/lib/active_support/callbacks.rb:382:in `block in make_lambda'
/usr/local/rvm/gems/ruby-2.3.0/gems/activesupport-5.0.0.1/lib/active_support/callbacks.rb:207:in `block in halting_and_conditional'
/usr/local/rvm/gems/ruby-2.3.0/gems/activesupport-5.0.0.1/lib/active_support/callbacks.rb:456:in `block in call'
/usr/local/rvm/gems/ruby-2.3.0/gems/activesupport-5.0.0.1/lib/active_support/callbacks.rb:456:in `each'
/usr/local/rvm/gems/ruby-2.3.0/gems/activesupport-5.0.0.1/lib/active_support/callbacks.rb:456:in `call'
/usr/local/rvm/gems/ruby-2.3.0/gems/activesupport-5.0.0.1/lib/active_support/callbacks.rb:101:in `__run_callbacks__'
/usr/local/rvm/gems/ruby-2.3.0/gems/activesupport-5.0.0.1/lib/active_support/callbacks.rb:750:in `_run_save_callbacks'
/usr/local/rvm/gems/ruby-2.3.0/gems/activerecord-5.0.0.1/lib/active_record/callbacks.rb:298:in `create_or_update'
/usr/local/rvm/gems/ruby-2.3.0/gems/activerecord-5.0.0.1/lib/active_record/persistence.rb:125:in `save'
/usr/local/rvm/gems/ruby-2.3.0/gems/activerecord-5.0.0.1/lib/active_record/validations.rb:44:in `save'
/usr/local/rvm/gems/ruby-2.3.0/gems/activerecord-5.0.0.1/lib/active_record/attribute_methods/dirty.rb:22:in `save'
/usr/local/rvm/gems/ruby-2.3.0/gems/activerecord-5.0.0.1/lib/active_record/transactions.rb:319:in `block (2 levels) in save'
/usr/local/rvm/gems/ruby-2.3.0/gems/activerecord-5.0.0.1/lib/active_record/transactions.rb:395:in `block in with_transaction_returning_status'
/usr/local/rvm/gems/ruby-2.3.0/gems/activerecord-5.0.0.1/lib/active_record/connection_adapters/abstract/database_statements.rb:230:in `transaction'
/usr/local/rvm/gems/ruby-2.3.0/gems/activerecord-5.0.0.1/lib/active_record/transactions.rb:211:in `transaction'
/usr/local/rvm/gems/ruby-2.3.0/gems/activerecord-5.0.0.1/lib/active_record/transactions.rb:392:in `with_transaction_returning_status'
/usr/local/rvm/gems/ruby-2.3.0/gems/activerecord-5.0.0.1/lib/active_record/transactions.rb:319:in `block in save'
/usr/local/rvm/gems/ruby-2.3.0/gems/activerecord-5.0.0.1/lib/active_record/transactions.rb:334:in `rollback_active_record_state!'
/usr/local/rvm/gems/ruby-2.3.0/gems/activerecord-5.0.0.1/lib/active_record/transactions.rb:318:in `save'
/usr/local/rvm/gems/ruby-2.3.0/gems/activerecord-5.0.0.1/lib/active_record/suppressor.rb:41:in `save'
/usr/local/rvm/gems/ruby-2.3.0/gems/activerecord-5.0.0.1/lib/active_record/persistence.rb:266:in `block in update'
/usr/local/rvm/gems/ruby-2.3.0/gems/activerecord-5.0.0.1/lib/active_record/transactions.rb:395:in `block in with_transaction_returning_status'
/usr/local/rvm/gems/ruby-2.3.0/gems/activerecord-5.0.0.1/lib/active_record/connection_adapters/abstract/database_statements.rb:230:in `transaction'
/usr/local/rvm/gems/ruby-2.3.0/gems/activerecord-5.0.0.1/lib/active_record/transactions.rb:211:in `transaction'
/usr/local/rvm/gems/ruby-2.3.0/gems/activerecord-5.0.0.1/lib/active_record/transactions.rb:392:in `with_transaction_returning_status'
/usr/local/rvm/gems/ruby-2.3.0/gems/activerecord-5.0.0.1/lib/active_record/persistence.rb:264:in `update'
/home/ubuntu/workspace/matchme/app/models/match.rb:25:in `add_percent'
/usr/local/rvm/gems/ruby-2.3.0/gems/activesupport-5.0.0.1/lib/active_support/callbacks.rb:382:in `block in make_lambda'
/usr/local/rvm/gems/ruby-2.3.0/gems/activesupport-5.0.0.1/lib/active_support/callbacks.rb:207:in `block in halting_and_conditional'
/usr/local/rvm/gems/ruby-2.3.0/gems/activesupport-5.0.0.1/lib/active_support/callbacks.rb:456:in `block in call'
/usr/local/rvm/gems/ruby-2.3.0/gems/activesupport-5.0.0.1/lib/active_support/callbacks.rb:456:in `each'
/usr/local/rvm/gems/ruby-2.3.0/gems/activesupport-5.0.0.1/lib/active_support/callbacks.rb:456:in `call'
/usr/local/rvm/gems/ruby-2.3.0/gems/activesupport-5.0.0.1/lib/active_support/callbacks.rb:101:in `__run_callbacks__'
/usr/local/rvm/gems/ruby-2.3.0/gems/activesupport-5.0.0.1/lib/active_support/callbacks.rb:750:in `_run_save_callbacks'
/usr/local/rvm/gems/ruby-2.3.0/gems/activerecord-5.0.0.1/lib/active_record/callbacks.rb:298:in `create_or_update'
/usr/local/rvm/gems/ruby-2.3.0/gems/activerecord-5.0.0.1/lib/active_record/persistence.rb:125:in `save'
/usr/local/rvm/gems/ruby-2.3.0/gems/activerecord-5.0.0.1/lib/active_record/validations.rb:44:in `save'
/usr/local/rvm/gems/ruby-2.3.0/gems/activerecord-5.0.0.1/lib/active_record/attribute_methods/dirty.rb:22:in `save'
/usr/local/rvm/gems/ruby-2.3.0/gems/activerecord-5.0.0.1/lib/active_record/transactions.rb:319:in `block (2 levels) in save'
/usr/local/rvm/gems/ruby-2.3.0/gems/activerecord-5.0.0.1/lib/active_record/transactions.rb:395:in `block in with_transaction_returning_status'
/usr/local/rvm/gems/ruby-2.3.0/gems/activerecord-5.0.0.1/lib/active_record/connection_adapters/abstract/database_statements.rb:230:in `transaction'
/usr/local/rvm/gems/ruby-2.3.0/gems/activerecord-5.0.0.1/lib/active_record/transactions.rb:211:in `transaction'
/usr/local/rvm/gems/ruby-2.3.0/gems/activerecord-5.0.0.1/lib/active_record/transactions.rb:392:in `with_transaction_returning_status'
/usr/local/rvm/gems/ruby-2.3.0/gems/activerecord-5.0.0.1/lib/active_record/transactions.rb:319:in `block in save'
/usr/local/rvm/gems/ruby-2.3.0/gems/activerecord-5.0.0.1/lib/active_record/transactions.rb:334:in `rollback_active_record_state!'
/usr/local/rvm/gems/ruby-2.3.0/gems/activerecord-5.0.0.1/lib/active_record/transactions.rb:318:in `save'
/usr/local/rvm/gems/ruby-2.3.0/gems/activerecord-5.0.0.1/lib/active_record/suppressor.rb:41:in `save'
/usr/local/rvm/gems/ruby-2.3.0/gems/activerecord-5.0.0.1/lib/active_record/persistence.rb:266:in `block in update'
/usr/local/rvm/gems/ruby-2.3.0/gems/activerecord-5.0.0.1/lib/active_record/transactions.rb:395:in `block in with_transaction_returning_status'
/usr/local/rvm/gems/ruby-2.3.0/gems/activerecord-5.0.0.1/lib/active_record/connection_adapters/abstract/database_statements.rb:230:in `transaction'
/usr/local/rvm/gems/ruby-2.3.0/gems/activerecord-5.0.0.1/lib/active_record/transactions.rb:211:in `transaction'
/usr/local/rvm/gems/ruby-2.3.0/gems/activerecord-5.0.0.1/lib/active_record/transactions.rb:392:in `with_transaction_returning_status'
/usr/local/rvm/gems/ruby-2.3.0/gems/activerecord-5.0.0.1/lib/active_record/persistence.rb:264:in `update'
/home/ubuntu/workspace/matchme/app/models/match.rb:25:in `add_percent'
/usr/local/rvm/gems/ruby-2.3.0/gems/activesupport-5.0.0.1/lib/active_support/callbacks.rb:382:in `block in make_lambda'
/usr/local/rvm/gems/ruby-2.3.0/gems/activesupport-5.0.0.1/lib/active_support/callbacks.rb:207:in `block in halting_and_conditional'
/usr/local/rvm/gems/ruby-2.3.0/gems/activesupport-5.0.0.1/lib/active_support/callbacks.rb:456:in `block in call'
/usr/local/rvm/gems/ruby-2.3.0/gems/activesupport-5.0.0.1/lib/active_support/callbacks.rb:456:in `each'
/usr/local/rvm/gems/ruby-2.3.0/gems/activesupport-5.0.0.1/lib/active_support/callbacks.rb:456:in `call'
/usr/local/rvm/gems/ruby-2.3.0/gems/activesupport-5.0.0.1/lib/active_support/callbacks.rb:101:in `__run_callbacks__'
/usr/local/rvm/gems/ruby-2.3.0/gems/activesupport-5.0.0.1/lib/active_support/callbacks.rb:750:in `_run_save_callbacks'
/usr/local/rvm/gems/ruby-2.3.0/gems/activerecord-5.0.0.1/lib/active_record/callbacks.rb:298:in `create_or_update'
/usr/local/rvm/gems/ruby-2.3.0/gems/activerecord-5.0.0.1/lib/active_record/persistence.rb:125:in `save'
/usr/local/rvm/gems/ruby-2.3.0/gems/activerecord-5.0.0.1/lib/active_record/validations.rb:44:in `save'
/usr/local/rvm/gems/ruby-2.3.0/gems/activerecord-5.0.0.1/lib/active_record/attribute_methods/dirty.rb:22:in `save'
/usr/local/rvm/gems/ruby-2.3.0/gems/activerecord-5.0.0.1/lib/active_record/transactions.rb:319:in `block (2 levels) in save'
/usr/local/rvm/gems/ruby-2.3.0/gems/activerecord-5.0.0.1/lib/active_record/transactions.rb:395:in `block in with_transaction_returning_status'
/usr/local/rvm/gems/ruby-2.3.0/gems/activerecord-5.0.0.1/lib/active_record/connection_adapters/abstract/database_statements.rb:230:in `transaction'
/usr/local/rvm/gems/ruby-2.3.0/gems/activerecord-5.0.0.1/lib/active_record/transactions.rb:211:in `transaction'
/usr/local/rvm/gems/ruby-2.3.0/gems/activerecord-5.0.0.1/lib/active_record/transactions.rb:392:in `with_transaction_returning_status'
/usr/local/rvm/gems/ruby-2.3.0/gems/activerecord-5.0.0.1/lib/active_record/transactions.rb:319:in `block in save'
/usr/local/rvm/gems/ruby-2.3.0/gems/activerecord-5.0.0.1/lib/active_record/transactions.rb:334:in `rollback_active_record_state!'
/usr/local/rvm/gems/ruby-2.3.0/gems/activerecord-5.0.0.1/lib/active_record/transactions.rb:318:in `save'
/usr/local/rvm/gems/ruby-2.3.0/gems/activerecord-5.0.0.1/lib/active_record/suppressor.rb:41:in `save'
/usr/local/rvm/gems/ruby-2.3.0/gems/activerecord-5.0.0.1/lib/active_record/persistence.rb:266:in `block in update'
/usr/local/rvm/gems/ruby-2.3.0/gems/activerecord-5.0.0.1/lib/active_record/transactions.rb:395:in `block in with_transaction_returning_status'
/usr/local/rvm/gems/ruby-2.3.0/gems/activerecord-5.0.0.1/lib/active_record/connection_adapters/abstract/database_statements.rb:230:in `transaction'
/usr/local/rvm/gems/ruby-2.3.0/gems/activerecord-5.0.0.1/lib/active_record/transactions.rb:211:in `transaction'
/usr/local/rvm/gems/ruby-2.3.0/gems/activerecord-5.0.0.1/lib/active_record/transactions.rb:392:in `with_transaction_returning_status'
/usr/local/rvm/gems/ruby-2.3.0/gems/activerecord-5.0.0.1/lib/active_record/persistence.rb:264:in `update'
/home/ubuntu/workspace/matchme/app/models/match.rb:25:in `add_percent'
/usr/local/rvm/gems/ruby-2.3.0/gems/activesupport-5.0.0.1/lib/active_support/callbacks.rb:382:in `block in make_lambda'
/usr/local/rvm/gems/ruby-2.3.0/gems/activesupport-5.0.0.1/lib/active_support/callbacks.rb:207:in `block in halting_and_conditional'
/usr/local/rvm/gems/ruby-2.3.0/gems/activesupport-5.0.0.1/lib/active_support/callbacks.rb:456:in `block in call'
/usr/local/rvm/gems/ruby-2.3.0/gems/activesupport-5.0.0.1/lib/active_support/callbacks.rb:456:in `each'
/usr/local/rvm/gems/ruby-2.3.0/gems/activesupport-5.0.0.1/lib/active_support/callbacks.rb:456:in `call'
/usr/local/rvm/gems/ruby-2.3.0/gems/activesupport-5.0.0.1/lib/active_support/callbacks.rb:101:in `__run_callbacks__'
/usr/local/rvm/gems/ruby-2.3.0/gems/activesupport-5.0.0.1/lib/active_support/callbacks.rb:750:in `_run_save_callbacks'
/usr/local/rvm/gems/ruby-2.3.0/gems/activerecord-5.0.0.1/lib/active_record/callbacks.rb:298:in `create_or_update'
/usr/local/rvm/gems/ruby-2.3.0/gems/activerecord-5.0.0.1/lib/active_record/persistence.rb:125:in `save'
/usr/local/rvm/gems/ruby-2.3.0/gems/activerecord-5.0.0.1/lib/active_record/validations.rb:44:in `save'
/usr/local/rvm/gems/ruby-2.3.0/gems/activerecord-5.0.0.1/lib/active_record/attribute_methods/dirty.rb:22:in `save'
/usr/local/rvm/gems/ruby-2.3.0/gems/activerecord-5.0.0.1/lib/active_record/transactions.rb:319:in `block (2 levels) in save'
/usr/local/rvm/gems/ruby-2.3.0/gems/activerecord-5.0.0.1/lib/active_record/transactions.rb:395:in `block in with_transaction_returning_status'
/usr/local/rvm/gems/ruby-2.3.0/gems/activerecord-5.0.0.1/lib/active_record/connection_adapters/abstract/database_statements.rb:230:in `transaction'
/usr/local/rvm/gems/ruby-2.3.0/gems/activerecord-5.0.0.1/lib/active_record/transactions.rb:211:in `transaction'
/usr/local/rvm/gems/ruby-2.3.0/gems/activerecord-5.0.0.1/lib/active_record/transactions.rb:392:in `with_transaction_returning_status'
/usr/local/rvm/gems/ruby-2.3.0/gems/activerecord-5.0.0.1/lib/active_record/transactions.rb:319:in `block in save'
/usr/local/rvm/gems/ruby-2.3.0/gems/activerecord-5.0.0.1/lib/active_record/transactions.rb:334:in `rollback_active_record_state!'
/usr/local/rvm/gems/ruby-2.3.0/gems/activerecord-5.0.0.1/lib/active_record/transactions.rb:318:in `save'
/usr/local/rvm/gems/ruby-2.3.0/gems/activerecord-5.0.0.1/lib/active_record/suppressor.rb:41:in `save'
/usr/local/rvm/gems/ruby-2.3.0/gems/activerecord-5.0.0.1/lib/active_record/persistence.rb:266:in `block in update'
/usr/local/rvm/gems/ruby-2.3.0/gems/activerecord-5.0.0.1/lib/active_record/transactions.rb:395:in `block in with_transaction_returning_status'
/usr/local/rvm/gems/ruby-2.3.0/gems/activerecord-5.0.0.1/lib/active_record/connection_adapters/abstract/database_statements.rb:230:in `transaction'
/usr/local/rvm/gems/ruby-2.3.0/gems/activerecord-5.0.0.1/lib/active_record/transactions.rb:211:in `transaction'
/usr/local/rvm/gems/ruby-2.3.0/gems/activerecord-5.0.0.1/lib/active_record/transactions.rb:392:in `with_transaction_returning_status'
/usr/local/rvm/gems/ruby-2.3.0/gems/activerecord-5.0.0.1/lib/active_record/persistence.rb:264:in `update'
/home/ubuntu/workspace/matchme/app/models/match.rb:25:in `add_percent'
/usr/local/rvm/gems/ruby-2.3.0/gems/activesupport-5.0.0.1/lib/active_support/callbacks.rb:382:in `block in make_lambda'
/usr/local/rvm/gems/ruby-2.3.0/gems/activesupport-5.0.0.1/lib/active_support/callbacks.rb:207:in `block in halting_and_conditional'
/usr/local/rvm/gems/ruby-2.3.0/gems/activesupport-5.0.0.1/lib/active_support/callbacks.rb:456:in `block in call'
/usr/local/rvm/gems/ruby-2.3.0/gems/activesupport-5.0.0.1/lib/active_support/callbacks.rb:456:in `each'
/usr/local/rvm/gems/ruby-2.3.0/gems/activesupport-5.0.0.1/lib/active_support/callbacks.rb:456:in `call'
/usr/local/rvm/gems/ruby-2.3.0/gems/activesupport-5.0.0.1/lib/active_support/callbacks.rb:101:in `__run_callbacks__'
/usr/local/rvm/gems/ruby-2.3.0/gems/activesupport-5.0.0.1/lib/active_support/callbacks.rb:750:in `_run_save_callbacks'
/usr/local/rvm/gems/ruby-2.3.0/gems/activerecord-5.0.0.1/lib/active_record/callbacks.rb:298:in `create_or_update'
/usr/local/rvm/gems/ruby-2.3.0/gems/activerecord-5.0.0.1/lib/active_record/persistence.rb:125:in `save'
/usr/local/rvm/gems/ruby-2.3.0/gems/activerecord-5.0.0.1/lib/active_record/validations.rb:44:in `save'
/usr/local/rvm/gems/ruby-2.3.0/gems/activerecord-5.0.0.1/lib/active_record/attribute_methods/dirty.rb:22:in `save'
/usr/local/rvm/gems/ruby-2.3.0/gems/activerecord-5.0.0.1/lib/active_record/transactions.rb:319:in `block (2 levels) in save'
/usr/local/rvm/gems/ruby-2.3.0/gems/activerecord-5.0.0.1/lib/active_record/transactions.rb:395:in `block in with_transaction_returning_status'
/usr/local/rvm/gems/ruby-2.3.0/gems/activerecord-5.0.0.1/lib/active_record/connection_adapters/abstract/database_statements.rb:230:in `transaction'
/usr/local/rvm/gems/ruby-2.3.0/gems/activerecord-5.0.0.1/lib/active_record/transactions.rb:211:in `transaction'
/usr/local/rvm/gems/ruby-2.3.0/gems/activerecord-5.0.0.1/lib/active_record/transactions.rb:392:in `with_transaction_returning_status'
/usr/local/rvm/gems/ruby-2.3.0/gems/activerecord-5.0.0.1/lib/active_record/transactions.rb:319:in `block in save'
/usr/local/rvm/gems/ruby-2.3.0/gems/activerecord-5.0.0.1/lib/active_record/transactions.rb:334:in `rollback_active_record_state!'
/usr/local/rvm/gems/ruby-2.3.0/gems/activerecord-5.0.0.1/lib/active_record/transactions.rb:318:in `save'
/usr/local/rvm/gems/ruby-2.3.0/gems/activerecord-5.0.0.1/lib/active_record/suppressor.rb:41:in `save'
/usr/local/rvm/gems/ruby-2.3.0/gems/activerecord-5.0.0.1/lib/active_record/persistence.rb:266:in `block in update'
/usr/local/rvm/gems/ruby-2.3.0/gems/activerecord-5.0.0.1/lib/active_record/transactions.rb:395:in `block in with_transaction_returning_status'
/usr/local/rvm/gems/ruby-2.3.0/gems/activerecord-5.0.0.1/lib/active_record/connection_adapters/abstract/database_statements.rb:230:in `transaction'
/usr/local/rvm/gems/ruby-2.3.0/gems/activerecord-5.0.0.1/lib/active_record/transactions.rb:211:in `transaction'
/usr/local/rvm/gems/ruby-2.3.0/gems/activerecord-5.0.0.1/lib/active_record/transactions.rb:392:in `with_transaction_returning_status'
/usr/local/rvm/gems/ruby-2.3.0/gems/activerecord-5.0.0.1/lib/active_record/persistence.rb:264:in `update'
/home/ubuntu/workspace/matchme/app/models/match.rb:25:in `add_percent'
/usr/local/rvm/gems/ruby-2.3.0/gems/activesupport-5.0.0.1/lib/active_support/callbacks.rb:382:in `block in make_lambda'
/usr/local/rvm/gems/ruby-2.3.0/gems/activesupport-5.0.0.1/lib/active_support/callbacks.rb:207:in `block in halting_and_conditional'
/usr/local/rvm/gems/ruby-2.3.0/gems/activesupport-5.0.0.1/lib/active_support/callbacks.rb:456:in `block in call'
/usr/local/rvm/gems/ruby-2.3.0/gems/activesupport-5.0.0.1/lib/active_support/callbacks.rb:456:in `each'
/usr/local/rvm/gems/ruby-2.3.0/gems/activesupport-5.0.0.1/lib/active_support/callbacks.rb:456:in `call'
/usr/local/rvm/gems/ruby-2.3.0/gems/activesupport-5.0.0.1/lib/active_support/callbacks.rb:101:in `__run_callbacks__'
/usr/local/rvm/gems/ruby-2.3.0/gems/activesupport-5.0.0.1/lib/active_support/callbacks.rb:750:in `_run_save_callbacks'
/usr/local/rvm/gems/ruby-2.3.0/gems/activerecord-5.0.0.1/lib/active_record/callbacks.rb:298:in `create_or_update'
/usr/local/rvm/gems/ruby-2.3.0/gems/activerecord-5.0.0.1/lib/active_record/persistence.rb:125:in `save'
/usr/local/rvm/gems/ruby-2.3.0/gems/activerecord-5.0.0.1/lib/active_record/validations.rb:44:in `save'
/usr/local/rvm/gems/ruby-2.3.0/gems/activerecord-5.0.0.1/lib/active_record/attribute_methods/dirty.rb:22:in `save'
/usr/local/rvm/gems/ruby-2.3.0/gems/activerecord-5.0.0.1/lib/active_record/transactions.rb:319:in `block (2 levels) in save'
/usr/local/rvm/gems/ruby-2.3.0/gems/activerecord-5.0.0.1/lib/active_record/transactions.rb:395:in `block in with_transaction_returning_status'
/usr/local/rvm/gems/ruby-2.3.0/gems/activerecord-5.0.0.1/lib/active_record/connection_adapters/abstract/database_statements.rb:230:in `transaction'
/usr/local/rvm/gems/ruby-2.3.0/gems/activerecord-5.0.0.1/lib/active_record/transactions.rb:211:in `transaction'
/usr/local/rvm/gems/ruby-2.3.0/gems/activerecord-5.0.0.1/lib/active_record/transactions.rb:392:in `with_transaction_returning_status'
/usr/local/rvm/gems/ruby-2.3.0/gems/activerecord-5.0.0.1/lib/active_record/transactions.rb:319:in `block in save'
/usr/local/rvm/gems/ruby-2.3.0/gems/activerecord-5.0.0.1/lib/active_record/transactions.rb:334:in `rollback_active_record_state!'
/usr/local/rvm/gems/ruby-2.3.0/gems/activerecord-5.0.0.1/lib/active_record/transactions.rb:318:in `save'
/usr/local/rvm/gems/ruby-2.3.0/gems/activerecord-5.0.0.1/lib/active_record/suppressor.rb:41:in `save'
/usr/local/rvm/gems/ruby-2.3.0/gems/activerecord-5.0.0.1/lib/active_record/persistence.rb:266:in `block in update'
/usr/local/rvm/gems/ruby-2.3.0/gems/activerecord-5.0.0.1/lib/active_record/transactions.rb:395:in `block in with_transaction_returning_status'
/usr/local/rvm/gems/ruby-2.3.0/gems/activerecord-5.0.0.1/lib/active_record/connection_adapters/abstract/database_statements.rb:230:in `transaction'
/usr/local/rvm/gems/ruby-2.3.0/gems/activerecord-5.0.0.1/lib/active_record/transactions.rb:211:in `transaction'
/usr/local/rvm/gems/ruby-2.3.0/gems/activerecord-5.0.0.1/lib/active_record/transactions.rb:392:in `with_transaction_returning_status'
/usr/local/rvm/gems/ruby-2.3.0/gems/activerecord-5.0.0.1/lib/active_record/persistence.rb:264:in `update'
/home/ubuntu/workspace/matchme/app/models/match.rb:25:in `add_percent'
/usr/local/rvm/gems/ruby-2.3.0/gems/activesupport-5.0.0.1/lib/active_support/callbacks.rb:382:in `block in make_lambda'
/usr/local/rvm/gems/ruby-2.3.0/gems/activesupport-5.0.0.1/lib/active_support/callbacks.rb:207:in `block in halting_and_conditional'
/usr/local/rvm/gems/ruby-2.3.0/gems/activesupport-5.0.0.1/lib/active_support/callbacks.rb:456:in `block in call'
/usr/local/rvm/gems/ruby-2.3.0/gems/activesupport-5.0.0.1/lib/active_support/callbacks.rb:456:in `each'
/usr/local/rvm/gems/ruby-2.3.0/gems/activesupport-5.0.0.1/lib/active_support/callbacks.rb:456:in `call'
/usr/local/rvm/gems/ruby-2.3.0/gems/activesupport-5.0.0.1/lib/active_support/callbacks.rb:101:in `__run_callbacks__'
/usr/local/rvm/gems/ruby-2.3.0/gems/activesupport-5.0.0.1/lib/active_support/callbacks.rb:750:in `_run_save_callbacks'
/usr/local/rvm/gems/ruby-2.3.0/gems/activerecord-5.0.0.1/lib/active_record/callbacks.rb:298:in `create_or_update'
/usr/local/rvm/gems/ruby-2.3.0/gems/activerecord-5.0.0.1/lib/active_record/persistence.rb:125:in `save'
/usr/local/rvm/gems/ruby-2.3.0/gems/activerecord-5.0.0.1/lib/active_record/validations.rb:44:in `save'
/usr/local/rvm/gems/ruby-2.3.0/gems/activerecord-5.0.0.1/lib/active_record/attribute_methods/dirty.rb:22:in `save'
/usr/local/rvm/gems/ruby-2.3.0/gems/activerecord-5.0.0.1/lib/active_record/transactions.rb:319:in `block (2 levels) in save'
/usr/local/rvm/gems/ruby-2.3.0/gems/activerecord-5.0.0.1/lib/active_record/transactions.rb:395:in `block in with_transaction_returning_status'
/usr/local/rvm/gems/ruby-2.3.0/gems/activerecord-5.0.0.1/lib/active_record/connection_adapters/abstract/database_statements.rb:230:in `transaction'
/usr/local/rvm/gems/ruby-2.3.0/gems/activerecord-5.0.0.1/lib/active_record/transactions.rb:211:in `transaction'
/usr/local/rvm/gems/ruby-2.3.0/gems/activerecord-5.0.0.1/lib/active_record/transactions.rb:392:in `with_transaction_returning_status'
/usr/local/rvm/gems/ruby-2.3.0/gems/activerecord-5.0.0.1/lib/active_record/transactions.rb:319:in `block in save'
/usr/local/rvm/gems/ruby-2.3.0/gems/activerecord-5.0.0.1/lib/active_record/transactions.rb:334:in `rollback_active_record_state!'
/usr/local/rvm/gems/ruby-2.3.0/gems/activerecord-5.0.0.1/lib/active_record/transactions.rb:318:in `save'
/usr/local/rvm/gems/ruby-2.3.0/gems/activerecord-5.0.0.1/lib/active_record/suppressor.rb:41:in `save'
/usr/local/rvm/gems/ruby-2.3.0/gems/activerecord-5.0.0.1/lib/active_record/persistence.rb:266:in `block in update'
/usr/local/rvm/gems/ruby-2.3.0/gems/activerecord-5.0.0.1/lib/active_record/transactions.rb:395:in `block in with_transaction_returning_status'
/usr/local/rvm/gems/ruby-2.3.0/gems/activerecord-5.0.0.1/lib/active_record/connection_adapters/abstract/database_statements.rb:230:in `transaction'
/usr/local/rvm/gems/ruby-2.3.0/gems/activerecord-5.0.0.1/lib/active_record/transactions.rb:211:in `transaction'
/usr/local/rvm/gems/ruby-2.3.0/gems/activerecord-5.0.0.1/lib/active_record/transactions.rb:392:in `with_transaction_returning_status'
/usr/local/rvm/gems/ruby-2.3.0/gems/activerecord-5.0.0.1/lib/active_record/persistence.rb:264:in `update'
/home/ubuntu/workspace/matchme/app/models/match.rb:25:in `add_percent'
/usr/local/rvm/gems/ruby-2.3.0/gems/activesupport-5.0.0.1/lib/active_support/callbacks.rb:382:in `block in make_lambda'
/usr/local/rvm/gems/ruby-2.3.0/gems/activesupport-5.0.0.1/lib/active_support/callbacks.rb:207:in `block in halting_and_conditional'
/usr/local/rvm/gems/ruby-2.3.0/gems/activesupport-5.0.0.1/lib/active_support/callbacks.rb:456:in `block in call'
/usr/local/rvm/gems/ruby-2.3.0/gems/activesupport-5.0.0.1/lib/active_support/callbacks.rb:456:in `each'
/usr/local/rvm/gems/ruby-2.3.0/gems/activesupport-5.0.0.1/lib/active_support/callbacks.rb:456:in `call'
/usr/local/rvm/gems/ruby-2.3.0/gems/activesupport-5.0.0.1/lib/active_support/callbacks.rb:101:in `__run_callbacks__'
/usr/local/rvm/gems/ruby-2.3.0/gems/activesupport-5.0.0.1/lib/active_support/callbacks.rb:750:in `_run_save_callbacks'
/usr/local/rvm/gems/ruby-2.3.0/gems/activerecord-5.0.0.1/lib/active_record/callbacks.rb:298:in `create_or_update'
/usr/local/rvm/gems/ruby-2.3.0/gems/activerecord-5.0.0.1/lib/active_record/persistence.rb:125:in `save'
/usr/local/rvm/gems/ruby-2.3.0/gems/activerecord-5.0.0.1/lib/active_record/validations.rb:44:in `save'
/usr/local/rvm/gems/ruby-2.3.0/gems/activerecord-5.0.0.1/lib/active_record/attribute_methods/dirty.rb:22:in `save'
/usr/local/rvm/gems/ruby-2.3.0/gems/activerecord-5.0.0.1/lib/active_record/transactions.rb:319:in `block (2 levels) in save'
/usr/local/rvm/gems/ruby-2.3.0/gems/activerecord-5.0.0.1/lib/active_record/transactions.rb:395:in `block in with_transaction_returning_status'
/usr/local/rvm/gems/ruby-2.3.0/gems/activerecord-5.0.0.1/lib/active_record/connection_adapters/abstract/database_statements.rb:230:in `transaction'
/usr/local/rvm/gems/ruby-2.3.0/gems/activerecord-5.0.0.1/lib/active_record/transactions.rb:211:in `transaction'
/usr/local/rvm/gems/ruby-2.3.0/gems/activerecord-5.0.0.1/lib/active_record/transactions.rb:392:in `with_transaction_returning_status'
/usr/local/rvm/gems/ruby-2.3.0/gems/activerecord-5.0.0.1/lib/active_record/transactions.rb:319:in `block in save'
/usr/local/rvm/gems/ruby-2.3.0/gems/activerecord-5.0.0.1/lib/active_record/transactions.rb:334:in `rollback_active_record_state!'
/usr/local/rvm/gems/ruby-2.3.0/gems/activerecord-5.0.0.1/lib/active_record/transactions.rb:318:in `save'
/usr/local/rvm/gems/ruby-2.3.0/gems/activerecord-5.0.0.1/lib/active_record/suppressor.rb:41:in `save'
/usr/local/rvm/gems/ruby-2.3.0/gems/activerecord-5.0.0.1/lib/active_record/persistence.rb:266:in `block in update'
/usr/local/rvm/gems/ruby-2.3.0/gems/activerecord-5.0.0.1/lib/active_record/transactions.rb:395:in `block in with_transaction_returning_status'
/usr/local/rvm/gems/ruby-2.3.0/gems/activerecord-5.0.0.1/lib/active_record/connection_adapters/abstract/database_statements.rb:230:in `transaction'
/usr/local/rvm/gems/ruby-2.3.0/gems/activerecord-5.0.0.1/lib/active_record/transactions.rb:211:in `transaction'
/usr/local/rvm/gems/ruby-2.3.0/gems/activerecord-5.0.0.1/lib/active_record/transactions.rb:392:in `with_transaction_returning_status'
/usr/local/rvm/gems/ruby-2.3.0/gems/activerecord-5.0.0.1/lib/active_record/persistence.rb:264:in `update'
/home/ubuntu/workspace/matchme/app/models/match.rb:25:in `add_percent'
/usr/local/rvm/gems/ruby-2.3.0/gems/activesupport-5.0.0.1/lib/active_support/callbacks.rb:382:in `block in make_lambda'
/usr/local/rvm/gems/ruby-2.3.0/gems/activesupport-5.0.0.1/lib/active_support/callbacks.rb:207:in `block in halting_and_conditional'
/usr/local/rvm/gems/ruby-2.3.0/gems/activesupport-5.0.0.1/lib/active_support/callbacks.rb:456:in `block in call'
/usr/local/rvm/gems/ruby-2.3.0/gems/activesupport-5.0.0.1/lib/active_support/callbacks.rb:456:in `each'
/usr/local/rvm/gems/ruby-2.3.0/gems/activesupport-5.0.0.1/lib/active_support/callbacks.rb:456:in `call'
/usr/local/rvm/gems/ruby-2.3.0/gems/activesupport-5.0.0.1/lib/active_support/callbacks.rb:101:in `__run_callbacks__'
/usr/local/rvm/gems/ruby-2.3.0/gems/activesupport-5.0.0.1/lib/active_support/callbacks.rb:750:in `_run_save_callbacks'
/usr/local/rvm/gems/ruby-2.3.0/gems/activerecord-5.0.0.1/lib/active_record/callbacks.rb:298:in `create_or_update'
/usr/local/rvm/gems/ruby-2.3.0/gems/activerecord-5.0.0.1/lib/active_record/persistence.rb:125:in `save'
/usr/local/rvm/gems/ruby-2.3.0/gems/activerecord-5.0.0.1/lib/active_record/validations.rb:44:in `save'
/usr/local/rvm/gems/ruby-2.3.0/gems/activerecord-5.0.0.1/lib/active_record/attribute_methods/dirty.rb:22:in `save'
/usr/local/rvm/gems/ruby-2.3.0/gems/activerecord-5.0.0.1/lib/active_record/transactions.rb:319:in `block (2 levels) in save'
/usr/local/rvm/gems/ruby-2.3.0/gems/activerecord-5.0.0.1/lib/active_record/transactions.rb:395:in `block in with_transaction_returning_status'
/usr/local/rvm/gems/ruby-2.3.0/gems/activerecord-5.0.0.1/lib/active_record/connection_adapters/abstract/database_statements.rb:230:in `transaction'
/usr/local/rvm/gems/ruby-2.3.0/gems/activerecord-5.0.0.1/lib/active_record/transactions.rb:211:in `transaction'
/usr/local/rvm/gems/ruby-2.3.0/gems/activerecord-5.0.0.1/lib/active_record/transactions.rb:392:in `with_transaction_returning_status'
/usr/local/rvm/gems/ruby-2.3.0/gems/activerecord-5.0.0.1/lib/active_record/transactions.rb:319:in `block in save'
/usr/local/rvm/gems/ruby-2.3.0/gems/activerecord-5.0.0.1/lib/active_record/transactions.rb:334:in `rollback_active_record_state!'
/usr/local/rvm/gems/ruby-2.3.0/gems/activerecord-5.0.0.1/lib/active_record/transactions.rb:318:in `save'
/usr/local/rvm/gems/ruby-2.3.0/gems/activerecord-5.0.0.1/lib/active_record/suppressor.rb:41:in `save'
/usr/local/rvm/gems/ruby-2.3.0/gems/activerecord-5.0.0.1/lib/active_record/persistence.rb:266:in `block in update'
/usr/local/rvm/gems/ruby-2.3.0/gems/activerecord-5.0.0.1/lib/active_record/transactions.rb:395:in `block in with_transaction_returning_status'
/usr/local/rvm/gems/ruby-2.3.0/gems/activerecord-5.0.0.1/lib/active_record/connection_adapters/abstract/database_statements.rb:230:in `transaction'
/usr/local/rvm/gems/ruby-2.3.0/gems/activerecord-5.0.0.1/lib/active_record/transactions.rb:211:in `transaction'
/usr/local/rvm/gems/ruby-2.3.0/gems/activerecord-5.0.0.1/lib/active_record/transactions.rb:392:in `with_transaction_returning_status'
/usr/local/rvm/gems/ruby-2.3.0/gems/activerecord-5.0.0.1/lib/active_record/persistence.rb:264:in `update'
/home/ubuntu/workspace/matchme/app/models/match.rb:25:in `add_percent'
/usr/local/rvm/gems/ruby-2.3.0/gems/activesupport-5.0.0.1/lib/active_support/callbacks.rb:382:in `block in make_lambda'
/usr/local/rvm/gems/ruby-2.3.0/gems/activesupport-5.0.0.1/lib/active_support/callbacks.rb:207:in `block in halting_and_conditional'
/usr/local/rvm/gems/ruby-2.3.0/gems/activesupport-5.0.0.1/lib/active_support/callbacks.rb:456:in `block in call'
/usr/local/rvm/gems/ruby-2.3.0/gems/activesupport-5.0.0.1/lib/active_support/callbacks.rb:456:in `each'
/usr/local/rvm/gems/ruby-2.3.0/gems/activesupport-5.0.0.1/lib/active_support/callbacks.rb:456:in `call'
/usr/local/rvm/gems/ruby-2.3.0/gems/activesupport-5.0.0.1/lib/active_support/callbacks.rb:101:in `__run_callbacks__'
/usr/local/rvm/gems/ruby-2.3.0/gems/activesupport-5.0.0.1/lib/active_support/callbacks.rb:750:in `_run_save_callbacks'
/usr/local/rvm/gems/ruby-2.3.0/gems/activerecord-5.0.0.1/lib/active_record/callbacks.rb:298:in `create_or_update'
/usr/local/rvm/gems/ruby-2.3.0/gems/activerecord-5.0.0.1/lib/active_record/persistence.rb:125:in `save'
/usr/local/rvm/gems/ruby-2.3.0/gems/activerecord-5.0.0.1/lib/active_record/validations.rb:44:in `save'
/usr/local/rvm/gems/ruby-2.3.0/gems/activerecord-5.0.0.1/lib/active_record/attribute_methods/dirty.rb:22:in `save'
/usr/local/rvm/gems/ruby-2.3.0/gems/activerecord-5.0.0.1/lib/active_record/transactions.rb:319:in `block (2 levels) in save'
/usr/local/rvm/gems/ruby-2.3.0/gems/activerecord-5.0.0.1/lib/active_record/transactions.rb:395:in `block in with_transaction_returning_status'
/usr/local/rvm/gems/ruby-2.3.0/gems/activerecord-5.0.0.1/lib/active_record/connection_adapters/abstract/database_statements.rb:230:in `transaction'
/usr/local/rvm/gems/ruby-2.3.0/gems/activerecord-5.0.0.1/lib/active_record/transactions.rb:211:in `transaction'
/usr/local/rvm/gems/ruby-2.3.0/gems/activerecord-5.0.0.1/lib/active_record/transactions.rb:392:in `with_transaction_returning_status'
/usr/local/rvm/gems/ruby-2.3.0/gems/activerecord-5.0.0.1/lib/active_record/transactions.rb:319:in `block in save'
/usr/local/rvm/gems/ruby-2.3.0/gems/activerecord-5.0.0.1/lib/active_record/transactions.rb:334:in `rollback_active_record_state!'
/usr/local/rvm/gems/ruby-2.3.0/gems/activerecord-5.0.0.1/lib/active_record/transactions.rb:318:in `save'
/usr/local/rvm/gems/ruby-2.3.0/gems/activerecord-5.0.0.1/lib/active_record/suppressor.rb:41:in `save'
/usr/local/rvm/gems/ruby-2.3.0/gems/activerecord-5.0.0.1/lib/active_record/persistence.rb:266:in `block in update'
/usr/local/rvm/gems/ruby-2.3.0/gems/activerecord-5.0.0.1/lib/active_record/transactions.rb:395:in `block in with_transaction_returning_status'
/usr/local/rvm/gems/ruby-2.3.0/gems/activerecord-5.0.0.1/lib/active_record/connection_adapters/abstract/database_statements.rb:230:in `transaction'
/usr/local/rvm/gems/ruby-2.3.0/gems/activerecord-5.0.0.1/lib/active_record/transactions.rb:211:in `transaction'
/usr/local/rvm/gems/ruby-2.3.0/gems/activerecord-5.0.0.1/lib/active_record/transactions.rb:392:in `with_transaction_returning_status'
/usr/local/rvm/gems/ruby-2.3.0/gems/activerecord-5.0.0.1/lib/active_record/persistence.rb:264:in `update'
/home/ubuntu/workspace/matchme/app/models/match.rb:25:in `add_percent'
/usr/local/rvm/gems/ruby-2.3.0/gems/activesupport-5.0.0.1/lib/active_support/callbacks.rb:382:in `block in make_lambda'
/usr/local/rvm/gems/ruby-2.3.0/gems/activesupport-5.0.0.1/lib/active_support/callbacks.rb:207:in `block in halting_and_conditional'
/usr/local/rvm/gems/ruby-2.3.0/gems/activesupport-5.0.0.1/lib/active_support/callbacks.rb:456:in `block in call'
/usr/local/rvm/gems/ruby-2.3.0/gems/activesupport-5.0.0.1/lib/active_support/callbacks.rb:456:in `each'
/usr/local/rvm/gems/ruby-2.3.0/gems/activesupport-5.0.0.1/lib/active_support/callbacks.rb:456:in `call'
/usr/local/rvm/gems/ruby-2.3.0/gems/activesupport-5.0.0.1/lib/active_support/callbacks.rb:101:in `__run_callbacks__'
/usr/local/rvm/gems/ruby-2.3.0/gems/activesupport-5.0.0.1/lib/active_support/callbacks.rb:750:in `_run_save_callbacks'
/usr/local/rvm/gems/ruby-2.3.0/gems/activerecord-5.0.0.1/lib/active_record/callbacks.rb:298:in `create_or_update'
/usr/local/rvm/gems/ruby-2.3.0/gems/activerecord-5.0.0.1/lib/active_record/persistence.rb:125:in `save'
/usr/local/rvm/gems/ruby-2.3.0/gems/activerecord-5.0.0.1/lib/active_record/validations.rb:44:in `save'
/usr/local/rvm/gems/ruby-2.3.0/gems/activerecord-5.0.0.1/lib/active_record/attribute_methods/dirty.rb:22:in `save'
/usr/local/rvm/gems/ruby-2.3.0/gems/activerecord-5.0.0.1/lib/active_record/transactions.rb:319:in `block (2 levels) in save'
/usr/local/rvm/gems/ruby-2.3.0/gems/activerecord-5.0.0.1/lib/active_record/transactions.rb:395:in `block in with_transaction_returning_status'
/usr/local/rvm/gems/ruby-2.3.0/gems/activerecord-5.0.0.1/lib/active_record/connection_adapters/abstract/database_statements.rb:230:in `transaction'
/usr/local/rvm/gems/ruby-2.3.0/gems/activerecord-5.0.0.1/lib/active_record/transactions.rb:211:in `transaction'
/usr/local/rvm/gems/ruby-2.3.0/gems/activerecord-5.0.0.1/lib/active_record/transactions.rb:392:in `with_transaction_returning_status'
/usr/local/rvm/gems/ruby-2.3.0/gems/activerecord-5.0.0.1/lib/active_record/transactions.rb:319:in `block in save'
/usr/local/rvm/gems/ruby-2.3.0/gems/activerecord-5.0.0.1/lib/active_record/transactions.rb:334:in `rollback_active_record_state!'
/usr/local/rvm/gems/ruby-2.3.0/gems/activerecord-5.0.0.1/lib/active_record/transactions.rb:318:in `save'
/usr/local/rvm/gems/ruby-2.3.0/gems/activerecord-5.0.0.1/lib/active_record/suppressor.rb:41:in `save'
/usr/local/rvm/gems/ruby-2.3.0/gems/activerecord-5.0.0.1/lib/active_record/persistence.rb:266:in `block in update'
/usr/local/rvm/gems/ruby-2.3.0/gems/activerecord-5.0.0.1/lib/active_record/transactions.rb:395:in `block in with_transaction_returning_status'
/usr/local/rvm/gems/ruby-2.3.0/gems/activerecord-5.0.0.1/lib/active_record/connection_adapters/abstract/database_statements.rb:230:in `transaction'
/usr/local/rvm/gems/ruby-2.3.0/gems/activerecord-5.0.0.1/lib/active_record/transactions.rb:211:in `transaction'
/usr/local/rvm/gems/ruby-2.3.0/gems/activerecord-5.0.0.1/lib/active_record/transactions.rb:392:in `with_transaction_returning_status'
/usr/local/rvm/gems/ruby-2.3.0/gems/activerecord-5.0.0.1/lib/active_record/persistence.rb:264:in `update'
/home/ubuntu/workspace/matchme/app/models/match.rb:25:in `add_percent'
/usr/local/rvm/gems/ruby-2.3.0/gems/activesupport-5.0.0.1/lib/active_support/callbacks.rb:382:in `block in make_lambda'
/usr/local/rvm/gems/ruby-2.3.0/gems/activesupport-5.0.0.1/lib/active_support/callbacks.rb:207:in `block in halting_and_conditional'
/usr/local/rvm/gems/ruby-2.3.0/gems/activesupport-5.0.0.1/lib/active_support/callbacks.rb:456:in `block in call'
/usr/local/rvm/gems/ruby-2.3.0/gems/activesupport-5.0.0.1/lib/active_support/callbacks.rb:456:in `each'
/usr/local/rvm/gems/ruby-2.3.0/gems/activesupport-5.0.0.1/lib/active_support/callbacks.rb:456:in `call'
/usr/local/rvm/gems/ruby-2.3.0/gems/activesupport-5.0.0.1/lib/active_support/callbacks.rb:101:in `__run_callbacks__'
/usr/local/rvm/gems/ruby-2.3.0/gems/activesupport-5.0.0.1/lib/active_support/callbacks.rb:750:in `_run_save_callbacks'
/usr/local/rvm/gems/ruby-2.3.0/gems/activerecord-5.0.0.1/lib/active_record/callbacks.rb:298:in `create_or_update'
/usr/local/rvm/gems/ruby-2.3.0/gems/activerecord-5.0.0.1/lib/active_record/persistence.rb:125:in `save'
/usr/local/rvm/gems/ruby-2.3.0/gems/activerecord-5.0.0.1/lib/active_record/validations.rb:44:in `save'
/usr/local/rvm/gems/ruby-2.3.0/gems/activerecord-5.0.0.1/lib/active_record/attribute_methods/dirty.rb:22:in `save'
/usr/local/rvm/gems/ruby-2.3.0/gems/activerecord-5.0.0.1/lib/active_record/transactions.rb:319:in `block (2 levels) in save'
/usr/local/rvm/gems/ruby-2.3.0/gems/activerecord-5.0.0.1/lib/active_record/transactions.rb:395:in `block in with_transaction_returning_status'
/usr/local/rvm/gems/ruby-2.3.0/gems/activerecord-5.0.0.1/lib/active_record/connection_adapters/abstract/database_statements.rb:230:in `transaction'
/usr/local/rvm/gems/ruby-2.3.0/gems/activerecord-5.0.0.1/lib/active_record/transactions.rb:211:in `transaction'
/usr/local/rvm/gems/ruby-2.3.0/gems/activerecord-5.0.0.1/lib/active_record/transactions.rb:392:in `with_transaction_returning_status'
/usr/local/rvm/gems/ruby-2.3.0/gems/activerecord-5.0.0.1/lib/active_record/transactions.rb:319:in `block in save'
/usr/local/rvm/gems/ruby-2.3.0/gems/activerecord-5.0.0.1/lib/active_record/transactions.rb:334:in `rollback_active_record_state!'
/usr/local/rvm/gems/ruby-2.3.0/gems/activerecord-5.0.0.1/lib/active_record/transactions.rb:318:in `save'
/usr/local/rvm/gems/ruby-2.3.0/gems/activerecord-5.0.0.1/lib/active_record/suppressor.rb:41:in `save'
/usr/local/rvm/gems/ruby-2.3.0/gems/activerecord-5.0.0.1/lib/active_record/persistence.rb:266:in `block in update'
/usr/local/rvm/gems/ruby-2.3.0/gems/activerecord-5.0.0.1/lib/active_record/transactions.rb:395:in `block in with_transaction_returning_status'
/usr/local/rvm/gems/ruby-2.3.0/gems/activerecord-5.0.0.1/lib/active_record/connection_adapters/abstract/database_statements.rb:230:in `transaction'
/usr/local/rvm/gems/ruby-2.3.0/gems/activerecord-5.0.0.1/lib/active_record/transactions.rb:211:in `transaction'
/usr/local/rvm/gems/ruby-2.3.0/gems/activerecord-5.0.0.1/lib/active_record/transactions.rb:392:in `with_transaction_returning_status'
/usr/local/rvm/gems/ruby-2.3.0/gems/activerecord-5.0.0.1/lib/active_record/persistence.rb:264:in `update'
/home/ubuntu/workspace/matchme/app/models/match.rb:25:in `add_percent'
/usr/local/rvm/gems/ruby-2.3.0/gems/activesupport-5.0.0.1/lib/active_support/callbacks.rb:382:in `block in make_lambda'
/usr/local/rvm/gems/ruby-2.3.0/gems/activesupport-5.0.0.1/lib/active_support/callbacks.rb:207:in `block in halting_and_conditional'
/usr/local/rvm/gems/ruby-2.3.0/gems/activesupport-5.0.0.1/lib/active_support/callbacks.rb:456:in `block in call'
/usr/local/rvm/gems/ruby-2.3.0/gems/activesupport-5.0.0.1/lib/active_support/callbacks.rb:456:in `each'
/usr/local/rvm/gems/ruby-2.3.0/gems/activesupport-5.0.0.1/lib/active_support/callbacks.rb:456:in `call'
/usr/local/rvm/gems/ruby-2.3.0/gems/activesupport-5.0.0.1/lib/active_support/callbacks.rb:101:in `__run_callbacks__'
/usr/local/rvm/gems/ruby-2.3.0/gems/activesupport-5.0.0.1/lib/active_support/callbacks.rb:750:in `_run_save_callbacks'
/usr/local/rvm/gems/ruby-2.3.0/gems/activerecord-5.0.0.1/lib/active_record/callbacks.rb:298:in `create_or_update'
/usr/local/rvm/gems/ruby-2.3.0/gems/activerecord-5.0.0.1/lib/active_record/persistence.rb:125:in `save'
/usr/local/rvm/gems/ruby-2.3.0/gems/activerecord-5.0.0.1/lib/active_record/validations.rb:44:in `save'
/usr/local/rvm/gems/ruby-2.3.0/gems/activerecord-5.0.0.1/lib/active_record/attribute_methods/dirty.rb:22:in `save'
/usr/local/rvm/gems/ruby-2.3.0/gems/activerecord-5.0.0.1/lib/active_record/transactions.rb:319:in `block (2 levels) in save'
/usr/local/rvm/gems/ruby-2.3.0/gems/activerecord-5.0.0.1/lib/active_record/transactions.rb:395:in `block in with_transaction_returning_status'
/usr/local/rvm/gems/ruby-2.3.0/gems/activerecord-5.0.0.1/lib/active_record/connection_adapters/abstract/database_statements.rb:230:in `transaction'
/usr/local/rvm/gems/ruby-2.3.0/gems/activerecord-5.0.0.1/lib/active_record/transactions.rb:211:in `transaction'
/usr/local/rvm/gems/ruby-2.3.0/gems/activerecord-5.0.0.1/lib/active_record/transactions.rb:392:in `with_transaction_returning_status'
/usr/local/rvm/gems/ruby-2.3.0/gems/activerecord-5.0.0.1/lib/active_record/transactions.rb:319:in `block in save'
/usr/local/rvm/gems/ruby-2.3.0/gems/activerecord-5.0.0.1/lib/active_record/transactions.rb:334:in `rollback_active_record_state!'
/usr/local/rvm/gems/ruby-2.3.0/gems/activerecord-5.0.0.1/lib/active_record/transactions.rb:318:in `save'
/usr/local/rvm/gems/ruby-2.3.0/gems/activerecord-5.0.0.1/lib/active_record/suppressor.rb:41:in `save'
/usr/local/rvm/gems/ruby-2.3.0/gems/activerecord-5.0.0.1/lib/active_record/persistence.rb:266:in `block in update'
/usr/local/rvm/gems/ruby-2.3.0/gems/activerecord-5.0.0.1/lib/active_record/transactions.rb:395:in `block in with_transaction_returning_status'
/usr/local/rvm/gems/ruby-2.3.0/gems/activerecord-5.0.0.1/lib/active_record/connection_adapters/abstract/database_statements.rb:230:in `transaction'
/usr/local/rvm/gems/ruby-2.3.0/gems/activerecord-5.0.0.1/lib/active_record/transactions.rb:211:in `transaction'
/usr/local/rvm/gems/ruby-2.3.0/gems/activerecord-5.0.0.1/lib/active_record/transactions.rb:392:in `with_transaction_returning_status'
/usr/local/rvm/gems/ruby-2.3.0/gems/activerecord-5.0.0.1/lib/active_record/persistence.rb:264:in `update'
/home/ubuntu/workspace/matchme/app/models/match.rb:25:in `add_percent'
/usr/local/rvm/gems/ruby-2.3.0/gems/activesupport-5.0.0.1/lib/active_support/callbacks.rb:382:in `block in make_lambda'
/usr/local/rvm/gems/ruby-2.3.0/gems/activesupport-5.0.0.1/lib/active_support/callbacks.rb:207:in `block in halting_and_conditional'
/usr/local/rvm/gems/ruby-2.3.0/gems/activesupport-5.0.0.1/lib/active_support/callbacks.rb:456:in `block in call'
/usr/local/rvm/gems/ruby-2.3.0/gems/activesupport-5.0.0.1/lib/active_support/callbacks.rb:456:in `each'
/usr/local/rvm/gems/ruby-2.3.0/gems/activesupport-5.0.0.1/lib/active_support/callbacks.rb:456:in `call'
/usr/local/rvm/gems/ruby-2.3.0/gems/activesupport-5.0.0.1/lib/active_support/callbacks.rb:101:in `__run_callbacks__'
/usr/local/rvm/gems/ruby-2.3.0/gems/activesupport-5.0.0.1/lib/active_support/callbacks.rb:750:in `_run_save_callbacks'
/usr/local/rvm/gems/ruby-2.3.0/gems/activerecord-5.0.0.1/lib/active_record/callbacks.rb:298:in `create_or_update'
/usr/local/rvm/gems/ruby-2.3.0/gems/activerecord-5.0.0.1/lib/active_record/persistence.rb:125:in `save'
/usr/local/rvm/gems/ruby-2.3.0/gems/activerecord-5.0.0.1/lib/active_record/validations.rb:44:in `save'
/usr/local/rvm/gems/ruby-2.3.0/gems/activerecord-5.0.0.1/lib/active_record/attribute_methods/dirty.rb:22:in `save'
/usr/local/rvm/gems/ruby-2.3.0/gems/activerecord-5.0.0.1/lib/active_record/transactions.rb:319:in `block (2 levels) in save'
/usr/local/rvm/gems/ruby-2.3.0/gems/activerecord-5.0.0.1/lib/active_record/transactions.rb:395:in `block in with_transaction_returning_status'
/usr/local/rvm/gems/ruby-2.3.0/gems/activerecord-5.0.0.1/lib/active_record/connection_adapters/abstract/database_statements.rb:230:in `transaction'
/usr/local/rvm/gems/ruby-2.3.0/gems/activerecord-5.0.0.1/lib/active_record/transactions.rb:211:in `transaction'
/usr/local/rvm/gems/ruby-2.3.0/gems/activerecord-5.0.0.1/lib/active_record/transactions.rb:392:in `with_transaction_returning_status'
/usr/local/rvm/gems/ruby-2.3.0/gems/activerecord-5.0.0.1/lib/active_record/transactions.rb:319:in `block in save'
/usr/local/rvm/gems/ruby-2.3.0/gems/activerecord-5.0.0.1/lib/active_record/transactions.rb:334:in `rollback_active_record_state!'
/usr/local/rvm/gems/ruby-2.3.0/gems/activerecord-5.0.0.1/lib/active_record/transactions.rb:318:in `save'
/usr/local/rvm/gems/ruby-2.3.0/gems/activerecord-5.0.0.1/lib/active_record/suppressor.rb:41:in `save'
/usr/local/rvm/gems/ruby-2.3.0/gems/activerecord-5.0.0.1/lib/active_record/persistence.rb:266:in `block in update'
/usr/local/rvm/gems/ruby-2.3.0/gems/activerecord-5.0.0.1/lib/active_record/transactions.rb:395:in `block in with_transaction_returning_status'
/usr/local/rvm/gems/ruby-2.3.0/gems/activerecord-5.0.0.1/lib/active_record/connection_adapters/abstract/database_statements.rb:230:in `transaction'
/usr/local/rvm/gems/ruby-2.3.0/gems/activerecord-5.0.0.1/lib/active_record/transactions.rb:211:in `transaction'
/usr/local/rvm/gems/ruby-2.3.0/gems/activerecord-5.0.0.1/lib/active_record/transactions.rb:392:in `with_transaction_returning_status'
/usr/local/rvm/gems/ruby-2.3.0/gems/activerecord-5.0.0.1/lib/active_record/persistence.rb:264:in `update'
/home/ubuntu/workspace/matchme/app/models/match.rb:25:in `add_percent'
/usr/local/rvm/gems/ruby-2.3.0/gems/activesupport-5.0.0.1/lib/active_support/callbacks.rb:382:in `block in make_lambda'
/usr/local/rvm/gems/ruby-2.3.0/gems/activesupport-5.0.0.1/lib/active_support/callbacks.rb:207:in `block in halting_and_conditional'
/usr/local/rvm/gems/ruby-2.3.0/gems/activesupport-5.0.0.1/lib/active_support/callbacks.rb:456:in `block in call'
/usr/local/rvm/gems/ruby-2.3.0/gems/activesupport-5.0.0.1/lib/active_support/callbacks.rb:456:in `each'
/usr/local/rvm/gems/ruby-2.3.0/gems/activesupport-5.0.0.1/lib/active_support/callbacks.rb:456:in `call'
/usr/local/rvm/gems/ruby-2.3.0/gems/activesupport-5.0.0.1/lib/active_support/callbacks.rb:101:in `__run_callbacks__'
/usr/local/rvm/gems/ruby-2.3.0/gems/activesupport-5.0.0.1/lib/active_support/callbacks.rb:750:in `_run_save_callbacks'
/usr/local/rvm/gems/ruby-2.3.0/gems/activerecord-5.0.0.1/lib/active_record/callbacks.rb:298:in `create_or_update'
/usr/local/rvm/gems/ruby-2.3.0/gems/activerecord-5.0.0.1/lib/active_record/persistence.rb:125:in `save'
/usr/local/rvm/gems/ruby-2.3.0/gems/activerecord-5.0.0.1/lib/active_record/validations.rb:44:in `save'
/usr/local/rvm/gems/ruby-2.3.0/gems/activerecord-5.0.0.1/lib/active_record/attribute_methods/dirty.rb:22:in `save'
/usr/local/rvm/gems/ruby-2.3.0/gems/activerecord-5.0.0.1/lib/active_record/transactions.rb:319:in `block (2 levels) in save'
/usr/local/rvm/gems/ruby-2.3.0/gems/activerecord-5.0.0.1/lib/active_record/transactions.rb:395:in `block in with_transaction_returning_status'
/usr/local/rvm/gems/ruby-2.3.0/gems/activerecord-5.0.0.1/lib/active_record/connection_adapters/abstract/database_statements.rb:230:in `transaction'
/usr/local/rvm/gems/ruby-2.3.0/gems/activerecord-5.0.0.1/lib/active_record/transactions.rb:211:in `transaction'
/usr/local/rvm/gems/ruby-2.3.0/gems/activerecord-5.0.0.1/lib/active_record/transactions.rb:392:in `with_transaction_returning_status'
/usr/local/rvm/gems/ruby-2.3.0/gems/activerecord-5.0.0.1/lib/active_record/transactions.rb:319:in `block in save'
/usr/local/rvm/gems/ruby-2.3.0/gems/activerecord-5.0.0.1/lib/active_record/transactions.rb:334:in `rollback_active_record_state!'
/usr/local/rvm/gems/ruby-2.3.0/gems/activerecord-5.0.0.1/lib/active_record/transactions.rb:318:in `save'
/usr/local/rvm/gems/ruby-2.3.0/gems/activerecord-5.0.0.1/lib/active_record/suppressor.rb:41:in `save'
/usr/local/rvm/gems/ruby-2.3.0/gems/activerecord-5.0.0.1/lib/active_record/persistence.rb:266:in `block in update'
/usr/local/rvm/gems/ruby-2.3.0/gems/activerecord-5.0.0.1/lib/active_record/transactions.rb:395:in `block in with_transaction_returning_status'
/usr/local/rvm/gems/ruby-2.3.0/gems/activerecord-5.0.0.1/lib/active_record/connection_adapters/abstract/database_statements.rb:230:in `transaction'
/usr/local/rvm/gems/ruby-2.3.0/gems/activerecord-5.0.0.1/lib/active_record/transactions.rb:211:in `transaction'
/usr/local/rvm/gems/ruby-2.3.0/gems/activerecord-5.0.0.1/lib/active_record/transactions.rb:392:in `with_transaction_returning_status'
/usr/local/rvm/gems/ruby-2.3.0/gems/activerecord-5.0.0.1/lib/active_record/persistence.rb:264:in `update'
/home/ubuntu/workspace/matchme/app/models/match.rb:25:in `add_percent'
/usr/local/rvm/gems/ruby-2.3.0/gems/activesupport-5.0.0.1/lib/active_support/callbacks.rb:382:in `block in make_lambda'
/usr/local/rvm/gems/ruby-2.3.0/gems/activesupport-5.0.0.1/lib/active_support/callbacks.rb:207:in `block in halting_and_conditional'
/usr/local/rvm/gems/ruby-2.3.0/gems/activesupport-5.0.0.1/lib/active_support/callbacks.rb:456:in `block in call'
/usr/local/rvm/gems/ruby-2.3.0/gems/activesupport-5.0.0.1/lib/active_support/callbacks.rb:456:in `each'
/usr/local/rvm/gems/ruby-2.3.0/gems/activesupport-5.0.0.1/lib/active_support/callbacks.rb:456:in `call'
/usr/local/rvm/gems/ruby-2.3.0/gems/activesupport-5.0.0.1/lib/active_support/callbacks.rb:101:in `__run_callbacks__'
/usr/local/rvm/gems/ruby-2.3.0/gems/activesupport-5.0.0.1/lib/active_support/callbacks.rb:750:in `_run_save_callbacks'
/usr/local/rvm/gems/ruby-2.3.0/gems/activerecord-5.0.0.1/lib/active_record/callbacks.rb:298:in `create_or_update'
/usr/local/rvm/gems/ruby-2.3.0/gems/activerecord-5.0.0.1/lib/active_record/persistence.rb:125:in `save'
/usr/local/rvm/gems/ruby-2.3.0/gems/activerecord-5.0.0.1/lib/active_record/validations.rb:44:in `save'
/usr/local/rvm/gems/ruby-2.3.0/gems/activerecord-5.0.0.1/lib/active_record/attribute_methods/dirty.rb:22:in `save'
/usr/local/rvm/gems/ruby-2.3.0/gems/activerecord-5.0.0.1/lib/active_record/transactions.rb:319:in `block (2 levels) in save'
/usr/local/rvm/gems/ruby-2.3.0/gems/activerecord-5.0.0.1/lib/active_record/transactions.rb:395:in `block in with_transaction_returning_status'
/usr/local/rvm/gems/ruby-2.3.0/gems/activerecord-5.0.0.1/lib/active_record/connection_adapters/abstract/database_statements.rb:230:in `transaction'
/usr/local/rvm/gems/ruby-2.3.0/gems/activerecord-5.0.0.1/lib/active_record/transactions.rb:211:in `transaction'
/usr/local/rvm/gems/ruby-2.3.0/gems/activerecord-5.0.0.1/lib/active_record/transactions.rb:392:in `with_transaction_returning_status'
/usr/local/rvm/gems/ruby-2.3.0/gems/activerecord-5.0.0.1/lib/active_record/transactions.rb:319:in `block in save'
/usr/local/rvm/gems/ruby-2.3.0/gems/activerecord-5.0.0.1/lib/active_record/transactions.rb:334:in `rollback_active_record_state!'
/usr/local/rvm/gems/ruby-2.3.0/gems/activerecord-5.0.0.1/lib/active_record/transactions.rb:318:in `save'
/usr/local/rvm/gems/ruby-2.3.0/gems/activerecord-5.0.0.1/lib/active_record/suppressor.rb:41:in `save'
/usr/local/rvm/gems/ruby-2.3.0/gems/activerecord-5.0.0.1/lib/active_record/persistence.rb:266:in `block in update'
/usr/local/rvm/gems/ruby-2.3.0/gems/activerecord-5.0.0.1/lib/active_record/transactions.rb:395:in `block in with_transaction_returning_status'
/usr/local/rvm/gems/ruby-2.3.0/gems/activerecord-5.0.0.1/lib/active_record/connection_adapters/abstract/database_statements.rb:230:in `transaction'
/usr/local/rvm/gems/ruby-2.3.0/gems/activerecord-5.0.0.1/lib/active_record/transactions.rb:211:in `transaction'
/usr/local/rvm/gems/ruby-2.3.0/gems/activerecord-5.0.0.1/lib/active_record/transactions.rb:392:in `with_transaction_returning_status'
/usr/local/rvm/gems/ruby-2.3.0/gems/activerecord-5.0.0.1/lib/active_record/persistence.rb:264:in `update'
/home/ubuntu/workspace/matchme/app/models/match.rb:25:in `add_percent'
/usr/local/rvm/gems/ruby-2.3.0/gems/activesupport-5.0.0.1/lib/active_support/callbacks.rb:382:in `block in make_lambda'
/usr/local/rvm/gems/ruby-2.3.0/gems/activesupport-5.0.0.1/lib/active_support/callbacks.rb:207:in `block in halting_and_conditional'
/usr/local/rvm/gems/ruby-2.3.0/gems/activesupport-5.0.0.1/lib/active_support/callbacks.rb:456:in `block in call'
/usr/local/rvm/gems/ruby-2.3.0/gems/activesupport-5.0.0.1/lib/active_support/callbacks.rb:456:in `each'
/usr/local/rvm/gems/ruby-2.3.0/gems/activesupport-5.0.0.1/lib/active_support/callbacks.rb:456:in `call'
/usr/local/rvm/gems/ruby-2.3.0/gems/activesupport-5.0.0.1/lib/active_support/callbacks.rb:101:in `__run_callbacks__'
/usr/local/rvm/gems/ruby-2.3.0/gems/activesupport-5.0.0.1/lib/active_support/callbacks.rb:750:in `_run_save_callbacks'
/usr/local/rvm/gems/ruby-2.3.0/gems/activerecord-5.0.0.1/lib/active_record/callbacks.rb:298:in `create_or_update'
/usr/local/rvm/gems/ruby-2.3.0/gems/activerecord-5.0.0.1/lib/active_record/persistence.rb:125:in `save'
/usr/local/rvm/gems/ruby-2.3.0/gems/activerecord-5.0.0.1/lib/active_record/validations.rb:44:in `save'
/usr/local/rvm/gems/ruby-2.3.0/gems/activerecord-5.0.0.1/lib/active_record/attribute_methods/dirty.rb:22:in `save'
/usr/local/rvm/gems/ruby-2.3.0/gems/activerecord-5.0.0.1/lib/active_record/transactions.rb:319:in `block (2 levels) in save'
/usr/local/rvm/gems/ruby-2.3.0/gems/activerecord-5.0.0.1/lib/active_record/transactions.rb:395:in `block in with_transaction_returning_status'
/usr/local/rvm/gems/ruby-2.3.0/gems/activerecord-5.0.0.1/lib/active_record/connection_adapters/abstract/database_statements.rb:230:in `transaction'
/usr/local/rvm/gems/ruby-2.3.0/gems/activerecord-5.0.0.1/lib/active_record/transactions.rb:211:in `transaction'
/usr/local/rvm/gems/ruby-2.3.0/gems/activerecord-5.0.0.1/lib/active_record/transactions.rb:392:in `with_transaction_returning_status'
/usr/local/rvm/gems/ruby-2.3.0/gems/activerecord-5.0.0.1/lib/active_record/transactions.rb:319:in `block in save'
/usr/local/rvm/gems/ruby-2.3.0/gems/activerecord-5.0.0.1/lib/active_record/transactions.rb:334:in `rollback_active_record_state!'
/usr/local/rvm/gems/ruby-2.3.0/gems/activerecord-5.0.0.1/lib/active_record/transactions.rb:318:in `save'
/usr/local/rvm/gems/ruby-2.3.0/gems/activerecord-5.0.0.1/lib/active_record/suppressor.rb:41:in `save'
/usr/local/rvm/gems/ruby-2.3.0/gems/activerecord-5.0.0.1/lib/active_record/persistence.rb:266:in `block in update'
/usr/local/rvm/gems/ruby-2.3.0/gems/activerecord-5.0.0.1/lib/active_record/transactions.rb:395:in `block in with_transaction_returning_status'
/usr/local/rvm/gems/ruby-2.3.0/gems/activerecord-5.0.0.1/lib/active_record/connection_adapters/abstract/database_statements.rb:230:in `transaction'
/usr/local/rvm/gems/ruby-2.3.0/gems/activerecord-5.0.0.1/lib/active_record/transactions.rb:211:in `transaction'
/usr/local/rvm/gems/ruby-2.3.0/gems/activerecord-5.0.0.1/lib/active_record/transactions.rb:392:in `with_transaction_returning_status'
/usr/local/rvm/gems/ruby-2.3.0/gems/activerecord-5.0.0.1/lib/active_record/persistence.rb:264:in `update'
/home/ubuntu/workspace/matchme/app/models/match.rb:25:in `add_percent'
/usr/local/rvm/gems/ruby-2.3.0/gems/activesupport-5.0.0.1/lib/active_support/callbacks.rb:382:in `block in make_lambda'
/usr/local/rvm/gems/ruby-2.3.0/gems/activesupport-5.0.0.1/lib/active_support/callbacks.rb:207:in `block in halting_and_conditional'
/usr/local/rvm/gems/ruby-2.3.0/gems/activesupport-5.0.0.1/lib/active_support/callbacks.rb:456:in `block in call'
/usr/local/rvm/gems/ruby-2.3.0/gems/activesupport-5.0.0.1/lib/active_support/callbacks.rb:456:in `each'
/usr/local/rvm/gems/ruby-2.3.0/gems/activesupport-5.0.0.1/lib/active_support/callbacks.rb:456:in `call'
/usr/local/rvm/gems/ruby-2.3.0/gems/activesupport-5.0.0.1/lib/active_support/callbacks.rb:101:in `__run_callbacks__'
/usr/local/rvm/gems/ruby-2.3.0/gems/activesupport-5.0.0.1/lib/active_support/callbacks.rb:750:in `_run_save_callbacks'
/usr/local/rvm/gems/ruby-2.3.0/gems/activerecord-5.0.0.1/lib/active_record/callbacks.rb:298:in `create_or_update'
/usr/local/rvm/gems/ruby-2.3.0/gems/activerecord-5.0.0.1/lib/active_record/persistence.rb:125:in `save'
/usr/local/rvm/gems/ruby-2.3.0/gems/activerecord-5.0.0.1/lib/active_record/validations.rb:44:in `save'
/usr/local/rvm/gems/ruby-2.3.0/gems/activerecord-5.0.0.1/lib/active_record/attribute_methods/dirty.rb:22:in `save'
/usr/local/rvm/gems/ruby-2.3.0/gems/activerecord-5.0.0.1/lib/active_record/transactions.rb:319:in `block (2 levels) in save'
/usr/local/rvm/gems/ruby-2.3.0/gems/activerecord-5.0.0.1/lib/active_record/transactions.rb:395:in `block in with_transaction_returning_status'
/usr/local/rvm/gems/ruby-2.3.0/gems/activerecord-5.0.0.1/lib/active_record/connection_adapters/abstract/database_statements.rb:230:in `transaction'
/usr/local/rvm/gems/ruby-2.3.0/gems/activerecord-5.0.0.1/lib/active_record/transactions.rb:211:in `transaction'
/usr/local/rvm/gems/ruby-2.3.0/gems/activerecord-5.0.0.1/lib/active_record/transactions.rb:392:in `with_transaction_returning_status'
/usr/local/rvm/gems/ruby-2.3.0/gems/activerecord-5.0.0.1/lib/active_record/transactions.rb:319:in `block in save'
/usr/local/rvm/gems/ruby-2.3.0/gems/activerecord-5.0.0.1/lib/active_record/transactions.rb:334:in `rollback_active_record_state!'
/usr/local/rvm/gems/ruby-2.3.0/gems/activerecord-5.0.0.1/lib/active_record/transactions.rb:318:in `save'
/usr/local/rvm/gems/ruby-2.3.0/gems/activerecord-5.0.0.1/lib/active_record/suppressor.rb:41:in `save'
/usr/local/rvm/gems/ruby-2.3.0/gems/activerecord-5.0.0.1/lib/active_record/persistence.rb:266:in `block in update'
/usr/local/rvm/gems/ruby-2.3.0/gems/activerecord-5.0.0.1/lib/active_record/transactions.rb:395:in `block in with_transaction_returning_status'
/usr/local/rvm/gems/ruby-2.3.0/gems/activerecord-5.0.0.1/lib/active_record/connection_adapters/abstract/database_statements.rb:230:in `transaction'
/usr/local/rvm/gems/ruby-2.3.0/gems/activerecord-5.0.0.1/lib/active_record/transactions.rb:211:in `transaction'
/usr/local/rvm/gems/ruby-2.3.0/gems/activerecord-5.0.0.1/lib/active_record/transactions.rb:392:in `with_transaction_returning_status'
/usr/local/rvm/gems/ruby-2.3.0/gems/activerecord-5.0.0.1/lib/active_record/persistence.rb:264:in `update'
/home/ubuntu/workspace/matchme/app/models/match.rb:25:in `add_percent'
/usr/local/rvm/gems/ruby-2.3.0/gems/activesupport-5.0.0.1/lib/active_support/callbacks.rb:382:in `block in make_lambda'
/usr/local/rvm/gems/ruby-2.3.0/gems/activesupport-5.0.0.1/lib/active_support/callbacks.rb:207:in `block in halting_and_conditional'
/usr/local/rvm/gems/ruby-2.3.0/gems/activesupport-5.0.0.1/lib/active_support/callbacks.rb:456:in `block in call'
/usr/local/rvm/gems/ruby-2.3.0/gems/activesupport-5.0.0.1/lib/active_support/callbacks.rb:456:in `each'
/usr/local/rvm/gems/ruby-2.3.0/gems/activesupport-5.0.0.1/lib/active_support/callbacks.rb:456:in `call'
/usr/local/rvm/gems/ruby-2.3.0/gems/activesupport-5.0.0.1/lib/active_support/callbacks.rb:101:in `__run_callbacks__'
/usr/local/rvm/gems/ruby-2.3.0/gems/activesupport-5.0.0.1/lib/active_support/callbacks.rb:750:in `_run_save_callbacks'
/usr/local/rvm/gems/ruby-2.3.0/gems/activerecord-5.0.0.1/lib/active_record/callbacks.rb:298:in `create_or_update'
/usr/local/rvm/gems/ruby-2.3.0/gems/activerecord-5.0.0.1/lib/active_record/persistence.rb:125:in `save'
/usr/local/rvm/gems/ruby-2.3.0/gems/activerecord-5.0.0.1/lib/active_record/validations.rb:44:in `save'
/usr/local/rvm/gems/ruby-2.3.0/gems/activerecord-5.0.0.1/lib/active_record/attribute_methods/dirty.rb:22:in `save'
/usr/local/rvm/gems/ruby-2.3.0/gems/activerecord-5.0.0.1/lib/active_record/transactions.rb:319:in `block (2 levels) in save'
/usr/local/rvm/gems/ruby-2.3.0/gems/activerecord-5.0.0.1/lib/active_record/transactions.rb:395:in `block in with_transaction_returning_status'
/usr/local/rvm/gems/ruby-2.3.0/gems/activerecord-5.0.0.1/lib/active_record/connection_adapters/abstract/database_statements.rb:230:in `transaction'
/usr/local/rvm/gems/ruby-2.3.0/gems/activerecord-5.0.0.1/lib/active_record/transactions.rb:211:in `transaction'
/usr/local/rvm/gems/ruby-2.3.0/gems/activerecord-5.0.0.1/lib/active_record/transactions.rb:392:in `with_transaction_returning_status'
/usr/local/rvm/gems/ruby-2.3.0/gems/activerecord-5.0.0.1/lib/active_record/transactions.rb:319:in `block in save'
/usr/local/rvm/gems/ruby-2.3.0/gems/activerecord-5.0.0.1/lib/active_record/transactions.rb:334:in `rollback_active_record_state!'
/usr/local/rvm/gems/ruby-2.3.0/gems/activerecord-5.0.0.1/lib/active_record/transactions.rb:318:in `save'
/usr/local/rvm/gems/ruby-2.3.0/gems/activerecord-5.0.0.1/lib/active_record/suppressor.rb:41:in `save'
/usr/local/rvm/gems/ruby-2.3.0/gems/activerecord-5.0.0.1/lib/active_record/persistence.rb:266:in `block in update'
/usr/local/rvm/gems/ruby-2.3.0/gems/activerecord-5.0.0.1/lib/active_record/transactions.rb:395:in `block in with_transaction_returning_status'
/usr/local/rvm/gems/ruby-2.3.0/gems/activerecord-5.0.0.1/lib/active_record/connection_adapters/abstract/database_statements.rb:230:in `transaction'
/usr/local/rvm/gems/ruby-2.3.0/gems/activerecord-5.0.0.1/lib/active_record/transactions.rb:211:in `transaction'
/usr/local/rvm/gems/ruby-2.3.0/gems/activerecord-5.0.0.1/lib/active_record/transactions.rb:392:in `with_transaction_returning_status'
/usr/local/rvm/gems/ruby-2.3.0/gems/activerecord-5.0.0.1/lib/active_record/persistence.rb:264:in `update'
/home/ubuntu/workspace/matchme/app/models/match.rb:25:in `add_percent'
/usr/local/rvm/gems/ruby-2.3.0/gems/activesupport-5.0.0.1/lib/active_support/callbacks.rb:382:in `block in make_lambda'
/usr/local/rvm/gems/ruby-2.3.0/gems/activesupport-5.0.0.1/lib/active_support/callbacks.rb:207:in `block in halting_and_conditional'
/usr/local/rvm/gems/ruby-2.3.0/gems/activesupport-5.0.0.1/lib/active_support/callbacks.rb:456:in `block in call'
/usr/local/rvm/gems/ruby-2.3.0/gems/activesupport-5.0.0.1/lib/active_support/callbacks.rb:456:in `each'
/usr/local/rvm/gems/ruby-2.3.0/gems/activesupport-5.0.0.1/lib/active_support/callbacks.rb:456:in `call'
/usr/local/rvm/gems/ruby-2.3.0/gems/activesupport-5.0.0.1/lib/active_support/callbacks.rb:101:in `__run_callbacks__'
/usr/local/rvm/gems/ruby-2.3.0/gems/activesupport-5.0.0.1/lib/active_support/callbacks.rb:750:in `_run_save_callbacks'
/usr/local/rvm/gems/ruby-2.3.0/gems/activerecord-5.0.0.1/lib/active_record/callbacks.rb:298:in `create_or_update'
/usr/local/rvm/gems/ruby-2.3.0/gems/activerecord-5.0.0.1/lib/active_record/persistence.rb:125:in `save'
/usr/local/rvm/gems/ruby-2.3.0/gems/activerecord-5.0.0.1/lib/active_record/validations.rb:44:in `save'
/usr/local/rvm/gems/ruby-2.3.0/gems/activerecord-5.0.0.1/lib/active_record/attribute_methods/dirty.rb:22:in `save'
/usr/local/rvm/gems/ruby-2.3.0/gems/activerecord-5.0.0.1/lib/active_record/transactions.rb:319:in `block (2 levels) in save'
/usr/local/rvm/gems/ruby-2.3.0/gems/activerecord-5.0.0.1/lib/active_record/transactions.rb:395:in `block in with_transaction_returning_status'
/usr/local/rvm/gems/ruby-2.3.0/gems/activerecord-5.0.0.1/lib/active_record/connection_adapters/abstract/database_statements.rb:230:in `transaction'
/usr/local/rvm/gems/ruby-2.3.0/gems/activerecord-5.0.0.1/lib/active_record/transactions.rb:211:in `transaction'
/usr/local/rvm/gems/ruby-2.3.0/gems/activerecord-5.0.0.1/lib/active_record/transactions.rb:392:in `with_transaction_returning_status'
/usr/local/rvm/gems/ruby-2.3.0/gems/activerecord-5.0.0.1/lib/active_record/transactions.rb:319:in `block in save'
/usr/local/rvm/gems/ruby-2.3.0/gems/activerecord-5.0.0.1/lib/active_record/transactions.rb:334:in `rollback_active_record_state!'
/usr/local/rvm/gems/ruby-2.3.0/gems/activerecord-5.0.0.1/lib/active_record/transactions.rb:318:in `save'
/usr/local/rvm/gems/ruby-2.3.0/gems/activerecord-5.0.0.1/lib/active_record/suppressor.rb:41:in `save'
/usr/local/rvm/gems/ruby-2.3.0/gems/activerecord-5.0.0.1/lib/active_record/persistence.rb:266:in `block in update'
/usr/local/rvm/gems/ruby-2.3.0/gems/activerecord-5.0.0.1/lib/active_record/transactions.rb:395:in `block in with_transaction_returning_status'
/usr/local/rvm/gems/ruby-2.3.0/gems/activerecord-5.0.0.1/lib/active_record/connection_adapters/abstract/database_statements.rb:230:in `transaction'
/usr/local/rvm/gems/ruby-2.3.0/gems/activerecord-5.0.0.1/lib/active_record/transactions.rb:211:in `transaction'
/usr/local/rvm/gems/ruby-2.3.0/gems/activerecord-5.0.0.1/lib/active_record/transactions.rb:392:in `with_transaction_returning_status'
/usr/local/rvm/gems/ruby-2.3.0/gems/activerecord-5.0.0.1/lib/active_record/persistence.rb:264:in `update'
/home/ubuntu/workspace/matchme/app/models/match.rb:25:in `add_percent'
/usr/local/rvm/gems/ruby-2.3.0/gems/activesupport-5.0.0.1/lib/active_support/callbacks.rb:382:in `block in make_lambda'
/usr/local/rvm/gems/ruby-2.3.0/gems/activesupport-5.0.0.1/lib/active_support/callbacks.rb:207:in `block in halting_and_conditional'
/usr/local/rvm/gems/ruby-2.3.0/gems/activesupport-5.0.0.1/lib/active_support/callbacks.rb:456:in `block in call'
/usr/local/rvm/gems/ruby-2.3.0/gems/activesupport-5.0.0.1/lib/active_support/callbacks.rb:456:in `each'
/usr/local/rvm/gems/ruby-2.3.0/gems/activesupport-5.0.0.1/lib/active_support/callbacks.rb:456:in `call'
/usr/local/rvm/gems/ruby-2.3.0/gems/activesupport-5.0.0.1/lib/active_support/callbacks.rb:101:in `__run_callbacks__'
/usr/local/rvm/gems/ruby-2.3.0/gems/activesupport-5.0.0.1/lib/active_support/callbacks.rb:750:in `_run_save_callbacks'
/usr/local/rvm/gems/ruby-2.3.0/gems/activerecord-5.0.0.1/lib/active_record/callbacks.rb:298:in `create_or_update'
/usr/local/rvm/gems/ruby-2.3.0/gems/activerecord-5.0.0.1/lib/active_record/persistence.rb:125:in `save'
/usr/local/rvm/gems/ruby-2.3.0/gems/activerecord-5.0.0.1/lib/active_record/validations.rb:44:in `save'
/usr/local/rvm/gems/ruby-2.3.0/gems/activerecord-5.0.0.1/lib/active_record/attribute_methods/dirty.rb:22:in `save'
/usr/local/rvm/gems/ruby-2.3.0/gems/activerecord-5.0.0.1/lib/active_record/transactions.rb:319:in `block (2 levels) in save'
/usr/local/rvm/gems/ruby-2.3.0/gems/activerecord-5.0.0.1/lib/active_record/transactions.rb:395:in `block in with_transaction_returning_status'
/usr/local/rvm/gems/ruby-2.3.0/gems/activerecord-5.0.0.1/lib/active_record/connection_adapters/abstract/database_statements.rb:230:in `transaction'
/usr/local/rvm/gems/ruby-2.3.0/gems/activerecord-5.0.0.1/lib/active_record/transactions.rb:211:in `transaction'
/usr/local/rvm/gems/ruby-2.3.0/gems/activerecord-5.0.0.1/lib/active_record/transactions.rb:392:in `with_transaction_returning_status'
/usr/local/rvm/gems/ruby-2.3.0/gems/activerecord-5.0.0.1/lib/active_record/transactions.rb:319:in `block in save'
/usr/local/rvm/gems/ruby-2.3.0/gems/activerecord-5.0.0.1/lib/active_record/transactions.rb:334:in `rollback_active_record_state!'
/usr/local/rvm/gems/ruby-2.3.0/gems/activerecord-5.0.0.1/lib/active_record/transactions.rb:318:in `save'
/usr/local/rvm/gems/ruby-2.3.0/gems/activerecord-5.0.0.1/lib/active_record/suppressor.rb:41:in `save'
/usr/local/rvm/gems/ruby-2.3.0/gems/activerecord-5.0.0.1/lib/active_record/persistence.rb:266:in `block in update'
/usr/local/rvm/gems/ruby-2.3.0/gems/activerecord-5.0.0.1/lib/active_record/transactions.rb:395:in `block in with_transaction_returning_status'
/usr/local/rvm/gems/ruby-2.3.0/gems/activerecord-5.0.0.1/lib/active_record/connection_adapters/abstract/database_statements.rb:230:in `transaction'
/usr/local/rvm/gems/ruby-2.3.0/gems/activerecord-5.0.0.1/lib/active_record/transactions.rb:211:in `transaction'
/usr/local/rvm/gems/ruby-2.3.0/gems/activerecord-5.0.0.1/lib/active_record/transactions.rb:392:in `with_transaction_returning_status'
/usr/local/rvm/gems/ruby-2.3.0/gems/activerecord-5.0.0.1/lib/active_record/persistence.rb:264:in `update'
/home/ubuntu/workspace/matchme/app/models/match.rb:25:in `add_percent'
/usr/local/rvm/gems/ruby-2.3.0/gems/activesupport-5.0.0.1/lib/active_support/callbacks.rb:382:in `block in make_lambda'
/usr/local/rvm/gems/ruby-2.3.0/gems/activesupport-5.0.0.1/lib/active_support/callbacks.rb:207:in `block in halting_and_conditional'
/usr/local/rvm/gems/ruby-2.3.0/gems/activesupport-5.0.0.1/lib/active_support/callbacks.rb:456:in `block in call'
/usr/local/rvm/gems/ruby-2.3.0/gems/activesupport-5.0.0.1/lib/active_support/callbacks.rb:456:in `each'
/usr/local/rvm/gems/ruby-2.3.0/gems/activesupport-5.0.0.1/lib/active_support/callbacks.rb:456:in `call'
/usr/local/rvm/gems/ruby-2.3.0/gems/activesupport-5.0.0.1/lib/active_support/callbacks.rb:101:in `__run_callbacks__'
/usr/local/rvm/gems/ruby-2.3.0/gems/activesupport-5.0.0.1/lib/active_support/callbacks.rb:750:in `_run_save_callbacks'
/usr/local/rvm/gems/ruby-2.3.0/gems/activerecord-5.0.0.1/lib/active_record/callbacks.rb:298:in `create_or_update'
/usr/local/rvm/gems/ruby-2.3.0/gems/activerecord-5.0.0.1/lib/active_record/persistence.rb:125:in `save'
/usr/local/rvm/gems/ruby-2.3.0/gems/activerecord-5.0.0.1/lib/active_record/validations.rb:44:in `save'
/usr/local/rvm/gems/ruby-2.3.0/gems/activerecord-5.0.0.1/lib/active_record/attribute_methods/dirty.rb:22:in `save'
/usr/local/rvm/gems/ruby-2.3.0/gems/activerecord-5.0.0.1/lib/active_record/transactions.rb:319:in `block (2 levels) in save'
/usr/local/rvm/gems/ruby-2.3.0/gems/activerecord-5.0.0.1/lib/active_record/transactions.rb:395:in `block in with_transaction_returning_status'
/usr/local/rvm/gems/ruby-2.3.0/gems/activerecord-5.0.0.1/lib/active_record/connection_adapters/abstract/database_statements.rb:230:in `transaction'
/usr/local/rvm/gems/ruby-2.3.0/gems/activerecord-5.0.0.1/lib/active_record/transactions.rb:211:in `transaction'
/usr/local/rvm/gems/ruby-2.3.0/gems/activerecord-5.0.0.1/lib/active_record/transactions.rb:392:in `with_transaction_returning_status'
/usr/local/rvm/gems/ruby-2.3.0/gems/activerecord-5.0.0.1/lib/active_record/transactions.rb:319:in `block in save'
/usr/local/rvm/gems/ruby-2.3.0/gems/activerecord-5.0.0.1/lib/active_record/transactions.rb:334:in `rollback_active_record_state!'
/usr/local/rvm/gems/ruby-2.3.0/gems/activerecord-5.0.0.1/lib/active_record/transactions.rb:318:in `save'
/usr/local/rvm/gems/ruby-2.3.0/gems/activerecord-5.0.0.1/lib/active_record/suppressor.rb:41:in `save'
/usr/local/rvm/gems/ruby-2.3.0/gems/activerecord-5.0.0.1/lib/active_record/persistence.rb:266:in `block in update'
/usr/local/rvm/gems/ruby-2.3.0/gems/activerecord-5.0.0.1/lib/active_record/transactions.rb:395:in `block in with_transaction_returning_status'
/usr/local/rvm/gems/ruby-2.3.0/gems/activerecord-5.0.0.1/lib/active_record/connection_adapters/abstract/database_statements.rb:230:in `transaction'
/usr/local/rvm/gems/ruby-2.3.0/gems/activerecord-5.0.0.1/lib/active_record/transactions.rb:211:in `transaction'
/usr/local/rvm/gems/ruby-2.3.0/gems/activerecord-5.0.0.1/lib/active_record/transactions.rb:392:in `with_transaction_returning_status'
/usr/local/rvm/gems/ruby-2.3.0/gems/activerecord-5.0.0.1/lib/active_record/persistence.rb:264:in `update'
/home/ubuntu/workspace/matchme/app/models/match.rb:25:in `add_percent'
/usr/local/rvm/gems/ruby-2.3.0/gems/activesupport-5.0.0.1/lib/active_support/callbacks.rb:382:in `block in make_lambda'
/usr/local/rvm/gems/ruby-2.3.0/gems/activesupport-5.0.0.1/lib/active_support/callbacks.rb:207:in `block in halting_and_conditional'
/usr/local/rvm/gems/ruby-2.3.0/gems/activesupport-5.0.0.1/lib/active_support/callbacks.rb:456:in `block in call'
/usr/local/rvm/gems/ruby-2.3.0/gems/activesupport-5.0.0.1/lib/active_support/callbacks.rb:456:in `each'
/usr/local/rvm/gems/ruby-2.3.0/gems/activesupport-5.0.0.1/lib/active_support/callbacks.rb:456:in `call'
/usr/local/rvm/gems/ruby-2.3.0/gems/activesupport-5.0.0.1/lib/active_support/callbacks.rb:101:in `__run_callbacks__'
/usr/local/rvm/gems/ruby-2.3.0/gems/activesupport-5.0.0.1/lib/active_support/callbacks.rb:750:in `_run_save_callbacks'
/usr/local/rvm/gems/ruby-2.3.0/gems/activerecord-5.0.0.1/lib/active_record/callbacks.rb:298:in `create_or_update'
/usr/local/rvm/gems/ruby-2.3.0/gems/activerecord-5.0.0.1/lib/active_record/persistence.rb:125:in `save'
/usr/local/rvm/gems/ruby-2.3.0/gems/activerecord-5.0.0.1/lib/active_record/validations.rb:44:in `save'
/usr/local/rvm/gems/ruby-2.3.0/gems/activerecord-5.0.0.1/lib/active_record/attribute_methods/dirty.rb:22:in `save'
/usr/local/rvm/gems/ruby-2.3.0/gems/activerecord-5.0.0.1/lib/active_record/transactions.rb:319:in `block (2 levels) in save'
/usr/local/rvm/gems/ruby-2.3.0/gems/activerecord-5.0.0.1/lib/active_record/transactions.rb:395:in `block in with_transaction_returning_status'
/usr/local/rvm/gems/ruby-2.3.0/gems/activerecord-5.0.0.1/lib/active_record/connection_adapters/abstract/database_statements.rb:230:in `transaction'
/usr/local/rvm/gems/ruby-2.3.0/gems/activerecord-5.0.0.1/lib/active_record/transactions.rb:211:in `transaction'
/usr/local/rvm/gems/ruby-2.3.0/gems/activerecord-5.0.0.1/lib/active_record/transactions.rb:392:in `with_transaction_returning_status'
/usr/local/rvm/gems/ruby-2.3.0/gems/activerecord-5.0.0.1/lib/active_record/transactions.rb:319:in `block in save'
/usr/local/rvm/gems/ruby-2.3.0/gems/activerecord-5.0.0.1/lib/active_record/transactions.rb:334:in `rollback_active_record_state!'
/usr/local/rvm/gems/ruby-2.3.0/gems/activerecord-5.0.0.1/lib/active_record/transactions.rb:318:in `save'
/usr/local/rvm/gems/ruby-2.3.0/gems/activerecord-5.0.0.1/lib/active_record/suppressor.rb:41:in `save'
/usr/local/rvm/gems/ruby-2.3.0/gems/activerecord-5.0.0.1/lib/active_record/persistence.rb:266:in `block in update'
/usr/local/rvm/gems/ruby-2.3.0/gems/activerecord-5.0.0.1/lib/active_record/transactions.rb:395:in `block in with_transaction_returning_status'
/usr/local/rvm/gems/ruby-2.3.0/gems/activerecord-5.0.0.1/lib/active_record/connection_adapters/abstract/database_statements.rb:230:in `transaction'
/usr/local/rvm/gems/ruby-2.3.0/gems/activerecord-5.0.0.1/lib/active_record/transactions.rb:211:in `transaction'
/usr/local/rvm/gems/ruby-2.3.0/gems/activerecord-5.0.0.1/lib/active_record/transactions.rb:392:in `with_transaction_returning_status'
/usr/local/rvm/gems/ruby-2.3.0/gems/activerecord-5.0.0.1/lib/active_record/persistence.rb:264:in `update'
/home/ubuntu/workspace/matchme/app/models/match.rb:25:in `add_percent'
/usr/local/rvm/gems/ruby-2.3.0/gems/activesupport-5.0.0.1/lib/active_support/callbacks.rb:382:in `block in make_lambda'
/usr/local/rvm/gems/ruby-2.3.0/gems/activesupport-5.0.0.1/lib/active_support/callbacks.rb:207:in `block in halting_and_conditional'
/usr/local/rvm/gems/ruby-2.3.0/gems/activesupport-5.0.0.1/lib/active_support/callbacks.rb:456:in `block in call'
/usr/local/rvm/gems/ruby-2.3.0/gems/activesupport-5.0.0.1/lib/active_support/callbacks.rb:456:in `each'
/usr/local/rvm/gems/ruby-2.3.0/gems/activesupport-5.0.0.1/lib/active_support/callbacks.rb:456:in `call'
/usr/local/rvm/gems/ruby-2.3.0/gems/activesupport-5.0.0.1/lib/active_support/callbacks.rb:101:in `__run_callbacks__'
/usr/local/rvm/gems/ruby-2.3.0/gems/activesupport-5.0.0.1/lib/active_support/callbacks.rb:750:in `_run_save_callbacks'
/usr/local/rvm/gems/ruby-2.3.0/gems/activerecord-5.0.0.1/lib/active_record/callbacks.rb:298:in `create_or_update'
/usr/local/rvm/gems/ruby-2.3.0/gems/activerecord-5.0.0.1/lib/active_record/persistence.rb:125:in `save'
/usr/local/rvm/gems/ruby-2.3.0/gems/activerecord-5.0.0.1/lib/active_record/validations.rb:44:in `save'
/usr/local/rvm/gems/ruby-2.3.0/gems/activerecord-5.0.0.1/lib/active_record/attribute_methods/dirty.rb:22:in `save'
/usr/local/rvm/gems/ruby-2.3.0/gems/activerecord-5.0.0.1/lib/active_record/transactions.rb:319:in `block (2 levels) in save'
/usr/local/rvm/gems/ruby-2.3.0/gems/activerecord-5.0.0.1/lib/active_record/transactions.rb:395:in `block in with_transaction_returning_status'
/usr/local/rvm/gems/ruby-2.3.0/gems/activerecord-5.0.0.1/lib/active_record/connection_adapters/abstract/database_statements.rb:230:in `transaction'
/usr/local/rvm/gems/ruby-2.3.0/gems/activerecord-5.0.0.1/lib/active_record/transactions.rb:211:in `transaction'
/usr/local/rvm/gems/ruby-2.3.0/gems/activerecord-5.0.0.1/lib/active_record/transactions.rb:392:in `with_transaction_returning_status'
/usr/local/rvm/gems/ruby-2.3.0/gems/activerecord-5.0.0.1/lib/active_record/transactions.rb:319:in `block in save'
/usr/local/rvm/gems/ruby-2.3.0/gems/activerecord-5.0.0.1/lib/active_record/transactions.rb:334:in `rollback_active_record_state!'
/usr/local/rvm/gems/ruby-2.3.0/gems/activerecord-5.0.0.1/lib/active_record/transactions.rb:318:in `save'
/usr/local/rvm/gems/ruby-2.3.0/gems/activerecord-5.0.0.1/lib/active_record/suppressor.rb:41:in `save'
/usr/local/rvm/gems/ruby-2.3.0/gems/activerecord-5.0.0.1/lib/active_record/persistence.rb:266:in `block in update'
/usr/local/rvm/gems/ruby-2.3.0/gems/activerecord-5.0.0.1/lib/active_record/transactions.rb:395:in `block in with_transaction_returning_status'
/usr/local/rvm/gems/ruby-2.3.0/gems/activerecord-5.0.0.1/lib/active_record/connection_adapters/abstract/database_statements.rb:230:in `transaction'
/usr/local/rvm/gems/ruby-2.3.0/gems/activerecord-5.0.0.1/lib/active_record/transactions.rb:211:in `transaction'
/usr/local/rvm/gems/ruby-2.3.0/gems/activerecord-5.0.0.1/lib/active_record/transactions.rb:392:in `with_transaction_returning_status'
/usr/local/rvm/gems/ruby-2.3.0/gems/activerecord-5.0.0.1/lib/active_record/persistence.rb:264:in `update'
/home/ubuntu/workspace/matchme/app/models/match.rb:25:in `add_percent'
/usr/local/rvm/gems/ruby-2.3.0/gems/activesupport-5.0.0.1/lib/active_support/callbacks.rb:382:in `block in make_lambda'
/usr/local/rvm/gems/ruby-2.3.0/gems/activesupport-5.0.0.1/lib/active_support/callbacks.rb:207:in `block in halting_and_conditional'
/usr/local/rvm/gems/ruby-2.3.0/gems/activesupport-5.0.0.1/lib/active_support/callbacks.rb:456:in `block in call'
/usr/local/rvm/gems/ruby-2.3.0/gems/activesupport-5.0.0.1/lib/active_support/callbacks.rb:456:in `each'
/usr/local/rvm/gems/ruby-2.3.0/gems/activesupport-5.0.0.1/lib/active_support/callbacks.rb:456:in `call'
/usr/local/rvm/gems/ruby-2.3.0/gems/activesupport-5.0.0.1/lib/active_support/callbacks.rb:101:in `__run_callbacks__'
/usr/local/rvm/gems/ruby-2.3.0/gems/activesupport-5.0.0.1/lib/active_support/callbacks.rb:750:in `_run_save_callbacks'
/usr/local/rvm/gems/ruby-2.3.0/gems/activerecord-5.0.0.1/lib/active_record/callbacks.rb:298:in `create_or_update'
/usr/local/rvm/gems/ruby-2.3.0/gems/activerecord-5.0.0.1/lib/active_record/persistence.rb:125:in `save'
/usr/local/rvm/gems/ruby-2.3.0/gems/activerecord-5.0.0.1/lib/active_record/validations.rb:44:in `save'
/usr/local/rvm/gems/ruby-2.3.0/gems/activerecord-5.0.0.1/lib/active_record/attribute_methods/dirty.rb:22:in `save'
/usr/local/rvm/gems/ruby-2.3.0/gems/activerecord-5.0.0.1/lib/active_record/transactions.rb:319:in `block (2 levels) in save'
/usr/local/rvm/gems/ruby-2.3.0/gems/activerecord-5.0.0.1/lib/active_record/transactions.rb:395:in `block in with_transaction_returning_status'
/usr/local/rvm/gems/ruby-2.3.0/gems/activerecord-5.0.0.1/lib/active_record/connection_adapters/abstract/database_statements.rb:230:in `transaction'
/usr/local/rvm/gems/ruby-2.3.0/gems/activerecord-5.0.0.1/lib/active_record/transactions.rb:211:in `transaction'
/usr/local/rvm/gems/ruby-2.3.0/gems/activerecord-5.0.0.1/lib/active_record/transactions.rb:392:in `with_transaction_returning_status'
/usr/local/rvm/gems/ruby-2.3.0/gems/activerecord-5.0.0.1/lib/active_record/transactions.rb:319:in `block in save'
/usr/local/rvm/gems/ruby-2.3.0/gems/activerecord-5.0.0.1/lib/active_record/transactions.rb:334:in `rollback_active_record_state!'
/usr/local/rvm/gems/ruby-2.3.0/gems/activerecord-5.0.0.1/lib/active_record/transactions.rb:318:in `save'
/usr/local/rvm/gems/ruby-2.3.0/gems/activerecord-5.0.0.1/lib/active_record/suppressor.rb:41:in `save'
/usr/local/rvm/gems/ruby-2.3.0/gems/activerecord-5.0.0.1/lib/active_record/persistence.rb:266:in `block in update'
/usr/local/rvm/gems/ruby-2.3.0/gems/activerecord-5.0.0.1/lib/active_record/transactions.rb:395:in `block in with_transaction_returning_status'
/usr/local/rvm/gems/ruby-2.3.0/gems/activerecord-5.0.0.1/lib/active_record/connection_adapters/abstract/database_statements.rb:230:in `transaction'
/usr/local/rvm/gems/ruby-2.3.0/gems/activerecord-5.0.0.1/lib/active_record/transactions.rb:211:in `transaction'
/usr/local/rvm/gems/ruby-2.3.0/gems/activerecord-5.0.0.1/lib/active_record/transactions.rb:392:in `with_transaction_returning_status'
/usr/local/rvm/gems/ruby-2.3.0/gems/activerecord-5.0.0.1/lib/active_record/persistence.rb:264:in `update'
/home/ubuntu/workspace/matchme/app/models/match.rb:25:in `add_percent'
/usr/local/rvm/gems/ruby-2.3.0/gems/activesupport-5.0.0.1/lib/active_support/callbacks.rb:382:in `block in make_lambda'
/usr/local/rvm/gems/ruby-2.3.0/gems/activesupport-5.0.0.1/lib/active_support/callbacks.rb:207:in `block in halting_and_conditional'
/usr/local/rvm/gems/ruby-2.3.0/gems/activesupport-5.0.0.1/lib/active_support/callbacks.rb:456:in `block in call'
/usr/local/rvm/gems/ruby-2.3.0/gems/activesupport-5.0.0.1/lib/active_support/callbacks.rb:456:in `each'
/usr/local/rvm/gems/ruby-2.3.0/gems/activesupport-5.0.0.1/lib/active_support/callbacks.rb:456:in `call'
/usr/local/rvm/gems/ruby-2.3.0/gems/activesupport-5.0.0.1/lib/active_support/callbacks.rb:101:in `__run_callbacks__'
/usr/local/rvm/gems/ruby-2.3.0/gems/activesupport-5.0.0.1/lib/active_support/callbacks.rb:750:in `_run_save_callbacks'
/usr/local/rvm/gems/ruby-2.3.0/gems/activerecord-5.0.0.1/lib/active_record/callbacks.rb:298:in `create_or_update'
/usr/local/rvm/gems/ruby-2.3.0/gems/activerecord-5.0.0.1/lib/active_record/persistence.rb:125:in `save'
/usr/local/rvm/gems/ruby-2.3.0/gems/activerecord-5.0.0.1/lib/active_record/validations.rb:44:in `save'
/usr/local/rvm/gems/ruby-2.3.0/gems/activerecord-5.0.0.1/lib/active_record/attribute_methods/dirty.rb:22:in `save'
/usr/local/rvm/gems/ruby-2.3.0/gems/activerecord-5.0.0.1/lib/active_record/transactions.rb:319:in `block (2 levels) in save'
/usr/local/rvm/gems/ruby-2.3.0/gems/activerecord-5.0.0.1/lib/active_record/transactions.rb:395:in `block in with_transaction_returning_status'
/usr/local/rvm/gems/ruby-2.3.0/gems/activerecord-5.0.0.1/lib/active_record/connection_adapters/abstract/database_statements.rb:230:in `transaction'
/usr/local/rvm/gems/ruby-2.3.0/gems/activerecord-5.0.0.1/lib/active_record/transactions.rb:211:in `transaction'
/usr/local/rvm/gems/ruby-2.3.0/gems/activerecord-5.0.0.1/lib/active_record/transactions.rb:392:in `with_transaction_returning_status'
/usr/local/rvm/gems/ruby-2.3.0/gems/activerecord-5.0.0.1/lib/active_record/transactions.rb:319:in `block in save'
/usr/local/rvm/gems/ruby-2.3.0/gems/activerecord-5.0.0.1/lib/active_record/transactions.rb:334:in `rollback_active_record_state!'
/usr/local/rvm/gems/ruby-2.3.0/gems/activerecord-5.0.0.1/lib/active_record/transactions.rb:318:in `save'
/usr/local/rvm/gems/ruby-2.3.0/gems/activerecord-5.0.0.1/lib/active_record/suppressor.rb:41:in `save'
/usr/local/rvm/gems/ruby-2.3.0/gems/activerecord-5.0.0.1/lib/active_record/persistence.rb:266:in `block in update'
/usr/local/rvm/gems/ruby-2.3.0/gems/activerecord-5.0.0.1/lib/active_record/transactions.rb:395:in `block in with_transaction_returning_status'
/usr/local/rvm/gems/ruby-2.3.0/gems/activerecord-5.0.0.1/lib/active_record/connection_adapters/abstract/database_statements.rb:230:in `transaction'
/usr/local/rvm/gems/ruby-2.3.0/gems/activerecord-5.0.0.1/lib/active_record/transactions.rb:211:in `transaction'
/usr/local/rvm/gems/ruby-2.3.0/gems/activerecord-5.0.0.1/lib/active_record/transactions.rb:392:in `with_transaction_returning_status'
/usr/local/rvm/gems/ruby-2.3.0/gems/activerecord-5.0.0.1/lib/active_record/persistence.rb:264:in `update'
/home/ubuntu/workspace/matchme/app/models/match.rb:25:in `add_percent'
/usr/local/rvm/gems/ruby-2.3.0/gems/activesupport-5.0.0.1/lib/active_support/callbacks.rb:382:in `block in make_lambda'
/usr/local/rvm/gems/ruby-2.3.0/gems/activesupport-5.0.0.1/lib/active_support/callbacks.rb:207:in `block in halting_and_conditional'
/usr/local/rvm/gems/ruby-2.3.0/gems/activesupport-5.0.0.1/lib/active_support/callbacks.rb:456:in `block in call'
/usr/local/rvm/gems/ruby-2.3.0/gems/activesupport-5.0.0.1/lib/active_support/callbacks.rb:456:in `each'
/usr/local/rvm/gems/ruby-2.3.0/gems/activesupport-5.0.0.1/lib/active_support/callbacks.rb:456:in `call'
/usr/local/rvm/gems/ruby-2.3.0/gems/activesupport-5.0.0.1/lib/active_support/callbacks.rb:101:in `__run_callbacks__'
/usr/local/rvm/gems/ruby-2.3.0/gems/activesupport-5.0.0.1/lib/active_support/callbacks.rb:750:in `_run_save_callbacks'
/usr/local/rvm/gems/ruby-2.3.0/gems/activerecord-5.0.0.1/lib/active_record/callbacks.rb:298:in `create_or_update'
/usr/local/rvm/gems/ruby-2.3.0/gems/activerecord-5.0.0.1/lib/active_record/persistence.rb:125:in `save'
/usr/local/rvm/gems/ruby-2.3.0/gems/activerecord-5.0.0.1/lib/active_record/validations.rb:44:in `save'
/usr/local/rvm/gems/ruby-2.3.0/gems/activerecord-5.0.0.1/lib/active_record/attribute_methods/dirty.rb:22:in `save'
/usr/local/rvm/gems/ruby-2.3.0/gems/activerecord-5.0.0.1/lib/active_record/transactions.rb:319:in `block (2 levels) in save'
/usr/local/rvm/gems/ruby-2.3.0/gems/activerecord-5.0.0.1/lib/active_record/transactions.rb:395:in `block in with_transaction_returning_status'
/usr/local/rvm/gems/ruby-2.3.0/gems/activerecord-5.0.0.1/lib/active_record/connection_adapters/abstract/database_statements.rb:230:in `transaction'
/usr/local/rvm/gems/ruby-2.3.0/gems/activerecord-5.0.0.1/lib/active_record/transactions.rb:211:in `transaction'
/usr/local/rvm/gems/ruby-2.3.0/gems/activerecord-5.0.0.1/lib/active_record/transactions.rb:392:in `with_transaction_returning_status'
/usr/local/rvm/gems/ruby-2.3.0/gems/activerecord-5.0.0.1/lib/active_record/transactions.rb:319:in `block in save'
/usr/local/rvm/gems/ruby-2.3.0/gems/activerecord-5.0.0.1/lib/active_record/transactions.rb:334:in `rollback_active_record_state!'
/usr/local/rvm/gems/ruby-2.3.0/gems/activerecord-5.0.0.1/lib/active_record/transactions.rb:318:in `save'
/usr/local/rvm/gems/ruby-2.3.0/gems/activerecord-5.0.0.1/lib/active_record/suppressor.rb:41:in `save'
/usr/local/rvm/gems/ruby-2.3.0/gems/activerecord-5.0.0.1/lib/active_record/persistence.rb:266:in `block in update'
/usr/local/rvm/gems/ruby-2.3.0/gems/activerecord-5.0.0.1/lib/active_record/transactions.rb:395:in `block in with_transaction_returning_status'
/usr/local/rvm/gems/ruby-2.3.0/gems/activerecord-5.0.0.1/lib/active_record/connection_adapters/abstract/database_statements.rb:230:in `transaction'
/usr/local/rvm/gems/ruby-2.3.0/gems/activerecord-5.0.0.1/lib/active_record/transactions.rb:211:in `transaction'
/usr/local/rvm/gems/ruby-2.3.0/gems/activerecord-5.0.0.1/lib/active_record/transactions.rb:392:in `with_transaction_returning_status'
/usr/local/rvm/gems/ruby-2.3.0/gems/activerecord-5.0.0.1/lib/active_record/persistence.rb:264:in `update'
/home/ubuntu/workspace/matchme/app/models/match.rb:25:in `add_percent'
/usr/local/rvm/gems/ruby-2.3.0/gems/activesupport-5.0.0.1/lib/active_support/callbacks.rb:382:in `block in make_lambda'
/usr/local/rvm/gems/ruby-2.3.0/gems/activesupport-5.0.0.1/lib/active_support/callbacks.rb:207:in `block in halting_and_conditional'
/usr/local/rvm/gems/ruby-2.3.0/gems/activesupport-5.0.0.1/lib/active_support/callbacks.rb:456:in `block in call'
/usr/local/rvm/gems/ruby-2.3.0/gems/activesupport-5.0.0.1/lib/active_support/callbacks.rb:456:in `each'
/usr/local/rvm/gems/ruby-2.3.0/gems/activesupport-5.0.0.1/lib/active_support/callbacks.rb:456:in `call'
/usr/local/rvm/gems/ruby-2.3.0/gems/activesupport-5.0.0.1/lib/active_support/callbacks.rb:101:in `__run_callbacks__'
/usr/local/rvm/gems/ruby-2.3.0/gems/activesupport-5.0.0.1/lib/active_support/callbacks.rb:750:in `_run_save_callbacks'
/usr/local/rvm/gems/ruby-2.3.0/gems/activerecord-5.0.0.1/lib/active_record/callbacks.rb:298:in `create_or_update'
/usr/local/rvm/gems/ruby-2.3.0/gems/activerecord-5.0.0.1/lib/active_record/persistence.rb:125:in `save'
/usr/local/rvm/gems/ruby-2.3.0/gems/activerecord-5.0.0.1/lib/active_record/validations.rb:44:in `save'
/usr/local/rvm/gems/ruby-2.3.0/gems/activerecord-5.0.0.1/lib/active_record/attribute_methods/dirty.rb:22:in `save'
/usr/local/rvm/gems/ruby-2.3.0/gems/activerecord-5.0.0.1/lib/active_record/transactions.rb:319:in `block (2 levels) in save'
/usr/local/rvm/gems/ruby-2.3.0/gems/activerecord-5.0.0.1/lib/active_record/transactions.rb:395:in `block in with_transaction_returning_status'
/usr/local/rvm/gems/ruby-2.3.0/gems/activerecord-5.0.0.1/lib/active_record/connection_adapters/abstract/database_statements.rb:230:in `transaction'
/usr/local/rvm/gems/ruby-2.3.0/gems/activerecord-5.0.0.1/lib/active_record/transactions.rb:211:in `transaction'
/usr/local/rvm/gems/ruby-2.3.0/gems/activerecord-5.0.0.1/lib/active_record/transactions.rb:392:in `with_transaction_returning_status'
/usr/local/rvm/gems/ruby-2.3.0/gems/activerecord-5.0.0.1/lib/active_record/transactions.rb:319:in `block in save'
/usr/local/rvm/gems/ruby-2.3.0/gems/activerecord-5.0.0.1/lib/active_record/transactions.rb:334:in `rollback_active_record_state!'
/usr/local/rvm/gems/ruby-2.3.0/gems/activerecord-5.0.0.1/lib/active_record/transactions.rb:318:in `save'
/usr/local/rvm/gems/ruby-2.3.0/gems/activerecord-5.0.0.1/lib/active_record/suppressor.rb:41:in `save'
/usr/local/rvm/gems/ruby-2.3.0/gems/activerecord-5.0.0.1/lib/active_record/persistence.rb:266:in `block in update'
/usr/local/rvm/gems/ruby-2.3.0/gems/activerecord-5.0.0.1/lib/active_record/transactions.rb:395:in `block in with_transaction_returning_status'
/usr/local/rvm/gems/ruby-2.3.0/gems/activerecord-5.0.0.1/lib/active_record/connection_adapters/abstract/database_statements.rb:230:in `transaction'
/usr/local/rvm/gems/ruby-2.3.0/gems/activerecord-5.0.0.1/lib/active_record/transactions.rb:211:in `transaction'
/usr/local/rvm/gems/ruby-2.3.0/gems/activerecord-5.0.0.1/lib/active_record/transactions.rb:392:in `with_transaction_returning_status'
/usr/local/rvm/gems/ruby-2.3.0/gems/activerecord-5.0.0.1/lib/active_record/persistence.rb:264:in `update'
/home/ubuntu/workspace/matchme/app/models/match.rb:25:in `add_percent'
/usr/local/rvm/gems/ruby-2.3.0/gems/activesupport-5.0.0.1/lib/active_support/callbacks.rb:382:in `block in make_lambda'
/usr/local/rvm/gems/ruby-2.3.0/gems/activesupport-5.0.0.1/lib/active_support/callbacks.rb:207:in `block in halting_and_conditional'
/usr/local/rvm/gems/ruby-2.3.0/gems/activesupport-5.0.0.1/lib/active_support/callbacks.rb:456:in `block in call'
/usr/local/rvm/gems/ruby-2.3.0/gems/activesupport-5.0.0.1/lib/active_support/callbacks.rb:456:in `each'
/usr/local/rvm/gems/ruby-2.3.0/gems/activesupport-5.0.0.1/lib/active_support/callbacks.rb:456:in `call'
/usr/local/rvm/gems/ruby-2.3.0/gems/activesupport-5.0.0.1/lib/active_support/callbacks.rb:101:in `__run_callbacks__'
/usr/local/rvm/gems/ruby-2.3.0/gems/activesupport-5.0.0.1/lib/active_support/callbacks.rb:750:in `_run_save_callbacks'
/usr/local/rvm/gems/ruby-2.3.0/gems/activerecord-5.0.0.1/lib/active_record/callbacks.rb:298:in `create_or_update'
/usr/local/rvm/gems/ruby-2.3.0/gems/activerecord-5.0.0.1/lib/active_record/persistence.rb:125:in `save'
/usr/local/rvm/gems/ruby-2.3.0/gems/activerecord-5.0.0.1/lib/active_record/validations.rb:44:in `save'
/usr/local/rvm/gems/ruby-2.3.0/gems/activerecord-5.0.0.1/lib/active_record/attribute_methods/dirty.rb:22:in `save'
/usr/local/rvm/gems/ruby-2.3.0/gems/activerecord-5.0.0.1/lib/active_record/transactions.rb:319:in `block (2 levels) in save'
/usr/local/rvm/gems/ruby-2.3.0/gems/activerecord-5.0.0.1/lib/active_record/transactions.rb:395:in `block in with_transaction_returning_status'
/usr/local/rvm/gems/ruby-2.3.0/gems/activerecord-5.0.0.1/lib/active_record/connection_adapters/abstract/database_statements.rb:230:in `transaction'
/usr/local/rvm/gems/ruby-2.3.0/gems/activerecord-5.0.0.1/lib/active_record/transactions.rb:211:in `transaction'
/usr/local/rvm/gems/ruby-2.3.0/gems/activerecord-5.0.0.1/lib/active_record/transactions.rb:392:in `with_transaction_returning_status'
/usr/local/rvm/gems/ruby-2.3.0/gems/activerecord-5.0.0.1/lib/active_record/transactions.rb:319:in `block in save'
/usr/local/rvm/gems/ruby-2.3.0/gems/activerecord-5.0.0.1/lib/active_record/transactions.rb:334:in `rollback_active_record_state!'
/usr/local/rvm/gems/ruby-2.3.0/gems/activerecord-5.0.0.1/lib/active_record/transactions.rb:318:in `save'
/usr/local/rvm/gems/ruby-2.3.0/gems/activerecord-5.0.0.1/lib/active_record/suppressor.rb:41:in `save'
/usr/local/rvm/gems/ruby-2.3.0/gems/activerecord-5.0.0.1/lib/active_record/persistence.rb:266:in `block in update'
/usr/local/rvm/gems/ruby-2.3.0/gems/activerecord-5.0.0.1/lib/active_record/transactions.rb:395:in `block in with_transaction_returning_status'
/usr/local/rvm/gems/ruby-2.3.0/gems/activerecord-5.0.0.1/lib/active_record/connection_adapters/abstract/database_statements.rb:230:in `transaction'
/usr/local/rvm/gems/ruby-2.3.0/gems/activerecord-5.0.0.1/lib/active_record/transactions.rb:211:in `transaction'
/usr/local/rvm/gems/ruby-2.3.0/gems/activerecord-5.0.0.1/lib/active_record/transactions.rb:392:in `with_transaction_returning_status'
/usr/local/rvm/gems/ruby-2.3.0/gems/activerecord-5.0.0.1/lib/active_record/persistence.rb:264:in `update'
/home/ubuntu/workspace/matchme/app/models/match.rb:25:in `add_percent'
/usr/local/rvm/gems/ruby-2.3.0/gems/activesupport-5.0.0.1/lib/active_support/callbacks.rb:382:in `block in make_lambda'
/usr/local/rvm/gems/ruby-2.3.0/gems/activesupport-5.0.0.1/lib/active_support/callbacks.rb:207:in `block in halting_and_conditional'
/usr/local/rvm/gems/ruby-2.3.0/gems/activesupport-5.0.0.1/lib/active_support/callbacks.rb:456:in `block in call'
/usr/local/rvm/gems/ruby-2.3.0/gems/activesupport-5.0.0.1/lib/active_support/callbacks.rb:456:in `each'
/usr/local/rvm/gems/ruby-2.3.0/gems/activesupport-5.0.0.1/lib/active_support/callbacks.rb:456:in `call'
/usr/local/rvm/gems/ruby-2.3.0/gems/activesupport-5.0.0.1/lib/active_support/callbacks.rb:101:in `__run_callbacks__'
/usr/local/rvm/gems/ruby-2.3.0/gems/activesupport-5.0.0.1/lib/active_support/callbacks.rb:750:in `_run_save_callbacks'
/usr/local/rvm/gems/ruby-2.3.0/gems/activerecord-5.0.0.1/lib/active_record/callbacks.rb:298:in `create_or_update'
/usr/local/rvm/gems/ruby-2.3.0/gems/activerecord-5.0.0.1/lib/active_record/persistence.rb:125:in `save'
/usr/local/rvm/gems/ruby-2.3.0/gems/activerecord-5.0.0.1/lib/active_record/validations.rb:44:in `save'
/usr/local/rvm/gems/ruby-2.3.0/gems/activerecord-5.0.0.1/lib/active_record/attribute_methods/dirty.rb:22:in `save'
/usr/local/rvm/gems/ruby-2.3.0/gems/activerecord-5.0.0.1/lib/active_record/transactions.rb:319:in `block (2 levels) in save'
/usr/local/rvm/gems/ruby-2.3.0/gems/activerecord-5.0.0.1/lib/active_record/transactions.rb:395:in `block in with_transaction_returning_status'
/usr/local/rvm/gems/ruby-2.3.0/gems/activerecord-5.0.0.1/lib/active_record/connection_adapters/abstract/database_statements.rb:230:in `transaction'
/usr/local/rvm/gems/ruby-2.3.0/gems/activerecord-5.0.0.1/lib/active_record/transactions.rb:211:in `transaction'
/usr/local/rvm/gems/ruby-2.3.0/gems/activerecord-5.0.0.1/lib/active_record/transactions.rb:392:in `with_transaction_returning_status'
/usr/local/rvm/gems/ruby-2.3.0/gems/activerecord-5.0.0.1/lib/active_record/transactions.rb:319:in `block in save'
/usr/local/rvm/gems/ruby-2.3.0/gems/activerecord-5.0.0.1/lib/active_record/transactions.rb:334:in `rollback_active_record_state!'
/usr/local/rvm/gems/ruby-2.3.0/gems/activerecord-5.0.0.1/lib/active_record/transactions.rb:318:in `save'
/usr/local/rvm/gems/ruby-2.3.0/gems/activerecord-5.0.0.1/lib/active_record/suppressor.rb:41:in `save'
/usr/local/rvm/gems/ruby-2.3.0/gems/activerecord-5.0.0.1/lib/active_record/persistence.rb:266:in `block in update'
/usr/local/rvm/gems/ruby-2.3.0/gems/activerecord-5.0.0.1/lib/active_record/transactions.rb:395:in `block in with_transaction_returning_status'
/usr/local/rvm/gems/ruby-2.3.0/gems/activerecord-5.0.0.1/lib/active_record/connection_adapters/abstract/database_statements.rb:230:in `transaction'
/usr/local/rvm/gems/ruby-2.3.0/gems/activerecord-5.0.0.1/lib/active_record/transactions.rb:211:in `transaction'
/usr/local/rvm/gems/ruby-2.3.0/gems/activerecord-5.0.0.1/lib/active_record/transactions.rb:392:in `with_transaction_returning_status'
/usr/local/rvm/gems/ruby-2.3.0/gems/activerecord-5.0.0.1/lib/active_record/persistence.rb:264:in `update'
/home/ubuntu/workspace/matchme/app/models/match.rb:25:in `add_percent'
/usr/local/rvm/gems/ruby-2.3.0/gems/activesupport-5.0.0.1/lib/active_support/callbacks.rb:382:in `block in make_lambda'
/usr/local/rvm/gems/ruby-2.3.0/gems/activesupport-5.0.0.1/lib/active_support/callbacks.rb:207:in `block in halting_and_conditional'
/usr/local/rvm/gems/ruby-2.3.0/gems/activesupport-5.0.0.1/lib/active_support/callbacks.rb:456:in `block in call'
/usr/local/rvm/gems/ruby-2.3.0/gems/activesupport-5.0.0.1/lib/active_support/callbacks.rb:456:in `each'
/usr/local/rvm/gems/ruby-2.3.0/gems/activesupport-5.0.0.1/lib/active_support/callbacks.rb:456:in `call'
/usr/local/rvm/gems/ruby-2.3.0/gems/activesupport-5.0.0.1/lib/active_support/callbacks.rb:101:in `__run_callbacks__'
/usr/local/rvm/gems/ruby-2.3.0/gems/activesupport-5.0.0.1/lib/active_support/callbacks.rb:750:in `_run_save_callbacks'
/usr/local/rvm/gems/ruby-2.3.0/gems/activerecord-5.0.0.1/lib/active_record/callbacks.rb:298:in `create_or_update'
/usr/local/rvm/gems/ruby-2.3.0/gems/activerecord-5.0.0.1/lib/active_record/persistence.rb:125:in `save'
/usr/local/rvm/gems/ruby-2.3.0/gems/activerecord-5.0.0.1/lib/active_record/validations.rb:44:in `save'
/usr/local/rvm/gems/ruby-2.3.0/gems/activerecord-5.0.0.1/lib/active_record/attribute_methods/dirty.rb:22:in `save'
/usr/local/rvm/gems/ruby-2.3.0/gems/activerecord-5.0.0.1/lib/active_record/transactions.rb:319:in `block (2 levels) in save'
/usr/local/rvm/gems/ruby-2.3.0/gems/activerecord-5.0.0.1/lib/active_record/transactions.rb:395:in `block in with_transaction_returning_status'
/usr/local/rvm/gems/ruby-2.3.0/gems/activerecord-5.0.0.1/lib/active_record/connection_adapters/abstract/database_statements.rb:230:in `transaction'
/usr/local/rvm/gems/ruby-2.3.0/gems/activerecord-5.0.0.1/lib/active_record/transactions.rb:211:in `transaction'
/usr/local/rvm/gems/ruby-2.3.0/gems/activerecord-5.0.0.1/lib/active_record/transactions.rb:392:in `with_transaction_returning_status'
/usr/local/rvm/gems/ruby-2.3.0/gems/activerecord-5.0.0.1/lib/active_record/transactions.rb:319:in `block in save'
/usr/local/rvm/gems/ruby-2.3.0/gems/activerecord-5.0.0.1/lib/active_record/transactions.rb:334:in `rollback_active_record_state!'
/usr/local/rvm/gems/ruby-2.3.0/gems/activerecord-5.0.0.1/lib/active_record/transactions.rb:318:in `save'
/usr/local/rvm/gems/ruby-2.3.0/gems/activerecord-5.0.0.1/lib/active_record/suppressor.rb:41:in `save'
/usr/local/rvm/gems/ruby-2.3.0/gems/activerecord-5.0.0.1/lib/active_record/persistence.rb:266:in `block in update'
/usr/local/rvm/gems/ruby-2.3.0/gems/activerecord-5.0.0.1/lib/active_record/transactions.rb:395:in `block in with_transaction_returning_status'
/usr/local/rvm/gems/ruby-2.3.0/gems/activerecord-5.0.0.1/lib/active_record/connection_adapters/abstract/database_statements.rb:230:in `transaction'
/usr/local/rvm/gems/ruby-2.3.0/gems/activerecord-5.0.0.1/lib/active_record/transactions.rb:211:in `transaction'
/usr/local/rvm/gems/ruby-2.3.0/gems/activerecord-5.0.0.1/lib/active_record/transactions.rb:392:in `with_transaction_returning_status'
/usr/local/rvm/gems/ruby-2.3.0/gems/activerecord-5.0.0.1/lib/active_record/persistence.rb:264:in `update'
/home/ubuntu/workspace/matchme/app/models/match.rb:25:in `add_percent'
/usr/local/rvm/gems/ruby-2.3.0/gems/activesupport-5.0.0.1/lib/active_support/callbacks.rb:382:in `block in make_lambda'
/usr/local/rvm/gems/ruby-2.3.0/gems/activesupport-5.0.0.1/lib/active_support/callbacks.rb:207:in `block in halting_and_conditional'
/usr/local/rvm/gems/ruby-2.3.0/gems/activesupport-5.0.0.1/lib/active_support/callbacks.rb:456:in `block in call'
/usr/local/rvm/gems/ruby-2.3.0/gems/activesupport-5.0.0.1/lib/active_support/callbacks.rb:456:in `each'
/usr/local/rvm/gems/ruby-2.3.0/gems/activesupport-5.0.0.1/lib/active_support/callbacks.rb:456:in `call'
/usr/local/rvm/gems/ruby-2.3.0/gems/activesupport-5.0.0.1/lib/active_support/callbacks.rb:101:in `__run_callbacks__'
/usr/local/rvm/gems/ruby-2.3.0/gems/activesupport-5.0.0.1/lib/active_support/callbacks.rb:750:in `_run_save_callbacks'
/usr/local/rvm/gems/ruby-2.3.0/gems/activerecord-5.0.0.1/lib/active_record/callbacks.rb:298:in `create_or_update'
/usr/local/rvm/gems/ruby-2.3.0/gems/activerecord-5.0.0.1/lib/active_record/persistence.rb:125:in `save'
/usr/local/rvm/gems/ruby-2.3.0/gems/activerecord-5.0.0.1/lib/active_record/validations.rb:44:in `save'
/usr/local/rvm/gems/ruby-2.3.0/gems/activerecord-5.0.0.1/lib/active_record/attribute_methods/dirty.rb:22:in `save'
/usr/local/rvm/gems/ruby-2.3.0/gems/activerecord-5.0.0.1/lib/active_record/transactions.rb:319:in `block (2 levels) in save'
/usr/local/rvm/gems/ruby-2.3.0/gems/activerecord-5.0.0.1/lib/active_record/transactions.rb:395:in `block in with_transaction_returning_status'
/usr/local/rvm/gems/ruby-2.3.0/gems/activerecord-5.0.0.1/lib/active_record/connection_adapters/abstract/database_statements.rb:230:in `transaction'
/usr/local/rvm/gems/ruby-2.3.0/gems/activerecord-5.0.0.1/lib/active_record/transactions.rb:211:in `transaction'
/usr/local/rvm/gems/ruby-2.3.0/gems/activerecord-5.0.0.1/lib/active_record/transactions.rb:392:in `with_transaction_returning_status'
/usr/local/rvm/gems/ruby-2.3.0/gems/activerecord-5.0.0.1/lib/active_record/transactions.rb:319:in `block in save'
/usr/local/rvm/gems/ruby-2.3.0/gems/activerecord-5.0.0.1/lib/active_record/transactions.rb:334:in `rollback_active_record_state!'
/usr/local/rvm/gems/ruby-2.3.0/gems/activerecord-5.0.0.1/lib/active_record/transactions.rb:318:in `save'
/usr/local/rvm/gems/ruby-2.3.0/gems/activerecord-5.0.0.1/lib/active_record/suppressor.rb:41:in `save'
/usr/local/rvm/gems/ruby-2.3.0/gems/activerecord-5.0.0.1/lib/active_record/persistence.rb:266:in `block in update'
/usr/local/rvm/gems/ruby-2.3.0/gems/activerecord-5.0.0.1/lib/active_record/transactions.rb:395:in `block in with_transaction_returning_status'
/usr/local/rvm/gems/ruby-2.3.0/gems/activerecord-5.0.0.1/lib/active_record/connection_adapters/abstract/database_statements.rb:230:in `transaction'
/usr/local/rvm/gems/ruby-2.3.0/gems/activerecord-5.0.0.1/lib/active_record/transactions.rb:211:in `transaction'
/usr/local/rvm/gems/ruby-2.3.0/gems/activerecord-5.0.0.1/lib/active_record/transactions.rb:392:in `with_transaction_returning_status'
/usr/local/rvm/gems/ruby-2.3.0/gems/activerecord-5.0.0.1/lib/active_record/persistence.rb:264:in `update'
/home/ubuntu/workspace/matchme/app/models/match.rb:25:in `add_percent'
/usr/local/rvm/gems/ruby-2.3.0/gems/activesupport-5.0.0.1/lib/active_support/callbacks.rb:382:in `block in make_lambda'
/usr/local/rvm/gems/ruby-2.3.0/gems/activesupport-5.0.0.1/lib/active_support/callbacks.rb:207:in `block in halting_and_conditional'
/usr/local/rvm/gems/ruby-2.3.0/gems/activesupport-5.0.0.1/lib/active_support/callbacks.rb:456:in `block in call'
/usr/local/rvm/gems/ruby-2.3.0/gems/activesupport-5.0.0.1/lib/active_support/callbacks.rb:456:in `each'
/usr/local/rvm/gems/ruby-2.3.0/gems/activesupport-5.0.0.1/lib/active_support/callbacks.rb:456:in `call'
/usr/local/rvm/gems/ruby-2.3.0/gems/activesupport-5.0.0.1/lib/active_support/callbacks.rb:101:in `__run_callbacks__'
/usr/local/rvm/gems/ruby-2.3.0/gems/activesupport-5.0.0.1/lib/active_support/callbacks.rb:750:in `_run_save_callbacks'
/usr/local/rvm/gems/ruby-2.3.0/gems/activerecord-5.0.0.1/lib/active_record/callbacks.rb:298:in `create_or_update'
/usr/local/rvm/gems/ruby-2.3.0/gems/activerecord-5.0.0.1/lib/active_record/persistence.rb:125:in `save'
/usr/local/rvm/gems/ruby-2.3.0/gems/activerecord-5.0.0.1/lib/active_record/validations.rb:44:in `save'
/usr/local/rvm/gems/ruby-2.3.0/gems/activerecord-5.0.0.1/lib/active_record/attribute_methods/dirty.rb:22:in `save'
/usr/local/rvm/gems/ruby-2.3.0/gems/activerecord-5.0.0.1/lib/active_record/transactions.rb:319:in `block (2 levels) in save'
/usr/local/rvm/gems/ruby-2.3.0/gems/activerecord-5.0.0.1/lib/active_record/transactions.rb:395:in `block in with_transaction_returning_status'
/usr/local/rvm/gems/ruby-2.3.0/gems/activerecord-5.0.0.1/lib/active_record/connection_adapters/abstract/database_statements.rb:230:in `transaction'
/usr/local/rvm/gems/ruby-2.3.0/gems/activerecord-5.0.0.1/lib/active_record/transactions.rb:211:in `transaction'
/usr/local/rvm/gems/ruby-2.3.0/gems/activerecord-5.0.0.1/lib/active_record/transactions.rb:392:in `with_transaction_returning_status'
/usr/local/rvm/gems/ruby-2.3.0/gems/activerecord-5.0.0.1/lib/active_record/transactions.rb:319:in `block in save'
/usr/local/rvm/gems/ruby-2.3.0/gems/activerecord-5.0.0.1/lib/active_record/transactions.rb:334:in `rollback_active_record_state!'
/usr/local/rvm/gems/ruby-2.3.0/gems/activerecord-5.0.0.1/lib/active_record/transactions.rb:318:in `save'
/usr/local/rvm/gems/ruby-2.3.0/gems/activerecord-5.0.0.1/lib/active_record/suppressor.rb:41:in `save'
/usr/local/rvm/gems/ruby-2.3.0/gems/activerecord-5.0.0.1/lib/active_record/persistence.rb:266:in `block in update'
/usr/local/rvm/gems/ruby-2.3.0/gems/activerecord-5.0.0.1/lib/active_record/transactions.rb:395:in `block in with_transaction_returning_status'
/usr/local/rvm/gems/ruby-2.3.0/gems/activerecord-5.0.0.1/lib/active_record/connection_adapters/abstract/database_statements.rb:230:in `transaction'
/usr/local/rvm/gems/ruby-2.3.0/gems/activerecord-5.0.0.1/lib/active_record/transactions.rb:211:in `transaction'
/usr/local/rvm/gems/ruby-2.3.0/gems/activerecord-5.0.0.1/lib/active_record/transactions.rb:392:in `with_transaction_returning_status'
/usr/local/rvm/gems/ruby-2.3.0/gems/activerecord-5.0.0.1/lib/active_record/persistence.rb:264:in `update'
/home/ubuntu/workspace/matchme/app/models/match.rb:25:in `add_percent'
/usr/local/rvm/gems/ruby-2.3.0/gems/activesupport-5.0.0.1/lib/active_support/callbacks.rb:382:in `block in make_lambda'
/usr/local/rvm/gems/ruby-2.3.0/gems/activesupport-5.0.0.1/lib/active_support/callbacks.rb:207:in `block in halting_and_conditional'
/usr/local/rvm/gems/ruby-2.3.0/gems/activesupport-5.0.0.1/lib/active_support/callbacks.rb:456:in `block in call'
/usr/local/rvm/gems/ruby-2.3.0/gems/activesupport-5.0.0.1/lib/active_support/callbacks.rb:456:in `each'
/usr/local/rvm/gems/ruby-2.3.0/gems/activesupport-5.0.0.1/lib/active_support/callbacks.rb:456:in `call'
/usr/local/rvm/gems/ruby-2.3.0/gems/activesupport-5.0.0.1/lib/active_support/callbacks.rb:101:in `__run_callbacks__'
/usr/local/rvm/gems/ruby-2.3.0/gems/activesupport-5.0.0.1/lib/active_support/callbacks.rb:750:in `_run_save_callbacks'
/usr/local/rvm/gems/ruby-2.3.0/gems/activerecord-5.0.0.1/lib/active_record/callbacks.rb:298:in `create_or_update'
/usr/local/rvm/gems/ruby-2.3.0/gems/activerecord-5.0.0.1/lib/active_record/persistence.rb:125:in `save'
/usr/local/rvm/gems/ruby-2.3.0/gems/activerecord-5.0.0.1/lib/active_record/validations.rb:44:in `save'
/usr/local/rvm/gems/ruby-2.3.0/gems/activerecord-5.0.0.1/lib/active_record/attribute_methods/dirty.rb:22:in `save'
/usr/local/rvm/gems/ruby-2.3.0/gems/activerecord-5.0.0.1/lib/active_record/transactions.rb:319:in `block (2 levels) in save'
/usr/local/rvm/gems/ruby-2.3.0/gems/activerecord-5.0.0.1/lib/active_record/transactions.rb:395:in `block in with_transaction_returning_status'
/usr/local/rvm/gems/ruby-2.3.0/gems/activerecord-5.0.0.1/lib/active_record/connection_adapters/abstract/database_statements.rb:230:in `transaction'
/usr/local/rvm/gems/ruby-2.3.0/gems/activerecord-5.0.0.1/lib/active_record/transactions.rb:211:in `transaction'
/usr/local/rvm/gems/ruby-2.3.0/gems/activerecord-5.0.0.1/lib/active_record/transactions.rb:392:in `with_transaction_returning_status'
/usr/local/rvm/gems/ruby-2.3.0/gems/activerecord-5.0.0.1/lib/active_record/transactions.rb:319:in `block in save'
/usr/local/rvm/gems/ruby-2.3.0/gems/activerecord-5.0.0.1/lib/active_record/transactions.rb:334:in `rollback_active_record_state!'
/usr/local/rvm/gems/ruby-2.3.0/gems/activerecord-5.0.0.1/lib/active_record/transactions.rb:318:in `save'
/usr/local/rvm/gems/ruby-2.3.0/gems/activerecord-5.0.0.1/lib/active_record/suppressor.rb:41:in `save'
/usr/local/rvm/gems/ruby-2.3.0/gems/activerecord-5.0.0.1/lib/active_record/persistence.rb:266:in `block in update'
/usr/local/rvm/gems/ruby-2.3.0/gems/activerecord-5.0.0.1/lib/active_record/transactions.rb:395:in `block in with_transaction_returning_status'
/usr/local/rvm/gems/ruby-2.3.0/gems/activerecord-5.0.0.1/lib/active_record/connection_adapters/abstract/database_statements.rb:230:in `transaction'
/usr/local/rvm/gems/ruby-2.3.0/gems/activerecord-5.0.0.1/lib/active_record/transactions.rb:211:in `transaction'
/usr/local/rvm/gems/ruby-2.3.0/gems/activerecord-5.0.0.1/lib/active_record/transactions.rb:392:in `with_transaction_returning_status'
/usr/local/rvm/gems/ruby-2.3.0/gems/activerecord-5.0.0.1/lib/active_record/persistence.rb:264:in `update'
/home/ubuntu/workspace/matchme/app/models/match.rb:25:in `add_percent'
/usr/local/rvm/gems/ruby-2.3.0/gems/activesupport-5.0.0.1/lib/active_support/callbacks.rb:382:in `block in make_lambda'
/usr/local/rvm/gems/ruby-2.3.0/gems/activesupport-5.0.0.1/lib/active_support/callbacks.rb:207:in `block in halting_and_conditional'
/usr/local/rvm/gems/ruby-2.3.0/gems/activesupport-5.0.0.1/lib/active_support/callbacks.rb:456:in `block in call'
/usr/local/rvm/gems/ruby-2.3.0/gems/activesupport-5.0.0.1/lib/active_support/callbacks.rb:456:in `each'
/usr/local/rvm/gems/ruby-2.3.0/gems/activesupport-5.0.0.1/lib/active_support/callbacks.rb:456:in `call'
/usr/local/rvm/gems/ruby-2.3.0/gems/activesupport-5.0.0.1/lib/active_support/callbacks.rb:101:in `__run_callbacks__'
/usr/local/rvm/gems/ruby-2.3.0/gems/activesupport-5.0.0.1/lib/active_support/callbacks.rb:750:in `_run_save_callbacks'
/usr/local/rvm/gems/ruby-2.3.0/gems/activerecord-5.0.0.1/lib/active_record/callbacks.rb:298:in `create_or_update'
/usr/local/rvm/gems/ruby-2.3.0/gems/activerecord-5.0.0.1/lib/active_record/persistence.rb:125:in `save'
/usr/local/rvm/gems/ruby-2.3.0/gems/activerecord-5.0.0.1/lib/active_record/validations.rb:44:in `save'
/usr/local/rvm/gems/ruby-2.3.0/gems/activerecord-5.0.0.1/lib/active_record/attribute_methods/dirty.rb:22:in `save'
/usr/local/rvm/gems/ruby-2.3.0/gems/activerecord-5.0.0.1/lib/active_record/transactions.rb:319:in `block (2 levels) in save'
/usr/local/rvm/gems/ruby-2.3.0/gems/activerecord-5.0.0.1/lib/active_record/transactions.rb:395:in `block in with_transaction_returning_status'
/usr/local/rvm/gems/ruby-2.3.0/gems/activerecord-5.0.0.1/lib/active_record/connection_adapters/abstract/database_statements.rb:230:in `transaction'
/usr/local/rvm/gems/ruby-2.3.0/gems/activerecord-5.0.0.1/lib/active_record/transactions.rb:211:in `transaction'
/usr/local/rvm/gems/ruby-2.3.0/gems/activerecord-5.0.0.1/lib/active_record/transactions.rb:392:in `with_transaction_returning_status'
/usr/local/rvm/gems/ruby-2.3.0/gems/activerecord-5.0.0.1/lib/active_record/transactions.rb:319:in `block in save'
/usr/local/rvm/gems/ruby-2.3.0/gems/activerecord-5.0.0.1/lib/active_record/transactions.rb:334:in `rollback_active_record_state!'
/usr/local/rvm/gems/ruby-2.3.0/gems/activerecord-5.0.0.1/lib/active_record/transactions.rb:318:in `save'
/usr/local/rvm/gems/ruby-2.3.0/gems/activerecord-5.0.0.1/lib/active_record/suppressor.rb:41:in `save'
/usr/local/rvm/gems/ruby-2.3.0/gems/activerecord-5.0.0.1/lib/active_record/persistence.rb:266:in `block in update'
/usr/local/rvm/gems/ruby-2.3.0/gems/activerecord-5.0.0.1/lib/active_record/transactions.rb:395:in `block in with_transaction_returning_status'
/usr/local/rvm/gems/ruby-2.3.0/gems/activerecord-5.0.0.1/lib/active_record/connection_adapters/abstract/database_statements.rb:230:in `transaction'
/usr/local/rvm/gems/ruby-2.3.0/gems/activerecord-5.0.0.1/lib/active_record/transactions.rb:211:in `transaction'
/usr/local/rvm/gems/ruby-2.3.0/gems/activerecord-5.0.0.1/lib/active_record/transactions.rb:392:in `with_transaction_returning_status'
/usr/local/rvm/gems/ruby-2.3.0/gems/activerecord-5.0.0.1/lib/active_record/persistence.rb:264:in `update'
/home/ubuntu/workspace/matchme/app/models/match.rb:25:in `add_percent'
/usr/local/rvm/gems/ruby-2.3.0/gems/activesupport-5.0.0.1/lib/active_support/callbacks.rb:382:in `block in make_lambda'
/usr/local/rvm/gems/ruby-2.3.0/gems/activesupport-5.0.0.1/lib/active_support/callbacks.rb:207:in `block in halting_and_conditional'
/usr/local/rvm/gems/ruby-2.3.0/gems/activesupport-5.0.0.1/lib/active_support/callbacks.rb:456:in `block in call'
/usr/local/rvm/gems/ruby-2.3.0/gems/activesupport-5.0.0.1/lib/active_support/callbacks.rb:456:in `each'
/usr/local/rvm/gems/ruby-2.3.0/gems/activesupport-5.0.0.1/lib/active_support/callbacks.rb:456:in `call'
/usr/local/rvm/gems/ruby-2.3.0/gems/activesupport-5.0.0.1/lib/active_support/callbacks.rb:101:in `__run_callbacks__'
/usr/local/rvm/gems/ruby-2.3.0/gems/activesupport-5.0.0.1/lib/active_support/callbacks.rb:750:in `_run_save_callbacks'
/usr/local/rvm/gems/ruby-2.3.0/gems/activerecord-5.0.0.1/lib/active_record/callbacks.rb:298:in `create_or_update'
/usr/local/rvm/gems/ruby-2.3.0/gems/activerecord-5.0.0.1/lib/active_record/persistence.rb:125:in `save'
/usr/local/rvm/gems/ruby-2.3.0/gems/activerecord-5.0.0.1/lib/active_record/validations.rb:44:in `save'
/usr/local/rvm/gems/ruby-2.3.0/gems/activerecord-5.0.0.1/lib/active_record/attribute_methods/dirty.rb:22:in `save'
/usr/local/rvm/gems/ruby-2.3.0/gems/activerecord-5.0.0.1/lib/active_record/transactions.rb:319:in `block (2 levels) in save'
/usr/local/rvm/gems/ruby-2.3.0/gems/activerecord-5.0.0.1/lib/active_record/transactions.rb:395:in `block in with_transaction_returning_status'
/usr/local/rvm/gems/ruby-2.3.0/gems/activerecord-5.0.0.1/lib/active_record/connection_adapters/abstract/database_statements.rb:230:in `transaction'
/usr/local/rvm/gems/ruby-2.3.0/gems/activerecord-5.0.0.1/lib/active_record/transactions.rb:211:in `transaction'
/usr/local/rvm/gems/ruby-2.3.0/gems/activerecord-5.0.0.1/lib/active_record/transactions.rb:392:in `with_transaction_returning_status'
/usr/local/rvm/gems/ruby-2.3.0/gems/activerecord-5.0.0.1/lib/active_record/transactions.rb:319:in `block in save'
/usr/local/rvm/gems/ruby-2.3.0/gems/activerecord-5.0.0.1/lib/active_record/transactions.rb:334:in `rollback_active_record_state!'
/usr/local/rvm/gems/ruby-2.3.0/gems/activerecord-5.0.0.1/lib/active_record/transactions.rb:318:in `save'
/usr/local/rvm/gems/ruby-2.3.0/gems/activerecord-5.0.0.1/lib/active_record/suppressor.rb:41:in `save'
/usr/local/rvm/gems/ruby-2.3.0/gems/activerecord-5.0.0.1/lib/active_record/persistence.rb:266:in `block in update'
/usr/local/rvm/gems/ruby-2.3.0/gems/activerecord-5.0.0.1/lib/active_record/transactions.rb:395:in `block in with_transaction_returning_status'
/usr/local/rvm/gems/ruby-2.3.0/gems/activerecord-5.0.0.1/lib/active_record/connection_adapters/abstract/database_statements.rb:230:in `transaction'
/usr/local/rvm/gems/ruby-2.3.0/gems/activerecord-5.0.0.1/lib/active_record/transactions.rb:211:in `transaction'
/usr/local/rvm/gems/ruby-2.3.0/gems/activerecord-5.0.0.1/lib/active_record/transactions.rb:392:in `with_transaction_returning_status'
/usr/local/rvm/gems/ruby-2.3.0/gems/activerecord-5.0.0.1/lib/active_record/persistence.rb:264:in `update'
/home/ubuntu/workspace/matchme/app/models/match.rb:25:in `add_percent'
/usr/local/rvm/gems/ruby-2.3.0/gems/activesupport-5.0.0.1/lib/active_support/callbacks.rb:382:in `block in make_lambda'
/usr/local/rvm/gems/ruby-2.3.0/gems/activesupport-5.0.0.1/lib/active_support/callbacks.rb:207:in `block in halting_and_conditional'
/usr/local/rvm/gems/ruby-2.3.0/gems/activesupport-5.0.0.1/lib/active_support/callbacks.rb:456:in `block in call'
/usr/local/rvm/gems/ruby-2.3.0/gems/activesupport-5.0.0.1/lib/active_support/callbacks.rb:456:in `each'
/usr/local/rvm/gems/ruby-2.3.0/gems/activesupport-5.0.0.1/lib/active_support/callbacks.rb:456:in `call'
/usr/local/rvm/gems/ruby-2.3.0/gems/activesupport-5.0.0.1/lib/active_support/callbacks.rb:101:in `__run_callbacks__'
/usr/local/rvm/gems/ruby-2.3.0/gems/activesupport-5.0.0.1/lib/active_support/callbacks.rb:750:in `_run_save_callbacks'
/usr/local/rvm/gems/ruby-2.3.0/gems/activerecord-5.0.0.1/lib/active_record/callbacks.rb:298:in `create_or_update'
/usr/local/rvm/gems/ruby-2.3.0/gems/activerecord-5.0.0.1/lib/active_record/persistence.rb:125:in `save'
/usr/local/rvm/gems/ruby-2.3.0/gems/activerecord-5.0.0.1/lib/active_record/validations.rb:44:in `save'
/usr/local/rvm/gems/ruby-2.3.0/gems/activerecord-5.0.0.1/lib/active_record/attribute_methods/dirty.rb:22:in `save'
/usr/local/rvm/gems/ruby-2.3.0/gems/activerecord-5.0.0.1/lib/active_record/transactions.rb:319:in `block (2 levels) in save'
/usr/local/rvm/gems/ruby-2.3.0/gems/activerecord-5.0.0.1/lib/active_record/transactions.rb:395:in `block in with_transaction_returning_status'
/usr/local/rvm/gems/ruby-2.3.0/gems/activerecord-5.0.0.1/lib/active_record/connection_adapters/abstract/database_statements.rb:230:in `transaction'
/usr/local/rvm/gems/ruby-2.3.0/gems/activerecord-5.0.0.1/lib/active_record/transactions.rb:211:in `transaction'
/usr/local/rvm/gems/ruby-2.3.0/gems/activerecord-5.0.0.1/lib/active_record/transactions.rb:392:in `with_transaction_returning_status'
/usr/local/rvm/gems/ruby-2.3.0/gems/activerecord-5.0.0.1/lib/active_record/transactions.rb:319:in `block in save'
/usr/local/rvm/gems/ruby-2.3.0/gems/activerecord-5.0.0.1/lib/active_record/transactions.rb:334:in `rollback_active_record_state!'
/usr/local/rvm/gems/ruby-2.3.0/gems/activerecord-5.0.0.1/lib/active_record/transactions.rb:318:in `save'
/usr/local/rvm/gems/ruby-2.3.0/gems/activerecord-5.0.0.1/lib/active_record/suppressor.rb:41:in `save'
/usr/local/rvm/gems/ruby-2.3.0/gems/activerecord-5.0.0.1/lib/active_record/persistence.rb:266:in `block in update'
/usr/local/rvm/gems/ruby-2.3.0/gems/activerecord-5.0.0.1/lib/active_record/transactions.rb:395:in `block in with_transaction_returning_status'
/usr/local/rvm/gems/ruby-2.3.0/gems/activerecord-5.0.0.1/lib/active_record/connection_adapters/abstract/database_statements.rb:230:in `transaction'
/usr/local/rvm/gems/ruby-2.3.0/gems/activerecord-5.0.0.1/lib/active_record/transactions.rb:211:in `transaction'
/usr/local/rvm/gems/ruby-2.3.0/gems/activerecord-5.0.0.1/lib/active_record/transactions.rb:392:in `with_transaction_returning_status'
/usr/local/rvm/gems/ruby-2.3.0/gems/activerecord-5.0.0.1/lib/active_record/persistence.rb:264:in `update'
/home/ubuntu/workspace/matchme/app/models/match.rb:25:in `add_percent'
/usr/local/rvm/gems/ruby-2.3.0/gems/activesupport-5.0.0.1/lib/active_support/callbacks.rb:382:in `block in make_lambda'
/usr/local/rvm/gems/ruby-2.3.0/gems/activesupport-5.0.0.1/lib/active_support/callbacks.rb:207:in `block in halting_and_conditional'
/usr/local/rvm/gems/ruby-2.3.0/gems/activesupport-5.0.0.1/lib/active_support/callbacks.rb:456:in `block in call'
/usr/local/rvm/gems/ruby-2.3.0/gems/activesupport-5.0.0.1/lib/active_support/callbacks.rb:456:in `each'
/usr/local/rvm/gems/ruby-2.3.0/gems/activesupport-5.0.0.1/lib/active_support/callbacks.rb:456:in `call'
/usr/local/rvm/gems/ruby-2.3.0/gems/activesupport-5.0.0.1/lib/active_support/callbacks.rb:101:in `__run_callbacks__'
/usr/local/rvm/gems/ruby-2.3.0/gems/activesupport-5.0.0.1/lib/active_support/callbacks.rb:750:in `_run_save_callbacks'
/usr/local/rvm/gems/ruby-2.3.0/gems/activerecord-5.0.0.1/lib/active_record/callbacks.rb:298:in `create_or_update'
/usr/local/rvm/gems/ruby-2.3.0/gems/activerecord-5.0.0.1/lib/active_record/persistence.rb:125:in `save'
/usr/local/rvm/gems/ruby-2.3.0/gems/activerecord-5.0.0.1/lib/active_record/validations.rb:44:in `save'
/usr/local/rvm/gems/ruby-2.3.0/gems/activerecord-5.0.0.1/lib/active_record/attribute_methods/dirty.rb:22:in `save'
/usr/local/rvm/gems/ruby-2.3.0/gems/activerecord-5.0.0.1/lib/active_record/transactions.rb:319:in `block (2 levels) in save'
/usr/local/rvm/gems/ruby-2.3.0/gems/activerecord-5.0.0.1/lib/active_record/transactions.rb:395:in `block in with_transaction_returning_status'
/usr/local/rvm/gems/ruby-2.3.0/gems/activerecord-5.0.0.1/lib/active_record/connection_adapters/abstract/database_statements.rb:230:in `transaction'
/usr/local/rvm/gems/ruby-2.3.0/gems/activerecord-5.0.0.1/lib/active_record/transactions.rb:211:in `transaction'
/usr/local/rvm/gems/ruby-2.3.0/gems/activerecord-5.0.0.1/lib/active_record/transactions.rb:392:in `with_transaction_returning_status'
/usr/local/rvm/gems/ruby-2.3.0/gems/activerecord-5.0.0.1/lib/active_record/transactions.rb:319:in `block in save'
/usr/local/rvm/gems/ruby-2.3.0/gems/activerecord-5.0.0.1/lib/active_record/transactions.rb:334:in `rollback_active_record_state!'
/usr/local/rvm/gems/ruby-2.3.0/gems/activerecord-5.0.0.1/lib/active_record/transactions.rb:318:in `save'
/usr/local/rvm/gems/ruby-2.3.0/gems/activerecord-5.0.0.1/lib/active_record/suppressor.rb:41:in `save'
/usr/local/rvm/gems/ruby-2.3.0/gems/activerecord-5.0.0.1/lib/active_record/persistence.rb:266:in `block in update'
/usr/local/rvm/gems/ruby-2.3.0/gems/activerecord-5.0.0.1/lib/active_record/transactions.rb:395:in `block in with_transaction_returning_status'
/usr/local/rvm/gems/ruby-2.3.0/gems/activerecord-5.0.0.1/lib/active_record/connection_adapters/abstract/database_statements.rb:230:in `transaction'
/usr/local/rvm/gems/ruby-2.3.0/gems/activerecord-5.0.0.1/lib/active_record/transactions.rb:211:in `transaction'
/usr/local/rvm/gems/ruby-2.3.0/gems/activerecord-5.0.0.1/lib/active_record/transactions.rb:392:in `with_transaction_returning_status'
/usr/local/rvm/gems/ruby-2.3.0/gems/activerecord-5.0.0.1/lib/active_record/persistence.rb:264:in `update'
/home/ubuntu/workspace/matchme/app/models/match.rb:25:in `add_percent'
/usr/local/rvm/gems/ruby-2.3.0/gems/activesupport-5.0.0.1/lib/active_support/callbacks.rb:382:in `block in make_lambda'
/usr/local/rvm/gems/ruby-2.3.0/gems/activesupport-5.0.0.1/lib/active_support/callbacks.rb:207:in `block in halting_and_conditional'
/usr/local/rvm/gems/ruby-2.3.0/gems/activesupport-5.0.0.1/lib/active_support/callbacks.rb:456:in `block in call'
/usr/local/rvm/gems/ruby-2.3.0/gems/activesupport-5.0.0.1/lib/active_support/callbacks.rb:456:in `each'
/usr/local/rvm/gems/ruby-2.3.0/gems/activesupport-5.0.0.1/lib/active_support/callbacks.rb:456:in `call'
/usr/local/rvm/gems/ruby-2.3.0/gems/activesupport-5.0.0.1/lib/active_support/callbacks.rb:101:in `__run_callbacks__'
/usr/local/rvm/gems/ruby-2.3.0/gems/activesupport-5.0.0.1/lib/active_support/callbacks.rb:750:in `_run_save_callbacks'
/usr/local/rvm/gems/ruby-2.3.0/gems/activerecord-5.0.0.1/lib/active_record/callbacks.rb:298:in `create_or_update'
/usr/local/rvm/gems/ruby-2.3.0/gems/activerecord-5.0.0.1/lib/active_record/persistence.rb:125:in `save'
/usr/local/rvm/gems/ruby-2.3.0/gems/activerecord-5.0.0.1/lib/active_record/validations.rb:44:in `save'
/usr/local/rvm/gems/ruby-2.3.0/gems/activerecord-5.0.0.1/lib/active_record/attribute_methods/dirty.rb:22:in `save'
/usr/local/rvm/gems/ruby-2.3.0/gems/activerecord-5.0.0.1/lib/active_record/transactions.rb:319:in `block (2 levels) in save'
/usr/local/rvm/gems/ruby-2.3.0/gems/activerecord-5.0.0.1/lib/active_record/transactions.rb:395:in `block in with_transaction_returning_status'
/usr/local/rvm/gems/ruby-2.3.0/gems/activerecord-5.0.0.1/lib/active_record/connection_adapters/abstract/database_statements.rb:230:in `transaction'
/usr/local/rvm/gems/ruby-2.3.0/gems/activerecord-5.0.0.1/lib/active_record/transactions.rb:211:in `transaction'
/usr/local/rvm/gems/ruby-2.3.0/gems/activerecord-5.0.0.1/lib/active_record/transactions.rb:392:in `with_transaction_returning_status'
/usr/local/rvm/gems/ruby-2.3.0/gems/activerecord-5.0.0.1/lib/active_record/transactions.rb:319:in `block in save'
/usr/local/rvm/gems/ruby-2.3.0/gems/activerecord-5.0.0.1/lib/active_record/transactions.rb:334:in `rollback_active_record_state!'
/usr/local/rvm/gems/ruby-2.3.0/gems/activerecord-5.0.0.1/lib/active_record/transactions.rb:318:in `save'
/usr/local/rvm/gems/ruby-2.3.0/gems/activerecord-5.0.0.1/lib/active_record/suppressor.rb:41:in `save'
/usr/local/rvm/gems/ruby-2.3.0/gems/activerecord-5.0.0.1/lib/active_record/persistence.rb:266:in `block in update'
/usr/local/rvm/gems/ruby-2.3.0/gems/activerecord-5.0.0.1/lib/active_record/transactions.rb:395:in `block in with_transaction_returning_status'
/usr/local/rvm/gems/ruby-2.3.0/gems/activerecord-5.0.0.1/lib/active_record/connection_adapters/abstract/database_statements.rb:230:in `transaction'
/usr/local/rvm/gems/ruby-2.3.0/gems/activerecord-5.0.0.1/lib/active_record/transactions.rb:211:in `transaction'
/usr/local/rvm/gems/ruby-2.3.0/gems/activerecord-5.0.0.1/lib/active_record/transactions.rb:392:in `with_transaction_returning_status'
/usr/local/rvm/gems/ruby-2.3.0/gems/activerecord-5.0.0.1/lib/active_record/persistence.rb:264:in `update'
/home/ubuntu/workspace/matchme/app/models/match.rb:25:in `add_percent'
/usr/local/rvm/gems/ruby-2.3.0/gems/activesupport-5.0.0.1/lib/active_support/callbacks.rb:382:in `block in make_lambda'
/usr/local/rvm/gems/ruby-2.3.0/gems/activesupport-5.0.0.1/lib/active_support/callbacks.rb:207:in `block in halting_and_conditional'
/usr/local/rvm/gems/ruby-2.3.0/gems/activesupport-5.0.0.1/lib/active_support/callbacks.rb:456:in `block in call'
/usr/local/rvm/gems/ruby-2.3.0/gems/activesupport-5.0.0.1/lib/active_support/callbacks.rb:456:in `each'
/usr/local/rvm/gems/ruby-2.3.0/gems/activesupport-5.0.0.1/lib/active_support/callbacks.rb:456:in `call'
/usr/local/rvm/gems/ruby-2.3.0/gems/activesupport-5.0.0.1/lib/active_support/callbacks.rb:101:in `__run_callbacks__'
/usr/local/rvm/gems/ruby-2.3.0/gems/activesupport-5.0.0.1/lib/active_support/callbacks.rb:750:in `_run_save_callbacks'
/usr/local/rvm/gems/ruby-2.3.0/gems/activerecord-5.0.0.1/lib/active_record/callbacks.rb:298:in `create_or_update'
/usr/local/rvm/gems/ruby-2.3.0/gems/activerecord-5.0.0.1/lib/active_record/persistence.rb:125:in `save'
/usr/local/rvm/gems/ruby-2.3.0/gems/activerecord-5.0.0.1/lib/active_record/validations.rb:44:in `save'
/usr/local/rvm/gems/ruby-2.3.0/gems/activerecord-5.0.0.1/lib/active_record/attribute_methods/dirty.rb:22:in `save'
/usr/local/rvm/gems/ruby-2.3.0/gems/activerecord-5.0.0.1/lib/active_record/transactions.rb:319:in `block (2 levels) in save'
/usr/local/rvm/gems/ruby-2.3.0/gems/activerecord-5.0.0.1/lib/active_record/transactions.rb:395:in `block in with_transaction_returning_status'
/usr/local/rvm/gems/ruby-2.3.0/gems/activerecord-5.0.0.1/lib/active_record/connection_adapters/abstract/database_statements.rb:230:in `transaction'
/usr/local/rvm/gems/ruby-2.3.0/gems/activerecord-5.0.0.1/lib/active_record/transactions.rb:211:in `transaction'
/usr/local/rvm/gems/ruby-2.3.0/gems/activerecord-5.0.0.1/lib/active_record/transactions.rb:392:in `with_transaction_returning_status'
/usr/local/rvm/gems/ruby-2.3.0/gems/activerecord-5.0.0.1/lib/active_record/transactions.rb:319:in `block in save'
/usr/local/rvm/gems/ruby-2.3.0/gems/activerecord-5.0.0.1/lib/active_record/transactions.rb:334:in `rollback_active_record_state!'
/usr/local/rvm/gems/ruby-2.3.0/gems/activerecord-5.0.0.1/lib/active_record/transactions.rb:318:in `save'
/usr/local/rvm/gems/ruby-2.3.0/gems/activerecord-5.0.0.1/lib/active_record/suppressor.rb:41:in `save'
/usr/local/rvm/gems/ruby-2.3.0/gems/activerecord-5.0.0.1/lib/active_record/persistence.rb:266:in `block in update'
/usr/local/rvm/gems/ruby-2.3.0/gems/activerecord-5.0.0.1/lib/active_record/transactions.rb:395:in `block in with_transaction_returning_status'
/usr/local/rvm/gems/ruby-2.3.0/gems/activerecord-5.0.0.1/lib/active_record/connection_adapters/abstract/database_statements.rb:230:in `transaction'
/usr/local/rvm/gems/ruby-2.3.0/gems/activerecord-5.0.0.1/lib/active_record/transactions.rb:211:in `transaction'
/usr/local/rvm/gems/ruby-2.3.0/gems/activerecord-5.0.0.1/lib/active_record/transactions.rb:392:in `with_transaction_returning_status'
/usr/local/rvm/gems/ruby-2.3.0/gems/activerecord-5.0.0.1/lib/active_record/persistence.rb:264:in `update'
/home/ubuntu/workspace/matchme/app/models/match.rb:25:in `add_percent'
/usr/local/rvm/gems/ruby-2.3.0/gems/activesupport-5.0.0.1/lib/active_support/callbacks.rb:382:in `block in make_lambda'
/usr/local/rvm/gems/ruby-2.3.0/gems/activesupport-5.0.0.1/lib/active_support/callbacks.rb:207:in `block in halting_and_conditional'
/usr/local/rvm/gems/ruby-2.3.0/gems/activesupport-5.0.0.1/lib/active_support/callbacks.rb:456:in `block in call'
/usr/local/rvm/gems/ruby-2.3.0/gems/activesupport-5.0.0.1/lib/active_support/callbacks.rb:456:in `each'
/usr/local/rvm/gems/ruby-2.3.0/gems/activesupport-5.0.0.1/lib/active_support/callbacks.rb:456:in `call'
/usr/local/rvm/gems/ruby-2.3.0/gems/activesupport-5.0.0.1/lib/active_support/callbacks.rb:101:in `__run_callbacks__'
/usr/local/rvm/gems/ruby-2.3.0/gems/activesupport-5.0.0.1/lib/active_support/callbacks.rb:750:in `_run_save_callbacks'
/usr/local/rvm/gems/ruby-2.3.0/gems/activerecord-5.0.0.1/lib/active_record/callbacks.rb:298:in `create_or_update'
/usr/local/rvm/gems/ruby-2.3.0/gems/activerecord-5.0.0.1/lib/active_record/persistence.rb:125:in `save'
/usr/local/rvm/gems/ruby-2.3.0/gems/activerecord-5.0.0.1/lib/active_record/validations.rb:44:in `save'
/usr/local/rvm/gems/ruby-2.3.0/gems/activerecord-5.0.0.1/lib/active_record/attribute_methods/dirty.rb:22:in `save'
/usr/local/rvm/gems/ruby-2.3.0/gems/activerecord-5.0.0.1/lib/active_record/transactions.rb:319:in `block (2 levels) in save'
/usr/local/rvm/gems/ruby-2.3.0/gems/activerecord-5.0.0.1/lib/active_record/transactions.rb:395:in `block in with_transaction_returning_status'
/usr/local/rvm/gems/ruby-2.3.0/gems/activerecord-5.0.0.1/lib/active_record/connection_adapters/abstract/database_statements.rb:230:in `transaction'
/usr/local/rvm/gems/ruby-2.3.0/gems/activerecord-5.0.0.1/lib/active_record/transactions.rb:211:in `transaction'
/usr/local/rvm/gems/ruby-2.3.0/gems/activerecord-5.0.0.1/lib/active_record/transactions.rb:392:in `with_transaction_returning_status'
/usr/local/rvm/gems/ruby-2.3.0/gems/activerecord-5.0.0.1/lib/active_record/transactions.rb:319:in `block in save'
/usr/local/rvm/gems/ruby-2.3.0/gems/activerecord-5.0.0.1/lib/active_record/transactions.rb:334:in `rollback_active_record_state!'
/usr/local/rvm/gems/ruby-2.3.0/gems/activerecord-5.0.0.1/lib/active_record/transactions.rb:318:in `save'
/usr/local/rvm/gems/ruby-2.3.0/gems/activerecord-5.0.0.1/lib/active_record/suppressor.rb:41:in `save'
/usr/local/rvm/gems/ruby-2.3.0/gems/activerecord-5.0.0.1/lib/active_record/persistence.rb:266:in `block in update'
/usr/local/rvm/gems/ruby-2.3.0/gems/activerecord-5.0.0.1/lib/active_record/transactions.rb:395:in `block in with_transaction_returning_status'
/usr/local/rvm/gems/ruby-2.3.0/gems/activerecord-5.0.0.1/lib/active_record/connection_adapters/abstract/database_statements.rb:230:in `transaction'
/usr/local/rvm/gems/ruby-2.3.0/gems/activerecord-5.0.0.1/lib/active_record/transactions.rb:211:in `transaction'
/usr/local/rvm/gems/ruby-2.3.0/gems/activerecord-5.0.0.1/lib/active_record/transactions.rb:392:in `with_transaction_returning_status'
/usr/local/rvm/gems/ruby-2.3.0/gems/activerecord-5.0.0.1/lib/active_record/persistence.rb:264:in `update'
/home/ubuntu/workspace/matchme/app/models/match.rb:25:in `add_percent'
/usr/local/rvm/gems/ruby-2.3.0/gems/activesupport-5.0.0.1/lib/active_support/callbacks.rb:382:in `block in make_lambda'
/usr/local/rvm/gems/ruby-2.3.0/gems/activesupport-5.0.0.1/lib/active_support/callbacks.rb:207:in `block in halting_and_conditional'
/usr/local/rvm/gems/ruby-2.3.0/gems/activesupport-5.0.0.1/lib/active_support/callbacks.rb:456:in `block in call'
/usr/local/rvm/gems/ruby-2.3.0/gems/activesupport-5.0.0.1/lib/active_support/callbacks.rb:456:in `each'
/usr/local/rvm/gems/ruby-2.3.0/gems/activesupport-5.0.0.1/lib/active_support/callbacks.rb:456:in `call'
/usr/local/rvm/gems/ruby-2.3.0/gems/activesupport-5.0.0.1/lib/active_support/callbacks.rb:101:in `__run_callbacks__'
/usr/local/rvm/gems/ruby-2.3.0/gems/activesupport-5.0.0.1/lib/active_support/callbacks.rb:750:in `_run_save_callbacks'
/usr/local/rvm/gems/ruby-2.3.0/gems/activerecord-5.0.0.1/lib/active_record/callbacks.rb:298:in `create_or_update'
/usr/local/rvm/gems/ruby-2.3.0/gems/activerecord-5.0.0.1/lib/active_record/persistence.rb:125:in `save'
/usr/local/rvm/gems/ruby-2.3.0/gems/activerecord-5.0.0.1/lib/active_record/validations.rb:44:in `save'
/usr/local/rvm/gems/ruby-2.3.0/gems/activerecord-5.0.0.1/lib/active_record/attribute_methods/dirty.rb:22:in `save'
/usr/local/rvm/gems/ruby-2.3.0/gems/activerecord-5.0.0.1/lib/active_record/transactions.rb:319:in `block (2 levels) in save'
/usr/local/rvm/gems/ruby-2.3.0/gems/activerecord-5.0.0.1/lib/active_record/transactions.rb:395:in `block in with_transaction_returning_status'
/usr/local/rvm/gems/ruby-2.3.0/gems/activerecord-5.0.0.1/lib/active_record/connection_adapters/abstract/database_statements.rb:230:in `transaction'
/usr/local/rvm/gems/ruby-2.3.0/gems/activerecord-5.0.0.1/lib/active_record/transactions.rb:211:in `transaction'
/usr/local/rvm/gems/ruby-2.3.0/gems/activerecord-5.0.0.1/lib/active_record/transactions.rb:392:in `with_transaction_returning_status'
/usr/local/rvm/gems/ruby-2.3.0/gems/activerecord-5.0.0.1/lib/active_record/transactions.rb:319:in `block in save'
/usr/local/rvm/gems/ruby-2.3.0/gems/activerecord-5.0.0.1/lib/active_record/transactions.rb:334:in `rollback_active_record_state!'
/usr/local/rvm/gems/ruby-2.3.0/gems/activerecord-5.0.0.1/lib/active_record/transactions.rb:318:in `save'
/usr/local/rvm/gems/ruby-2.3.0/gems/activerecord-5.0.0.1/lib/active_record/suppressor.rb:41:in `save'
/usr/local/rvm/gems/ruby-2.3.0/gems/activerecord-5.0.0.1/lib/active_record/persistence.rb:266:in `block in update'
/usr/local/rvm/gems/ruby-2.3.0/gems/activerecord-5.0.0.1/lib/active_record/transactions.rb:395:in `block in with_transaction_returning_status'
/usr/local/rvm/gems/ruby-2.3.0/gems/activerecord-5.0.0.1/lib/active_record/connection_adapters/abstract/database_statements.rb:230:in `transaction'
/usr/local/rvm/gems/ruby-2.3.0/gems/activerecord-5.0.0.1/lib/active_record/transactions.rb:211:in `transaction'
/usr/local/rvm/gems/ruby-2.3.0/gems/activerecord-5.0.0.1/lib/active_record/transactions.rb:392:in `with_transaction_returning_status'
/usr/local/rvm/gems/ruby-2.3.0/gems/activerecord-5.0.0.1/lib/active_record/persistence.rb:264:in `update'
/home/ubuntu/workspace/matchme/app/models/match.rb:25:in `add_percent'
/usr/local/rvm/gems/ruby-2.3.0/gems/activesupport-5.0.0.1/lib/active_support/callbacks.rb:382:in `block in make_lambda'
/usr/local/rvm/gems/ruby-2.3.0/gems/activesupport-5.0.0.1/lib/active_support/callbacks.rb:207:in `block in halting_and_conditional'
/usr/local/rvm/gems/ruby-2.3.0/gems/activesupport-5.0.0.1/lib/active_support/callbacks.rb:456:in `block in call'
/usr/local/rvm/gems/ruby-2.3.0/gems/activesupport-5.0.0.1/lib/active_support/callbacks.rb:456:in `each'
/usr/local/rvm/gems/ruby-2.3.0/gems/activesupport-5.0.0.1/lib/active_support/callbacks.rb:456:in `call'
/usr/local/rvm/gems/ruby-2.3.0/gems/activesupport-5.0.0.1/lib/active_support/callbacks.rb:101:in `__run_callbacks__'
/usr/local/rvm/gems/ruby-2.3.0/gems/activesupport-5.0.0.1/lib/active_support/callbacks.rb:750:in `_run_save_callbacks'
/usr/local/rvm/gems/ruby-2.3.0/gems/activerecord-5.0.0.1/lib/active_record/callbacks.rb:298:in `create_or_update'
/usr/local/rvm/gems/ruby-2.3.0/gems/activerecord-5.0.0.1/lib/active_record/persistence.rb:125:in `save'
/usr/local/rvm/gems/ruby-2.3.0/gems/activerecord-5.0.0.1/lib/active_record/validations.rb:44:in `save'
/usr/local/rvm/gems/ruby-2.3.0/gems/activerecord-5.0.0.1/lib/active_record/attribute_methods/dirty.rb:22:in `save'
/usr/local/rvm/gems/ruby-2.3.0/gems/activerecord-5.0.0.1/lib/active_record/transactions.rb:319:in `block (2 levels) in save'
/usr/local/rvm/gems/ruby-2.3.0/gems/activerecord-5.0.0.1/lib/active_record/transactions.rb:395:in `block in with_transaction_returning_status'
/usr/local/rvm/gems/ruby-2.3.0/gems/activerecord-5.0.0.1/lib/active_record/connection_adapters/abstract/database_statements.rb:230:in `transaction'
/usr/local/rvm/gems/ruby-2.3.0/gems/activerecord-5.0.0.1/lib/active_record/transactions.rb:211:in `transaction'
/usr/local/rvm/gems/ruby-2.3.0/gems/activerecord-5.0.0.1/lib/active_record/transactions.rb:392:in `with_transaction_returning_status'
/usr/local/rvm/gems/ruby-2.3.0/gems/activerecord-5.0.0.1/lib/active_record/transactions.rb:319:in `block in save'
/usr/local/rvm/gems/ruby-2.3.0/gems/activerecord-5.0.0.1/lib/active_record/transactions.rb:334:in `rollback_active_record_state!'
/usr/local/rvm/gems/ruby-2.3.0/gems/activerecord-5.0.0.1/lib/active_record/transactions.rb:318:in `save'
/usr/local/rvm/gems/ruby-2.3.0/gems/activerecord-5.0.0.1/lib/active_record/suppressor.rb:41:in `save'
/usr/local/rvm/gems/ruby-2.3.0/gems/activerecord-5.0.0.1/lib/active_record/persistence.rb:266:in `block in update'
/usr/local/rvm/gems/ruby-2.3.0/gems/activerecord-5.0.0.1/lib/active_record/transactions.rb:395:in `block in with_transaction_returning_status'
/usr/local/rvm/gems/ruby-2.3.0/gems/activerecord-5.0.0.1/lib/active_record/connection_adapters/abstract/database_statements.rb:230:in `transaction'
/usr/local/rvm/gems/ruby-2.3.0/gems/activerecord-5.0.0.1/lib/active_record/transactions.rb:211:in `transaction'
/usr/local/rvm/gems/ruby-2.3.0/gems/activerecord-5.0.0.1/lib/active_record/transactions.rb:392:in `with_transaction_returning_status'
/usr/local/rvm/gems/ruby-2.3.0/gems/activerecord-5.0.0.1/lib/active_record/persistence.rb:264:in `update'
/home/ubuntu/workspace/matchme/app/models/match.rb:25:in `add_percent'
/usr/local/rvm/gems/ruby-2.3.0/gems/activesupport-5.0.0.1/lib/active_support/callbacks.rb:382:in `block in make_lambda'
/usr/local/rvm/gems/ruby-2.3.0/gems/activesupport-5.0.0.1/lib/active_support/callbacks.rb:207:in `block in halting_and_conditional'
/usr/local/rvm/gems/ruby-2.3.0/gems/activesupport-5.0.0.1/lib/active_support/callbacks.rb:456:in `block in call'
/usr/local/rvm/gems/ruby-2.3.0/gems/activesupport-5.0.0.1/lib/active_support/callbacks.rb:456:in `each'
/usr/local/rvm/gems/ruby-2.3.0/gems/activesupport-5.0.0.1/lib/active_support/callbacks.rb:456:in `call'
/usr/local/rvm/gems/ruby-2.3.0/gems/activesupport-5.0.0.1/lib/active_support/callbacks.rb:101:in `__run_callbacks__'
/usr/local/rvm/gems/ruby-2.3.0/gems/activesupport-5.0.0.1/lib/active_support/callbacks.rb:750:in `_run_save_callbacks'
/usr/local/rvm/gems/ruby-2.3.0/gems/activerecord-5.0.0.1/lib/active_record/callbacks.rb:298:in `create_or_update'
/usr/local/rvm/gems/ruby-2.3.0/gems/activerecord-5.0.0.1/lib/active_record/persistence.rb:125:in `save'
/usr/local/rvm/gems/ruby-2.3.0/gems/activerecord-5.0.0.1/lib/active_record/validations.rb:44:in `save'
/usr/local/rvm/gems/ruby-2.3.0/gems/activerecord-5.0.0.1/lib/active_record/attribute_methods/dirty.rb:22:in `save'
/usr/local/rvm/gems/ruby-2.3.0/gems/activerecord-5.0.0.1/lib/active_record/transactions.rb:319:in `block (2 levels) in save'
/usr/local/rvm/gems/ruby-2.3.0/gems/activerecord-5.0.0.1/lib/active_record/transactions.rb:395:in `block in with_transaction_returning_status'
/usr/local/rvm/gems/ruby-2.3.0/gems/activerecord-5.0.0.1/lib/active_record/connection_adapters/abstract/database_statements.rb:230:in `transaction'
/usr/local/rvm/gems/ruby-2.3.0/gems/activerecord-5.0.0.1/lib/active_record/transactions.rb:211:in `transaction'
/usr/local/rvm/gems/ruby-2.3.0/gems/activerecord-5.0.0.1/lib/active_record/transactions.rb:392:in `with_transaction_returning_status'
/usr/local/rvm/gems/ruby-2.3.0/gems/activerecord-5.0.0.1/lib/active_record/transactions.rb:319:in `block in save'
/usr/local/rvm/gems/ruby-2.3.0/gems/activerecord-5.0.0.1/lib/active_record/transactions.rb:334:in `rollback_active_record_state!'
/usr/local/rvm/gems/ruby-2.3.0/gems/activerecord-5.0.0.1/lib/active_record/transactions.rb:318:in `save'
/usr/local/rvm/gems/ruby-2.3.0/gems/activerecord-5.0.0.1/lib/active_record/suppressor.rb:41:in `save'
/usr/local/rvm/gems/ruby-2.3.0/gems/activerecord-5.0.0.1/lib/active_record/persistence.rb:266:in `block in update'
/usr/local/rvm/gems/ruby-2.3.0/gems/activerecord-5.0.0.1/lib/active_record/transactions.rb:395:in `block in with_transaction_returning_status'
/usr/local/rvm/gems/ruby-2.3.0/gems/activerecord-5.0.0.1/lib/active_record/connection_adapters/abstract/database_statements.rb:230:in `transaction'
/usr/local/rvm/gems/ruby-2.3.0/gems/activerecord-5.0.0.1/lib/active_record/transactions.rb:211:in `transaction'
/usr/local/rvm/gems/ruby-2.3.0/gems/activerecord-5.0.0.1/lib/active_record/transactions.rb:392:in `with_transaction_returning_status'
/usr/local/rvm/gems/ruby-2.3.0/gems/activerecord-5.0.0.1/lib/active_record/persistence.rb:264:in `update'
/home/ubuntu/workspace/matchme/app/models/match.rb:25:in `add_percent'
/usr/local/rvm/gems/ruby-2.3.0/gems/activesupport-5.0.0.1/lib/active_support/callbacks.rb:382:in `block in make_lambda'
/usr/local/rvm/gems/ruby-2.3.0/gems/activesupport-5.0.0.1/lib/active_support/callbacks.rb:207:in `block in halting_and_conditional'
/usr/local/rvm/gems/ruby-2.3.0/gems/activesupport-5.0.0.1/lib/active_support/callbacks.rb:456:in `block in call'
/usr/local/rvm/gems/ruby-2.3.0/gems/activesupport-5.0.0.1/lib/active_support/callbacks.rb:456:in `each'
/usr/local/rvm/gems/ruby-2.3.0/gems/activesupport-5.0.0.1/lib/active_support/callbacks.rb:456:in `call'
/usr/local/rvm/gems/ruby-2.3.0/gems/activesupport-5.0.0.1/lib/active_support/callbacks.rb:101:in `__run_callbacks__'
/usr/local/rvm/gems/ruby-2.3.0/gems/activesupport-5.0.0.1/lib/active_support/callbacks.rb:750:in `_run_save_callbacks'
/usr/local/rvm/gems/ruby-2.3.0/gems/activerecord-5.0.0.1/lib/active_record/callbacks.rb:298:in `create_or_update'
/usr/local/rvm/gems/ruby-2.3.0/gems/activerecord-5.0.0.1/lib/active_record/persistence.rb:125:in `save'
/usr/local/rvm/gems/ruby-2.3.0/gems/activerecord-5.0.0.1/lib/active_record/validations.rb:44:in `save'
/usr/local/rvm/gems/ruby-2.3.0/gems/activerecord-5.0.0.1/lib/active_record/attribute_methods/dirty.rb:22:in `save'
/usr/local/rvm/gems/ruby-2.3.0/gems/activerecord-5.0.0.1/lib/active_record/transactions.rb:319:in `block (2 levels) in save'
/usr/local/rvm/gems/ruby-2.3.0/gems/activerecord-5.0.0.1/lib/active_record/transactions.rb:395:in `block in with_transaction_returning_status'
/usr/local/rvm/gems/ruby-2.3.0/gems/activerecord-5.0.0.1/lib/active_record/connection_adapters/abstract/database_statements.rb:230:in `transaction'
/usr/local/rvm/gems/ruby-2.3.0/gems/activerecord-5.0.0.1/lib/active_record/transactions.rb:211:in `transaction'
/usr/local/rvm/gems/ruby-2.3.0/gems/activerecord-5.0.0.1/lib/active_record/transactions.rb:392:in `with_transaction_returning_status'
/usr/local/rvm/gems/ruby-2.3.0/gems/activerecord-5.0.0.1/lib/active_record/transactions.rb:319:in `block in save'
/usr/local/rvm/gems/ruby-2.3.0/gems/activerecord-5.0.0.1/lib/active_record/transactions.rb:334:in `rollback_active_record_state!'
/usr/local/rvm/gems/ruby-2.3.0/gems/activerecord-5.0.0.1/lib/active_record/transactions.rb:318:in `save'
/usr/local/rvm/gems/ruby-2.3.0/gems/activerecord-5.0.0.1/lib/active_record/suppressor.rb:41:in `save'
/usr/local/rvm/gems/ruby-2.3.0/gems/activerecord-5.0.0.1/lib/active_record/persistence.rb:266:in `block in update'
/usr/local/rvm/gems/ruby-2.3.0/gems/activerecord-5.0.0.1/lib/active_record/transactions.rb:395:in `block in with_transaction_returning_status'
/usr/local/rvm/gems/ruby-2.3.0/gems/activerecord-5.0.0.1/lib/active_record/connection_adapters/abstract/database_statements.rb:230:in `transaction'
/usr/local/rvm/gems/ruby-2.3.0/gems/activerecord-5.0.0.1/lib/active_record/transactions.rb:211:in `transaction'
/usr/local/rvm/gems/ruby-2.3.0/gems/activerecord-5.0.0.1/lib/active_record/transactions.rb:392:in `with_transaction_returning_status'
/usr/local/rvm/gems/ruby-2.3.0/gems/activerecord-5.0.0.1/lib/active_record/persistence.rb:264:in `update'
/home/ubuntu/workspace/matchme/app/models/match.rb:25:in `add_percent'
/usr/local/rvm/gems/ruby-2.3.0/gems/activesupport-5.0.0.1/lib/active_support/callbacks.rb:382:in `block in make_lambda'
/usr/local/rvm/gems/ruby-2.3.0/gems/activesupport-5.0.0.1/lib/active_support/callbacks.rb:207:in `block in halting_and_conditional'
/usr/local/rvm/gems/ruby-2.3.0/gems/activesupport-5.0.0.1/lib/active_support/callbacks.rb:456:in `block in call'
/usr/local/rvm/gems/ruby-2.3.0/gems/activesupport-5.0.0.1/lib/active_support/callbacks.rb:456:in `each'
/usr/local/rvm/gems/ruby-2.3.0/gems/activesupport-5.0.0.1/lib/active_support/callbacks.rb:456:in `call'
/usr/local/rvm/gems/ruby-2.3.0/gems/activesupport-5.0.0.1/lib/active_support/callbacks.rb:101:in `__run_callbacks__'
/usr/local/rvm/gems/ruby-2.3.0/gems/activesupport-5.0.0.1/lib/active_support/callbacks.rb:750:in `_run_save_callbacks'
/usr/local/rvm/gems/ruby-2.3.0/gems/activerecord-5.0.0.1/lib/active_record/callbacks.rb:298:in `create_or_update'
/usr/local/rvm/gems/ruby-2.3.0/gems/activerecord-5.0.0.1/lib/active_record/persistence.rb:125:in `save'
/usr/local/rvm/gems/ruby-2.3.0/gems/activerecord-5.0.0.1/lib/active_record/validations.rb:44:in `save'
/usr/local/rvm/gems/ruby-2.3.0/gems/activerecord-5.0.0.1/lib/active_record/attribute_methods/dirty.rb:22:in `save'
/usr/local/rvm/gems/ruby-2.3.0/gems/activerecord-5.0.0.1/lib/active_record/transactions.rb:319:in `block (2 levels) in save'
/usr/local/rvm/gems/ruby-2.3.0/gems/activerecord-5.0.0.1/lib/active_record/transactions.rb:395:in `block in with_transaction_returning_status'
/usr/local/rvm/gems/ruby-2.3.0/gems/activerecord-5.0.0.1/lib/active_record/connection_adapters/abstract/database_statements.rb:230:in `transaction'
/usr/local/rvm/gems/ruby-2.3.0/gems/activerecord-5.0.0.1/lib/active_record/transactions.rb:211:in `transaction'
/usr/local/rvm/gems/ruby-2.3.0/gems/activerecord-5.0.0.1/lib/active_record/transactions.rb:392:in `with_transaction_returning_status'
/usr/local/rvm/gems/ruby-2.3.0/gems/activerecord-5.0.0.1/lib/active_record/transactions.rb:319:in `block in save'
/usr/local/rvm/gems/ruby-2.3.0/gems/activerecord-5.0.0.1/lib/active_record/transactions.rb:334:in `rollback_active_record_state!'
/usr/local/rvm/gems/ruby-2.3.0/gems/activerecord-5.0.0.1/lib/active_record/transactions.rb:318:in `save'
/usr/local/rvm/gems/ruby-2.3.0/gems/activerecord-5.0.0.1/lib/active_record/suppressor.rb:41:in `save'
/usr/local/rvm/gems/ruby-2.3.0/gems/activerecord-5.0.0.1/lib/active_record/persistence.rb:266:in `block in update'
/usr/local/rvm/gems/ruby-2.3.0/gems/activerecord-5.0.0.1/lib/active_record/transactions.rb:395:in `block in with_transaction_returning_status'
/usr/local/rvm/gems/ruby-2.3.0/gems/activerecord-5.0.0.1/lib/active_record/connection_adapters/abstract/database_statements.rb:230:in `transaction'
/usr/local/rvm/gems/ruby-2.3.0/gems/activerecord-5.0.0.1/lib/active_record/transactions.rb:211:in `transaction'
/usr/local/rvm/gems/ruby-2.3.0/gems/activerecord-5.0.0.1/lib/active_record/transactions.rb:392:in `with_transaction_returning_status'
/usr/local/rvm/gems/ruby-2.3.0/gems/activerecord-5.0.0.1/lib/active_record/persistence.rb:264:in `update'
/home/ubuntu/workspace/matchme/app/models/match.rb:25:in `add_percent'
/usr/local/rvm/gems/ruby-2.3.0/gems/activesupport-5.0.0.1/lib/active_support/callbacks.rb:382:in `block in make_lambda'
/usr/local/rvm/gems/ruby-2.3.0/gems/activesupport-5.0.0.1/lib/active_support/callbacks.rb:207:in `block in halting_and_conditional'
/usr/local/rvm/gems/ruby-2.3.0/gems/activesupport-5.0.0.1/lib/active_support/callbacks.rb:456:in `block in call'
/usr/local/rvm/gems/ruby-2.3.0/gems/activesupport-5.0.0.1/lib/active_support/callbacks.rb:456:in `each'
/usr/local/rvm/gems/ruby-2.3.0/gems/activesupport-5.0.0.1/lib/active_support/callbacks.rb:456:in `call'
/usr/local/rvm/gems/ruby-2.3.0/gems/activesupport-5.0.0.1/lib/active_support/callbacks.rb:101:in `__run_callbacks__'
/usr/local/rvm/gems/ruby-2.3.0/gems/activesupport-5.0.0.1/lib/active_support/callbacks.rb:750:in `_run_save_callbacks'
/usr/local/rvm/gems/ruby-2.3.0/gems/activerecord-5.0.0.1/lib/active_record/callbacks.rb:298:in `create_or_update'
/usr/local/rvm/gems/ruby-2.3.0/gems/activerecord-5.0.0.1/lib/active_record/persistence.rb:125:in `save'
/usr/local/rvm/gems/ruby-2.3.0/gems/activerecord-5.0.0.1/lib/active_record/validations.rb:44:in `save'
/usr/local/rvm/gems/ruby-2.3.0/gems/activerecord-5.0.0.1/lib/active_record/attribute_methods/dirty.rb:22:in `save'
/usr/local/rvm/gems/ruby-2.3.0/gems/activerecord-5.0.0.1/lib/active_record/transactions.rb:319:in `block (2 levels) in save'
/usr/local/rvm/gems/ruby-2.3.0/gems/activerecord-5.0.0.1/lib/active_record/transactions.rb:395:in `block in with_transaction_returning_status'
/usr/local/rvm/gems/ruby-2.3.0/gems/activerecord-5.0.0.1/lib/active_record/connection_adapters/abstract/database_statements.rb:230:in `transaction'
/usr/local/rvm/gems/ruby-2.3.0/gems/activerecord-5.0.0.1/lib/active_record/transactions.rb:211:in `transaction'
/usr/local/rvm/gems/ruby-2.3.0/gems/activerecord-5.0.0.1/lib/active_record/transactions.rb:392:in `with_transaction_returning_status'
/usr/local/rvm/gems/ruby-2.3.0/gems/activerecord-5.0.0.1/lib/active_record/transactions.rb:319:in `block in save'
/usr/local/rvm/gems/ruby-2.3.0/gems/activerecord-5.0.0.1/lib/active_record/transactions.rb:334:in `rollback_active_record_state!'
/usr/local/rvm/gems/ruby-2.3.0/gems/activerecord-5.0.0.1/lib/active_record/transactions.rb:318:in `save'
/usr/local/rvm/gems/ruby-2.3.0/gems/activerecord-5.0.0.1/lib/active_record/suppressor.rb:41:in `save'
/usr/local/rvm/gems/ruby-2.3.0/gems/activerecord-5.0.0.1/lib/active_record/persistence.rb:266:in `block in update'
/usr/local/rvm/gems/ruby-2.3.0/gems/activerecord-5.0.0.1/lib/active_record/transactions.rb:395:in `block in with_transaction_returning_status'
/usr/local/rvm/gems/ruby-2.3.0/gems/activerecord-5.0.0.1/lib/active_record/connection_adapters/abstract/database_statements.rb:230:in `transaction'
/usr/local/rvm/gems/ruby-2.3.0/gems/activerecord-5.0.0.1/lib/active_record/transactions.rb:211:in `transaction'
/usr/local/rvm/gems/ruby-2.3.0/gems/activerecord-5.0.0.1/lib/active_record/transactions.rb:392:in `with_transaction_returning_status'
/usr/local/rvm/gems/ruby-2.3.0/gems/activerecord-5.0.0.1/lib/active_record/persistence.rb:264:in `update'
/home/ubuntu/workspace/matchme/app/models/match.rb:25:in `add_percent'
/usr/local/rvm/gems/ruby-2.3.0/gems/activesupport-5.0.0.1/lib/active_support/callbacks.rb:382:in `block in make_lambda'
/usr/local/rvm/gems/ruby-2.3.0/gems/activesupport-5.0.0.1/lib/active_support/callbacks.rb:207:in `block in halting_and_conditional'
/usr/local/rvm/gems/ruby-2.3.0/gems/activesupport-5.0.0.1/lib/active_support/callbacks.rb:456:in `block in call'
/usr/local/rvm/gems/ruby-2.3.0/gems/activesupport-5.0.0.1/lib/active_support/callbacks.rb:456:in `each'
/usr/local/rvm/gems/ruby-2.3.0/gems/activesupport-5.0.0.1/lib/active_support/callbacks.rb:456:in `call'
/usr/local/rvm/gems/ruby-2.3.0/gems/activesupport-5.0.0.1/lib/active_support/callbacks.rb:101:in `__run_callbacks__'
/usr/local/rvm/gems/ruby-2.3.0/gems/activesupport-5.0.0.1/lib/active_support/callbacks.rb:750:in `_run_save_callbacks'
/usr/local/rvm/gems/ruby-2.3.0/gems/activerecord-5.0.0.1/lib/active_record/callbacks.rb:298:in `create_or_update'
/usr/local/rvm/gems/ruby-2.3.0/gems/activerecord-5.0.0.1/lib/active_record/persistence.rb:125:in `save'
/usr/local/rvm/gems/ruby-2.3.0/gems/activerecord-5.0.0.1/lib/active_record/validations.rb:44:in `save'
/usr/local/rvm/gems/ruby-2.3.0/gems/activerecord-5.0.0.1/lib/active_record/attribute_methods/dirty.rb:22:in `save'
/usr/local/rvm/gems/ruby-2.3.0/gems/activerecord-5.0.0.1/lib/active_record/transactions.rb:319:in `block (2 levels) in save'
/usr/local/rvm/gems/ruby-2.3.0/gems/activerecord-5.0.0.1/lib/active_record/transactions.rb:395:in `block in with_transaction_returning_status'
/usr/local/rvm/gems/ruby-2.3.0/gems/activerecord-5.0.0.1/lib/active_record/connection_adapters/abstract/database_statements.rb:230:in `transaction'
/usr/local/rvm/gems/ruby-2.3.0/gems/activerecord-5.0.0.1/lib/active_record/transactions.rb:211:in `transaction'
/usr/local/rvm/gems/ruby-2.3.0/gems/activerecord-5.0.0.1/lib/active_record/transactions.rb:392:in `with_transaction_returning_status'
/usr/local/rvm/gems/ruby-2.3.0/gems/activerecord-5.0.0.1/lib/active_record/transactions.rb:319:in `block in save'
/usr/local/rvm/gems/ruby-2.3.0/gems/activerecord-5.0.0.1/lib/active_record/transactions.rb:334:in `rollback_active_record_state!'
/usr/local/rvm/gems/ruby-2.3.0/gems/activerecord-5.0.0.1/lib/active_record/transactions.rb:318:in `save'
/usr/local/rvm/gems/ruby-2.3.0/gems/activerecord-5.0.0.1/lib/active_record/suppressor.rb:41:in `save'
/usr/local/rvm/gems/ruby-2.3.0/gems/activerecord-5.0.0.1/lib/active_record/persistence.rb:266:in `block in update'
/usr/local/rvm/gems/ruby-2.3.0/gems/activerecord-5.0.0.1/lib/active_record/transactions.rb:395:in `block in with_transaction_returning_status'
/usr/local/rvm/gems/ruby-2.3.0/gems/activerecord-5.0.0.1/lib/active_record/connection_adapters/abstract/database_statements.rb:230:in `transaction'
/usr/local/rvm/gems/ruby-2.3.0/gems/activerecord-5.0.0.1/lib/active_record/transactions.rb:211:in `transaction'
/usr/local/rvm/gems/ruby-2.3.0/gems/activerecord-5.0.0.1/lib/active_record/transactions.rb:392:in `with_transaction_returning_status'
/usr/local/rvm/gems/ruby-2.3.0/gems/activerecord-5.0.0.1/lib/active_record/persistence.rb:264:in `update'
/home/ubuntu/workspace/matchme/app/models/match.rb:25:in `add_percent'
/usr/local/rvm/gems/ruby-2.3.0/gems/activesupport-5.0.0.1/lib/active_support/callbacks.rb:382:in `block in make_lambda'
/usr/local/rvm/gems/ruby-2.3.0/gems/activesupport-5.0.0.1/lib/active_support/callbacks.rb:207:in `block in halting_and_conditional'
/usr/local/rvm/gems/ruby-2.3.0/gems/activesupport-5.0.0.1/lib/active_support/callbacks.rb:456:in `block in call'
/usr/local/rvm/gems/ruby-2.3.0/gems/activesupport-5.0.0.1/lib/active_support/callbacks.rb:456:in `each'
/usr/local/rvm/gems/ruby-2.3.0/gems/activesupport-5.0.0.1/lib/active_support/callbacks.rb:456:in `call'
/usr/local/rvm/gems/ruby-2.3.0/gems/activesupport-5.0.0.1/lib/active_support/callbacks.rb:101:in `__run_callbacks__'
/usr/local/rvm/gems/ruby-2.3.0/gems/activesupport-5.0.0.1/lib/active_support/callbacks.rb:750:in `_run_save_callbacks'
/usr/local/rvm/gems/ruby-2.3.0/gems/activerecord-5.0.0.1/lib/active_record/callbacks.rb:298:in `create_or_update'
/usr/local/rvm/gems/ruby-2.3.0/gems/activerecord-5.0.0.1/lib/active_record/persistence.rb:125:in `save'
/usr/local/rvm/gems/ruby-2.3.0/gems/activerecord-5.0.0.1/lib/active_record/validations.rb:44:in `save'
/usr/local/rvm/gems/ruby-2.3.0/gems/activerecord-5.0.0.1/lib/active_record/attribute_methods/dirty.rb:22:in `save'
/usr/local/rvm/gems/ruby-2.3.0/gems/activerecord-5.0.0.1/lib/active_record/transactions.rb:319:in `block (2 levels) in save'
/usr/local/rvm/gems/ruby-2.3.0/gems/activerecord-5.0.0.1/lib/active_record/transactions.rb:395:in `block in with_transaction_returning_status'
/usr/local/rvm/gems/ruby-2.3.0/gems/activerecord-5.0.0.1/lib/active_record/connection_adapters/abstract/database_statements.rb:230:in `transaction'
/usr/local/rvm/gems/ruby-2.3.0/gems/activerecord-5.0.0.1/lib/active_record/transactions.rb:211:in `transaction'
/usr/local/rvm/gems/ruby-2.3.0/gems/activerecord-5.0.0.1/lib/active_record/transactions.rb:392:in `with_transaction_returning_status'
/usr/local/rvm/gems/ruby-2.3.0/gems/activerecord-5.0.0.1/lib/active_record/transactions.rb:319:in `block in save'
/usr/local/rvm/gems/ruby-2.3.0/gems/activerecord-5.0.0.1/lib/active_record/transactions.rb:334:in `rollback_active_record_state!'
/usr/local/rvm/gems/ruby-2.3.0/gems/activerecord-5.0.0.1/lib/active_record/transactions.rb:318:in `save'
/usr/local/rvm/gems/ruby-2.3.0/gems/activerecord-5.0.0.1/lib/active_record/suppressor.rb:41:in `save'
/usr/local/rvm/gems/ruby-2.3.0/gems/activerecord-5.0.0.1/lib/active_record/persistence.rb:266:in `block in update'
/usr/local/rvm/gems/ruby-2.3.0/gems/activerecord-5.0.0.1/lib/active_record/transactions.rb:395:in `block in with_transaction_returning_status'
/usr/local/rvm/gems/ruby-2.3.0/gems/activerecord-5.0.0.1/lib/active_record/connection_adapters/abstract/database_statements.rb:230:in `transaction'
/usr/local/rvm/gems/ruby-2.3.0/gems/activerecord-5.0.0.1/lib/active_record/transactions.rb:211:in `transaction'
/usr/local/rvm/gems/ruby-2.3.0/gems/activerecord-5.0.0.1/lib/active_record/transactions.rb:392:in `with_transaction_returning_status'
/usr/local/rvm/gems/ruby-2.3.0/gems/activerecord-5.0.0.1/lib/active_record/persistence.rb:264:in `update'
/home/ubuntu/workspace/matchme/app/models/match.rb:25:in `add_percent'
/usr/local/rvm/gems/ruby-2.3.0/gems/activesupport-5.0.0.1/lib/active_support/callbacks.rb:382:in `block in make_lambda'
/usr/local/rvm/gems/ruby-2.3.0/gems/activesupport-5.0.0.1/lib/active_support/callbacks.rb:207:in `block in halting_and_conditional'
/usr/local/rvm/gems/ruby-2.3.0/gems/activesupport-5.0.0.1/lib/active_support/callbacks.rb:456:in `block in call'
/usr/local/rvm/gems/ruby-2.3.0/gems/activesupport-5.0.0.1/lib/active_support/callbacks.rb:456:in `each'
/usr/local/rvm/gems/ruby-2.3.0/gems/activesupport-5.0.0.1/lib/active_support/callbacks.rb:456:in `call'
/usr/local/rvm/gems/ruby-2.3.0/gems/activesupport-5.0.0.1/lib/active_support/callbacks.rb:101:in `__run_callbacks__'
/usr/local/rvm/gems/ruby-2.3.0/gems/activesupport-5.0.0.1/lib/active_support/callbacks.rb:750:in `_run_save_callbacks'
/usr/local/rvm/gems/ruby-2.3.0/gems/activerecord-5.0.0.1/lib/active_record/callbacks.rb:298:in `create_or_update'
/usr/local/rvm/gems/ruby-2.3.0/gems/activerecord-5.0.0.1/lib/active_record/persistence.rb:125:in `save'
/usr/local/rvm/gems/ruby-2.3.0/gems/activerecord-5.0.0.1/lib/active_record/validations.rb:44:in `save'
/usr/local/rvm/gems/ruby-2.3.0/gems/activerecord-5.0.0.1/lib/active_record/attribute_methods/dirty.rb:22:in `save'
/usr/local/rvm/gems/ruby-2.3.0/gems/activerecord-5.0.0.1/lib/active_record/transactions.rb:319:in `block (2 levels) in save'
/usr/local/rvm/gems/ruby-2.3.0/gems/activerecord-5.0.0.1/lib/active_record/transactions.rb:395:in `block in with_transaction_returning_status'
/usr/local/rvm/gems/ruby-2.3.0/gems/activerecord-5.0.0.1/lib/active_record/connection_adapters/abstract/database_statements.rb:230:in `transaction'
/usr/local/rvm/gems/ruby-2.3.0/gems/activerecord-5.0.0.1/lib/active_record/transactions.rb:211:in `transaction'
/usr/local/rvm/gems/ruby-2.3.0/gems/activerecord-5.0.0.1/lib/active_record/transactions.rb:392:in `with_transaction_returning_status'
/usr/local/rvm/gems/ruby-2.3.0/gems/activerecord-5.0.0.1/lib/active_record/transactions.rb:319:in `block in save'
/usr/local/rvm/gems/ruby-2.3.0/gems/activerecord-5.0.0.1/lib/active_record/transactions.rb:334:in `rollback_active_record_state!'
/usr/local/rvm/gems/ruby-2.3.0/gems/activerecord-5.0.0.1/lib/active_record/transactions.rb:318:in `save'
/usr/local/rvm/gems/ruby-2.3.0/gems/activerecord-5.0.0.1/lib/active_record/suppressor.rb:41:in `save'
/usr/local/rvm/gems/ruby-2.3.0/gems/activerecord-5.0.0.1/lib/active_record/persistence.rb:266:in `block in update'
/usr/local/rvm/gems/ruby-2.3.0/gems/activerecord-5.0.0.1/lib/active_record/transactions.rb:395:in `block in with_transaction_returning_status'
/usr/local/rvm/gems/ruby-2.3.0/gems/activerecord-5.0.0.1/lib/active_record/connection_adapters/abstract/database_statements.rb:230:in `transaction'
/usr/local/rvm/gems/ruby-2.3.0/gems/activerecord-5.0.0.1/lib/active_record/transactions.rb:211:in `transaction'
/usr/local/rvm/gems/ruby-2.3.0/gems/activerecord-5.0.0.1/lib/active_record/transactions.rb:392:in `with_transaction_returning_status'
/usr/local/rvm/gems/ruby-2.3.0/gems/activerecord-5.0.0.1/lib/active_record/persistence.rb:264:in `update'
/home/ubuntu/workspace/matchme/app/models/match.rb:25:in `add_percent'
/usr/local/rvm/gems/ruby-2.3.0/gems/activesupport-5.0.0.1/lib/active_support/callbacks.rb:382:in `block in make_lambda'
/usr/local/rvm/gems/ruby-2.3.0/gems/activesupport-5.0.0.1/lib/active_support/callbacks.rb:207:in `block in halting_and_conditional'
/usr/local/rvm/gems/ruby-2.3.0/gems/activesupport-5.0.0.1/lib/active_support/callbacks.rb:456:in `block in call'
/usr/local/rvm/gems/ruby-2.3.0/gems/activesupport-5.0.0.1/lib/active_support/callbacks.rb:456:in `each'
/usr/local/rvm/gems/ruby-2.3.0/gems/activesupport-5.0.0.1/lib/active_support/callbacks.rb:456:in `call'
/usr/local/rvm/gems/ruby-2.3.0/gems/activesupport-5.0.0.1/lib/active_support/callbacks.rb:101:in `__run_callbacks__'
/usr/local/rvm/gems/ruby-2.3.0/gems/activesupport-5.0.0.1/lib/active_support/callbacks.rb:750:in `_run_save_callbacks'
/usr/local/rvm/gems/ruby-2.3.0/gems/activerecord-5.0.0.1/lib/active_record/callbacks.rb:298:in `create_or_update'
/usr/local/rvm/gems/ruby-2.3.0/gems/activerecord-5.0.0.1/lib/active_record/persistence.rb:125:in `save'
/usr/local/rvm/gems/ruby-2.3.0/gems/activerecord-5.0.0.1/lib/active_record/validations.rb:44:in `save'
/usr/local/rvm/gems/ruby-2.3.0/gems/activerecord-5.0.0.1/lib/active_record/attribute_methods/dirty.rb:22:in `save'
/usr/local/rvm/gems/ruby-2.3.0/gems/activerecord-5.0.0.1/lib/active_record/transactions.rb:319:in `block (2 levels) in save'
/usr/local/rvm/gems/ruby-2.3.0/gems/activerecord-5.0.0.1/lib/active_record/transactions.rb:395:in `block in with_transaction_returning_status'
/usr/local/rvm/gems/ruby-2.3.0/gems/activerecord-5.0.0.1/lib/active_record/connection_adapters/abstract/database_statements.rb:230:in `transaction'
/usr/local/rvm/gems/ruby-2.3.0/gems/activerecord-5.0.0.1/lib/active_record/transactions.rb:211:in `transaction'
/usr/local/rvm/gems/ruby-2.3.0/gems/activerecord-5.0.0.1/lib/active_record/transactions.rb:392:in `with_transaction_returning_status'
/usr/local/rvm/gems/ruby-2.3.0/gems/activerecord-5.0.0.1/lib/active_record/transactions.rb:319:in `block in save'
/usr/local/rvm/gems/ruby-2.3.0/gems/activerecord-5.0.0.1/lib/active_record/transactions.rb:334:in `rollback_active_record_state!'
/usr/local/rvm/gems/ruby-2.3.0/gems/activerecord-5.0.0.1/lib/active_record/transactions.rb:318:in `save'
/usr/local/rvm/gems/ruby-2.3.0/gems/activerecord-5.0.0.1/lib/active_record/suppressor.rb:41:in `save'
/usr/local/rvm/gems/ruby-2.3.0/gems/activerecord-5.0.0.1/lib/active_record/persistence.rb:266:in `block in update'
/usr/local/rvm/gems/ruby-2.3.0/gems/activerecord-5.0.0.1/lib/active_record/transactions.rb:395:in `block in with_transaction_returning_status'
/usr/local/rvm/gems/ruby-2.3.0/gems/activerecord-5.0.0.1/lib/active_record/connection_adapters/abstract/database_statements.rb:230:in `transaction'
/usr/local/rvm/gems/ruby-2.3.0/gems/activerecord-5.0.0.1/lib/active_record/transactions.rb:211:in `transaction'
/usr/local/rvm/gems/ruby-2.3.0/gems/activerecord-5.0.0.1/lib/active_record/transactions.rb:392:in `with_transaction_returning_status'
/usr/local/rvm/gems/ruby-2.3.0/gems/activerecord-5.0.0.1/lib/active_record/persistence.rb:264:in `update'
/home/ubuntu/workspace/matchme/app/models/match.rb:25:in `add_percent'
/usr/local/rvm/gems/ruby-2.3.0/gems/activesupport-5.0.0.1/lib/active_support/callbacks.rb:382:in `block in make_lambda'
/usr/local/rvm/gems/ruby-2.3.0/gems/activesupport-5.0.0.1/lib/active_support/callbacks.rb:207:in `block in halting_and_conditional'
/usr/local/rvm/gems/ruby-2.3.0/gems/activesupport-5.0.0.1/lib/active_support/callbacks.rb:456:in `block in call'
/usr/local/rvm/gems/ruby-2.3.0/gems/activesupport-5.0.0.1/lib/active_support/callbacks.rb:456:in `each'
/usr/local/rvm/gems/ruby-2.3.0/gems/activesupport-5.0.0.1/lib/active_support/callbacks.rb:456:in `call'
/usr/local/rvm/gems/ruby-2.3.0/gems/activesupport-5.0.0.1/lib/active_support/callbacks.rb:101:in `__run_callbacks__'
/usr/local/rvm/gems/ruby-2.3.0/gems/activesupport-5.0.0.1/lib/active_support/callbacks.rb:750:in `_run_save_callbacks'
/usr/local/rvm/gems/ruby-2.3.0/gems/activerecord-5.0.0.1/lib/active_record/callbacks.rb:298:in `create_or_update'
/usr/local/rvm/gems/ruby-2.3.0/gems/activerecord-5.0.0.1/lib/active_record/persistence.rb:125:in `save'
/usr/local/rvm/gems/ruby-2.3.0/gems/activerecord-5.0.0.1/lib/active_record/validations.rb:44:in `save'
/usr/local/rvm/gems/ruby-2.3.0/gems/activerecord-5.0.0.1/lib/active_record/attribute_methods/dirty.rb:22:in `save'
/usr/local/rvm/gems/ruby-2.3.0/gems/activerecord-5.0.0.1/lib/active_record/transactions.rb:319:in `block (2 levels) in save'
/usr/local/rvm/gems/ruby-2.3.0/gems/activerecord-5.0.0.1/lib/active_record/transactions.rb:395:in `block in with_transaction_returning_status'
/usr/local/rvm/gems/ruby-2.3.0/gems/activerecord-5.0.0.1/lib/active_record/connection_adapters/abstract/database_statements.rb:230:in `transaction'
/usr/local/rvm/gems/ruby-2.3.0/gems/activerecord-5.0.0.1/lib/active_record/transactions.rb:211:in `transaction'
/usr/local/rvm/gems/ruby-2.3.0/gems/activerecord-5.0.0.1/lib/active_record/transactions.rb:392:in `with_transaction_returning_status'
/usr/local/rvm/gems/ruby-2.3.0/gems/activerecord-5.0.0.1/lib/active_record/transactions.rb:319:in `block in save'
/usr/local/rvm/gems/ruby-2.3.0/gems/activerecord-5.0.0.1/lib/active_record/transactions.rb:334:in `rollback_active_record_state!'
/usr/local/rvm/gems/ruby-2.3.0/gems/activerecord-5.0.0.1/lib/active_record/transactions.rb:318:in `save'
/usr/local/rvm/gems/ruby-2.3.0/gems/activerecord-5.0.0.1/lib/active_record/suppressor.rb:41:in `save'
/usr/local/rvm/gems/ruby-2.3.0/gems/activerecord-5.0.0.1/lib/active_record/persistence.rb:266:in `block in update'
/usr/local/rvm/gems/ruby-2.3.0/gems/activerecord-5.0.0.1/lib/active_record/transactions.rb:395:in `block in with_transaction_returning_status'
/usr/local/rvm/gems/ruby-2.3.0/gems/activerecord-5.0.0.1/lib/active_record/connection_adapters/abstract/database_statements.rb:230:in `transaction'
/usr/local/rvm/gems/ruby-2.3.0/gems/activerecord-5.0.0.1/lib/active_record/transactions.rb:211:in `transaction'
/usr/local/rvm/gems/ruby-2.3.0/gems/activerecord-5.0.0.1/lib/active_record/transactions.rb:392:in `with_transaction_returning_status'
/usr/local/rvm/gems/ruby-2.3.0/gems/activerecord-5.0.0.1/lib/active_record/persistence.rb:264:in `update'
/home/ubuntu/workspace/matchme/app/models/match.rb:25:in `add_percent'
/usr/local/rvm/gems/ruby-2.3.0/gems/activesupport-5.0.0.1/lib/active_support/callbacks.rb:382:in `block in make_lambda'
/usr/local/rvm/gems/ruby-2.3.0/gems/activesupport-5.0.0.1/lib/active_support/callbacks.rb:207:in `block in halting_and_conditional'
/usr/local/rvm/gems/ruby-2.3.0/gems/activesupport-5.0.0.1/lib/active_support/callbacks.rb:456:in `block in call'
/usr/local/rvm/gems/ruby-2.3.0/gems/activesupport-5.0.0.1/lib/active_support/callbacks.rb:456:in `each'
/usr/local/rvm/gems/ruby-2.3.0/gems/activesupport-5.0.0.1/lib/active_support/callbacks.rb:456:in `call'
/usr/local/rvm/gems/ruby-2.3.0/gems/activesupport-5.0.0.1/lib/active_support/callbacks.rb:101:in `__run_callbacks__'
/usr/local/rvm/gems/ruby-2.3.0/gems/activesupport-5.0.0.1/lib/active_support/callbacks.rb:750:in `_run_save_callbacks'
/usr/local/rvm/gems/ruby-2.3.0/gems/activerecord-5.0.0.1/lib/active_record/callbacks.rb:298:in `create_or_update'
/usr/local/rvm/gems/ruby-2.3.0/gems/activerecord-5.0.0.1/lib/active_record/persistence.rb:125:in `save'
/usr/local/rvm/gems/ruby-2.3.0/gems/activerecord-5.0.0.1/lib/active_record/validations.rb:44:in `save'
/usr/local/rvm/gems/ruby-2.3.0/gems/activerecord-5.0.0.1/lib/active_record/attribute_methods/dirty.rb:22:in `save'
/usr/local/rvm/gems/ruby-2.3.0/gems/activerecord-5.0.0.1/lib/active_record/transactions.rb:319:in `block (2 levels) in save'
/usr/local/rvm/gems/ruby-2.3.0/gems/activerecord-5.0.0.1/lib/active_record/transactions.rb:395:in `block in with_transaction_returning_status'
/usr/local/rvm/gems/ruby-2.3.0/gems/activerecord-5.0.0.1/lib/active_record/connection_adapters/abstract/database_statements.rb:230:in `transaction'
/usr/local/rvm/gems/ruby-2.3.0/gems/activerecord-5.0.0.1/lib/active_record/transactions.rb:211:in `transaction'
/usr/local/rvm/gems/ruby-2.3.0/gems/activerecord-5.0.0.1/lib/active_record/transactions.rb:392:in `with_transaction_returning_status'
/usr/local/rvm/gems/ruby-2.3.0/gems/activerecord-5.0.0.1/lib/active_record/transactions.rb:319:in `block in save'
/usr/local/rvm/gems/ruby-2.3.0/gems/activerecord-5.0.0.1/lib/active_record/transactions.rb:334:in `rollback_active_record_state!'
/usr/local/rvm/gems/ruby-2.3.0/gems/activerecord-5.0.0.1/lib/active_record/transactions.rb:318:in `save'
/usr/local/rvm/gems/ruby-2.3.0/gems/activerecord-5.0.0.1/lib/active_record/suppressor.rb:41:in `save'
/usr/local/rvm/gems/ruby-2.3.0/gems/activerecord-5.0.0.1/lib/active_record/persistence.rb:266:in `block in update'
/usr/local/rvm/gems/ruby-2.3.0/gems/activerecord-5.0.0.1/lib/active_record/transactions.rb:395:in `block in with_transaction_returning_status'
/usr/local/rvm/gems/ruby-2.3.0/gems/activerecord-5.0.0.1/lib/active_record/connection_adapters/abstract/database_statements.rb:230:in `transaction'
/usr/local/rvm/gems/ruby-2.3.0/gems/activerecord-5.0.0.1/lib/active_record/transactions.rb:211:in `transaction'
/usr/local/rvm/gems/ruby-2.3.0/gems/activerecord-5.0.0.1/lib/active_record/transactions.rb:392:in `with_transaction_returning_status'
/usr/local/rvm/gems/ruby-2.3.0/gems/activerecord-5.0.0.1/lib/active_record/persistence.rb:264:in `update'
/home/ubuntu/workspace/matchme/app/models/match.rb:25:in `add_percent'
/usr/local/rvm/gems/ruby-2.3.0/gems/activesupport-5.0.0.1/lib/active_support/callbacks.rb:382:in `block in make_lambda'
/usr/local/rvm/gems/ruby-2.3.0/gems/activesupport-5.0.0.1/lib/active_support/callbacks.rb:207:in `block in halting_and_conditional'
/usr/local/rvm/gems/ruby-2.3.0/gems/activesupport-5.0.0.1/lib/active_support/callbacks.rb:456:in `block in call'
/usr/local/rvm/gems/ruby-2.3.0/gems/activesupport-5.0.0.1/lib/active_support/callbacks.rb:456:in `each'
/usr/local/rvm/gems/ruby-2.3.0/gems/activesupport-5.0.0.1/lib/active_support/callbacks.rb:456:in `call'
/usr/local/rvm/gems/ruby-2.3.0/gems/activesupport-5.0.0.1/lib/active_support/callbacks.rb:101:in `__run_callbacks__'
/usr/local/rvm/gems/ruby-2.3.0/gems/activesupport-5.0.0.1/lib/active_support/callbacks.rb:750:in `_run_save_callbacks'
/usr/local/rvm/gems/ruby-2.3.0/gems/activerecord-5.0.0.1/lib/active_record/callbacks.rb:298:in `create_or_update'
/usr/local/rvm/gems/ruby-2.3.0/gems/activerecord-5.0.0.1/lib/active_record/persistence.rb:125:in `save'
/usr/local/rvm/gems/ruby-2.3.0/gems/activerecord-5.0.0.1/lib/active_record/validations.rb:44:in `save'
/usr/local/rvm/gems/ruby-2.3.0/gems/activerecord-5.0.0.1/lib/active_record/attribute_methods/dirty.rb:22:in `save'
/usr/local/rvm/gems/ruby-2.3.0/gems/activerecord-5.0.0.1/lib/active_record/transactions.rb:319:in `block (2 levels) in save'
/usr/local/rvm/gems/ruby-2.3.0/gems/activerecord-5.0.0.1/lib/active_record/transactions.rb:395:in `block in with_transaction_returning_status'
/usr/local/rvm/gems/ruby-2.3.0/gems/activerecord-5.0.0.1/lib/active_record/connection_adapters/abstract/database_statements.rb:230:in `transaction'
/usr/local/rvm/gems/ruby-2.3.0/gems/activerecord-5.0.0.1/lib/active_record/transactions.rb:211:in `transaction'
/usr/local/rvm/gems/ruby-2.3.0/gems/activerecord-5.0.0.1/lib/active_record/transactions.rb:392:in `with_transaction_returning_status'
/usr/local/rvm/gems/ruby-2.3.0/gems/activerecord-5.0.0.1/lib/active_record/transactions.rb:319:in `block in save'
/usr/local/rvm/gems/ruby-2.3.0/gems/activerecord-5.0.0.1/lib/active_record/transactions.rb:334:in `rollback_active_record_state!'
/usr/local/rvm/gems/ruby-2.3.0/gems/activerecord-5.0.0.1/lib/active_record/transactions.rb:318:in `save'
/usr/local/rvm/gems/ruby-2.3.0/gems/activerecord-5.0.0.1/lib/active_record/suppressor.rb:41:in `save'
/usr/local/rvm/gems/ruby-2.3.0/gems/activerecord-5.0.0.1/lib/active_record/persistence.rb:266:in `block in update'
/usr/local/rvm/gems/ruby-2.3.0/gems/activerecord-5.0.0.1/lib/active_record/transactions.rb:395:in `block in with_transaction_returning_status'
/usr/local/rvm/gems/ruby-2.3.0/gems/activerecord-5.0.0.1/lib/active_record/connection_adapters/abstract/database_statements.rb:230:in `transaction'
/usr/local/rvm/gems/ruby-2.3.0/gems/activerecord-5.0.0.1/lib/active_record/transactions.rb:211:in `transaction'
/usr/local/rvm/gems/ruby-2.3.0/gems/activerecord-5.0.0.1/lib/active_record/transactions.rb:392:in `with_transaction_returning_status'
/usr/local/rvm/gems/ruby-2.3.0/gems/activerecord-5.0.0.1/lib/active_record/persistence.rb:264:in `update'
/home/ubuntu/workspace/matchme/app/models/match.rb:25:in `add_percent'
/usr/local/rvm/gems/ruby-2.3.0/gems/activesupport-5.0.0.1/lib/active_support/callbacks.rb:382:in `block in make_lambda'
/usr/local/rvm/gems/ruby-2.3.0/gems/activesupport-5.0.0.1/lib/active_support/callbacks.rb:207:in `block in halting_and_conditional'
/usr/local/rvm/gems/ruby-2.3.0/gems/activesupport-5.0.0.1/lib/active_support/callbacks.rb:456:in `block in call'
/usr/local/rvm/gems/ruby-2.3.0/gems/activesupport-5.0.0.1/lib/active_support/callbacks.rb:456:in `each'
/usr/local/rvm/gems/ruby-2.3.0/gems/activesupport-5.0.0.1/lib/active_support/callbacks.rb:456:in `call'
/usr/local/rvm/gems/ruby-2.3.0/gems/activesupport-5.0.0.1/lib/active_support/callbacks.rb:101:in `__run_callbacks__'
/usr/local/rvm/gems/ruby-2.3.0/gems/activesupport-5.0.0.1/lib/active_support/callbacks.rb:750:in `_run_save_callbacks'
/usr/local/rvm/gems/ruby-2.3.0/gems/activerecord-5.0.0.1/lib/active_record/callbacks.rb:298:in `create_or_update'
/usr/local/rvm/gems/ruby-2.3.0/gems/activerecord-5.0.0.1/lib/active_record/persistence.rb:125:in `save'
/usr/local/rvm/gems/ruby-2.3.0/gems/activerecord-5.0.0.1/lib/active_record/validations.rb:44:in `save'
/usr/local/rvm/gems/ruby-2.3.0/gems/activerecord-5.0.0.1/lib/active_record/attribute_methods/dirty.rb:22:in `save'
/usr/local/rvm/gems/ruby-2.3.0/gems/activerecord-5.0.0.1/lib/active_record/transactions.rb:319:in `block (2 levels) in save'
/usr/local/rvm/gems/ruby-2.3.0/gems/activerecord-5.0.0.1/lib/active_record/transactions.rb:395:in `block in with_transaction_returning_status'
/usr/local/rvm/gems/ruby-2.3.0/gems/activerecord-5.0.0.1/lib/active_record/connection_adapters/abstract/database_statements.rb:230:in `transaction'
/usr/local/rvm/gems/ruby-2.3.0/gems/activerecord-5.0.0.1/lib/active_record/transactions.rb:211:in `transaction'
/usr/local/rvm/gems/ruby-2.3.0/gems/activerecord-5.0.0.1/lib/active_record/transactions.rb:392:in `with_transaction_returning_status'
/usr/local/rvm/gems/ruby-2.3.0/gems/activerecord-5.0.0.1/lib/active_record/transactions.rb:319:in `block in save'
/usr/local/rvm/gems/ruby-2.3.0/gems/activerecord-5.0.0.1/lib/active_record/transactions.rb:334:in `rollback_active_record_state!'
/usr/local/rvm/gems/ruby-2.3.0/gems/activerecord-5.0.0.1/lib/active_record/transactions.rb:318:in `save'
/usr/local/rvm/gems/ruby-2.3.0/gems/activerecord-5.0.0.1/lib/active_record/suppressor.rb:41:in `save'
/usr/local/rvm/gems/ruby-2.3.0/gems/activerecord-5.0.0.1/lib/active_record/persistence.rb:266:in `block in update'
/usr/local/rvm/gems/ruby-2.3.0/gems/activerecord-5.0.0.1/lib/active_record/transactions.rb:395:in `block in with_transaction_returning_status'
/usr/local/rvm/gems/ruby-2.3.0/gems/activerecord-5.0.0.1/lib/active_record/connection_adapters/abstract/database_statements.rb:230:in `transaction'
/usr/local/rvm/gems/ruby-2.3.0/gems/activerecord-5.0.0.1/lib/active_record/transactions.rb:211:in `transaction'
/usr/local/rvm/gems/ruby-2.3.0/gems/activerecord-5.0.0.1/lib/active_record/transactions.rb:392:in `with_transaction_returning_status'
/usr/local/rvm/gems/ruby-2.3.0/gems/activerecord-5.0.0.1/lib/active_record/persistence.rb:264:in `update'
/home/ubuntu/workspace/matchme/app/models/match.rb:25:in `add_percent'
/usr/local/rvm/gems/ruby-2.3.0/gems/activesupport-5.0.0.1/lib/active_support/callbacks.rb:382:in `block in make_lambda'
/usr/local/rvm/gems/ruby-2.3.0/gems/activesupport-5.0.0.1/lib/active_support/callbacks.rb:207:in `block in halting_and_conditional'
/usr/local/rvm/gems/ruby-2.3.0/gems/activesupport-5.0.0.1/lib/active_support/callbacks.rb:456:in `block in call'
/usr/local/rvm/gems/ruby-2.3.0/gems/activesupport-5.0.0.1/lib/active_support/callbacks.rb:456:in `each'
/usr/local/rvm/gems/ruby-2.3.0/gems/activesupport-5.0.0.1/lib/active_support/callbacks.rb:456:in `call'
/usr/local/rvm/gems/ruby-2.3.0/gems/activesupport-5.0.0.1/lib/active_support/callbacks.rb:101:in `__run_callbacks__'
/usr/local/rvm/gems/ruby-2.3.0/gems/activesupport-5.0.0.1/lib/active_support/callbacks.rb:750:in `_run_save_callbacks'
/usr/local/rvm/gems/ruby-2.3.0/gems/activerecord-5.0.0.1/lib/active_record/callbacks.rb:298:in `create_or_update'
/usr/local/rvm/gems/ruby-2.3.0/gems/activerecord-5.0.0.1/lib/active_record/persistence.rb:125:in `save'
/usr/local/rvm/gems/ruby-2.3.0/gems/activerecord-5.0.0.1/lib/active_record/validations.rb:44:in `save'
/usr/local/rvm/gems/ruby-2.3.0/gems/activerecord-5.0.0.1/lib/active_record/attribute_methods/dirty.rb:22:in `save'
/usr/local/rvm/gems/ruby-2.3.0/gems/activerecord-5.0.0.1/lib/active_record/transactions.rb:319:in `block (2 levels) in save'
/usr/local/rvm/gems/ruby-2.3.0/gems/activerecord-5.0.0.1/lib/active_record/transactions.rb:395:in `block in with_transaction_returning_status'
/usr/local/rvm/gems/ruby-2.3.0/gems/activerecord-5.0.0.1/lib/active_record/connection_adapters/abstract/database_statements.rb:230:in `transaction'
/usr/local/rvm/gems/ruby-2.3.0/gems/activerecord-5.0.0.1/lib/active_record/transactions.rb:211:in `transaction'
/usr/local/rvm/gems/ruby-2.3.0/gems/activerecord-5.0.0.1/lib/active_record/transactions.rb:392:in `with_transaction_returning_status'
/usr/local/rvm/gems/ruby-2.3.0/gems/activerecord-5.0.0.1/lib/active_record/transactions.rb:319:in `block in save'
/usr/local/rvm/gems/ruby-2.3.0/gems/activerecord-5.0.0.1/lib/active_record/transactions.rb:334:in `rollback_active_record_state!'
/usr/local/rvm/gems/ruby-2.3.0/gems/activerecord-5.0.0.1/lib/active_record/transactions.rb:318:in `save'
/usr/local/rvm/gems/ruby-2.3.0/gems/activerecord-5.0.0.1/lib/active_record/suppressor.rb:41:in `save'
/usr/local/rvm/gems/ruby-2.3.0/gems/activerecord-5.0.0.1/lib/active_record/persistence.rb:266:in `block in update'
/usr/local/rvm/gems/ruby-2.3.0/gems/activerecord-5.0.0.1/lib/active_record/transactions.rb:395:in `block in with_transaction_returning_status'
/usr/local/rvm/gems/ruby-2.3.0/gems/activerecord-5.0.0.1/lib/active_record/connection_adapters/abstract/database_statements.rb:230:in `transaction'
/usr/local/rvm/gems/ruby-2.3.0/gems/activerecord-5.0.0.1/lib/active_record/transactions.rb:211:in `transaction'
/usr/local/rvm/gems/ruby-2.3.0/gems/activerecord-5.0.0.1/lib/active_record/transactions.rb:392:in `with_transaction_returning_status'
/usr/local/rvm/gems/ruby-2.3.0/gems/activerecord-5.0.0.1/lib/active_record/persistence.rb:264:in `update'
/home/ubuntu/workspace/matchme/app/models/match.rb:25:in `add_percent'
/usr/local/rvm/gems/ruby-2.3.0/gems/activesupport-5.0.0.1/lib/active_support/callbacks.rb:382:in `block in make_lambda'
/usr/local/rvm/gems/ruby-2.3.0/gems/activesupport-5.0.0.1/lib/active_support/callbacks.rb:207:in `block in halting_and_conditional'
/usr/local/rvm/gems/ruby-2.3.0/gems/activesupport-5.0.0.1/lib/active_support/callbacks.rb:456:in `block in call'
/usr/local/rvm/gems/ruby-2.3.0/gems/activesupport-5.0.0.1/lib/active_support/callbacks.rb:456:in `each'
/usr/local/rvm/gems/ruby-2.3.0/gems/activesupport-5.0.0.1/lib/active_support/callbacks.rb:456:in `call'
/usr/local/rvm/gems/ruby-2.3.0/gems/activesupport-5.0.0.1/lib/active_support/callbacks.rb:101:in `__run_callbacks__'
/usr/local/rvm/gems/ruby-2.3.0/gems/activesupport-5.0.0.1/lib/active_support/callbacks.rb:750:in `_run_save_callbacks'
/usr/local/rvm/gems/ruby-2.3.0/gems/activerecord-5.0.0.1/lib/active_record/callbacks.rb:298:in `create_or_update'
/usr/local/rvm/gems/ruby-2.3.0/gems/activerecord-5.0.0.1/lib/active_record/persistence.rb:125:in `save'
/usr/local/rvm/gems/ruby-2.3.0/gems/activerecord-5.0.0.1/lib/active_record/validations.rb:44:in `save'
/usr/local/rvm/gems/ruby-2.3.0/gems/activerecord-5.0.0.1/lib/active_record/attribute_methods/dirty.rb:22:in `save'
/usr/local/rvm/gems/ruby-2.3.0/gems/activerecord-5.0.0.1/lib/active_record/transactions.rb:319:in `block (2 levels) in save'
/usr/local/rvm/gems/ruby-2.3.0/gems/activerecord-5.0.0.1/lib/active_record/transactions.rb:395:in `block in with_transaction_returning_status'
/usr/local/rvm/gems/ruby-2.3.0/gems/activerecord-5.0.0.1/lib/active_record/connection_adapters/abstract/database_statements.rb:230:in `transaction'
/usr/local/rvm/gems/ruby-2.3.0/gems/activerecord-5.0.0.1/lib/active_record/transactions.rb:211:in `transaction'
/usr/local/rvm/gems/ruby-2.3.0/gems/activerecord-5.0.0.1/lib/active_record/transactions.rb:392:in `with_transaction_returning_status'
/usr/local/rvm/gems/ruby-2.3.0/gems/activerecord-5.0.0.1/lib/active_record/transactions.rb:319:in `block in save'
/usr/local/rvm/gems/ruby-2.3.0/gems/activerecord-5.0.0.1/lib/active_record/transactions.rb:334:in `rollback_active_record_state!'
/usr/local/rvm/gems/ruby-2.3.0/gems/activerecord-5.0.0.1/lib/active_record/transactions.rb:318:in `save'
/usr/local/rvm/gems/ruby-2.3.0/gems/activerecord-5.0.0.1/lib/active_record/suppressor.rb:41:in `save'
/usr/local/rvm/gems/ruby-2.3.0/gems/activerecord-5.0.0.1/lib/active_record/persistence.rb:266:in `block in update'
/usr/local/rvm/gems/ruby-2.3.0/gems/activerecord-5.0.0.1/lib/active_record/transactions.rb:395:in `block in with_transaction_returning_status'
/usr/local/rvm/gems/ruby-2.3.0/gems/activerecord-5.0.0.1/lib/active_record/connection_adapters/abstract/database_statements.rb:230:in `transaction'
/usr/local/rvm/gems/ruby-2.3.0/gems/activerecord-5.0.0.1/lib/active_record/transactions.rb:211:in `transaction'
/usr/local/rvm/gems/ruby-2.3.0/gems/activerecord-5.0.0.1/lib/active_record/transactions.rb:392:in `with_transaction_returning_status'
/usr/local/rvm/gems/ruby-2.3.0/gems/activerecord-5.0.0.1/lib/active_record/persistence.rb:264:in `update'
/home/ubuntu/workspace/matchme/app/models/match.rb:25:in `add_percent'
/usr/local/rvm/gems/ruby-2.3.0/gems/activesupport-5.0.0.1/lib/active_support/callbacks.rb:382:in `block in make_lambda'
/usr/local/rvm/gems/ruby-2.3.0/gems/activesupport-5.0.0.1/lib/active_support/callbacks.rb:207:in `block in halting_and_conditional'
/usr/local/rvm/gems/ruby-2.3.0/gems/activesupport-5.0.0.1/lib/active_support/callbacks.rb:456:in `block in call'
/usr/local/rvm/gems/ruby-2.3.0/gems/activesupport-5.0.0.1/lib/active_support/callbacks.rb:456:in `each'
/usr/local/rvm/gems/ruby-2.3.0/gems/activesupport-5.0.0.1/lib/active_support/callbacks.rb:456:in `call'
/usr/local/rvm/gems/ruby-2.3.0/gems/activesupport-5.0.0.1/lib/active_support/callbacks.rb:101:in `__run_callbacks__'
/usr/local/rvm/gems/ruby-2.3.0/gems/activesupport-5.0.0.1/lib/active_support/callbacks.rb:750:in `_run_save_callbacks'
/usr/local/rvm/gems/ruby-2.3.0/gems/activerecord-5.0.0.1/lib/active_record/callbacks.rb:298:in `create_or_update'
/usr/local/rvm/gems/ruby-2.3.0/gems/activerecord-5.0.0.1/lib/active_record/persistence.rb:125:in `save'
/usr/local/rvm/gems/ruby-2.3.0/gems/activerecord-5.0.0.1/lib/active_record/validations.rb:44:in `save'
/usr/local/rvm/gems/ruby-2.3.0/gems/activerecord-5.0.0.1/lib/active_record/attribute_methods/dirty.rb:22:in `save'
/usr/local/rvm/gems/ruby-2.3.0/gems/activerecord-5.0.0.1/lib/active_record/transactions.rb:319:in `block (2 levels) in save'
/usr/local/rvm/gems/ruby-2.3.0/gems/activerecord-5.0.0.1/lib/active_record/transactions.rb:395:in `block in with_transaction_returning_status'
/usr/local/rvm/gems/ruby-2.3.0/gems/activerecord-5.0.0.1/lib/active_record/connection_adapters/abstract/database_statements.rb:230:in `transaction'
/usr/local/rvm/gems/ruby-2.3.0/gems/activerecord-5.0.0.1/lib/active_record/transactions.rb:211:in `transaction'
/usr/local/rvm/gems/ruby-2.3.0/gems/activerecord-5.0.0.1/lib/active_record/transactions.rb:392:in `with_transaction_returning_status'
/usr/local/rvm/gems/ruby-2.3.0/gems/activerecord-5.0.0.1/lib/active_record/transactions.rb:319:in `block in save'
/usr/local/rvm/gems/ruby-2.3.0/gems/activerecord-5.0.0.1/lib/active_record/transactions.rb:334:in `rollback_active_record_state!'
/usr/local/rvm/gems/ruby-2.3.0/gems/activerecord-5.0.0.1/lib/active_record/transactions.rb:318:in `save'
/usr/local/rvm/gems/ruby-2.3.0/gems/activerecord-5.0.0.1/lib/active_record/suppressor.rb:41:in `save'
/usr/local/rvm/gems/ruby-2.3.0/gems/activerecord-5.0.0.1/lib/active_record/persistence.rb:266:in `block in update'
/usr/local/rvm/gems/ruby-2.3.0/gems/activerecord-5.0.0.1/lib/active_record/transactions.rb:395:in `block in with_transaction_returning_status'
/usr/local/rvm/gems/ruby-2.3.0/gems/activerecord-5.0.0.1/lib/active_record/connection_adapters/abstract/database_statements.rb:230:in `transaction'
/usr/local/rvm/gems/ruby-2.3.0/gems/activerecord-5.0.0.1/lib/active_record/transactions.rb:211:in `transaction'
/usr/local/rvm/gems/ruby-2.3.0/gems/activerecord-5.0.0.1/lib/active_record/transactions.rb:392:in `with_transaction_returning_status'
/usr/local/rvm/gems/ruby-2.3.0/gems/activerecord-5.0.0.1/lib/active_record/persistence.rb:264:in `update'
/home/ubuntu/workspace/matchme/app/models/match.rb:25:in `add_percent'
/usr/local/rvm/gems/ruby-2.3.0/gems/activesupport-5.0.0.1/lib/active_support/callbacks.rb:382:in `block in make_lambda'
/usr/local/rvm/gems/ruby-2.3.0/gems/activesupport-5.0.0.1/lib/active_support/callbacks.rb:207:in `block in halting_and_conditional'
/usr/local/rvm/gems/ruby-2.3.0/gems/activesupport-5.0.0.1/lib/active_support/callbacks.rb:456:in `block in call'
/usr/local/rvm/gems/ruby-2.3.0/gems/activesupport-5.0.0.1/lib/active_support/callbacks.rb:456:in `each'
/usr/local/rvm/gems/ruby-2.3.0/gems/activesupport-5.0.0.1/lib/active_support/callbacks.rb:456:in `call'
/usr/local/rvm/gems/ruby-2.3.0/gems/activesupport-5.0.0.1/lib/active_support/callbacks.rb:101:in `__run_callbacks__'
/usr/local/rvm/gems/ruby-2.3.0/gems/activesupport-5.0.0.1/lib/active_support/callbacks.rb:750:in `_run_save_callbacks'
/usr/local/rvm/gems/ruby-2.3.0/gems/activerecord-5.0.0.1/lib/active_record/callbacks.rb:298:in `create_or_update'
/usr/local/rvm/gems/ruby-2.3.0/gems/activerecord-5.0.0.1/lib/active_record/persistence.rb:125:in `save'
/usr/local/rvm/gems/ruby-2.3.0/gems/activerecord-5.0.0.1/lib/active_record/validations.rb:44:in `save'
/usr/local/rvm/gems/ruby-2.3.0/gems/activerecord-5.0.0.1/lib/active_record/attribute_methods/dirty.rb:22:in `save'
/usr/local/rvm/gems/ruby-2.3.0/gems/activerecord-5.0.0.1/lib/active_record/transactions.rb:319:in `block (2 levels) in save'
/usr/local/rvm/gems/ruby-2.3.0/gems/activerecord-5.0.0.1/lib/active_record/transactions.rb:395:in `block in with_transaction_returning_status'
/usr/local/rvm/gems/ruby-2.3.0/gems/activerecord-5.0.0.1/lib/active_record/connection_adapters/abstract/database_statements.rb:230:in `transaction'
/usr/local/rvm/gems/ruby-2.3.0/gems/activerecord-5.0.0.1/lib/active_record/transactions.rb:211:in `transaction'
/usr/local/rvm/gems/ruby-2.3.0/gems/activerecord-5.0.0.1/lib/active_record/transactions.rb:392:in `with_transaction_returning_status'
/usr/local/rvm/gems/ruby-2.3.0/gems/activerecord-5.0.0.1/lib/active_record/transactions.rb:319:in `block in save'
/usr/local/rvm/gems/ruby-2.3.0/gems/activerecord-5.0.0.1/lib/active_record/transactions.rb:334:in `rollback_active_record_state!'
/usr/local/rvm/gems/ruby-2.3.0/gems/activerecord-5.0.0.1/lib/active_record/transactions.rb:318:in `save'
/usr/local/rvm/gems/ruby-2.3.0/gems/activerecord-5.0.0.1/lib/active_record/suppressor.rb:41:in `save'
/usr/local/rvm/gems/ruby-2.3.0/gems/activerecord-5.0.0.1/lib/active_record/persistence.rb:266:in `block in update'
/usr/local/rvm/gems/ruby-2.3.0/gems/activerecord-5.0.0.1/lib/active_record/transactions.rb:395:in `block in with_transaction_returning_status'
/usr/local/rvm/gems/ruby-2.3.0/gems/activerecord-5.0.0.1/lib/active_record/connection_adapters/abstract/database_statements.rb:230:in `transaction'
/usr/local/rvm/gems/ruby-2.3.0/gems/activerecord-5.0.0.1/lib/active_record/transactions.rb:211:in `transaction'
/usr/local/rvm/gems/ruby-2.3.0/gems/activerecord-5.0.0.1/lib/active_record/transactions.rb:392:in `with_transaction_returning_status'
/usr/local/rvm/gems/ruby-2.3.0/gems/activerecord-5.0.0.1/lib/active_record/persistence.rb:264:in `update'
/home/ubuntu/workspace/matchme/app/models/match.rb:25:in `add_percent'
/usr/local/rvm/gems/ruby-2.3.0/gems/activesupport-5.0.0.1/lib/active_support/callbacks.rb:382:in `block in make_lambda'
/usr/local/rvm/gems/ruby-2.3.0/gems/activesupport-5.0.0.1/lib/active_support/callbacks.rb:207:in `block in halting_and_conditional'
/usr/local/rvm/gems/ruby-2.3.0/gems/activesupport-5.0.0.1/lib/active_support/callbacks.rb:456:in `block in call'
/usr/local/rvm/gems/ruby-2.3.0/gems/activesupport-5.0.0.1/lib/active_support/callbacks.rb:456:in `each'
/usr/local/rvm/gems/ruby-2.3.0/gems/activesupport-5.0.0.1/lib/active_support/callbacks.rb:456:in `call'
/usr/local/rvm/gems/ruby-2.3.0/gems/activesupport-5.0.0.1/lib/active_support/callbacks.rb:101:in `__run_callbacks__'
/usr/local/rvm/gems/ruby-2.3.0/gems/activesupport-5.0.0.1/lib/active_support/callbacks.rb:750:in `_run_save_callbacks'
/usr/local/rvm/gems/ruby-2.3.0/gems/activerecord-5.0.0.1/lib/active_record/callbacks.rb:298:in `create_or_update'
/usr/local/rvm/gems/ruby-2.3.0/gems/activerecord-5.0.0.1/lib/active_record/persistence.rb:125:in `save'
/usr/local/rvm/gems/ruby-2.3.0/gems/activerecord-5.0.0.1/lib/active_record/validations.rb:44:in `save'
/usr/local/rvm/gems/ruby-2.3.0/gems/activerecord-5.0.0.1/lib/active_record/attribute_methods/dirty.rb:22:in `save'
/usr/local/rvm/gems/ruby-2.3.0/gems/activerecord-5.0.0.1/lib/active_record/transactions.rb:319:in `block (2 levels) in save'
/usr/local/rvm/gems/ruby-2.3.0/gems/activerecord-5.0.0.1/lib/active_record/transactions.rb:395:in `block in with_transaction_returning_status'
/usr/local/rvm/gems/ruby-2.3.0/gems/activerecord-5.0.0.1/lib/active_record/connection_adapters/abstract/database_statements.rb:230:in `transaction'
/usr/local/rvm/gems/ruby-2.3.0/gems/activerecord-5.0.0.1/lib/active_record/transactions.rb:211:in `transaction'
/usr/local/rvm/gems/ruby-2.3.0/gems/activerecord-5.0.0.1/lib/active_record/transactions.rb:392:in `with_transaction_returning_status'
/usr/local/rvm/gems/ruby-2.3.0/gems/activerecord-5.0.0.1/lib/active_record/transactions.rb:319:in `block in save'
/usr/local/rvm/gems/ruby-2.3.0/gems/activerecord-5.0.0.1/lib/active_record/transactions.rb:334:in `rollback_active_record_state!'
/usr/local/rvm/gems/ruby-2.3.0/gems/activerecord-5.0.0.1/lib/active_record/transactions.rb:318:in `save'
/usr/local/rvm/gems/ruby-2.3.0/gems/activerecord-5.0.0.1/lib/active_record/suppressor.rb:41:in `save'
/usr/local/rvm/gems/ruby-2.3.0/gems/activerecord-5.0.0.1/lib/active_record/persistence.rb:266:in `block in update'
/usr/local/rvm/gems/ruby-2.3.0/gems/activerecord-5.0.0.1/lib/active_record/transactions.rb:395:in `block in with_transaction_returning_status'
/usr/local/rvm/gems/ruby-2.3.0/gems/activerecord-5.0.0.1/lib/active_record/connection_adapters/abstract/database_statements.rb:230:in `transaction'
/usr/local/rvm/gems/ruby-2.3.0/gems/activerecord-5.0.0.1/lib/active_record/transactions.rb:211:in `transaction'
/usr/local/rvm/gems/ruby-2.3.0/gems/activerecord-5.0.0.1/lib/active_record/transactions.rb:392:in `with_transaction_returning_status'
/usr/local/rvm/gems/ruby-2.3.0/gems/activerecord-5.0.0.1/lib/active_record/persistence.rb:264:in `update'
/home/ubuntu/workspace/matchme/app/models/match.rb:25:in `add_percent'
/usr/local/rvm/gems/ruby-2.3.0/gems/activesupport-5.0.0.1/lib/active_support/callbacks.rb:382:in `block in make_lambda'
/usr/local/rvm/gems/ruby-2.3.0/gems/activesupport-5.0.0.1/lib/active_support/callbacks.rb:207:in `block in halting_and_conditional'
/usr/local/rvm/gems/ruby-2.3.0/gems/activesupport-5.0.0.1/lib/active_support/callbacks.rb:456:in `block in call'
/usr/local/rvm/gems/ruby-2.3.0/gems/activesupport-5.0.0.1/lib/active_support/callbacks.rb:456:in `each'
/usr/local/rvm/gems/ruby-2.3.0/gems/activesupport-5.0.0.1/lib/active_support/callbacks.rb:456:in `call'
/usr/local/rvm/gems/ruby-2.3.0/gems/activesupport-5.0.0.1/lib/active_support/callbacks.rb:101:in `__run_callbacks__'
/usr/local/rvm/gems/ruby-2.3.0/gems/activesupport-5.0.0.1/lib/active_support/callbacks.rb:750:in `_run_save_callbacks'
/usr/local/rvm/gems/ruby-2.3.0/gems/activerecord-5.0.0.1/lib/active_record/callbacks.rb:298:in `create_or_update'
/usr/local/rvm/gems/ruby-2.3.0/gems/activerecord-5.0.0.1/lib/active_record/persistence.rb:125:in `save'
/usr/local/rvm/gems/ruby-2.3.0/gems/activerecord-5.0.0.1/lib/active_record/validations.rb:44:in `save'
/usr/local/rvm/gems/ruby-2.3.0/gems/activerecord-5.0.0.1/lib/active_record/attribute_methods/dirty.rb:22:in `save'
/usr/local/rvm/gems/ruby-2.3.0/gems/activerecord-5.0.0.1/lib/active_record/transactions.rb:319:in `block (2 levels) in save'
/usr/local/rvm/gems/ruby-2.3.0/gems/activerecord-5.0.0.1/lib/active_record/transactions.rb:395:in `block in with_transaction_returning_status'
/usr/local/rvm/gems/ruby-2.3.0/gems/activerecord-5.0.0.1/lib/active_record/connection_adapters/abstract/database_statements.rb:230:in `transaction'
/usr/local/rvm/gems/ruby-2.3.0/gems/activerecord-5.0.0.1/lib/active_record/transactions.rb:211:in `transaction'
/usr/local/rvm/gems/ruby-2.3.0/gems/activerecord-5.0.0.1/lib/active_record/transactions.rb:392:in `with_transaction_returning_status'
/usr/local/rvm/gems/ruby-2.3.0/gems/activerecord-5.0.0.1/lib/active_record/transactions.rb:319:in `block in save'
/usr/local/rvm/gems/ruby-2.3.0/gems/activerecord-5.0.0.1/lib/active_record/transactions.rb:334:in `rollback_active_record_state!'
/usr/local/rvm/gems/ruby-2.3.0/gems/activerecord-5.0.0.1/lib/active_record/transactions.rb:318:in `save'
/usr/local/rvm/gems/ruby-2.3.0/gems/activerecord-5.0.0.1/lib/active_record/suppressor.rb:41:in `save'
/usr/local/rvm/gems/ruby-2.3.0/gems/activerecord-5.0.0.1/lib/active_record/persistence.rb:266:in `block in update'
/usr/local/rvm/gems/ruby-2.3.0/gems/activerecord-5.0.0.1/lib/active_record/transactions.rb:395:in `block in with_transaction_returning_status'
/usr/local/rvm/gems/ruby-2.3.0/gems/activerecord-5.0.0.1/lib/active_record/connection_adapters/abstract/database_statements.rb:230:in `transaction'
/usr/local/rvm/gems/ruby-2.3.0/gems/activerecord-5.0.0.1/lib/active_record/transactions.rb:211:in `transaction'
/usr/local/rvm/gems/ruby-2.3.0/gems/activerecord-5.0.0.1/lib/active_record/transactions.rb:392:in `with_transaction_returning_status'
/usr/local/rvm/gems/ruby-2.3.0/gems/activerecord-5.0.0.1/lib/active_record/persistence.rb:264:in `update'
/home/ubuntu/workspace/matchme/app/models/match.rb:25:in `add_percent'
/usr/local/rvm/gems/ruby-2.3.0/gems/activesupport-5.0.0.1/lib/active_support/callbacks.rb:382:in `block in make_lambda'
/usr/local/rvm/gems/ruby-2.3.0/gems/activesupport-5.0.0.1/lib/active_support/callbacks.rb:207:in `block in halting_and_conditional'
/usr/local/rvm/gems/ruby-2.3.0/gems/activesupport-5.0.0.1/lib/active_support/callbacks.rb:456:in `block in call'
/usr/local/rvm/gems/ruby-2.3.0/gems/activesupport-5.0.0.1/lib/active_support/callbacks.rb:456:in `each'
/usr/local/rvm/gems/ruby-2.3.0/gems/activesupport-5.0.0.1/lib/active_support/callbacks.rb:456:in `call'
/usr/local/rvm/gems/ruby-2.3.0/gems/activesupport-5.0.0.1/lib/active_support/callbacks.rb:101:in `__run_callbacks__'
/usr/local/rvm/gems/ruby-2.3.0/gems/activesupport-5.0.0.1/lib/active_support/callbacks.rb:750:in `_run_save_callbacks'
/usr/local/rvm/gems/ruby-2.3.0/gems/activerecord-5.0.0.1/lib/active_record/callbacks.rb:298:in `create_or_update'
/usr/local/rvm/gems/ruby-2.3.0/gems/activerecord-5.0.0.1/lib/active_record/persistence.rb:125:in `save'
/usr/local/rvm/gems/ruby-2.3.0/gems/activerecord-5.0.0.1/lib/active_record/validations.rb:44:in `save'
/usr/local/rvm/gems/ruby-2.3.0/gems/activerecord-5.0.0.1/lib/active_record/attribute_methods/dirty.rb:22:in `save'
/usr/local/rvm/gems/ruby-2.3.0/gems/activerecord-5.0.0.1/lib/active_record/transactions.rb:319:in `block (2 levels) in save'
/usr/local/rvm/gems/ruby-2.3.0/gems/activerecord-5.0.0.1/lib/active_record/transactions.rb:395:in `block in with_transaction_returning_status'
/usr/local/rvm/gems/ruby-2.3.0/gems/activerecord-5.0.0.1/lib/active_record/connection_adapters/abstract/database_statements.rb:230:in `transaction'
/usr/local/rvm/gems/ruby-2.3.0/gems/activerecord-5.0.0.1/lib/active_record/transactions.rb:211:in `transaction'
/usr/local/rvm/gems/ruby-2.3.0/gems/activerecord-5.0.0.1/lib/active_record/transactions.rb:392:in `with_transaction_returning_status'
/usr/local/rvm/gems/ruby-2.3.0/gems/activerecord-5.0.0.1/lib/active_record/transactions.rb:319:in `block in save'
/usr/local/rvm/gems/ruby-2.3.0/gems/activerecord-5.0.0.1/lib/active_record/transactions.rb:334:in `rollback_active_record_state!'
/usr/local/rvm/gems/ruby-2.3.0/gems/activerecord-5.0.0.1/lib/active_record/transactions.rb:318:in `save'
/usr/local/rvm/gems/ruby-2.3.0/gems/activerecord-5.0.0.1/lib/active_record/suppressor.rb:41:in `save'
/usr/local/rvm/gems/ruby-2.3.0/gems/activerecord-5.0.0.1/lib/active_record/persistence.rb:266:in `block in update'
/usr/local/rvm/gems/ruby-2.3.0/gems/activerecord-5.0.0.1/lib/active_record/transactions.rb:395:in `block in with_transaction_returning_status'
/usr/local/rvm/gems/ruby-2.3.0/gems/activerecord-5.0.0.1/lib/active_record/connection_adapters/abstract/database_statements.rb:230:in `transaction'
/usr/local/rvm/gems/ruby-2.3.0/gems/activerecord-5.0.0.1/lib/active_record/transactions.rb:211:in `transaction'
/usr/local/rvm/gems/ruby-2.3.0/gems/activerecord-5.0.0.1/lib/active_record/transactions.rb:392:in `with_transaction_returning_status'
/usr/local/rvm/gems/ruby-2.3.0/gems/activerecord-5.0.0.1/lib/active_record/persistence.rb:264:in `update'
/home/ubuntu/workspace/matchme/app/models/match.rb:25:in `add_percent'
/usr/local/rvm/gems/ruby-2.3.0/gems/activesupport-5.0.0.1/lib/active_support/callbacks.rb:382:in `block in make_lambda'
/usr/local/rvm/gems/ruby-2.3.0/gems/activesupport-5.0.0.1/lib/active_support/callbacks.rb:207:in `block in halting_and_conditional'
/usr/local/rvm/gems/ruby-2.3.0/gems/activesupport-5.0.0.1/lib/active_support/callbacks.rb:456:in `block in call'
/usr/local/rvm/gems/ruby-2.3.0/gems/activesupport-5.0.0.1/lib/active_support/callbacks.rb:456:in `each'
/usr/local/rvm/gems/ruby-2.3.0/gems/activesupport-5.0.0.1/lib/active_support/callbacks.rb:456:in `call'
/usr/local/rvm/gems/ruby-2.3.0/gems/activesupport-5.0.0.1/lib/active_support/callbacks.rb:101:in `__run_callbacks__'
/usr/local/rvm/gems/ruby-2.3.0/gems/activesupport-5.0.0.1/lib/active_support/callbacks.rb:750:in `_run_save_callbacks'
/usr/local/rvm/gems/ruby-2.3.0/gems/activerecord-5.0.0.1/lib/active_record/callbacks.rb:298:in `create_or_update'
/usr/local/rvm/gems/ruby-2.3.0/gems/activerecord-5.0.0.1/lib/active_record/persistence.rb:125:in `save'
/usr/local/rvm/gems/ruby-2.3.0/gems/activerecord-5.0.0.1/lib/active_record/validations.rb:44:in `save'
/usr/local/rvm/gems/ruby-2.3.0/gems/activerecord-5.0.0.1/lib/active_record/attribute_methods/dirty.rb:22:in `save'
/usr/local/rvm/gems/ruby-2.3.0/gems/activerecord-5.0.0.1/lib/active_record/transactions.rb:319:in `block (2 levels) in save'
/usr/local/rvm/gems/ruby-2.3.0/gems/activerecord-5.0.0.1/lib/active_record/transactions.rb:395:in `block in with_transaction_returning_status'
/usr/local/rvm/gems/ruby-2.3.0/gems/activerecord-5.0.0.1/lib/active_record/connection_adapters/abstract/database_statements.rb:230:in `transaction'
/usr/local/rvm/gems/ruby-2.3.0/gems/activerecord-5.0.0.1/lib/active_record/transactions.rb:211:in `transaction'
/usr/local/rvm/gems/ruby-2.3.0/gems/activerecord-5.0.0.1/lib/active_record/transactions.rb:392:in `with_transaction_returning_status'
/usr/local/rvm/gems/ruby-2.3.0/gems/activerecord-5.0.0.1/lib/active_record/transactions.rb:319:in `block in save'
/usr/local/rvm/gems/ruby-2.3.0/gems/activerecord-5.0.0.1/lib/active_record/transactions.rb:334:in `rollback_active_record_state!'
/usr/local/rvm/gems/ruby-2.3.0/gems/activerecord-5.0.0.1/lib/active_record/transactions.rb:318:in `save'
/usr/local/rvm/gems/ruby-2.3.0/gems/activerecord-5.0.0.1/lib/active_record/suppressor.rb:41:in `save'
/usr/local/rvm/gems/ruby-2.3.0/gems/activerecord-5.0.0.1/lib/active_record/persistence.rb:266:in `block in update'
/usr/local/rvm/gems/ruby-2.3.0/gems/activerecord-5.0.0.1/lib/active_record/transactions.rb:395:in `block in with_transaction_returning_status'
/usr/local/rvm/gems/ruby-2.3.0/gems/activerecord-5.0.0.1/lib/active_record/connection_adapters/abstract/database_statements.rb:230:in `transaction'
/usr/local/rvm/gems/ruby-2.3.0/gems/activerecord-5.0.0.1/lib/active_record/transactions.rb:211:in `transaction'
/usr/local/rvm/gems/ruby-2.3.0/gems/activerecord-5.0.0.1/lib/active_record/transactions.rb:392:in `with_transaction_returning_status'
/usr/local/rvm/gems/ruby-2.3.0/gems/activerecord-5.0.0.1/lib/active_record/persistence.rb:264:in `update'
/home/ubuntu/workspace/matchme/app/models/match.rb:25:in `add_percent'
/usr/local/rvm/gems/ruby-2.3.0/gems/activesupport-5.0.0.1/lib/active_support/callbacks.rb:382:in `block in make_lambda'
/usr/local/rvm/gems/ruby-2.3.0/gems/activesupport-5.0.0.1/lib/active_support/callbacks.rb:207:in `block in halting_and_conditional'
/usr/local/rvm/gems/ruby-2.3.0/gems/activesupport-5.0.0.1/lib/active_support/callbacks.rb:456:in `block in call'
/usr/local/rvm/gems/ruby-2.3.0/gems/activesupport-5.0.0.1/lib/active_support/callbacks.rb:456:in `each'
/usr/local/rvm/gems/ruby-2.3.0/gems/activesupport-5.0.0.1/lib/active_support/callbacks.rb:456:in `call'
/usr/local/rvm/gems/ruby-2.3.0/gems/activesupport-5.0.0.1/lib/active_support/callbacks.rb:101:in `__run_callbacks__'
/usr/local/rvm/gems/ruby-2.3.0/gems/activesupport-5.0.0.1/lib/active_support/callbacks.rb:750:in `_run_save_callbacks'
/usr/local/rvm/gems/ruby-2.3.0/gems/activerecord-5.0.0.1/lib/active_record/callbacks.rb:298:in `create_or_update'
/usr/local/rvm/gems/ruby-2.3.0/gems/activerecord-5.0.0.1/lib/active_record/persistence.rb:125:in `save'
/usr/local/rvm/gems/ruby-2.3.0/gems/activerecord-5.0.0.1/lib/active_record/validations.rb:44:in `save'
/usr/local/rvm/gems/ruby-2.3.0/gems/activerecord-5.0.0.1/lib/active_record/attribute_methods/dirty.rb:22:in `save'
/usr/local/rvm/gems/ruby-2.3.0/gems/activerecord-5.0.0.1/lib/active_record/transactions.rb:319:in `block (2 levels) in save'
/usr/local/rvm/gems/ruby-2.3.0/gems/activerecord-5.0.0.1/lib/active_record/transactions.rb:395:in `block in with_transaction_returning_status'
/usr/local/rvm/gems/ruby-2.3.0/gems/activerecord-5.0.0.1/lib/active_record/connection_adapters/abstract/database_statements.rb:230:in `transaction'
/usr/local/rvm/gems/ruby-2.3.0/gems/activerecord-5.0.0.1/lib/active_record/transactions.rb:211:in `transaction'
/usr/local/rvm/gems/ruby-2.3.0/gems/activerecord-5.0.0.1/lib/active_record/transactions.rb:392:in `with_transaction_returning_status'
/usr/local/rvm/gems/ruby-2.3.0/gems/activerecord-5.0.0.1/lib/active_record/transactions.rb:319:in `block in save'
/usr/local/rvm/gems/ruby-2.3.0/gems/activerecord-5.0.0.1/lib/active_record/transactions.rb:334:in `rollback_active_record_state!'
/usr/local/rvm/gems/ruby-2.3.0/gems/activerecord-5.0.0.1/lib/active_record/transactions.rb:318:in `save'
/usr/local/rvm/gems/ruby-2.3.0/gems/activerecord-5.0.0.1/lib/active_record/suppressor.rb:41:in `save'
/usr/local/rvm/gems/ruby-2.3.0/gems/activerecord-5.0.0.1/lib/active_record/persistence.rb:266:in `block in update'
/usr/local/rvm/gems/ruby-2.3.0/gems/activerecord-5.0.0.1/lib/active_record/transactions.rb:395:in `block in with_transaction_returning_status'
/usr/local/rvm/gems/ruby-2.3.0/gems/activerecord-5.0.0.1/lib/active_record/connection_adapters/abstract/database_statements.rb:230:in `transaction'
/usr/local/rvm/gems/ruby-2.3.0/gems/activerecord-5.0.0.1/lib/active_record/transactions.rb:211:in `transaction'
/usr/local/rvm/gems/ruby-2.3.0/gems/activerecord-5.0.0.1/lib/active_record/transactions.rb:392:in `with_transaction_returning_status'
/usr/local/rvm/gems/ruby-2.3.0/gems/activerecord-5.0.0.1/lib/active_record/persistence.rb:264:in `update'
/home/ubuntu/workspace/matchme/app/models/match.rb:25:in `add_percent'
/usr/local/rvm/gems/ruby-2.3.0/gems/activesupport-5.0.0.1/lib/active_support/callbacks.rb:382:in `block in make_lambda'
/usr/local/rvm/gems/ruby-2.3.0/gems/activesupport-5.0.0.1/lib/active_support/callbacks.rb:207:in `block in halting_and_conditional'
/usr/local/rvm/gems/ruby-2.3.0/gems/activesupport-5.0.0.1/lib/active_support/callbacks.rb:456:in `block in call'
/usr/local/rvm/gems/ruby-2.3.0/gems/activesupport-5.0.0.1/lib/active_support/callbacks.rb:456:in `each'
/usr/local/rvm/gems/ruby-2.3.0/gems/activesupport-5.0.0.1/lib/active_support/callbacks.rb:456:in `call'
/usr/local/rvm/gems/ruby-2.3.0/gems/activesupport-5.0.0.1/lib/active_support/callbacks.rb:101:in `__run_callbacks__'
/usr/local/rvm/gems/ruby-2.3.0/gems/activesupport-5.0.0.1/lib/active_support/callbacks.rb:750:in `_run_save_callbacks'
/usr/local/rvm/gems/ruby-2.3.0/gems/activerecord-5.0.0.1/lib/active_record/callbacks.rb:298:in `create_or_update'
/usr/local/rvm/gems/ruby-2.3.0/gems/activerecord-5.0.0.1/lib/active_record/persistence.rb:125:in `save'
/usr/local/rvm/gems/ruby-2.3.0/gems/activerecord-5.0.0.1/lib/active_record/validations.rb:44:in `save'
/usr/local/rvm/gems/ruby-2.3.0/gems/activerecord-5.0.0.1/lib/active_record/attribute_methods/dirty.rb:22:in `save'
/usr/local/rvm/gems/ruby-2.3.0/gems/activerecord-5.0.0.1/lib/active_record/transactions.rb:319:in `block (2 levels) in save'
/usr/local/rvm/gems/ruby-2.3.0/gems/activerecord-5.0.0.1/lib/active_record/transactions.rb:395:in `block in with_transaction_returning_status'
/usr/local/rvm/gems/ruby-2.3.0/gems/activerecord-5.0.0.1/lib/active_record/connection_adapters/abstract/database_statements.rb:230:in `transaction'
/usr/local/rvm/gems/ruby-2.3.0/gems/activerecord-5.0.0.1/lib/active_record/transactions.rb:211:in `transaction'
/usr/local/rvm/gems/ruby-2.3.0/gems/activerecord-5.0.0.1/lib/active_record/transactions.rb:392:in `with_transaction_returning_status'
/usr/local/rvm/gems/ruby-2.3.0/gems/activerecord-5.0.0.1/lib/active_record/transactions.rb:319:in `block in save'
/usr/local/rvm/gems/ruby-2.3.0/gems/activerecord-5.0.0.1/lib/active_record/transactions.rb:334:in `rollback_active_record_state!'
/usr/local/rvm/gems/ruby-2.3.0/gems/activerecord-5.0.0.1/lib/active_record/transactions.rb:318:in `save'
/usr/local/rvm/gems/ruby-2.3.0/gems/activerecord-5.0.0.1/lib/active_record/suppressor.rb:41:in `save'
/usr/local/rvm/gems/ruby-2.3.0/gems/activerecord-5.0.0.1/lib/active_record/persistence.rb:266:in `block in update'
/usr/local/rvm/gems/ruby-2.3.0/gems/activerecord-5.0.0.1/lib/active_record/transactions.rb:395:in `block in with_transaction_returning_status'
/usr/local/rvm/gems/ruby-2.3.0/gems/activerecord-5.0.0.1/lib/active_record/connection_adapters/abstract/database_statements.rb:230:in `transaction'
/usr/local/rvm/gems/ruby-2.3.0/gems/activerecord-5.0.0.1/lib/active_record/transactions.rb:211:in `transaction'
/usr/local/rvm/gems/ruby-2.3.0/gems/activerecord-5.0.0.1/lib/active_record/transactions.rb:392:in `with_transaction_returning_status'
/usr/local/rvm/gems/ruby-2.3.0/gems/activerecord-5.0.0.1/lib/active_record/persistence.rb:264:in `update'
/home/ubuntu/workspace/matchme/app/models/match.rb:25:in `add_percent'
/usr/local/rvm/gems/ruby-2.3.0/gems/activesupport-5.0.0.1/lib/active_support/callbacks.rb:382:in `block in make_lambda'
/usr/local/rvm/gems/ruby-2.3.0/gems/activesupport-5.0.0.1/lib/active_support/callbacks.rb:207:in `block in halting_and_conditional'
/usr/local/rvm/gems/ruby-2.3.0/gems/activesupport-5.0.0.1/lib/active_support/callbacks.rb:456:in `block in call'
/usr/local/rvm/gems/ruby-2.3.0/gems/activesupport-5.0.0.1/lib/active_support/callbacks.rb:456:in `each'
/usr/local/rvm/gems/ruby-2.3.0/gems/activesupport-5.0.0.1/lib/active_support/callbacks.rb:456:in `call'
/usr/local/rvm/gems/ruby-2.3.0/gems/activesupport-5.0.0.1/lib/active_support/callbacks.rb:101:in `__run_callbacks__'
/usr/local/rvm/gems/ruby-2.3.0/gems/activesupport-5.0.0.1/lib/active_support/callbacks.rb:750:in `_run_save_callbacks'
/usr/local/rvm/gems/ruby-2.3.0/gems/activerecord-5.0.0.1/lib/active_record/callbacks.rb:298:in `create_or_update'
/usr/local/rvm/gems/ruby-2.3.0/gems/activerecord-5.0.0.1/lib/active_record/persistence.rb:125:in `save'
/usr/local/rvm/gems/ruby-2.3.0/gems/activerecord-5.0.0.1/lib/active_record/validations.rb:44:in `save'
/usr/local/rvm/gems/ruby-2.3.0/gems/activerecord-5.0.0.1/lib/active_record/attribute_methods/dirty.rb:22:in `save'
/usr/local/rvm/gems/ruby-2.3.0/gems/activerecord-5.0.0.1/lib/active_record/transactions.rb:319:in `block (2 levels) in save'
/usr/local/rvm/gems/ruby-2.3.0/gems/activerecord-5.0.0.1/lib/active_record/transactions.rb:395:in `block in with_transaction_returning_status'
/usr/local/rvm/gems/ruby-2.3.0/gems/activerecord-5.0.0.1/lib/active_record/connection_adapters/abstract/database_statements.rb:230:in `transaction'
/usr/local/rvm/gems/ruby-2.3.0/gems/activerecord-5.0.0.1/lib/active_record/transactions.rb:211:in `transaction'
/usr/local/rvm/gems/ruby-2.3.0/gems/activerecord-5.0.0.1/lib/active_record/transactions.rb:392:in `with_transaction_returning_status'
/usr/local/rvm/gems/ruby-2.3.0/gems/activerecord-5.0.0.1/lib/active_record/transactions.rb:319:in `block in save'
/usr/local/rvm/gems/ruby-2.3.0/gems/activerecord-5.0.0.1/lib/active_record/transactions.rb:334:in `rollback_active_record_state!'
/usr/local/rvm/gems/ruby-2.3.0/gems/activerecord-5.0.0.1/lib/active_record/transactions.rb:318:in `save'
/usr/local/rvm/gems/ruby-2.3.0/gems/activerecord-5.0.0.1/lib/active_record/suppressor.rb:41:in `save'
/usr/local/rvm/gems/ruby-2.3.0/gems/activerecord-5.0.0.1/lib/active_record/persistence.rb:266:in `block in update'
/usr/local/rvm/gems/ruby-2.3.0/gems/activerecord-5.0.0.1/lib/active_record/transactions.rb:395:in `block in with_transaction_returning_status'
/usr/local/rvm/gems/ruby-2.3.0/gems/activerecord-5.0.0.1/lib/active_record/connection_adapters/abstract/database_statements.rb:230:in `transaction'
/usr/local/rvm/gems/ruby-2.3.0/gems/activerecord-5.0.0.1/lib/active_record/transactions.rb:211:in `transaction'
/usr/local/rvm/gems/ruby-2.3.0/gems/activerecord-5.0.0.1/lib/active_record/transactions.rb:392:in `with_transaction_returning_status'
/usr/local/rvm/gems/ruby-2.3.0/gems/activerecord-5.0.0.1/lib/active_record/persistence.rb:264:in `update'
/home/ubuntu/workspace/matchme/app/models/match.rb:25:in `add_percent'
/usr/local/rvm/gems/ruby-2.3.0/gems/activesupport-5.0.0.1/lib/active_support/callbacks.rb:382:in `block in make_lambda'
/usr/local/rvm/gems/ruby-2.3.0/gems/activesupport-5.0.0.1/lib/active_support/callbacks.rb:207:in `block in halting_and_conditional'
/usr/local/rvm/gems/ruby-2.3.0/gems/activesupport-5.0.0.1/lib/active_support/callbacks.rb:456:in `block in call'
/usr/local/rvm/gems/ruby-2.3.0/gems/activesupport-5.0.0.1/lib/active_support/callbacks.rb:456:in `each'
/usr/local/rvm/gems/ruby-2.3.0/gems/activesupport-5.0.0.1/lib/active_support/callbacks.rb:456:in `call'
/usr/local/rvm/gems/ruby-2.3.0/gems/activesupport-5.0.0.1/lib/active_support/callbacks.rb:101:in `__run_callbacks__'
/usr/local/rvm/gems/ruby-2.3.0/gems/activesupport-5.0.0.1/lib/active_support/callbacks.rb:750:in `_run_save_callbacks'
/usr/local/rvm/gems/ruby-2.3.0/gems/activerecord-5.0.0.1/lib/active_record/callbacks.rb:298:in `create_or_update'
/usr/local/rvm/gems/ruby-2.3.0/gems/activerecord-5.0.0.1/lib/active_record/persistence.rb:125:in `save'
/usr/local/rvm/gems/ruby-2.3.0/gems/activerecord-5.0.0.1/lib/active_record/validations.rb:44:in `save'
/usr/local/rvm/gems/ruby-2.3.0/gems/activerecord-5.0.0.1/lib/active_record/attribute_methods/dirty.rb:22:in `save'
/usr/local/rvm/gems/ruby-2.3.0/gems/activerecord-5.0.0.1/lib/active_record/transactions.rb:319:in `block (2 levels) in save'
/usr/local/rvm/gems/ruby-2.3.0/gems/activerecord-5.0.0.1/lib/active_record/transactions.rb:395:in `block in with_transaction_returning_status'
/usr/local/rvm/gems/ruby-2.3.0/gems/activerecord-5.0.0.1/lib/active_record/connection_adapters/abstract/database_statements.rb:230:in `transaction'
/usr/local/rvm/gems/ruby-2.3.0/gems/activerecord-5.0.0.1/lib/active_record/transactions.rb:211:in `transaction'
/usr/local/rvm/gems/ruby-2.3.0/gems/activerecord-5.0.0.1/lib/active_record/transactions.rb:392:in `with_transaction_returning_status'
/usr/local/rvm/gems/ruby-2.3.0/gems/activerecord-5.0.0.1/lib/active_record/transactions.rb:319:in `block in save'
/usr/local/rvm/gems/ruby-2.3.0/gems/activerecord-5.0.0.1/lib/active_record/transactions.rb:334:in `rollback_active_record_state!'
/usr/local/rvm/gems/ruby-2.3.0/gems/activerecord-5.0.0.1/lib/active_record/transactions.rb:318:in `save'
/usr/local/rvm/gems/ruby-2.3.0/gems/activerecord-5.0.0.1/lib/active_record/suppressor.rb:41:in `save'
/usr/local/rvm/gems/ruby-2.3.0/gems/activerecord-5.0.0.1/lib/active_record/persistence.rb:266:in `block in update'
/usr/local/rvm/gems/ruby-2.3.0/gems/activerecord-5.0.0.1/lib/active_record/transactions.rb:395:in `block in with_transaction_returning_status'
/usr/local/rvm/gems/ruby-2.3.0/gems/activerecord-5.0.0.1/lib/active_record/connection_adapters/abstract/database_statements.rb:230:in `transaction'
/usr/local/rvm/gems/ruby-2.3.0/gems/activerecord-5.0.0.1/lib/active_record/transactions.rb:211:in `transaction'
/usr/local/rvm/gems/ruby-2.3.0/gems/activerecord-5.0.0.1/lib/active_record/transactions.rb:392:in `with_transaction_returning_status'
/usr/local/rvm/gems/ruby-2.3.0/gems/activerecord-5.0.0.1/lib/active_record/persistence.rb:264:in `update'
/home/ubuntu/workspace/matchme/app/models/match.rb:25:in `add_percent'
/usr/local/rvm/gems/ruby-2.3.0/gems/activesupport-5.0.0.1/lib/active_support/callbacks.rb:382:in `block in make_lambda'
/usr/local/rvm/gems/ruby-2.3.0/gems/activesupport-5.0.0.1/lib/active_support/callbacks.rb:207:in `block in halting_and_conditional'
/usr/local/rvm/gems/ruby-2.3.0/gems/activesupport-5.0.0.1/lib/active_support/callbacks.rb:456:in `block in call'
/usr/local/rvm/gems/ruby-2.3.0/gems/activesupport-5.0.0.1/lib/active_support/callbacks.rb:456:in `each'
/usr/local/rvm/gems/ruby-2.3.0/gems/activesupport-5.0.0.1/lib/active_support/callbacks.rb:456:in `call'
/usr/local/rvm/gems/ruby-2.3.0/gems/activesupport-5.0.0.1/lib/active_support/callbacks.rb:101:in `__run_callbacks__'
/usr/local/rvm/gems/ruby-2.3.0/gems/activesupport-5.0.0.1/lib/active_support/callbacks.rb:750:in `_run_save_callbacks'
/usr/local/rvm/gems/ruby-2.3.0/gems/activerecord-5.0.0.1/lib/active_record/callbacks.rb:298:in `create_or_update'
/usr/local/rvm/gems/ruby-2.3.0/gems/activerecord-5.0.0.1/lib/active_record/persistence.rb:125:in `save'
/usr/local/rvm/gems/ruby-2.3.0/gems/activerecord-5.0.0.1/lib/active_record/validations.rb:44:in `save'
/usr/local/rvm/gems/ruby-2.3.0/gems/activerecord-5.0.0.1/lib/active_record/attribute_methods/dirty.rb:22:in `save'
/usr/local/rvm/gems/ruby-2.3.0/gems/activerecord-5.0.0.1/lib/active_record/transactions.rb:319:in `block (2 levels) in save'
/usr/local/rvm/gems/ruby-2.3.0/gems/activerecord-5.0.0.1/lib/active_record/transactions.rb:395:in `block in with_transaction_returning_status'
/usr/local/rvm/gems/ruby-2.3.0/gems/activerecord-5.0.0.1/lib/active_record/connection_adapters/abstract/database_statements.rb:230:in `transaction'
/usr/local/rvm/gems/ruby-2.3.0/gems/activerecord-5.0.0.1/lib/active_record/transactions.rb:211:in `transaction'
/usr/local/rvm/gems/ruby-2.3.0/gems/activerecord-5.0.0.1/lib/active_record/transactions.rb:392:in `with_transaction_returning_status'
/usr/local/rvm/gems/ruby-2.3.0/gems/activerecord-5.0.0.1/lib/active_record/transactions.rb:319:in `block in save'
/usr/local/rvm/gems/ruby-2.3.0/gems/activerecord-5.0.0.1/lib/active_record/transactions.rb:334:in `rollback_active_record_state!'
/usr/local/rvm/gems/ruby-2.3.0/gems/activerecord-5.0.0.1/lib/active_record/transactions.rb:318:in `save'
/usr/local/rvm/gems/ruby-2.3.0/gems/activerecord-5.0.0.1/lib/active_record/suppressor.rb:41:in `save'
/usr/local/rvm/gems/ruby-2.3.0/gems/activerecord-5.0.0.1/lib/active_record/persistence.rb:266:in `block in update'
/usr/local/rvm/gems/ruby-2.3.0/gems/activerecord-5.0.0.1/lib/active_record/transactions.rb:395:in `block in with_transaction_returning_status'
/usr/local/rvm/gems/ruby-2.3.0/gems/activerecord-5.0.0.1/lib/active_record/connection_adapters/abstract/database_statements.rb:230:in `transaction'
/usr/local/rvm/gems/ruby-2.3.0/gems/activerecord-5.0.0.1/lib/active_record/transactions.rb:211:in `transaction'
/usr/local/rvm/gems/ruby-2.3.0/gems/activerecord-5.0.0.1/lib/active_record/transactions.rb:392:in `with_transaction_returning_status'
/usr/local/rvm/gems/ruby-2.3.0/gems/activerecord-5.0.0.1/lib/active_record/persistence.rb:264:in `update'
/home/ubuntu/workspace/matchme/app/models/match.rb:25:in `add_percent'
/usr/local/rvm/gems/ruby-2.3.0/gems/activesupport-5.0.0.1/lib/active_support/callbacks.rb:382:in `block in make_lambda'
/usr/local/rvm/gems/ruby-2.3.0/gems/activesupport-5.0.0.1/lib/active_support/callbacks.rb:207:in `block in halting_and_conditional'
/usr/local/rvm/gems/ruby-2.3.0/gems/activesupport-5.0.0.1/lib/active_support/callbacks.rb:456:in `block in call'
/usr/local/rvm/gems/ruby-2.3.0/gems/activesupport-5.0.0.1/lib/active_support/callbacks.rb:456:in `each'
/usr/local/rvm/gems/ruby-2.3.0/gems/activesupport-5.0.0.1/lib/active_support/callbacks.rb:456:in `call'
/usr/local/rvm/gems/ruby-2.3.0/gems/activesupport-5.0.0.1/lib/active_support/callbacks.rb:101:in `__run_callbacks__'
/usr/local/rvm/gems/ruby-2.3.0/gems/activesupport-5.0.0.1/lib/active_support/callbacks.rb:750:in `_run_save_callbacks'
/usr/local/rvm/gems/ruby-2.3.0/gems/activerecord-5.0.0.1/lib/active_record/callbacks.rb:298:in `create_or_update'
/usr/local/rvm/gems/ruby-2.3.0/gems/activerecord-5.0.0.1/lib/active_record/persistence.rb:125:in `save'
/usr/local/rvm/gems/ruby-2.3.0/gems/activerecord-5.0.0.1/lib/active_record/validations.rb:44:in `save'
/usr/local/rvm/gems/ruby-2.3.0/gems/activerecord-5.0.0.1/lib/active_record/attribute_methods/dirty.rb:22:in `save'
/usr/local/rvm/gems/ruby-2.3.0/gems/activerecord-5.0.0.1/lib/active_record/transactions.rb:319:in `block (2 levels) in save'
/usr/local/rvm/gems/ruby-2.3.0/gems/activerecord-5.0.0.1/lib/active_record/transactions.rb:395:in `block in with_transaction_returning_status'
/usr/local/rvm/gems/ruby-2.3.0/gems/activerecord-5.0.0.1/lib/active_record/connection_adapters/abstract/database_statements.rb:230:in `transaction'
/usr/local/rvm/gems/ruby-2.3.0/gems/activerecord-5.0.0.1/lib/active_record/transactions.rb:211:in `transaction'
/usr/local/rvm/gems/ruby-2.3.0/gems/activerecord-5.0.0.1/lib/active_record/transactions.rb:392:in `with_transaction_returning_status'
/usr/local/rvm/gems/ruby-2.3.0/gems/activerecord-5.0.0.1/lib/active_record/transactions.rb:319:in `block in save'
/usr/local/rvm/gems/ruby-2.3.0/gems/activerecord-5.0.0.1/lib/active_record/transactions.rb:334:in `rollback_active_record_state!'
/usr/local/rvm/gems/ruby-2.3.0/gems/activerecord-5.0.0.1/lib/active_record/transactions.rb:318:in `save'
/usr/local/rvm/gems/ruby-2.3.0/gems/activerecord-5.0.0.1/lib/active_record/suppressor.rb:41:in `save'
/usr/local/rvm/gems/ruby-2.3.0/gems/activerecord-5.0.0.1/lib/active_record/persistence.rb:266:in `block in update'
/usr/local/rvm/gems/ruby-2.3.0/gems/activerecord-5.0.0.1/lib/active_record/transactions.rb:395:in `block in with_transaction_returning_status'
/usr/local/rvm/gems/ruby-2.3.0/gems/activerecord-5.0.0.1/lib/active_record/connection_adapters/abstract/database_statements.rb:230:in `transaction'
/usr/local/rvm/gems/ruby-2.3.0/gems/activerecord-5.0.0.1/lib/active_record/transactions.rb:211:in `transaction'
/usr/local/rvm/gems/ruby-2.3.0/gems/activerecord-5.0.0.1/lib/active_record/transactions.rb:392:in `with_transaction_returning_status'
/usr/local/rvm/gems/ruby-2.3.0/gems/activerecord-5.0.0.1/lib/active_record/persistence.rb:264:in `update'
/home/ubuntu/workspace/matchme/app/models/match.rb:25:in `add_percent'
/usr/local/rvm/gems/ruby-2.3.0/gems/activesupport-5.0.0.1/lib/active_support/callbacks.rb:382:in `block in make_lambda'
/usr/local/rvm/gems/ruby-2.3.0/gems/activesupport-5.0.0.1/lib/active_support/callbacks.rb:207:in `block in halting_and_conditional'
/usr/local/rvm/gems/ruby-2.3.0/gems/activesupport-5.0.0.1/lib/active_support/callbacks.rb:456:in `block in call'
/usr/local/rvm/gems/ruby-2.3.0/gems/activesupport-5.0.0.1/lib/active_support/callbacks.rb:456:in `each'
/usr/local/rvm/gems/ruby-2.3.0/gems/activesupport-5.0.0.1/lib/active_support/callbacks.rb:456:in `call'
/usr/local/rvm/gems/ruby-2.3.0/gems/activesupport-5.0.0.1/lib/active_support/callbacks.rb:101:in `__run_callbacks__'
/usr/local/rvm/gems/ruby-2.3.0/gems/activesupport-5.0.0.1/lib/active_support/callbacks.rb:750:in `_run_save_callbacks'
/usr/local/rvm/gems/ruby-2.3.0/gems/activerecord-5.0.0.1/lib/active_record/callbacks.rb:298:in `create_or_update'
/usr/local/rvm/gems/ruby-2.3.0/gems/activerecord-5.0.0.1/lib/active_record/persistence.rb:125:in `save'
/usr/local/rvm/gems/ruby-2.3.0/gems/activerecord-5.0.0.1/lib/active_record/validations.rb:44:in `save'
/usr/local/rvm/gems/ruby-2.3.0/gems/activerecord-5.0.0.1/lib/active_record/attribute_methods/dirty.rb:22:in `save'
/usr/local/rvm/gems/ruby-2.3.0/gems/activerecord-5.0.0.1/lib/active_record/transactions.rb:319:in `block (2 levels) in save'
/usr/local/rvm/gems/ruby-2.3.0/gems/activerecord-5.0.0.1/lib/active_record/transactions.rb:395:in `block in with_transaction_returning_status'
/usr/local/rvm/gems/ruby-2.3.0/gems/activerecord-5.0.0.1/lib/active_record/connection_adapters/abstract/database_statements.rb:230:in `transaction'
/usr/local/rvm/gems/ruby-2.3.0/gems/activerecord-5.0.0.1/lib/active_record/transactions.rb:211:in `transaction'
/usr/local/rvm/gems/ruby-2.3.0/gems/activerecord-5.0.0.1/lib/active_record/transactions.rb:392:in `with_transaction_returning_status'
/usr/local/rvm/gems/ruby-2.3.0/gems/activerecord-5.0.0.1/lib/active_record/transactions.rb:319:in `block in save'
/usr/local/rvm/gems/ruby-2.3.0/gems/activerecord-5.0.0.1/lib/active_record/transactions.rb:334:in `rollback_active_record_state!'
/usr/local/rvm/gems/ruby-2.3.0/gems/activerecord-5.0.0.1/lib/active_record/transactions.rb:318:in `save'
/usr/local/rvm/gems/ruby-2.3.0/gems/activerecord-5.0.0.1/lib/active_record/suppressor.rb:41:in `save'
/usr/local/rvm/gems/ruby-2.3.0/gems/activerecord-5.0.0.1/lib/active_record/persistence.rb:266:in `block in update'
/usr/local/rvm/gems/ruby-2.3.0/gems/activerecord-5.0.0.1/lib/active_record/transactions.rb:395:in `block in with_transaction_returning_status'
/usr/local/rvm/gems/ruby-2.3.0/gems/activerecord-5.0.0.1/lib/active_record/connection_adapters/abstract/database_statements.rb:230:in `transaction'
/usr/local/rvm/gems/ruby-2.3.0/gems/activerecord-5.0.0.1/lib/active_record/transactions.rb:211:in `transaction'
/usr/local/rvm/gems/ruby-2.3.0/gems/activerecord-5.0.0.1/lib/active_record/transactions.rb:392:in `with_transaction_returning_status'
/usr/local/rvm/gems/ruby-2.3.0/gems/activerecord-5.0.0.1/lib/active_record/persistence.rb:264:in `update'
/home/ubuntu/workspace/matchme/app/models/match.rb:25:in `add_percent'
/usr/local/rvm/gems/ruby-2.3.0/gems/activesupport-5.0.0.1/lib/active_support/callbacks.rb:382:in `block in make_lambda'
/usr/local/rvm/gems/ruby-2.3.0/gems/activesupport-5.0.0.1/lib/active_support/callbacks.rb:207:in `block in halting_and_conditional'
/usr/local/rvm/gems/ruby-2.3.0/gems/activesupport-5.0.0.1/lib/active_support/callbacks.rb:456:in `block in call'
/usr/local/rvm/gems/ruby-2.3.0/gems/activesupport-5.0.0.1/lib/active_support/callbacks.rb:456:in `each'
/usr/local/rvm/gems/ruby-2.3.0/gems/activesupport-5.0.0.1/lib/active_support/callbacks.rb:456:in `call'
/usr/local/rvm/gems/ruby-2.3.0/gems/activesupport-5.0.0.1/lib/active_support/callbacks.rb:101:in `__run_callbacks__'
/usr/local/rvm/gems/ruby-2.3.0/gems/activesupport-5.0.0.1/lib/active_support/callbacks.rb:750:in `_run_save_callbacks'
/usr/local/rvm/gems/ruby-2.3.0/gems/activerecord-5.0.0.1/lib/active_record/callbacks.rb:298:in `create_or_update'
/usr/local/rvm/gems/ruby-2.3.0/gems/activerecord-5.0.0.1/lib/active_record/persistence.rb:125:in `save'
/usr/local/rvm/gems/ruby-2.3.0/gems/activerecord-5.0.0.1/lib/active_record/validations.rb:44:in `save'
/usr/local/rvm/gems/ruby-2.3.0/gems/activerecord-5.0.0.1/lib/active_record/attribute_methods/dirty.rb:22:in `save'
/usr/local/rvm/gems/ruby-2.3.0/gems/activerecord-5.0.0.1/lib/active_record/transactions.rb:319:in `block (2 levels) in save'
/usr/local/rvm/gems/ruby-2.3.0/gems/activerecord-5.0.0.1/lib/active_record/transactions.rb:395:in `block in with_transaction_returning_status'
/usr/local/rvm/gems/ruby-2.3.0/gems/activerecord-5.0.0.1/lib/active_record/connection_adapters/abstract/database_statements.rb:230:in `transaction'
/usr/local/rvm/gems/ruby-2.3.0/gems/activerecord-5.0.0.1/lib/active_record/transactions.rb:211:in `transaction'
/usr/local/rvm/gems/ruby-2.3.0/gems/activerecord-5.0.0.1/lib/active_record/transactions.rb:392:in `with_transaction_returning_status'
/usr/local/rvm/gems/ruby-2.3.0/gems/activerecord-5.0.0.1/lib/active_record/transactions.rb:319:in `block in save'
/usr/local/rvm/gems/ruby-2.3.0/gems/activerecord-5.0.0.1/lib/active_record/transactions.rb:334:in `rollback_active_record_state!'
/usr/local/rvm/gems/ruby-2.3.0/gems/activerecord-5.0.0.1/lib/active_record/transactions.rb:318:in `save'
/usr/local/rvm/gems/ruby-2.3.0/gems/activerecord-5.0.0.1/lib/active_record/suppressor.rb:41:in `save'
/usr/local/rvm/gems/ruby-2.3.0/gems/activerecord-5.0.0.1/lib/active_record/persistence.rb:266:in `block in update'
/usr/local/rvm/gems/ruby-2.3.0/gems/activerecord-5.0.0.1/lib/active_record/transactions.rb:395:in `block in with_transaction_returning_status'
/usr/local/rvm/gems/ruby-2.3.0/gems/activerecord-5.0.0.1/lib/active_record/connection_adapters/abstract/database_statements.rb:230:in `transaction'
/usr/local/rvm/gems/ruby-2.3.0/gems/activerecord-5.0.0.1/lib/active_record/transactions.rb:211:in `transaction'
/usr/local/rvm/gems/ruby-2.3.0/gems/activerecord-5.0.0.1/lib/active_record/transactions.rb:392:in `with_transaction_returning_status'
/usr/local/rvm/gems/ruby-2.3.0/gems/activerecord-5.0.0.1/lib/active_record/persistence.rb:264:in `update'
/home/ubuntu/workspace/matchme/app/models/match.rb:25:in `add_percent'
/usr/local/rvm/gems/ruby-2.3.0/gems/activesupport-5.0.0.1/lib/active_support/callbacks.rb:382:in `block in make_lambda'
/usr/local/rvm/gems/ruby-2.3.0/gems/activesupport-5.0.0.1/lib/active_support/callbacks.rb:207:in `block in halting_and_conditional'
/usr/local/rvm/gems/ruby-2.3.0/gems/activesupport-5.0.0.1/lib/active_support/callbacks.rb:456:in `block in call'
/usr/local/rvm/gems/ruby-2.3.0/gems/activesupport-5.0.0.1/lib/active_support/callbacks.rb:456:in `each'
/usr/local/rvm/gems/ruby-2.3.0/gems/activesupport-5.0.0.1/lib/active_support/callbacks.rb:456:in `call'
/usr/local/rvm/gems/ruby-2.3.0/gems/activesupport-5.0.0.1/lib/active_support/callbacks.rb:101:in `__run_callbacks__'
/usr/local/rvm/gems/ruby-2.3.0/gems/activesupport-5.0.0.1/lib/active_support/callbacks.rb:750:in `_run_save_callbacks'
/usr/local/rvm/gems/ruby-2.3.0/gems/activerecord-5.0.0.1/lib/active_record/callbacks.rb:298:in `create_or_update'
/usr/local/rvm/gems/ruby-2.3.0/gems/activerecord-5.0.0.1/lib/active_record/persistence.rb:125:in `save'
/usr/local/rvm/gems/ruby-2.3.0/gems/activerecord-5.0.0.1/lib/active_record/validations.rb:44:in `save'
/usr/local/rvm/gems/ruby-2.3.0/gems/activerecord-5.0.0.1/lib/active_record/attribute_methods/dirty.rb:22:in `save'
/usr/local/rvm/gems/ruby-2.3.0/gems/activerecord-5.0.0.1/lib/active_record/transactions.rb:319:in `block (2 levels) in save'
/usr/local/rvm/gems/ruby-2.3.0/gems/activerecord-5.0.0.1/lib/active_record/transactions.rb:395:in `block in with_transaction_returning_status'
/usr/local/rvm/gems/ruby-2.3.0/gems/activerecord-5.0.0.1/lib/active_record/connection_adapters/abstract/database_statements.rb:230:in `transaction'
/usr/local/rvm/gems/ruby-2.3.0/gems/activerecord-5.0.0.1/lib/active_record/transactions.rb:211:in `transaction'
/usr/local/rvm/gems/ruby-2.3.0/gems/activerecord-5.0.0.1/lib/active_record/transactions.rb:392:in `with_transaction_returning_status'
/usr/local/rvm/gems/ruby-2.3.0/gems/activerecord-5.0.0.1/lib/active_record/transactions.rb:319:in `block in save'
/usr/local/rvm/gems/ruby-2.3.0/gems/activerecord-5.0.0.1/lib/active_record/transactions.rb:334:in `rollback_active_record_state!'
/usr/local/rvm/gems/ruby-2.3.0/gems/activerecord-5.0.0.1/lib/active_record/transactions.rb:318:in `save'
/usr/local/rvm/gems/ruby-2.3.0/gems/activerecord-5.0.0.1/lib/active_record/suppressor.rb:41:in `save'
/usr/local/rvm/gems/ruby-2.3.0/gems/activerecord-5.0.0.1/lib/active_record/persistence.rb:266:in `block in update'
/usr/local/rvm/gems/ruby-2.3.0/gems/activerecord-5.0.0.1/lib/active_record/transactions.rb:395:in `block in with_transaction_returning_status'
/usr/local/rvm/gems/ruby-2.3.0/gems/activerecord-5.0.0.1/lib/active_record/connection_adapters/abstract/database_statements.rb:230:in `transaction'
/usr/local/rvm/gems/ruby-2.3.0/gems/activerecord-5.0.0.1/lib/active_record/transactions.rb:211:in `transaction'
/usr/local/rvm/gems/ruby-2.3.0/gems/activerecord-5.0.0.1/lib/active_record/transactions.rb:392:in `with_transaction_returning_status'
/usr/local/rvm/gems/ruby-2.3.0/gems/activerecord-5.0.0.1/lib/active_record/persistence.rb:264:in `update'
/home/ubuntu/workspace/matchme/app/models/match.rb:25:in `add_percent'
/usr/local/rvm/gems/ruby-2.3.0/gems/activesupport-5.0.0.1/lib/active_support/callbacks.rb:382:in `block in make_lambda'
/usr/local/rvm/gems/ruby-2.3.0/gems/activesupport-5.0.0.1/lib/active_support/callbacks.rb:207:in `block in halting_and_conditional'
/usr/local/rvm/gems/ruby-2.3.0/gems/activesupport-5.0.0.1/lib/active_support/callbacks.rb:456:in `block in call'
/usr/local/rvm/gems/ruby-2.3.0/gems/activesupport-5.0.0.1/lib/active_support/callbacks.rb:456:in `each'
/usr/local/rvm/gems/ruby-2.3.0/gems/activesupport-5.0.0.1/lib/active_support/callbacks.rb:456:in `call'
/usr/local/rvm/gems/ruby-2.3.0/gems/activesupport-5.0.0.1/lib/active_support/callbacks.rb:101:in `__run_callbacks__'
/usr/local/rvm/gems/ruby-2.3.0/gems/activesupport-5.0.0.1/lib/active_support/callbacks.rb:750:in `_run_save_callbacks'
/usr/local/rvm/gems/ruby-2.3.0/gems/activerecord-5.0.0.1/lib/active_record/callbacks.rb:298:in `create_or_update'
/usr/local/rvm/gems/ruby-2.3.0/gems/activerecord-5.0.0.1/lib/active_record/persistence.rb:125:in `save'
/usr/local/rvm/gems/ruby-2.3.0/gems/activerecord-5.0.0.1/lib/active_record/validations.rb:44:in `save'
/usr/local/rvm/gems/ruby-2.3.0/gems/activerecord-5.0.0.1/lib/active_record/attribute_methods/dirty.rb:22:in `save'
/usr/local/rvm/gems/ruby-2.3.0/gems/activerecord-5.0.0.1/lib/active_record/transactions.rb:319:in `block (2 levels) in save'
/usr/local/rvm/gems/ruby-2.3.0/gems/activerecord-5.0.0.1/lib/active_record/transactions.rb:395:in `block in with_transaction_returning_status'
/usr/local/rvm/gems/ruby-2.3.0/gems/activerecord-5.0.0.1/lib/active_record/connection_adapters/abstract/database_statements.rb:230:in `transaction'
/usr/local/rvm/gems/ruby-2.3.0/gems/activerecord-5.0.0.1/lib/active_record/transactions.rb:211:in `transaction'
/usr/local/rvm/gems/ruby-2.3.0/gems/activerecord-5.0.0.1/lib/active_record/transactions.rb:392:in `with_transaction_returning_status'
/usr/local/rvm/gems/ruby-2.3.0/gems/activerecord-5.0.0.1/lib/active_record/transactions.rb:319:in `block in save'
/usr/local/rvm/gems/ruby-2.3.0/gems/activerecord-5.0.0.1/lib/active_record/transactions.rb:334:in `rollback_active_record_state!'
/usr/local/rvm/gems/ruby-2.3.0/gems/activerecord-5.0.0.1/lib/active_record/transactions.rb:318:in `save'
/usr/local/rvm/gems/ruby-2.3.0/gems/activerecord-5.0.0.1/lib/active_record/suppressor.rb:41:in `save'
/usr/local/rvm/gems/ruby-2.3.0/gems/activerecord-5.0.0.1/lib/active_record/persistence.rb:266:in `block in update'
/usr/local/rvm/gems/ruby-2.3.0/gems/activerecord-5.0.0.1/lib/active_record/transactions.rb:395:in `block in with_transaction_returning_status'
/usr/local/rvm/gems/ruby-2.3.0/gems/activerecord-5.0.0.1/lib/active_record/connection_adapters/abstract/database_statements.rb:230:in `transaction'
/usr/local/rvm/gems/ruby-2.3.0/gems/activerecord-5.0.0.1/lib/active_record/transactions.rb:211:in `transaction'
/usr/local/rvm/gems/ruby-2.3.0/gems/activerecord-5.0.0.1/lib/active_record/transactions.rb:392:in `with_transaction_returning_status'
/usr/local/rvm/gems/ruby-2.3.0/gems/activerecord-5.0.0.1/lib/active_record/persistence.rb:264:in `update'
/home/ubuntu/workspace/matchme/app/models/match.rb:25:in `add_percent'
/usr/local/rvm/gems/ruby-2.3.0/gems/activesupport-5.0.0.1/lib/active_support/callbacks.rb:382:in `block in make_lambda'
/usr/local/rvm/gems/ruby-2.3.0/gems/activesupport-5.0.0.1/lib/active_support/callbacks.rb:207:in `block in halting_and_conditional'
/usr/local/rvm/gems/ruby-2.3.0/gems/activesupport-5.0.0.1/lib/active_support/callbacks.rb:456:in `block in call'
/usr/local/rvm/gems/ruby-2.3.0/gems/activesupport-5.0.0.1/lib/active_support/callbacks.rb:456:in `each'
/usr/local/rvm/gems/ruby-2.3.0/gems/activesupport-5.0.0.1/lib/active_support/callbacks.rb:456:in `call'
/usr/local/rvm/gems/ruby-2.3.0/gems/activesupport-5.0.0.1/lib/active_support/callbacks.rb:101:in `__run_callbacks__'
/usr/local/rvm/gems/ruby-2.3.0/gems/activesupport-5.0.0.1/lib/active_support/callbacks.rb:750:in `_run_save_callbacks'
/usr/local/rvm/gems/ruby-2.3.0/gems/activerecord-5.0.0.1/lib/active_record/callbacks.rb:298:in `create_or_update'
/usr/local/rvm/gems/ruby-2.3.0/gems/activerecord-5.0.0.1/lib/active_record/persistence.rb:125:in `save'
/usr/local/rvm/gems/ruby-2.3.0/gems/activerecord-5.0.0.1/lib/active_record/validations.rb:44:in `save'
/usr/local/rvm/gems/ruby-2.3.0/gems/activerecord-5.0.0.1/lib/active_record/attribute_methods/dirty.rb:22:in `save'
/usr/local/rvm/gems/ruby-2.3.0/gems/activerecord-5.0.0.1/lib/active_record/transactions.rb:319:in `block (2 levels) in save'
/usr/local/rvm/gems/ruby-2.3.0/gems/activerecord-5.0.0.1/lib/active_record/transactions.rb:395:in `block in with_transaction_returning_status'
/usr/local/rvm/gems/ruby-2.3.0/gems/activerecord-5.0.0.1/lib/active_record/connection_adapters/abstract/database_statements.rb:230:in `transaction'
/usr/local/rvm/gems/ruby-2.3.0/gems/activerecord-5.0.0.1/lib/active_record/transactions.rb:211:in `transaction'
/usr/local/rvm/gems/ruby-2.3.0/gems/activerecord-5.0.0.1/lib/active_record/transactions.rb:392:in `with_transaction_returning_status'
/usr/local/rvm/gems/ruby-2.3.0/gems/activerecord-5.0.0.1/lib/active_record/transactions.rb:319:in `block in save'
/usr/local/rvm/gems/ruby-2.3.0/gems/activerecord-5.0.0.1/lib/active_record/transactions.rb:334:in `rollback_active_record_state!'
/usr/local/rvm/gems/ruby-2.3.0/gems/activerecord-5.0.0.1/lib/active_record/transactions.rb:318:in `save'
/usr/local/rvm/gems/ruby-2.3.0/gems/activerecord-5.0.0.1/lib/active_record/suppressor.rb:41:in `save'
/usr/local/rvm/gems/ruby-2.3.0/gems/activerecord-5.0.0.1/lib/active_record/persistence.rb:266:in `block in update'
/usr/local/rvm/gems/ruby-2.3.0/gems/activerecord-5.0.0.1/lib/active_record/transactions.rb:395:in `block in with_transaction_returning_status'
/usr/local/rvm/gems/ruby-2.3.0/gems/activerecord-5.0.0.1/lib/active_record/connection_adapters/abstract/database_statements.rb:230:in `transaction'
/usr/local/rvm/gems/ruby-2.3.0/gems/activerecord-5.0.0.1/lib/active_record/transactions.rb:211:in `transaction'
/usr/local/rvm/gems/ruby-2.3.0/gems/activerecord-5.0.0.1/lib/active_record/transactions.rb:392:in `with_transaction_returning_status'
/usr/local/rvm/gems/ruby-2.3.0/gems/activerecord-5.0.0.1/lib/active_record/persistence.rb:264:in `update'
/home/ubuntu/workspace/matchme/app/models/match.rb:25:in `add_percent'
/usr/local/rvm/gems/ruby-2.3.0/gems/activesupport-5.0.0.1/lib/active_support/callbacks.rb:382:in `block in make_lambda'
/usr/local/rvm/gems/ruby-2.3.0/gems/activesupport-5.0.0.1/lib/active_support/callbacks.rb:207:in `block in halting_and_conditional'
/usr/local/rvm/gems/ruby-2.3.0/gems/activesupport-5.0.0.1/lib/active_support/callbacks.rb:456:in `block in call'
/usr/local/rvm/gems/ruby-2.3.0/gems/activesupport-5.0.0.1/lib/active_support/callbacks.rb:456:in `each'
/usr/local/rvm/gems/ruby-2.3.0/gems/activesupport-5.0.0.1/lib/active_support/callbacks.rb:456:in `call'
/usr/local/rvm/gems/ruby-2.3.0/gems/activesupport-5.0.0.1/lib/active_support/callbacks.rb:101:in `__run_callbacks__'
/usr/local/rvm/gems/ruby-2.3.0/gems/activesupport-5.0.0.1/lib/active_support/callbacks.rb:750:in `_run_save_callbacks'
/usr/local/rvm/gems/ruby-2.3.0/gems/activerecord-5.0.0.1/lib/active_record/callbacks.rb:298:in `create_or_update'
/usr/local/rvm/gems/ruby-2.3.0/gems/activerecord-5.0.0.1/lib/active_record/persistence.rb:125:in `save'
/usr/local/rvm/gems/ruby-2.3.0/gems/activerecord-5.0.0.1/lib/active_record/validations.rb:44:in `save'
/usr/local/rvm/gems/ruby-2.3.0/gems/activerecord-5.0.0.1/lib/active_record/attribute_methods/dirty.rb:22:in `save'
/usr/local/rvm/gems/ruby-2.3.0/gems/activerecord-5.0.0.1/lib/active_record/transactions.rb:319:in `block (2 levels) in save'
/usr/local/rvm/gems/ruby-2.3.0/gems/activerecord-5.0.0.1/lib/active_record/transactions.rb:395:in `block in with_transaction_returning_status'
/usr/local/rvm/gems/ruby-2.3.0/gems/activerecord-5.0.0.1/lib/active_record/connection_adapters/abstract/database_statements.rb:230:in `transaction'
/usr/local/rvm/gems/ruby-2.3.0/gems/activerecord-5.0.0.1/lib/active_record/transactions.rb:211:in `transaction'
/usr/local/rvm/gems/ruby-2.3.0/gems/activerecord-5.0.0.1/lib/active_record/transactions.rb:392:in `with_transaction_returning_status'
/usr/local/rvm/gems/ruby-2.3.0/gems/activerecord-5.0.0.1/lib/active_record/transactions.rb:319:in `block in save'
/usr/local/rvm/gems/ruby-2.3.0/gems/activerecord-5.0.0.1/lib/active_record/transactions.rb:334:in `rollback_active_record_state!'
/usr/local/rvm/gems/ruby-2.3.0/gems/activerecord-5.0.0.1/lib/active_record/transactions.rb:318:in `save'
/usr/local/rvm/gems/ruby-2.3.0/gems/activerecord-5.0.0.1/lib/active_record/suppressor.rb:41:in `save'
/usr/local/rvm/gems/ruby-2.3.0/gems/activerecord-5.0.0.1/lib/active_record/persistence.rb:266:in `block in update'
/usr/local/rvm/gems/ruby-2.3.0/gems/activerecord-5.0.0.1/lib/active_record/transactions.rb:395:in `block in with_transaction_returning_status'
/usr/local/rvm/gems/ruby-2.3.0/gems/activerecord-5.0.0.1/lib/active_record/connection_adapters/abstract/database_statements.rb:230:in `transaction'
/usr/local/rvm/gems/ruby-2.3.0/gems/activerecord-5.0.0.1/lib/active_record/transactions.rb:211:in `transaction'
/usr/local/rvm/gems/ruby-2.3.0/gems/activerecord-5.0.0.1/lib/active_record/transactions.rb:392:in `with_transaction_returning_status'
/usr/local/rvm/gems/ruby-2.3.0/gems/activerecord-5.0.0.1/lib/active_record/persistence.rb:264:in `update'
/home/ubuntu/workspace/matchme/app/models/match.rb:25:in `add_percent'
/usr/local/rvm/gems/ruby-2.3.0/gems/activesupport-5.0.0.1/lib/active_support/callbacks.rb:382:in `block in make_lambda'
/usr/local/rvm/gems/ruby-2.3.0/gems/activesupport-5.0.0.1/lib/active_support/callbacks.rb:207:in `block in halting_and_conditional'
/usr/local/rvm/gems/ruby-2.3.0/gems/activesupport-5.0.0.1/lib/active_support/callbacks.rb:456:in `block in call'
/usr/local/rvm/gems/ruby-2.3.0/gems/activesupport-5.0.0.1/lib/active_support/callbacks.rb:456:in `each'
/usr/local/rvm/gems/ruby-2.3.0/gems/activesupport-5.0.0.1/lib/active_support/callbacks.rb:456:in `call'
/usr/local/rvm/gems/ruby-2.3.0/gems/activesupport-5.0.0.1/lib/active_support/callbacks.rb:101:in `__run_callbacks__'
/usr/local/rvm/gems/ruby-2.3.0/gems/activesupport-5.0.0.1/lib/active_support/callbacks.rb:750:in `_run_save_callbacks'
/usr/local/rvm/gems/ruby-2.3.0/gems/activerecord-5.0.0.1/lib/active_record/callbacks.rb:298:in `create_or_update'
/usr/local/rvm/gems/ruby-2.3.0/gems/activerecord-5.0.0.1/lib/active_record/persistence.rb:125:in `save'
/usr/local/rvm/gems/ruby-2.3.0/gems/activerecord-5.0.0.1/lib/active_record/validations.rb:44:in `save'
/usr/local/rvm/gems/ruby-2.3.0/gems/activerecord-5.0.0.1/lib/active_record/attribute_methods/dirty.rb:22:in `save'
/usr/local/rvm/gems/ruby-2.3.0/gems/activerecord-5.0.0.1/lib/active_record/transactions.rb:319:in `block (2 levels) in save'
/usr/local/rvm/gems/ruby-2.3.0/gems/activerecord-5.0.0.1/lib/active_record/transactions.rb:395:in `block in with_transaction_returning_status'
/usr/local/rvm/gems/ruby-2.3.0/gems/activerecord-5.0.0.1/lib/active_record/connection_adapters/abstract/database_statements.rb:230:in `transaction'
/usr/local/rvm/gems/ruby-2.3.0/gems/activerecord-5.0.0.1/lib/active_record/transactions.rb:211:in `transaction'
/usr/local/rvm/gems/ruby-2.3.0/gems/activerecord-5.0.0.1/lib/active_record/transactions.rb:392:in `with_transaction_returning_status'
/usr/local/rvm/gems/ruby-2.3.0/gems/activerecord-5.0.0.1/lib/active_record/transactions.rb:319:in `block in save'
/usr/local/rvm/gems/ruby-2.3.0/gems/activerecord-5.0.0.1/lib/active_record/transactions.rb:334:in `rollback_active_record_state!'
/usr/local/rvm/gems/ruby-2.3.0/gems/activerecord-5.0.0.1/lib/active_record/transactions.rb:318:in `save'
/usr/local/rvm/gems/ruby-2.3.0/gems/activerecord-5.0.0.1/lib/active_record/suppressor.rb:41:in `save'
/usr/local/rvm/gems/ruby-2.3.0/gems/activerecord-5.0.0.1/lib/active_record/persistence.rb:266:in `block in update'
/usr/local/rvm/gems/ruby-2.3.0/gems/activerecord-5.0.0.1/lib/active_record/transactions.rb:395:in `block in with_transaction_returning_status'
/usr/local/rvm/gems/ruby-2.3.0/gems/activerecord-5.0.0.1/lib/active_record/connection_adapters/abstract/database_statements.rb:230:in `transaction'
/usr/local/rvm/gems/ruby-2.3.0/gems/activerecord-5.0.0.1/lib/active_record/transactions.rb:211:in `transaction'
/usr/local/rvm/gems/ruby-2.3.0/gems/activerecord-5.0.0.1/lib/active_record/transactions.rb:392:in `with_transaction_returning_status'
/usr/local/rvm/gems/ruby-2.3.0/gems/activerecord-5.0.0.1/lib/active_record/persistence.rb:264:in `update'
/home/ubuntu/workspace/matchme/app/models/match.rb:25:in `add_percent'
/usr/local/rvm/gems/ruby-2.3.0/gems/activesupport-5.0.0.1/lib/active_support/callbacks.rb:382:in `block in make_lambda'
/usr/local/rvm/gems/ruby-2.3.0/gems/activesupport-5.0.0.1/lib/active_support/callbacks.rb:207:in `block in halting_and_conditional'
/usr/local/rvm/gems/ruby-2.3.0/gems/activesupport-5.0.0.1/lib/active_support/callbacks.rb:456:in `block in call'
/usr/local/rvm/gems/ruby-2.3.0/gems/activesupport-5.0.0.1/lib/active_support/callbacks.rb:456:in `each'
/usr/local/rvm/gems/ruby-2.3.0/gems/activesupport-5.0.0.1/lib/active_support/callbacks.rb:456:in `call'
/usr/local/rvm/gems/ruby-2.3.0/gems/activesupport-5.0.0.1/lib/active_support/callbacks.rb:101:in `__run_callbacks__'
/usr/local/rvm/gems/ruby-2.3.0/gems/activesupport-5.0.0.1/lib/active_support/callbacks.rb:750:in `_run_save_callbacks'
/usr/local/rvm/gems/ruby-2.3.0/gems/activerecord-5.0.0.1/lib/active_record/callbacks.rb:298:in `create_or_update'
/usr/local/rvm/gems/ruby-2.3.0/gems/activerecord-5.0.0.1/lib/active_record/persistence.rb:125:in `save'
/usr/local/rvm/gems/ruby-2.3.0/gems/activerecord-5.0.0.1/lib/active_record/validations.rb:44:in `save'
/usr/local/rvm/gems/ruby-2.3.0/gems/activerecord-5.0.0.1/lib/active_record/attribute_methods/dirty.rb:22:in `save'
/usr/local/rvm/gems/ruby-2.3.0/gems/activerecord-5.0.0.1/lib/active_record/transactions.rb:319:in `block (2 levels) in save'
/usr/local/rvm/gems/ruby-2.3.0/gems/activerecord-5.0.0.1/lib/active_record/transactions.rb:395:in `block in with_transaction_returning_status'
/usr/local/rvm/gems/ruby-2.3.0/gems/activerecord-5.0.0.1/lib/active_record/connection_adapters/abstract/database_statements.rb:230:in `transaction'
/usr/local/rvm/gems/ruby-2.3.0/gems/activerecord-5.0.0.1/lib/active_record/transactions.rb:211:in `transaction'
/usr/local/rvm/gems/ruby-2.3.0/gems/activerecord-5.0.0.1/lib/active_record/transactions.rb:392:in `with_transaction_returning_status'
/usr/local/rvm/gems/ruby-2.3.0/gems/activerecord-5.0.0.1/lib/active_record/transactions.rb:319:in `block in save'
/usr/local/rvm/gems/ruby-2.3.0/gems/activerecord-5.0.0.1/lib/active_record/transactions.rb:334:in `rollback_active_record_state!'
/usr/local/rvm/gems/ruby-2.3.0/gems/activerecord-5.0.0.1/lib/active_record/transactions.rb:318:in `save'
/usr/local/rvm/gems/ruby-2.3.0/gems/activerecord-5.0.0.1/lib/active_record/suppressor.rb:41:in `save'
/usr/local/rvm/gems/ruby-2.3.0/gems/activerecord-5.0.0.1/lib/active_record/persistence.rb:266:in `block in update'
/usr/local/rvm/gems/ruby-2.3.0/gems/activerecord-5.0.0.1/lib/active_record/transactions.rb:395:in `block in with_transaction_returning_status'
/usr/local/rvm/gems/ruby-2.3.0/gems/activerecord-5.0.0.1/lib/active_record/connection_adapters/abstract/database_statements.rb:230:in `transaction'
/usr/local/rvm/gems/ruby-2.3.0/gems/activerecord-5.0.0.1/lib/active_record/transactions.rb:211:in `transaction'
/usr/local/rvm/gems/ruby-2.3.0/gems/activerecord-5.0.0.1/lib/active_record/transactions.rb:392:in `with_transaction_returning_status'
/usr/local/rvm/gems/ruby-2.3.0/gems/activerecord-5.0.0.1/lib/active_record/persistence.rb:264:in `update'
/home/ubuntu/workspace/matchme/app/models/match.rb:25:in `add_percent'
/usr/local/rvm/gems/ruby-2.3.0/gems/activesupport-5.0.0.1/lib/active_support/callbacks.rb:382:in `block in make_lambda'
/usr/local/rvm/gems/ruby-2.3.0/gems/activesupport-5.0.0.1/lib/active_support/callbacks.rb:207:in `block in halting_and_conditional'
/usr/local/rvm/gems/ruby-2.3.0/gems/activesupport-5.0.0.1/lib/active_support/callbacks.rb:456:in `block in call'
/usr/local/rvm/gems/ruby-2.3.0/gems/activesupport-5.0.0.1/lib/active_support/callbacks.rb:456:in `each'
/usr/local/rvm/gems/ruby-2.3.0/gems/activesupport-5.0.0.1/lib/active_support/callbacks.rb:456:in `call'
/usr/local/rvm/gems/ruby-2.3.0/gems/activesupport-5.0.0.1/lib/active_support/callbacks.rb:101:in `__run_callbacks__'
/usr/local/rvm/gems/ruby-2.3.0/gems/activesupport-5.0.0.1/lib/active_support/callbacks.rb:750:in `_run_save_callbacks'
/usr/local/rvm/gems/ruby-2.3.0/gems/activerecord-5.0.0.1/lib/active_record/callbacks.rb:298:in `create_or_update'
/usr/local/rvm/gems/ruby-2.3.0/gems/activerecord-5.0.0.1/lib/active_record/persistence.rb:125:in `save'
/usr/local/rvm/gems/ruby-2.3.0/gems/activerecord-5.0.0.1/lib/active_record/validations.rb:44:in `save'
/usr/local/rvm/gems/ruby-2.3.0/gems/activerecord-5.0.0.1/lib/active_record/attribute_methods/dirty.rb:22:in `save'
/usr/local/rvm/gems/ruby-2.3.0/gems/activerecord-5.0.0.1/lib/active_record/transactions.rb:319:in `block (2 levels) in save'
/usr/local/rvm/gems/ruby-2.3.0/gems/activerecord-5.0.0.1/lib/active_record/transactions.rb:395:in `block in with_transaction_returning_status'
/usr/local/rvm/gems/ruby-2.3.0/gems/activerecord-5.0.0.1/lib/active_record/connection_adapters/abstract/database_statements.rb:230:in `transaction'
/usr/local/rvm/gems/ruby-2.3.0/gems/activerecord-5.0.0.1/lib/active_record/transactions.rb:211:in `transaction'
/usr/local/rvm/gems/ruby-2.3.0/gems/activerecord-5.0.0.1/lib/active_record/transactions.rb:392:in `with_transaction_returning_status'
/usr/local/rvm/gems/ruby-2.3.0/gems/activerecord-5.0.0.1/lib/active_record/transactions.rb:319:in `block in save'
/usr/local/rvm/gems/ruby-2.3.0/gems/activerecord-5.0.0.1/lib/active_record/transactions.rb:334:in `rollback_active_record_state!'
/usr/local/rvm/gems/ruby-2.3.0/gems/activerecord-5.0.0.1/lib/active_record/transactions.rb:318:in `save'
/usr/local/rvm/gems/ruby-2.3.0/gems/activerecord-5.0.0.1/lib/active_record/suppressor.rb:41:in `save'
/usr/local/rvm/gems/ruby-2.3.0/gems/activerecord-5.0.0.1/lib/active_record/persistence.rb:266:in `block in update'
/usr/local/rvm/gems/ruby-2.3.0/gems/activerecord-5.0.0.1/lib/active_record/transactions.rb:395:in `block in with_transaction_returning_status'
/usr/local/rvm/gems/ruby-2.3.0/gems/activerecord-5.0.0.1/lib/active_record/connection_adapters/abstract/database_statements.rb:230:in `transaction'
/usr/local/rvm/gems/ruby-2.3.0/gems/activerecord-5.0.0.1/lib/active_record/transactions.rb:211:in `transaction'
/usr/local/rvm/gems/ruby-2.3.0/gems/activerecord-5.0.0.1/lib/active_record/transactions.rb:392:in `with_transaction_returning_status'
/usr/local/rvm/gems/ruby-2.3.0/gems/activerecord-5.0.0.1/lib/active_record/persistence.rb:264:in `update'
/home/ubuntu/workspace/matchme/app/models/match.rb:25:in `add_percent'
/usr/local/rvm/gems/ruby-2.3.0/gems/activesupport-5.0.0.1/lib/active_support/callbacks.rb:382:in `block in make_lambda'
/usr/local/rvm/gems/ruby-2.3.0/gems/activesupport-5.0.0.1/lib/active_support/callbacks.rb:207:in `block in halting_and_conditional'
/usr/local/rvm/gems/ruby-2.3.0/gems/activesupport-5.0.0.1/lib/active_support/callbacks.rb:456:in `block in call'
/usr/local/rvm/gems/ruby-2.3.0/gems/activesupport-5.0.0.1/lib/active_support/callbacks.rb:456:in `each'
/usr/local/rvm/gems/ruby-2.3.0/gems/activesupport-5.0.0.1/lib/active_support/callbacks.rb:456:in `call'
/usr/local/rvm/gems/ruby-2.3.0/gems/activesupport-5.0.0.1/lib/active_support/callbacks.rb:101:in `__run_callbacks__'
/usr/local/rvm/gems/ruby-2.3.0/gems/activesupport-5.0.0.1/lib/active_support/callbacks.rb:750:in `_run_save_callbacks'
/usr/local/rvm/gems/ruby-2.3.0/gems/activerecord-5.0.0.1/lib/active_record/callbacks.rb:298:in `create_or_update'
/usr/local/rvm/gems/ruby-2.3.0/gems/activerecord-5.0.0.1/lib/active_record/persistence.rb:125:in `save'
/usr/local/rvm/gems/ruby-2.3.0/gems/activerecord-5.0.0.1/lib/active_record/validations.rb:44:in `save'
/usr/local/rvm/gems/ruby-2.3.0/gems/activerecord-5.0.0.1/lib/active_record/attribute_methods/dirty.rb:22:in `save'
/usr/local/rvm/gems/ruby-2.3.0/gems/activerecord-5.0.0.1/lib/active_record/transactions.rb:319:in `block (2 levels) in save'
/usr/local/rvm/gems/ruby-2.3.0/gems/activerecord-5.0.0.1/lib/active_record/transactions.rb:395:in `block in with_transaction_returning_status'
/usr/local/rvm/gems/ruby-2.3.0/gems/activerecord-5.0.0.1/lib/active_record/connection_adapters/abstract/database_statements.rb:230:in `transaction'
/usr/local/rvm/gems/ruby-2.3.0/gems/activerecord-5.0.0.1/lib/active_record/transactions.rb:211:in `transaction'
/usr/local/rvm/gems/ruby-2.3.0/gems/activerecord-5.0.0.1/lib/active_record/transactions.rb:392:in `with_transaction_returning_status'
/usr/local/rvm/gems/ruby-2.3.0/gems/activerecord-5.0.0.1/lib/active_record/transactions.rb:319:in `block in save'
/usr/local/rvm/gems/ruby-2.3.0/gems/activerecord-5.0.0.1/lib/active_record/transactions.rb:334:in `rollback_active_record_state!'
/usr/local/rvm/gems/ruby-2.3.0/gems/activerecord-5.0.0.1/lib/active_record/transactions.rb:318:in `save'
/usr/local/rvm/gems/ruby-2.3.0/gems/activerecord-5.0.0.1/lib/active_record/suppressor.rb:41:in `save'
/usr/local/rvm/gems/ruby-2.3.0/gems/activerecord-5.0.0.1/lib/active_record/persistence.rb:266:in `block in update'
/usr/local/rvm/gems/ruby-2.3.0/gems/activerecord-5.0.0.1/lib/active_record/transactions.rb:395:in `block in with_transaction_returning_status'
/usr/local/rvm/gems/ruby-2.3.0/gems/activerecord-5.0.0.1/lib/active_record/connection_adapters/abstract/database_statements.rb:230:in `transaction'
/usr/local/rvm/gems/ruby-2.3.0/gems/activerecord-5.0.0.1/lib/active_record/transactions.rb:211:in `transaction'
/usr/local/rvm/gems/ruby-2.3.0/gems/activerecord-5.0.0.1/lib/active_record/transactions.rb:392:in `with_transaction_returning_status'
/usr/local/rvm/gems/ruby-2.3.0/gems/activerecord-5.0.0.1/lib/active_record/persistence.rb:264:in `update'
/home/ubuntu/workspace/matchme/app/models/match.rb:25:in `add_percent'
/usr/local/rvm/gems/ruby-2.3.0/gems/activesupport-5.0.0.1/lib/active_support/callbacks.rb:382:in `block in make_lambda'
/usr/local/rvm/gems/ruby-2.3.0/gems/activesupport-5.0.0.1/lib/active_support/callbacks.rb:207:in `block in halting_and_conditional'
/usr/local/rvm/gems/ruby-2.3.0/gems/activesupport-5.0.0.1/lib/active_support/callbacks.rb:456:in `block in call'
/usr/local/rvm/gems/ruby-2.3.0/gems/activesupport-5.0.0.1/lib/active_support/callbacks.rb:456:in `each'
/usr/local/rvm/gems/ruby-2.3.0/gems/activesupport-5.0.0.1/lib/active_support/callbacks.rb:456:in `call'
/usr/local/rvm/gems/ruby-2.3.0/gems/activesupport-5.0.0.1/lib/active_support/callbacks.rb:101:in `__run_callbacks__'
/usr/local/rvm/gems/ruby-2.3.0/gems/activesupport-5.0.0.1/lib/active_support/callbacks.rb:750:in `_run_save_callbacks'
/usr/local/rvm/gems/ruby-2.3.0/gems/activerecord-5.0.0.1/lib/active_record/callbacks.rb:298:in `create_or_update'
/usr/local/rvm/gems/ruby-2.3.0/gems/activerecord-5.0.0.1/lib/active_record/persistence.rb:125:in `save'
/usr/local/rvm/gems/ruby-2.3.0/gems/activerecord-5.0.0.1/lib/active_record/validations.rb:44:in `save'
/usr/local/rvm/gems/ruby-2.3.0/gems/activerecord-5.0.0.1/lib/active_record/attribute_methods/dirty.rb:22:in `save'
/usr/local/rvm/gems/ruby-2.3.0/gems/activerecord-5.0.0.1/lib/active_record/transactions.rb:319:in `block (2 levels) in save'
/usr/local/rvm/gems/ruby-2.3.0/gems/activerecord-5.0.0.1/lib/active_record/transactions.rb:395:in `block in with_transaction_returning_status'
/usr/local/rvm/gems/ruby-2.3.0/gems/activerecord-5.0.0.1/lib/active_record/connection_adapters/abstract/database_statements.rb:230:in `transaction'
/usr/local/rvm/gems/ruby-2.3.0/gems/activerecord-5.0.0.1/lib/active_record/transactions.rb:211:in `transaction'
/usr/local/rvm/gems/ruby-2.3.0/gems/activerecord-5.0.0.1/lib/active_record/transactions.rb:392:in `with_transaction_returning_status'
/usr/local/rvm/gems/ruby-2.3.0/gems/activerecord-5.0.0.1/lib/active_record/transactions.rb:319:in `block in save'
/usr/local/rvm/gems/ruby-2.3.0/gems/activerecord-5.0.0.1/lib/active_record/transactions.rb:334:in `rollback_active_record_state!'
/usr/local/rvm/gems/ruby-2.3.0/gems/activerecord-5.0.0.1/lib/active_record/transactions.rb:318:in `save'
/usr/local/rvm/gems/ruby-2.3.0/gems/activerecord-5.0.0.1/lib/active_record/suppressor.rb:41:in `save'
/usr/local/rvm/gems/ruby-2.3.0/gems/activerecord-5.0.0.1/lib/active_record/persistence.rb:266:in `block in update'
/usr/local/rvm/gems/ruby-2.3.0/gems/activerecord-5.0.0.1/lib/active_record/transactions.rb:395:in `block in with_transaction_returning_status'
/usr/local/rvm/gems/ruby-2.3.0/gems/activerecord-5.0.0.1/lib/active_record/connection_adapters/abstract/database_statements.rb:230:in `transaction'
/usr/local/rvm/gems/ruby-2.3.0/gems/activerecord-5.0.0.1/lib/active_record/transactions.rb:211:in `transaction'
/usr/local/rvm/gems/ruby-2.3.0/gems/activerecord-5.0.0.1/lib/active_record/transactions.rb:392:in `with_transaction_returning_status'
/usr/local/rvm/gems/ruby-2.3.0/gems/activerecord-5.0.0.1/lib/active_record/persistence.rb:264:in `update'
/home/ubuntu/workspace/matchme/app/models/match.rb:25:in `add_percent'
/usr/local/rvm/gems/ruby-2.3.0/gems/activesupport-5.0.0.1/lib/active_support/callbacks.rb:382:in `block in make_lambda'
/usr/local/rvm/gems/ruby-2.3.0/gems/activesupport-5.0.0.1/lib/active_support/callbacks.rb:207:in `block in halting_and_conditional'
/usr/local/rvm/gems/ruby-2.3.0/gems/activesupport-5.0.0.1/lib/active_support/callbacks.rb:456:in `block in call'
/usr/local/rvm/gems/ruby-2.3.0/gems/activesupport-5.0.0.1/lib/active_support/callbacks.rb:456:in `each'
/usr/local/rvm/gems/ruby-2.3.0/gems/activesupport-5.0.0.1/lib/active_support/callbacks.rb:456:in `call'
/usr/local/rvm/gems/ruby-2.3.0/gems/activesupport-5.0.0.1/lib/active_support/callbacks.rb:101:in `__run_callbacks__'
/usr/local/rvm/gems/ruby-2.3.0/gems/activesupport-5.0.0.1/lib/active_support/callbacks.rb:750:in `_run_save_callbacks'
/usr/local/rvm/gems/ruby-2.3.0/gems/activerecord-5.0.0.1/lib/active_record/callbacks.rb:298:in `create_or_update'
/usr/local/rvm/gems/ruby-2.3.0/gems/activerecord-5.0.0.1/lib/active_record/persistence.rb:125:in `save'
/usr/local/rvm/gems/ruby-2.3.0/gems/activerecord-5.0.0.1/lib/active_record/validations.rb:44:in `save'
/usr/local/rvm/gems/ruby-2.3.0/gems/activerecord-5.0.0.1/lib/active_record/attribute_methods/dirty.rb:22:in `save'
/usr/local/rvm/gems/ruby-2.3.0/gems/activerecord-5.0.0.1/lib/active_record/transactions.rb:319:in `block (2 levels) in save'
/usr/local/rvm/gems/ruby-2.3.0/gems/activerecord-5.0.0.1/lib/active_record/transactions.rb:395:in `block in with_transaction_returning_status'
/usr/local/rvm/gems/ruby-2.3.0/gems/activerecord-5.0.0.1/lib/active_record/connection_adapters/abstract/database_statements.rb:230:in `transaction'
/usr/local/rvm/gems/ruby-2.3.0/gems/activerecord-5.0.0.1/lib/active_record/transactions.rb:211:in `transaction'
/usr/local/rvm/gems/ruby-2.3.0/gems/activerecord-5.0.0.1/lib/active_record/transactions.rb:392:in `with_transaction_returning_status'
/usr/local/rvm/gems/ruby-2.3.0/gems/activerecord-5.0.0.1/lib/active_record/transactions.rb:319:in `block in save'
/usr/local/rvm/gems/ruby-2.3.0/gems/activerecord-5.0.0.1/lib/active_record/transactions.rb:334:in `rollback_active_record_state!'
/usr/local/rvm/gems/ruby-2.3.0/gems/activerecord-5.0.0.1/lib/active_record/transactions.rb:318:in `save'
/usr/local/rvm/gems/ruby-2.3.0/gems/activerecord-5.0.0.1/lib/active_record/suppressor.rb:41:in `save'
/usr/local/rvm/gems/ruby-2.3.0/gems/activerecord-5.0.0.1/lib/active_record/persistence.rb:266:in `block in update'
/usr/local/rvm/gems/ruby-2.3.0/gems/activerecord-5.0.0.1/lib/active_record/transactions.rb:395:in `block in with_transaction_returning_status'
/usr/local/rvm/gems/ruby-2.3.0/gems/activerecord-5.0.0.1/lib/active_record/connection_adapters/abstract/database_statements.rb:230:in `transaction'
/usr/local/rvm/gems/ruby-2.3.0/gems/activerecord-5.0.0.1/lib/active_record/transactions.rb:211:in `transaction'
/usr/local/rvm/gems/ruby-2.3.0/gems/activerecord-5.0.0.1/lib/active_record/transactions.rb:392:in `with_transaction_returning_status'
/usr/local/rvm/gems/ruby-2.3.0/gems/activerecord-5.0.0.1/lib/active_record/persistence.rb:264:in `update'
/home/ubuntu/workspace/matchme/app/models/match.rb:25:in `add_percent'
/usr/local/rvm/gems/ruby-2.3.0/gems/activesupport-5.0.0.1/lib/active_support/callbacks.rb:382:in `block in make_lambda'
/usr/local/rvm/gems/ruby-2.3.0/gems/activesupport-5.0.0.1/lib/active_support/callbacks.rb:207:in `block in halting_and_conditional'
/usr/local/rvm/gems/ruby-2.3.0/gems/activesupport-5.0.0.1/lib/active_support/callbacks.rb:456:in `block in call'
/usr/local/rvm/gems/ruby-2.3.0/gems/activesupport-5.0.0.1/lib/active_support/callbacks.rb:456:in `each'
/usr/local/rvm/gems/ruby-2.3.0/gems/activesupport-5.0.0.1/lib/active_support/callbacks.rb:456:in `call'
/usr/local/rvm/gems/ruby-2.3.0/gems/activesupport-5.0.0.1/lib/active_support/callbacks.rb:101:in `__run_callbacks__'
/usr/local/rvm/gems/ruby-2.3.0/gems/activesupport-5.0.0.1/lib/active_support/callbacks.rb:750:in `_run_save_callbacks'
/usr/local/rvm/gems/ruby-2.3.0/gems/activerecord-5.0.0.1/lib/active_record/callbacks.rb:298:in `create_or_update'
/usr/local/rvm/gems/ruby-2.3.0/gems/activerecord-5.0.0.1/lib/active_record/persistence.rb:125:in `save'
/usr/local/rvm/gems/ruby-2.3.0/gems/activerecord-5.0.0.1/lib/active_record/validations.rb:44:in `save'
/usr/local/rvm/gems/ruby-2.3.0/gems/activerecord-5.0.0.1/lib/active_record/attribute_methods/dirty.rb:22:in `save'
/usr/local/rvm/gems/ruby-2.3.0/gems/activerecord-5.0.0.1/lib/active_record/transactions.rb:319:in `block (2 levels) in save'
/usr/local/rvm/gems/ruby-2.3.0/gems/activerecord-5.0.0.1/lib/active_record/transactions.rb:395:in `block in with_transaction_returning_status'
/usr/local/rvm/gems/ruby-2.3.0/gems/activerecord-5.0.0.1/lib/active_record/connection_adapters/abstract/database_statements.rb:230:in `transaction'
/usr/local/rvm/gems/ruby-2.3.0/gems/activerecord-5.0.0.1/lib/active_record/transactions.rb:211:in `transaction'
/usr/local/rvm/gems/ruby-2.3.0/gems/activerecord-5.0.0.1/lib/active_record/transactions.rb:392:in `with_transaction_returning_status'
/usr/local/rvm/gems/ruby-2.3.0/gems/activerecord-5.0.0.1/lib/active_record/transactions.rb:319:in `block in save'
/usr/local/rvm/gems/ruby-2.3.0/gems/activerecord-5.0.0.1/lib/active_record/transactions.rb:334:in `rollback_active_record_state!'
/usr/local/rvm/gems/ruby-2.3.0/gems/activerecord-5.0.0.1/lib/active_record/transactions.rb:318:in `save'
/usr/local/rvm/gems/ruby-2.3.0/gems/activerecord-5.0.0.1/lib/active_record/suppressor.rb:41:in `save'
/usr/local/rvm/gems/ruby-2.3.0/gems/activerecord-5.0.0.1/lib/active_record/persistence.rb:266:in `block in update'
/usr/local/rvm/gems/ruby-2.3.0/gems/activerecord-5.0.0.1/lib/active_record/transactions.rb:395:in `block in with_transaction_returning_status'
/usr/local/rvm/gems/ruby-2.3.0/gems/activerecord-5.0.0.1/lib/active_record/connection_adapters/abstract/database_statements.rb:230:in `transaction'
/usr/local/rvm/gems/ruby-2.3.0/gems/activerecord-5.0.0.1/lib/active_record/transactions.rb:211:in `transaction'
/usr/local/rvm/gems/ruby-2.3.0/gems/activerecord-5.0.0.1/lib/active_record/transactions.rb:392:in `with_transaction_returning_status'
/usr/local/rvm/gems/ruby-2.3.0/gems/activerecord-5.0.0.1/lib/active_record/persistence.rb:264:in `update'
/home/ubuntu/workspace/matchme/app/models/match.rb:25:in `add_percent'
/usr/local/rvm/gems/ruby-2.3.0/gems/activesupport-5.0.0.1/lib/active_support/callbacks.rb:382:in `block in make_lambda'
/usr/local/rvm/gems/ruby-2.3.0/gems/activesupport-5.0.0.1/lib/active_support/callbacks.rb:207:in `block in halting_and_conditional'
/usr/local/rvm/gems/ruby-2.3.0/gems/activesupport-5.0.0.1/lib/active_support/callbacks.rb:456:in `block in call'
/usr/local/rvm/gems/ruby-2.3.0/gems/activesupport-5.0.0.1/lib/active_support/callbacks.rb:456:in `each'
/usr/local/rvm/gems/ruby-2.3.0/gems/activesupport-5.0.0.1/lib/active_support/callbacks.rb:456:in `call'
/usr/local/rvm/gems/ruby-2.3.0/gems/activesupport-5.0.0.1/lib/active_support/callbacks.rb:101:in `__run_callbacks__'
/usr/local/rvm/gems/ruby-2.3.0/gems/activesupport-5.0.0.1/lib/active_support/callbacks.rb:750:in `_run_save_callbacks'
/usr/local/rvm/gems/ruby-2.3.0/gems/activerecord-5.0.0.1/lib/active_record/callbacks.rb:298:in `create_or_update'
/usr/local/rvm/gems/ruby-2.3.0/gems/activerecord-5.0.0.1/lib/active_record/persistence.rb:125:in `save'
/usr/local/rvm/gems/ruby-2.3.0/gems/activerecord-5.0.0.1/lib/active_record/validations.rb:44:in `save'
/usr/local/rvm/gems/ruby-2.3.0/gems/activerecord-5.0.0.1/lib/active_record/attribute_methods/dirty.rb:22:in `save'
/usr/local/rvm/gems/ruby-2.3.0/gems/activerecord-5.0.0.1/lib/active_record/transactions.rb:319:in `block (2 levels) in save'
/usr/local/rvm/gems/ruby-2.3.0/gems/activerecord-5.0.0.1/lib/active_record/transactions.rb:395:in `block in with_transaction_returning_status'
/usr/local/rvm/gems/ruby-2.3.0/gems/activerecord-5.0.0.1/lib/active_record/connection_adapters/abstract/database_statements.rb:230:in `transaction'
/usr/local/rvm/gems/ruby-2.3.0/gems/activerecord-5.0.0.1/lib/active_record/transactions.rb:211:in `transaction'
/usr/local/rvm/gems/ruby-2.3.0/gems/activerecord-5.0.0.1/lib/active_record/transactions.rb:392:in `with_transaction_returning_status'
/usr/local/rvm/gems/ruby-2.3.0/gems/activerecord-5.0.0.1/lib/active_record/transactions.rb:319:in `block in save'
/usr/local/rvm/gems/ruby-2.3.0/gems/activerecord-5.0.0.1/lib/active_record/transactions.rb:334:in `rollback_active_record_state!'
/usr/local/rvm/gems/ruby-2.3.0/gems/activerecord-5.0.0.1/lib/active_record/transactions.rb:318:in `save'
/usr/local/rvm/gems/ruby-2.3.0/gems/activerecord-5.0.0.1/lib/active_record/suppressor.rb:41:in `save'
/usr/local/rvm/gems/ruby-2.3.0/gems/activerecord-5.0.0.1/lib/active_record/persistence.rb:266:in `block in update'
/usr/local/rvm/gems/ruby-2.3.0/gems/activerecord-5.0.0.1/lib/active_record/transactions.rb:395:in `block in with_transaction_returning_status'
/usr/local/rvm/gems/ruby-2.3.0/gems/activerecord-5.0.0.1/lib/active_record/connection_adapters/abstract/database_statements.rb:230:in `transaction'
/usr/local/rvm/gems/ruby-2.3.0/gems/activerecord-5.0.0.1/lib/active_record/transactions.rb:211:in `transaction'
/usr/local/rvm/gems/ruby-2.3.0/gems/activerecord-5.0.0.1/lib/active_record/transactions.rb:392:in `with_transaction_returning_status'
/usr/local/rvm/gems/ruby-2.3.0/gems/activerecord-5.0.0.1/lib/active_record/persistence.rb:264:in `update'
/home/ubuntu/workspace/matchme/app/models/match.rb:25:in `add_percent'
/usr/local/rvm/gems/ruby-2.3.0/gems/activesupport-5.0.0.1/lib/active_support/callbacks.rb:382:in `block in make_lambda'
/usr/local/rvm/gems/ruby-2.3.0/gems/activesupport-5.0.0.1/lib/active_support/callbacks.rb:207:in `block in halting_and_conditional'
/usr/local/rvm/gems/ruby-2.3.0/gems/activesupport-5.0.0.1/lib/active_support/callbacks.rb:456:in `block in call'
/usr/local/rvm/gems/ruby-2.3.0/gems/activesupport-5.0.0.1/lib/active_support/callbacks.rb:456:in `each'
/usr/local/rvm/gems/ruby-2.3.0/gems/activesupport-5.0.0.1/lib/active_support/callbacks.rb:456:in `call'
/usr/local/rvm/gems/ruby-2.3.0/gems/activesupport-5.0.0.1/lib/active_support/callbacks.rb:101:in `__run_callbacks__'
/usr/local/rvm/gems/ruby-2.3.0/gems/activesupport-5.0.0.1/lib/active_support/callbacks.rb:750:in `_run_save_callbacks'
/usr/local/rvm/gems/ruby-2.3.0/gems/activerecord-5.0.0.1/lib/active_record/callbacks.rb:298:in `create_or_update'
/usr/local/rvm/gems/ruby-2.3.0/gems/activerecord-5.0.0.1/lib/active_record/persistence.rb:125:in `save'
/usr/local/rvm/gems/ruby-2.3.0/gems/activerecord-5.0.0.1/lib/active_record/validations.rb:44:in `save'
/usr/local/rvm/gems/ruby-2.3.0/gems/activerecord-5.0.0.1/lib/active_record/attribute_methods/dirty.rb:22:in `save'
/usr/local/rvm/gems/ruby-2.3.0/gems/activerecord-5.0.0.1/lib/active_record/transactions.rb:319:in `block (2 levels) in save'
/usr/local/rvm/gems/ruby-2.3.0/gems/activerecord-5.0.0.1/lib/active_record/transactions.rb:395:in `block in with_transaction_returning_status'
/usr/local/rvm/gems/ruby-2.3.0/gems/activerecord-5.0.0.1/lib/active_record/connection_adapters/abstract/database_statements.rb:230:in `transaction'
/usr/local/rvm/gems/ruby-2.3.0/gems/activerecord-5.0.0.1/lib/active_record/transactions.rb:211:in `transaction'
/usr/local/rvm/gems/ruby-2.3.0/gems/activerecord-5.0.0.1/lib/active_record/transactions.rb:392:in `with_transaction_returning_status'
/usr/local/rvm/gems/ruby-2.3.0/gems/activerecord-5.0.0.1/lib/active_record/transactions.rb:319:in `block in save'
/usr/local/rvm/gems/ruby-2.3.0/gems/activerecord-5.0.0.1/lib/active_record/transactions.rb:334:in `rollback_active_record_state!'
/usr/local/rvm/gems/ruby-2.3.0/gems/activerecord-5.0.0.1/lib/active_record/transactions.rb:318:in `save'
/usr/local/rvm/gems/ruby-2.3.0/gems/activerecord-5.0.0.1/lib/active_record/suppressor.rb:41:in `save'
/usr/local/rvm/gems/ruby-2.3.0/gems/activerecord-5.0.0.1/lib/active_record/persistence.rb:266:in `block in update'
/usr/local/rvm/gems/ruby-2.3.0/gems/activerecord-5.0.0.1/lib/active_record/transactions.rb:395:in `block in with_transaction_returning_status'
/usr/local/rvm/gems/ruby-2.3.0/gems/activerecord-5.0.0.1/lib/active_record/connection_adapters/abstract/database_statements.rb:230:in `transaction'
/usr/local/rvm/gems/ruby-2.3.0/gems/activerecord-5.0.0.1/lib/active_record/transactions.rb:211:in `transaction'
/usr/local/rvm/gems/ruby-2.3.0/gems/activerecord-5.0.0.1/lib/active_record/transactions.rb:392:in `with_transaction_returning_status'
/usr/local/rvm/gems/ruby-2.3.0/gems/activerecord-5.0.0.1/lib/active_record/persistence.rb:264:in `update'
/home/ubuntu/workspace/matchme/app/models/match.rb:25:in `add_percent'
/usr/local/rvm/gems/ruby-2.3.0/gems/activesupport-5.0.0.1/lib/active_support/callbacks.rb:382:in `block in make_lambda'
/usr/local/rvm/gems/ruby-2.3.0/gems/activesupport-5.0.0.1/lib/active_support/callbacks.rb:207:in `block in halting_and_conditional'
/usr/local/rvm/gems/ruby-2.3.0/gems/activesupport-5.0.0.1/lib/active_support/callbacks.rb:456:in `block in call'
/usr/local/rvm/gems/ruby-2.3.0/gems/activesupport-5.0.0.1/lib/active_support/callbacks.rb:456:in `each'
/usr/local/rvm/gems/ruby-2.3.0/gems/activesupport-5.0.0.1/lib/active_support/callbacks.rb:456:in `call'
/usr/local/rvm/gems/ruby-2.3.0/gems/activesupport-5.0.0.1/lib/active_support/callbacks.rb:101:in `__run_callbacks__'
/usr/local/rvm/gems/ruby-2.3.0/gems/activesupport-5.0.0.1/lib/active_support/callbacks.rb:750:in `_run_save_callbacks'
/usr/local/rvm/gems/ruby-2.3.0/gems/activerecord-5.0.0.1/lib/active_record/callbacks.rb:298:in `create_or_update'
/usr/local/rvm/gems/ruby-2.3.0/gems/activerecord-5.0.0.1/lib/active_record/persistence.rb:125:in `save'
/usr/local/rvm/gems/ruby-2.3.0/gems/activerecord-5.0.0.1/lib/active_record/validations.rb:44:in `save'
/usr/local/rvm/gems/ruby-2.3.0/gems/activerecord-5.0.0.1/lib/active_record/attribute_methods/dirty.rb:22:in `save'
/usr/local/rvm/gems/ruby-2.3.0/gems/activerecord-5.0.0.1/lib/active_record/transactions.rb:319:in `block (2 levels) in save'
/usr/local/rvm/gems/ruby-2.3.0/gems/activerecord-5.0.0.1/lib/active_record/transactions.rb:395:in `block in with_transaction_returning_status'
/usr/local/rvm/gems/ruby-2.3.0/gems/activerecord-5.0.0.1/lib/active_record/connection_adapters/abstract/database_statements.rb:230:in `transaction'
/usr/local/rvm/gems/ruby-2.3.0/gems/activerecord-5.0.0.1/lib/active_record/transactions.rb:211:in `transaction'
/usr/local/rvm/gems/ruby-2.3.0/gems/activerecord-5.0.0.1/lib/active_record/transactions.rb:392:in `with_transaction_returning_status'
/usr/local/rvm/gems/ruby-2.3.0/gems/activerecord-5.0.0.1/lib/active_record/transactions.rb:319:in `block in save'
/usr/local/rvm/gems/ruby-2.3.0/gems/activerecord-5.0.0.1/lib/active_record/transactions.rb:334:in `rollback_active_record_state!'
/usr/local/rvm/gems/ruby-2.3.0/gems/activerecord-5.0.0.1/lib/active_record/transactions.rb:318:in `save'
/usr/local/rvm/gems/ruby-2.3.0/gems/activerecord-5.0.0.1/lib/active_record/suppressor.rb:41:in `save'
/usr/local/rvm/gems/ruby-2.3.0/gems/activerecord-5.0.0.1/lib/active_record/persistence.rb:266:in `block in update'
/usr/local/rvm/gems/ruby-2.3.0/gems/activerecord-5.0.0.1/lib/active_record/transactions.rb:395:in `block in with_transaction_returning_status'
/usr/local/rvm/gems/ruby-2.3.0/gems/activerecord-5.0.0.1/lib/active_record/connection_adapters/abstract/database_statements.rb:230:in `transaction'
/usr/local/rvm/gems/ruby-2.3.0/gems/activerecord-5.0.0.1/lib/active_record/transactions.rb:211:in `transaction'
/usr/local/rvm/gems/ruby-2.3.0/gems/activerecord-5.0.0.1/lib/active_record/transactions.rb:392:in `with_transaction_returning_status'
/usr/local/rvm/gems/ruby-2.3.0/gems/activerecord-5.0.0.1/lib/active_record/persistence.rb:264:in `update'
/home/ubuntu/workspace/matchme/app/models/match.rb:25:in `add_percent'
/usr/local/rvm/gems/ruby-2.3.0/gems/activesupport-5.0.0.1/lib/active_support/callbacks.rb:382:in `block in make_lambda'
/usr/local/rvm/gems/ruby-2.3.0/gems/activesupport-5.0.0.1/lib/active_support/callbacks.rb:207:in `block in halting_and_conditional'
/usr/local/rvm/gems/ruby-2.3.0/gems/activesupport-5.0.0.1/lib/active_support/callbacks.rb:456:in `block in call'
/usr/local/rvm/gems/ruby-2.3.0/gems/activesupport-5.0.0.1/lib/active_support/callbacks.rb:456:in `each'
/usr/local/rvm/gems/ruby-2.3.0/gems/activesupport-5.0.0.1/lib/active_support/callbacks.rb:456:in `call'
/usr/local/rvm/gems/ruby-2.3.0/gems/activesupport-5.0.0.1/lib/active_support/callbacks.rb:101:in `__run_callbacks__'
/usr/local/rvm/gems/ruby-2.3.0/gems/activesupport-5.0.0.1/lib/active_support/callbacks.rb:750:in `_run_save_callbacks'
/usr/local/rvm/gems/ruby-2.3.0/gems/activerecord-5.0.0.1/lib/active_record/callbacks.rb:298:in `create_or_update'
/usr/local/rvm/gems/ruby-2.3.0/gems/activerecord-5.0.0.1/lib/active_record/persistence.rb:125:in `save'
/usr/local/rvm/gems/ruby-2.3.0/gems/activerecord-5.0.0.1/lib/active_record/validations.rb:44:in `save'
/usr/local/rvm/gems/ruby-2.3.0/gems/activerecord-5.0.0.1/lib/active_record/attribute_methods/dirty.rb:22:in `save'
/usr/local/rvm/gems/ruby-2.3.0/gems/activerecord-5.0.0.1/lib/active_record/transactions.rb:319:in `block (2 levels) in save'
/usr/local/rvm/gems/ruby-2.3.0/gems/activerecord-5.0.0.1/lib/active_record/transactions.rb:395:in `block in with_transaction_returning_status'
/usr/local/rvm/gems/ruby-2.3.0/gems/activerecord-5.0.0.1/lib/active_record/connection_adapters/abstract/database_statements.rb:230:in `transaction'
/usr/local/rvm/gems/ruby-2.3.0/gems/activerecord-5.0.0.1/lib/active_record/transactions.rb:211:in `transaction'
/usr/local/rvm/gems/ruby-2.3.0/gems/activerecord-5.0.0.1/lib/active_record/transactions.rb:392:in `with_transaction_returning_status'
/usr/local/rvm/gems/ruby-2.3.0/gems/activerecord-5.0.0.1/lib/active_record/transactions.rb:319:in `block in save'
/usr/local/rvm/gems/ruby-2.3.0/gems/activerecord-5.0.0.1/lib/active_record/transactions.rb:334:in `rollback_active_record_state!'
/usr/local/rvm/gems/ruby-2.3.0/gems/activerecord-5.0.0.1/lib/active_record/transactions.rb:318:in `save'
/usr/local/rvm/gems/ruby-2.3.0/gems/activerecord-5.0.0.1/lib/active_record/suppressor.rb:41:in `save'
/usr/local/rvm/gems/ruby-2.3.0/gems/activerecord-5.0.0.1/lib/active_record/persistence.rb:266:in `block in update'
/usr/local/rvm/gems/ruby-2.3.0/gems/activerecord-5.0.0.1/lib/active_record/transactions.rb:395:in `block in with_transaction_returning_status'
/usr/local/rvm/gems/ruby-2.3.0/gems/activerecord-5.0.0.1/lib/active_record/connection_adapters/abstract/database_statements.rb:230:in `transaction'
/usr/local/rvm/gems/ruby-2.3.0/gems/activerecord-5.0.0.1/lib/active_record/transactions.rb:211:in `transaction'
/usr/local/rvm/gems/ruby-2.3.0/gems/activerecord-5.0.0.1/lib/active_record/transactions.rb:392:in `with_transaction_returning_status'
/usr/local/rvm/gems/ruby-2.3.0/gems/activerecord-5.0.0.1/lib/active_record/persistence.rb:264:in `update'
/home/ubuntu/workspace/matchme/app/models/match.rb:25:in `add_percent'
/usr/local/rvm/gems/ruby-2.3.0/gems/activesupport-5.0.0.1/lib/active_support/callbacks.rb:382:in `block in make_lambda'
/usr/local/rvm/gems/ruby-2.3.0/gems/activesupport-5.0.0.1/lib/active_support/callbacks.rb:207:in `block in halting_and_conditional'
/usr/local/rvm/gems/ruby-2.3.0/gems/activesupport-5.0.0.1/lib/active_support/callbacks.rb:456:in `block in call'
/usr/local/rvm/gems/ruby-2.3.0/gems/activesupport-5.0.0.1/lib/active_support/callbacks.rb:456:in `each'
/usr/local/rvm/gems/ruby-2.3.0/gems/activesupport-5.0.0.1/lib/active_support/callbacks.rb:456:in `call'
/usr/local/rvm/gems/ruby-2.3.0/gems/activesupport-5.0.0.1/lib/active_support/callbacks.rb:101:in `__run_callbacks__'
/usr/local/rvm/gems/ruby-2.3.0/gems/activesupport-5.0.0.1/lib/active_support/callbacks.rb:750:in `_run_save_callbacks'
/usr/local/rvm/gems/ruby-2.3.0/gems/activerecord-5.0.0.1/lib/active_record/callbacks.rb:298:in `create_or_update'
/usr/local/rvm/gems/ruby-2.3.0/gems/activerecord-5.0.0.1/lib/active_record/persistence.rb:125:in `save'
/usr/local/rvm/gems/ruby-2.3.0/gems/activerecord-5.0.0.1/lib/active_record/validations.rb:44:in `save'
/usr/local/rvm/gems/ruby-2.3.0/gems/activerecord-5.0.0.1/lib/active_record/attribute_methods/dirty.rb:22:in `save'
/usr/local/rvm/gems/ruby-2.3.0/gems/activerecord-5.0.0.1/lib/active_record/transactions.rb:319:in `block (2 levels) in save'
/usr/local/rvm/gems/ruby-2.3.0/gems/activerecord-5.0.0.1/lib/active_record/transactions.rb:395:in `block in with_transaction_returning_status'
/usr/local/rvm/gems/ruby-2.3.0/gems/activerecord-5.0.0.1/lib/active_record/connection_adapters/abstract/database_statements.rb:230:in `transaction'
/usr/local/rvm/gems/ruby-2.3.0/gems/activerecord-5.0.0.1/lib/active_record/transactions.rb:211:in `transaction'
/usr/local/rvm/gems/ruby-2.3.0/gems/activerecord-5.0.0.1/lib/active_record/transactions.rb:392:in `with_transaction_returning_status'
/usr/local/rvm/gems/ruby-2.3.0/gems/activerecord-5.0.0.1/lib/active_record/transactions.rb:319:in `block in save'
/usr/local/rvm/gems/ruby-2.3.0/gems/activerecord-5.0.0.1/lib/active_record/transactions.rb:334:in `rollback_active_record_state!'
/usr/local/rvm/gems/ruby-2.3.0/gems/activerecord-5.0.0.1/lib/active_record/transactions.rb:318:in `save'
/usr/local/rvm/gems/ruby-2.3.0/gems/activerecord-5.0.0.1/lib/active_record/suppressor.rb:41:in `save'
/usr/local/rvm/gems/ruby-2.3.0/gems/activerecord-5.0.0.1/lib/active_record/persistence.rb:266:in `block in update'
/usr/local/rvm/gems/ruby-2.3.0/gems/activerecord-5.0.0.1/lib/active_record/transactions.rb:395:in `block in with_transaction_returning_status'
/usr/local/rvm/gems/ruby-2.3.0/gems/activerecord-5.0.0.1/lib/active_record/connection_adapters/abstract/database_statements.rb:230:in `transaction'
/usr/local/rvm/gems/ruby-2.3.0/gems/activerecord-5.0.0.1/lib/active_record/transactions.rb:211:in `transaction'
/usr/local/rvm/gems/ruby-2.3.0/gems/activerecord-5.0.0.1/lib/active_record/transactions.rb:392:in `with_transaction_returning_status'
/usr/local/rvm/gems/ruby-2.3.0/gems/activerecord-5.0.0.1/lib/active_record/persistence.rb:264:in `update'
/home/ubuntu/workspace/matchme/app/models/match.rb:25:in `add_percent'
/usr/local/rvm/gems/ruby-2.3.0/gems/activesupport-5.0.0.1/lib/active_support/callbacks.rb:382:in `block in make_lambda'
/usr/local/rvm/gems/ruby-2.3.0/gems/activesupport-5.0.0.1/lib/active_support/callbacks.rb:207:in `block in halting_and_conditional'
/usr/local/rvm/gems/ruby-2.3.0/gems/activesupport-5.0.0.1/lib/active_support/callbacks.rb:456:in `block in call'
/usr/local/rvm/gems/ruby-2.3.0/gems/activesupport-5.0.0.1/lib/active_support/callbacks.rb:456:in `each'
/usr/local/rvm/gems/ruby-2.3.0/gems/activesupport-5.0.0.1/lib/active_support/callbacks.rb:456:in `call'
/usr/local/rvm/gems/ruby-2.3.0/gems/activesupport-5.0.0.1/lib/active_support/callbacks.rb:101:in `__run_callbacks__'
/usr/local/rvm/gems/ruby-2.3.0/gems/activesupport-5.0.0.1/lib/active_support/callbacks.rb:750:in `_run_save_callbacks'
/usr/local/rvm/gems/ruby-2.3.0/gems/activerecord-5.0.0.1/lib/active_record/callbacks.rb:298:in `create_or_update'
/usr/local/rvm/gems/ruby-2.3.0/gems/activerecord-5.0.0.1/lib/active_record/persistence.rb:125:in `save'
/usr/local/rvm/gems/ruby-2.3.0/gems/activerecord-5.0.0.1/lib/active_record/validations.rb:44:in `save'
/usr/local/rvm/gems/ruby-2.3.0/gems/activerecord-5.0.0.1/lib/active_record/attribute_methods/dirty.rb:22:in `save'
/usr/local/rvm/gems/ruby-2.3.0/gems/activerecord-5.0.0.1/lib/active_record/transactions.rb:319:in `block (2 levels) in save'
/usr/local/rvm/gems/ruby-2.3.0/gems/activerecord-5.0.0.1/lib/active_record/transactions.rb:395:in `block in with_transaction_returning_status'
/usr/local/rvm/gems/ruby-2.3.0/gems/activerecord-5.0.0.1/lib/active_record/connection_adapters/abstract/database_statements.rb:230:in `transaction'
/usr/local/rvm/gems/ruby-2.3.0/gems/activerecord-5.0.0.1/lib/active_record/transactions.rb:211:in `transaction'
/usr/local/rvm/gems/ruby-2.3.0/gems/activerecord-5.0.0.1/lib/active_record/transactions.rb:392:in `with_transaction_returning_status'
/usr/local/rvm/gems/ruby-2.3.0/gems/activerecord-5.0.0.1/lib/active_record/transactions.rb:319:in `block in save'
/usr/local/rvm/gems/ruby-2.3.0/gems/activerecord-5.0.0.1/lib/active_record/transactions.rb:334:in `rollback_active_record_state!'
/usr/local/rvm/gems/ruby-2.3.0/gems/activerecord-5.0.0.1/lib/active_record/transactions.rb:318:in `save'
/usr/local/rvm/gems/ruby-2.3.0/gems/activerecord-5.0.0.1/lib/active_record/suppressor.rb:41:in `save'
/usr/local/rvm/gems/ruby-2.3.0/gems/activerecord-5.0.0.1/lib/active_record/persistence.rb:266:in `block in update'
/usr/local/rvm/gems/ruby-2.3.0/gems/activerecord-5.0.0.1/lib/active_record/transactions.rb:395:in `block in with_transaction_returning_status'
/usr/local/rvm/gems/ruby-2.3.0/gems/activerecord-5.0.0.1/lib/active_record/connection_adapters/abstract/database_statements.rb:230:in `transaction'
/usr/local/rvm/gems/ruby-2.3.0/gems/activerecord-5.0.0.1/lib/active_record/transactions.rb:211:in `transaction'
/usr/local/rvm/gems/ruby-2.3.0/gems/activerecord-5.0.0.1/lib/active_record/transactions.rb:392:in `with_transaction_returning_status'
/usr/local/rvm/gems/ruby-2.3.0/gems/activerecord-5.0.0.1/lib/active_record/persistence.rb:264:in `update'
/home/ubuntu/workspace/matchme/app/models/match.rb:25:in `add_percent'
/usr/local/rvm/gems/ruby-2.3.0/gems/activesupport-5.0.0.1/lib/active_support/callbacks.rb:382:in `block in make_lambda'
/usr/local/rvm/gems/ruby-2.3.0/gems/activesupport-5.0.0.1/lib/active_support/callbacks.rb:207:in `block in halting_and_conditional'
/usr/local/rvm/gems/ruby-2.3.0/gems/activesupport-5.0.0.1/lib/active_support/callbacks.rb:456:in `block in call'
/usr/local/rvm/gems/ruby-2.3.0/gems/activesupport-5.0.0.1/lib/active_support/callbacks.rb:456:in `each'
/usr/local/rvm/gems/ruby-2.3.0/gems/activesupport-5.0.0.1/lib/active_support/callbacks.rb:456:in `call'
/usr/local/rvm/gems/ruby-2.3.0/gems/activesupport-5.0.0.1/lib/active_support/callbacks.rb:101:in `__run_callbacks__'
/usr/local/rvm/gems/ruby-2.3.0/gems/activesupport-5.0.0.1/lib/active_support/callbacks.rb:750:in `_run_save_callbacks'
/usr/local/rvm/gems/ruby-2.3.0/gems/activerecord-5.0.0.1/lib/active_record/callbacks.rb:298:in `create_or_update'
/usr/local/rvm/gems/ruby-2.3.0/gems/activerecord-5.0.0.1/lib/active_record/persistence.rb:125:in `save'
/usr/local/rvm/gems/ruby-2.3.0/gems/activerecord-5.0.0.1/lib/active_record/validations.rb:44:in `save'
/usr/local/rvm/gems/ruby-2.3.0/gems/activerecord-5.0.0.1/lib/active_record/attribute_methods/dirty.rb:22:in `save'
/usr/local/rvm/gems/ruby-2.3.0/gems/activerecord-5.0.0.1/lib/active_record/transactions.rb:319:in `block (2 levels) in save'
/usr/local/rvm/gems/ruby-2.3.0/gems/activerecord-5.0.0.1/lib/active_record/transactions.rb:395:in `block in with_transaction_returning_status'
/usr/local/rvm/gems/ruby-2.3.0/gems/activerecord-5.0.0.1/lib/active_record/connection_adapters/abstract/database_statements.rb:230:in `transaction'
/usr/local/rvm/gems/ruby-2.3.0/gems/activerecord-5.0.0.1/lib/active_record/transactions.rb:211:in `transaction'
/usr/local/rvm/gems/ruby-2.3.0/gems/activerecord-5.0.0.1/lib/active_record/transactions.rb:392:in `with_transaction_returning_status'
/usr/local/rvm/gems/ruby-2.3.0/gems/activerecord-5.0.0.1/lib/active_record/transactions.rb:319:in `block in save'
/usr/local/rvm/gems/ruby-2.3.0/gems/activerecord-5.0.0.1/lib/active_record/transactions.rb:334:in `rollback_active_record_state!'
/usr/local/rvm/gems/ruby-2.3.0/gems/activerecord-5.0.0.1/lib/active_record/transactions.rb:318:in `save'
/usr/local/rvm/gems/ruby-2.3.0/gems/activerecord-5.0.0.1/lib/active_record/suppressor.rb:41:in `save'
/usr/local/rvm/gems/ruby-2.3.0/gems/activerecord-5.0.0.1/lib/active_record/persistence.rb:266:in `block in update'
/usr/local/rvm/gems/ruby-2.3.0/gems/activerecord-5.0.0.1/lib/active_record/transactions.rb:395:in `block in with_transaction_returning_status'
/usr/local/rvm/gems/ruby-2.3.0/gems/activerecord-5.0.0.1/lib/active_record/connection_adapters/abstract/database_statements.rb:230:in `transaction'
/usr/local/rvm/gems/ruby-2.3.0/gems/activerecord-5.0.0.1/lib/active_record/transactions.rb:211:in `transaction'
/usr/local/rvm/gems/ruby-2.3.0/gems/activerecord-5.0.0.1/lib/active_record/transactions.rb:392:in `with_transaction_returning_status'
/usr/local/rvm/gems/ruby-2.3.0/gems/activerecord-5.0.0.1/lib/active_record/persistence.rb:264:in `update'
/home/ubuntu/workspace/matchme/app/models/match.rb:25:in `add_percent'
/usr/local/rvm/gems/ruby-2.3.0/gems/activesupport-5.0.0.1/lib/active_support/callbacks.rb:382:in `block in make_lambda'
/usr/local/rvm/gems/ruby-2.3.0/gems/activesupport-5.0.0.1/lib/active_support/callbacks.rb:207:in `block in halting_and_conditional'
/usr/local/rvm/gems/ruby-2.3.0/gems/activesupport-5.0.0.1/lib/active_support/callbacks.rb:456:in `block in call'
/usr/local/rvm/gems/ruby-2.3.0/gems/activesupport-5.0.0.1/lib/active_support/callbacks.rb:456:in `each'
/usr/local/rvm/gems/ruby-2.3.0/gems/activesupport-5.0.0.1/lib/active_support/callbacks.rb:456:in `call'
/usr/local/rvm/gems/ruby-2.3.0/gems/activesupport-5.0.0.1/lib/active_support/callbacks.rb:101:in `__run_callbacks__'
/usr/local/rvm/gems/ruby-2.3.0/gems/activesupport-5.0.0.1/lib/active_support/callbacks.rb:750:in `_run_save_callbacks'
/usr/local/rvm/gems/ruby-2.3.0/gems/activerecord-5.0.0.1/lib/active_record/callbacks.rb:298:in `create_or_update'
/usr/local/rvm/gems/ruby-2.3.0/gems/activerecord-5.0.0.1/lib/active_record/persistence.rb:125:in `save'
/usr/local/rvm/gems/ruby-2.3.0/gems/activerecord-5.0.0.1/lib/active_record/validations.rb:44:in `save'
/usr/local/rvm/gems/ruby-2.3.0/gems/activerecord-5.0.0.1/lib/active_record/attribute_methods/dirty.rb:22:in `save'
/usr/local/rvm/gems/ruby-2.3.0/gems/activerecord-5.0.0.1/lib/active_record/transactions.rb:319:in `block (2 levels) in save'
/usr/local/rvm/gems/ruby-2.3.0/gems/activerecord-5.0.0.1/lib/active_record/transactions.rb:395:in `block in with_transaction_returning_status'
/usr/local/rvm/gems/ruby-2.3.0/gems/activerecord-5.0.0.1/lib/active_record/connection_adapters/abstract/database_statements.rb:230:in `transaction'
/usr/local/rvm/gems/ruby-2.3.0/gems/activerecord-5.0.0.1/lib/active_record/transactions.rb:211:in `transaction'
/usr/local/rvm/gems/ruby-2.3.0/gems/activerecord-5.0.0.1/lib/active_record/transactions.rb:392:in `with_transaction_returning_status'
/usr/local/rvm/gems/ruby-2.3.0/gems/activerecord-5.0.0.1/lib/active_record/transactions.rb:319:in `block in save'
/usr/local/rvm/gems/ruby-2.3.0/gems/activerecord-5.0.0.1/lib/active_record/transactions.rb:334:in `rollback_active_record_state!'
/usr/local/rvm/gems/ruby-2.3.0/gems/activerecord-5.0.0.1/lib/active_record/transactions.rb:318:in `save'
/usr/local/rvm/gems/ruby-2.3.0/gems/activerecord-5.0.0.1/lib/active_record/suppressor.rb:41:in `save'
/usr/local/rvm/gems/ruby-2.3.0/gems/activerecord-5.0.0.1/lib/active_record/persistence.rb:266:in `block in update'
/usr/local/rvm/gems/ruby-2.3.0/gems/activerecord-5.0.0.1/lib/active_record/transactions.rb:395:in `block in with_transaction_returning_status'
/usr/local/rvm/gems/ruby-2.3.0/gems/activerecord-5.0.0.1/lib/active_record/connection_adapters/abstract/database_statements.rb:230:in `transaction'
/usr/local/rvm/gems/ruby-2.3.0/gems/activerecord-5.0.0.1/lib/active_record/transactions.rb:211:in `transaction'
/usr/local/rvm/gems/ruby-2.3.0/gems/activerecord-5.0.0.1/lib/active_record/transactions.rb:392:in `with_transaction_returning_status'
/usr/local/rvm/gems/ruby-2.3.0/gems/activerecord-5.0.0.1/lib/active_record/persistence.rb:264:in `update'
/home/ubuntu/workspace/matchme/app/models/match.rb:25:in `add_percent'
/usr/local/rvm/gems/ruby-2.3.0/gems/activesupport-5.0.0.1/lib/active_support/callbacks.rb:382:in `block in make_lambda'
/usr/local/rvm/gems/ruby-2.3.0/gems/activesupport-5.0.0.1/lib/active_support/callbacks.rb:207:in `block in halting_and_conditional'
/usr/local/rvm/gems/ruby-2.3.0/gems/activesupport-5.0.0.1/lib/active_support/callbacks.rb:456:in `block in call'
/usr/local/rvm/gems/ruby-2.3.0/gems/activesupport-5.0.0.1/lib/active_support/callbacks.rb:456:in `each'
/usr/local/rvm/gems/ruby-2.3.0/gems/activesupport-5.0.0.1/lib/active_support/callbacks.rb:456:in `call'
/usr/local/rvm/gems/ruby-2.3.0/gems/activesupport-5.0.0.1/lib/active_support/callbacks.rb:101:in `__run_callbacks__'
/usr/local/rvm/gems/ruby-2.3.0/gems/activesupport-5.0.0.1/lib/active_support/callbacks.rb:750:in `_run_save_callbacks'
/usr/local/rvm/gems/ruby-2.3.0/gems/activerecord-5.0.0.1/lib/active_record/callbacks.rb:298:in `create_or_update'
/usr/local/rvm/gems/ruby-2.3.0/gems/activerecord-5.0.0.1/lib/active_record/persistence.rb:125:in `save'
/usr/local/rvm/gems/ruby-2.3.0/gems/activerecord-5.0.0.1/lib/active_record/validations.rb:44:in `save'
/usr/local/rvm/gems/ruby-2.3.0/gems/activerecord-5.0.0.1/lib/active_record/attribute_methods/dirty.rb:22:in `save'
/usr/local/rvm/gems/ruby-2.3.0/gems/activerecord-5.0.0.1/lib/active_record/transactions.rb:319:in `block (2 levels) in save'
/usr/local/rvm/gems/ruby-2.3.0/gems/activerecord-5.0.0.1/lib/active_record/transactions.rb:395:in `block in with_transaction_returning_status'
/usr/local/rvm/gems/ruby-2.3.0/gems/activerecord-5.0.0.1/lib/active_record/connection_adapters/abstract/database_statements.rb:230:in `transaction'
/usr/local/rvm/gems/ruby-2.3.0/gems/activerecord-5.0.0.1/lib/active_record/transactions.rb:211:in `transaction'
/usr/local/rvm/gems/ruby-2.3.0/gems/activerecord-5.0.0.1/lib/active_record/transactions.rb:392:in `with_transaction_returning_status'
/usr/local/rvm/gems/ruby-2.3.0/gems/activerecord-5.0.0.1/lib/active_record/transactions.rb:319:in `block in save'
/usr/local/rvm/gems/ruby-2.3.0/gems/activerecord-5.0.0.1/lib/active_record/transactions.rb:334:in `rollback_active_record_state!'
/usr/local/rvm/gems/ruby-2.3.0/gems/activerecord-5.0.0.1/lib/active_record/transactions.rb:318:in `save'
/usr/local/rvm/gems/ruby-2.3.0/gems/activerecord-5.0.0.1/lib/active_record/suppressor.rb:41:in `save'
/usr/local/rvm/gems/ruby-2.3.0/gems/activerecord-5.0.0.1/lib/active_record/persistence.rb:266:in `block in update'
/usr/local/rvm/gems/ruby-2.3.0/gems/activerecord-5.0.0.1/lib/active_record/transactions.rb:395:in `block in with_transaction_returning_status'
/usr/local/rvm/gems/ruby-2.3.0/gems/activerecord-5.0.0.1/lib/active_record/connection_adapters/abstract/database_statements.rb:230:in `transaction'
/usr/local/rvm/gems/ruby-2.3.0/gems/activerecord-5.0.0.1/lib/active_record/transactions.rb:211:in `transaction'
/usr/local/rvm/gems/ruby-2.3.0/gems/activerecord-5.0.0.1/lib/active_record/transactions.rb:392:in `with_transaction_returning_status'
/usr/local/rvm/gems/ruby-2.3.0/gems/activerecord-5.0.0.1/lib/active_record/persistence.rb:264:in `update'
/home/ubuntu/workspace/matchme/app/models/match.rb:25:in `add_percent'
/usr/local/rvm/gems/ruby-2.3.0/gems/activesupport-5.0.0.1/lib/active_support/callbacks.rb:382:in `block in make_lambda'
/usr/local/rvm/gems/ruby-2.3.0/gems/activesupport-5.0.0.1/lib/active_support/callbacks.rb:207:in `block in halting_and_conditional'
/usr/local/rvm/gems/ruby-2.3.0/gems/activesupport-5.0.0.1/lib/active_support/callbacks.rb:456:in `block in call'
/usr/local/rvm/gems/ruby-2.3.0/gems/activesupport-5.0.0.1/lib/active_support/callbacks.rb:456:in `each'
/usr/local/rvm/gems/ruby-2.3.0/gems/activesupport-5.0.0.1/lib/active_support/callbacks.rb:456:in `call'
/usr/local/rvm/gems/ruby-2.3.0/gems/activesupport-5.0.0.1/lib/active_support/callbacks.rb:101:in `__run_callbacks__'
/usr/local/rvm/gems/ruby-2.3.0/gems/activesupport-5.0.0.1/lib/active_support/callbacks.rb:750:in `_run_save_callbacks'
/usr/local/rvm/gems/ruby-2.3.0/gems/activerecord-5.0.0.1/lib/active_record/callbacks.rb:298:in `create_or_update'
/usr/local/rvm/gems/ruby-2.3.0/gems/activerecord-5.0.0.1/lib/active_record/persistence.rb:125:in `save'
/usr/local/rvm/gems/ruby-2.3.0/gems/activerecord-5.0.0.1/lib/active_record/validations.rb:44:in `save'
/usr/local/rvm/gems/ruby-2.3.0/gems/activerecord-5.0.0.1/lib/active_record/attribute_methods/dirty.rb:22:in `save'
/usr/local/rvm/gems/ruby-2.3.0/gems/activerecord-5.0.0.1/lib/active_record/transactions.rb:319:in `block (2 levels) in save'
/usr/local/rvm/gems/ruby-2.3.0/gems/activerecord-5.0.0.1/lib/active_record/transactions.rb:395:in `block in with_transaction_returning_status'
/usr/local/rvm/gems/ruby-2.3.0/gems/activerecord-5.0.0.1/lib/active_record/connection_adapters/abstract/database_statements.rb:230:in `transaction'
/usr/local/rvm/gems/ruby-2.3.0/gems/activerecord-5.0.0.1/lib/active_record/transactions.rb:211:in `transaction'
/usr/local/rvm/gems/ruby-2.3.0/gems/activerecord-5.0.0.1/lib/active_record/transactions.rb:392:in `with_transaction_returning_status'
/usr/local/rvm/gems/ruby-2.3.0/gems/activerecord-5.0.0.1/lib/active_record/transactions.rb:319:in `block in save'
/usr/local/rvm/gems/ruby-2.3.0/gems/activerecord-5.0.0.1/lib/active_record/transactions.rb:334:in `rollback_active_record_state!'
/usr/local/rvm/gems/ruby-2.3.0/gems/activerecord-5.0.0.1/lib/active_record/transactions.rb:318:in `save'
/usr/local/rvm/gems/ruby-2.3.0/gems/activerecord-5.0.0.1/lib/active_record/suppressor.rb:41:in `save'
/usr/local/rvm/gems/ruby-2.3.0/gems/activerecord-5.0.0.1/lib/active_record/persistence.rb:266:in `block in update'
/usr/local/rvm/gems/ruby-2.3.0/gems/activerecord-5.0.0.1/lib/active_record/transactions.rb:395:in `block in with_transaction_returning_status'
/usr/local/rvm/gems/ruby-2.3.0/gems/activerecord-5.0.0.1/lib/active_record/connection_adapters/abstract/database_statements.rb:230:in `transaction'
/usr/local/rvm/gems/ruby-2.3.0/gems/activerecord-5.0.0.1/lib/active_record/transactions.rb:211:in `transaction'
/usr/local/rvm/gems/ruby-2.3.0/gems/activerecord-5.0.0.1/lib/active_record/transactions.rb:392:in `with_transaction_returning_status'
/usr/local/rvm/gems/ruby-2.3.0/gems/activerecord-5.0.0.1/lib/active_record/persistence.rb:264:in `update'
/home/ubuntu/workspace/matchme/app/models/match.rb:25:in `add_percent'
/usr/local/rvm/gems/ruby-2.3.0/gems/activesupport-5.0.0.1/lib/active_support/callbacks.rb:382:in `block in make_lambda'
/usr/local/rvm/gems/ruby-2.3.0/gems/activesupport-5.0.0.1/lib/active_support/callbacks.rb:207:in `block in halting_and_conditional'
/usr/local/rvm/gems/ruby-2.3.0/gems/activesupport-5.0.0.1/lib/active_support/callbacks.rb:456:in `block in call'
/usr/local/rvm/gems/ruby-2.3.0/gems/activesupport-5.0.0.1/lib/active_support/callbacks.rb:456:in `each'
/usr/local/rvm/gems/ruby-2.3.0/gems/activesupport-5.0.0.1/lib/active_support/callbacks.rb:456:in `call'
/usr/local/rvm/gems/ruby-2.3.0/gems/activesupport-5.0.0.1/lib/active_support/callbacks.rb:101:in `__run_callbacks__'
/usr/local/rvm/gems/ruby-2.3.0/gems/activesupport-5.0.0.1/lib/active_support/callbacks.rb:750:in `_run_save_callbacks'
/usr/local/rvm/gems/ruby-2.3.0/gems/activerecord-5.0.0.1/lib/active_record/callbacks.rb:298:in `create_or_update'
/usr/local/rvm/gems/ruby-2.3.0/gems/activerecord-5.0.0.1/lib/active_record/persistence.rb:125:in `save'
/usr/local/rvm/gems/ruby-2.3.0/gems/activerecord-5.0.0.1/lib/active_record/validations.rb:44:in `save'
/usr/local/rvm/gems/ruby-2.3.0/gems/activerecord-5.0.0.1/lib/active_record/attribute_methods/dirty.rb:22:in `save'
/usr/local/rvm/gems/ruby-2.3.0/gems/activerecord-5.0.0.1/lib/active_record/transactions.rb:319:in `block (2 levels) in save'
/usr/local/rvm/gems/ruby-2.3.0/gems/activerecord-5.0.0.1/lib/active_record/transactions.rb:395:in `block in with_transaction_returning_status'
/usr/local/rvm/gems/ruby-2.3.0/gems/activerecord-5.0.0.1/lib/active_record/connection_adapters/abstract/database_statements.rb:230:in `transaction'
/usr/local/rvm/gems/ruby-2.3.0/gems/activerecord-5.0.0.1/lib/active_record/transactions.rb:211:in `transaction'
/usr/local/rvm/gems/ruby-2.3.0/gems/activerecord-5.0.0.1/lib/active_record/transactions.rb:392:in `with_transaction_returning_status'
/usr/local/rvm/gems/ruby-2.3.0/gems/activerecord-5.0.0.1/lib/active_record/transactions.rb:319:in `block in save'
/usr/local/rvm/gems/ruby-2.3.0/gems/activerecord-5.0.0.1/lib/active_record/transactions.rb:334:in `rollback_active_record_state!'
/usr/local/rvm/gems/ruby-2.3.0/gems/activerecord-5.0.0.1/lib/active_record/transactions.rb:318:in `save'
/usr/local/rvm/gems/ruby-2.3.0/gems/activerecord-5.0.0.1/lib/active_record/suppressor.rb:41:in `save'
/usr/local/rvm/gems/ruby-2.3.0/gems/activerecord-5.0.0.1/lib/active_record/persistence.rb:266:in `block in update'
/usr/local/rvm/gems/ruby-2.3.0/gems/activerecord-5.0.0.1/lib/active_record/transactions.rb:395:in `block in with_transaction_returning_status'
/usr/local/rvm/gems/ruby-2.3.0/gems/activerecord-5.0.0.1/lib/active_record/connection_adapters/abstract/database_statements.rb:230:in `transaction'
/usr/local/rvm/gems/ruby-2.3.0/gems/activerecord-5.0.0.1/lib/active_record/transactions.rb:211:in `transaction'
/usr/local/rvm/gems/ruby-2.3.0/gems/activerecord-5.0.0.1/lib/active_record/transactions.rb:392:in `with_transaction_returning_status'
/usr/local/rvm/gems/ruby-2.3.0/gems/activerecord-5.0.0.1/lib/active_record/persistence.rb:264:in `update'
/home/ubuntu/workspace/matchme/app/models/match.rb:25:in `add_percent'
/usr/local/rvm/gems/ruby-2.3.0/gems/activesupport-5.0.0.1/lib/active_support/callbacks.rb:382:in `block in make_lambda'
/usr/local/rvm/gems/ruby-2.3.0/gems/activesupport-5.0.0.1/lib/active_support/callbacks.rb:207:in `block in halting_and_conditional'
/usr/local/rvm/gems/ruby-2.3.0/gems/activesupport-5.0.0.1/lib/active_support/callbacks.rb:456:in `block in call'
/usr/local/rvm/gems/ruby-2.3.0/gems/activesupport-5.0.0.1/lib/active_support/callbacks.rb:456:in `each'
/usr/local/rvm/gems/ruby-2.3.0/gems/activesupport-5.0.0.1/lib/active_support/callbacks.rb:456:in `call'
/usr/local/rvm/gems/ruby-2.3.0/gems/activesupport-5.0.0.1/lib/active_support/callbacks.rb:101:in `__run_callbacks__'
/usr/local/rvm/gems/ruby-2.3.0/gems/activesupport-5.0.0.1/lib/active_support/callbacks.rb:750:in `_run_save_callbacks'
/usr/local/rvm/gems/ruby-2.3.0/gems/activerecord-5.0.0.1/lib/active_record/callbacks.rb:298:in `create_or_update'
/usr/local/rvm/gems/ruby-2.3.0/gems/activerecord-5.0.0.1/lib/active_record/persistence.rb:125:in `save'
/usr/local/rvm/gems/ruby-2.3.0/gems/activerecord-5.0.0.1/lib/active_record/validations.rb:44:in `save'
/usr/local/rvm/gems/ruby-2.3.0/gems/activerecord-5.0.0.1/lib/active_record/attribute_methods/dirty.rb:22:in `save'
/usr/local/rvm/gems/ruby-2.3.0/gems/activerecord-5.0.0.1/lib/active_record/transactions.rb:319:in `block (2 levels) in save'
/usr/local/rvm/gems/ruby-2.3.0/gems/activerecord-5.0.0.1/lib/active_record/transactions.rb:395:in `block in with_transaction_returning_status'
/usr/local/rvm/gems/ruby-2.3.0/gems/activerecord-5.0.0.1/lib/active_record/connection_adapters/abstract/database_statements.rb:230:in `transaction'
/usr/local/rvm/gems/ruby-2.3.0/gems/activerecord-5.0.0.1/lib/active_record/transactions.rb:211:in `transaction'
/usr/local/rvm/gems/ruby-2.3.0/gems/activerecord-5.0.0.1/lib/active_record/transactions.rb:392:in `with_transaction_returning_status'
/usr/local/rvm/gems/ruby-2.3.0/gems/activerecord-5.0.0.1/lib/active_record/transactions.rb:319:in `block in save'
/usr/local/rvm/gems/ruby-2.3.0/gems/activerecord-5.0.0.1/lib/active_record/transactions.rb:334:in `rollback_active_record_state!'
/usr/local/rvm/gems/ruby-2.3.0/gems/activerecord-5.0.0.1/lib/active_record/transactions.rb:318:in `save'
/usr/local/rvm/gems/ruby-2.3.0/gems/activerecord-5.0.0.1/lib/active_record/suppressor.rb:41:in `save'
/usr/local/rvm/gems/ruby-2.3.0/gems/activerecord-5.0.0.1/lib/active_record/persistence.rb:266:in `block in update'
/usr/local/rvm/gems/ruby-2.3.0/gems/activerecord-5.0.0.1/lib/active_record/transactions.rb:395:in `block in with_transaction_returning_status'
/usr/local/rvm/gems/ruby-2.3.0/gems/activerecord-5.0.0.1/lib/active_record/connection_adapters/abstract/database_statements.rb:230:in `transaction'
/usr/local/rvm/gems/ruby-2.3.0/gems/activerecord-5.0.0.1/lib/active_record/transactions.rb:211:in `transaction'
/usr/local/rvm/gems/ruby-2.3.0/gems/activerecord-5.0.0.1/lib/active_record/transactions.rb:392:in `with_transaction_returning_status'
/usr/local/rvm/gems/ruby-2.3.0/gems/activerecord-5.0.0.1/lib/active_record/persistence.rb:264:in `update'
/home/ubuntu/workspace/matchme/app/models/match.rb:25:in `add_percent'
/usr/local/rvm/gems/ruby-2.3.0/gems/activesupport-5.0.0.1/lib/active_support/callbacks.rb:382:in `block in make_lambda'
/usr/local/rvm/gems/ruby-2.3.0/gems/activesupport-5.0.0.1/lib/active_support/callbacks.rb:207:in `block in halting_and_conditional'
/usr/local/rvm/gems/ruby-2.3.0/gems/activesupport-5.0.0.1/lib/active_support/callbacks.rb:456:in `block in call'
/usr/local/rvm/gems/ruby-2.3.0/gems/activesupport-5.0.0.1/lib/active_support/callbacks.rb:456:in `each'
/usr/local/rvm/gems/ruby-2.3.0/gems/activesupport-5.0.0.1/lib/active_support/callbacks.rb:456:in `call'
/usr/local/rvm/gems/ruby-2.3.0/gems/activesupport-5.0.0.1/lib/active_support/callbacks.rb:101:in `__run_callbacks__'
/usr/local/rvm/gems/ruby-2.3.0/gems/activesupport-5.0.0.1/lib/active_support/callbacks.rb:750:in `_run_save_callbacks'
/usr/local/rvm/gems/ruby-2.3.0/gems/activerecord-5.0.0.1/lib/active_record/callbacks.rb:298:in `create_or_update'
/usr/local/rvm/gems/ruby-2.3.0/gems/activerecord-5.0.0.1/lib/active_record/persistence.rb:125:in `save'
/usr/local/rvm/gems/ruby-2.3.0/gems/activerecord-5.0.0.1/lib/active_record/validations.rb:44:in `save'
/usr/local/rvm/gems/ruby-2.3.0/gems/activerecord-5.0.0.1/lib/active_record/attribute_methods/dirty.rb:22:in `save'
/usr/local/rvm/gems/ruby-2.3.0/gems/activerecord-5.0.0.1/lib/active_record/transactions.rb:319:in `block (2 levels) in save'
/usr/local/rvm/gems/ruby-2.3.0/gems/activerecord-5.0.0.1/lib/active_record/transactions.rb:395:in `block in with_transaction_returning_status'
/usr/local/rvm/gems/ruby-2.3.0/gems/activerecord-5.0.0.1/lib/active_record/connection_adapters/abstract/database_statements.rb:230:in `transaction'
/usr/local/rvm/gems/ruby-2.3.0/gems/activerecord-5.0.0.1/lib/active_record/transactions.rb:211:in `transaction'
/usr/local/rvm/gems/ruby-2.3.0/gems/activerecord-5.0.0.1/lib/active_record/transactions.rb:392:in `with_transaction_returning_status'
/usr/local/rvm/gems/ruby-2.3.0/gems/activerecord-5.0.0.1/lib/active_record/transactions.rb:319:in `block in save'
/usr/local/rvm/gems/ruby-2.3.0/gems/activerecord-5.0.0.1/lib/active_record/transactions.rb:334:in `rollback_active_record_state!'
/usr/local/rvm/gems/ruby-2.3.0/gems/activerecord-5.0.0.1/lib/active_record/transactions.rb:318:in `save'
/usr/local/rvm/gems/ruby-2.3.0/gems/activerecord-5.0.0.1/lib/active_record/suppressor.rb:41:in `save'
/usr/local/rvm/gems/ruby-2.3.0/gems/activerecord-5.0.0.1/lib/active_record/persistence.rb:266:in `block in update'
/usr/local/rvm/gems/ruby-2.3.0/gems/activerecord-5.0.0.1/lib/active_record/transactions.rb:395:in `block in with_transaction_returning_status'
/usr/local/rvm/gems/ruby-2.3.0/gems/activerecord-5.0.0.1/lib/active_record/connection_adapters/abstract/database_statements.rb:230:in `transaction'
/usr/local/rvm/gems/ruby-2.3.0/gems/activerecord-5.0.0.1/lib/active_record/transactions.rb:211:in `transaction'
/usr/local/rvm/gems/ruby-2.3.0/gems/activerecord-5.0.0.1/lib/active_record/transactions.rb:392:in `with_transaction_returning_status'
/usr/local/rvm/gems/ruby-2.3.0/gems/activerecord-5.0.0.1/lib/active_record/persistence.rb:264:in `update'
/home/ubuntu/workspace/matchme/app/models/match.rb:25:in `add_percent'
/usr/local/rvm/gems/ruby-2.3.0/gems/activesupport-5.0.0.1/lib/active_support/callbacks.rb:382:in `block in make_lambda'
/usr/local/rvm/gems/ruby-2.3.0/gems/activesupport-5.0.0.1/lib/active_support/callbacks.rb:207:in `block in halting_and_conditional'
/usr/local/rvm/gems/ruby-2.3.0/gems/activesupport-5.0.0.1/lib/active_support/callbacks.rb:456:in `block in call'
/usr/local/rvm/gems/ruby-2.3.0/gems/activesupport-5.0.0.1/lib/active_support/callbacks.rb:456:in `each'
/usr/local/rvm/gems/ruby-2.3.0/gems/activesupport-5.0.0.1/lib/active_support/callbacks.rb:456:in `call'
/usr/local/rvm/gems/ruby-2.3.0/gems/activesupport-5.0.0.1/lib/active_support/callbacks.rb:101:in `__run_callbacks__'
/usr/local/rvm/gems/ruby-2.3.0/gems/activesupport-5.0.0.1/lib/active_support/callbacks.rb:750:in `_run_save_callbacks'
/usr/local/rvm/gems/ruby-2.3.0/gems/activerecord-5.0.0.1/lib/active_record/callbacks.rb:298:in `create_or_update'
/usr/local/rvm/gems/ruby-2.3.0/gems/activerecord-5.0.0.1/lib/active_record/persistence.rb:125:in `save'
/usr/local/rvm/gems/ruby-2.3.0/gems/activerecord-5.0.0.1/lib/active_record/validations.rb:44:in `save'
/usr/local/rvm/gems/ruby-2.3.0/gems/activerecord-5.0.0.1/lib/active_record/attribute_methods/dirty.rb:22:in `save'
/usr/local/rvm/gems/ruby-2.3.0/gems/activerecord-5.0.0.1/lib/active_record/transactions.rb:319:in `block (2 levels) in save'
/usr/local/rvm/gems/ruby-2.3.0/gems/activerecord-5.0.0.1/lib/active_record/transactions.rb:395:in `block in with_transaction_returning_status'
/usr/local/rvm/gems/ruby-2.3.0/gems/activerecord-5.0.0.1/lib/active_record/connection_adapters/abstract/database_statements.rb:230:in `transaction'
/usr/local/rvm/gems/ruby-2.3.0/gems/activerecord-5.0.0.1/lib/active_record/transactions.rb:211:in `transaction'
/usr/local/rvm/gems/ruby-2.3.0/gems/activerecord-5.0.0.1/lib/active_record/transactions.rb:392:in `with_transaction_returning_status'
/usr/local/rvm/gems/ruby-2.3.0/gems/activerecord-5.0.0.1/lib/active_record/transactions.rb:319:in `block in save'
/usr/local/rvm/gems/ruby-2.3.0/gems/activerecord-5.0.0.1/lib/active_record/transactions.rb:334:in `rollback_active_record_state!'
/usr/local/rvm/gems/ruby-2.3.0/gems/activerecord-5.0.0.1/lib/active_record/transactions.rb:318:in `save'
/usr/local/rvm/gems/ruby-2.3.0/gems/activerecord-5.0.0.1/lib/active_record/suppressor.rb:41:in `save'
/usr/local/rvm/gems/ruby-2.3.0/gems/activerecord-5.0.0.1/lib/active_record/persistence.rb:266:in `block in update'
/usr/local/rvm/gems/ruby-2.3.0/gems/activerecord-5.0.0.1/lib/active_record/transactions.rb:395:in `block in with_transaction_returning_status'
/usr/local/rvm/gems/ruby-2.3.0/gems/activerecord-5.0.0.1/lib/active_record/connection_adapters/abstract/database_statements.rb:230:in `transaction'
/usr/local/rvm/gems/ruby-2.3.0/gems/activerecord-5.0.0.1/lib/active_record/transactions.rb:211:in `transaction'
/usr/local/rvm/gems/ruby-2.3.0/gems/activerecord-5.0.0.1/lib/active_record/transactions.rb:392:in `with_transaction_returning_status'
/usr/local/rvm/gems/ruby-2.3.0/gems/activerecord-5.0.0.1/lib/active_record/persistence.rb:264:in `update'
/home/ubuntu/workspace/matchme/app/models/match.rb:25:in `add_percent'
/usr/local/rvm/gems/ruby-2.3.0/gems/activesupport-5.0.0.1/lib/active_support/callbacks.rb:382:in `block in make_lambda'
/usr/local/rvm/gems/ruby-2.3.0/gems/activesupport-5.0.0.1/lib/active_support/callbacks.rb:207:in `block in halting_and_conditional'
/usr/local/rvm/gems/ruby-2.3.0/gems/activesupport-5.0.0.1/lib/active_support/callbacks.rb:456:in `block in call'
/usr/local/rvm/gems/ruby-2.3.0/gems/activesupport-5.0.0.1/lib/active_support/callbacks.rb:456:in `each'
/usr/local/rvm/gems/ruby-2.3.0/gems/activesupport-5.0.0.1/lib/active_support/callbacks.rb:456:in `call'
/usr/local/rvm/gems/ruby-2.3.0/gems/activesupport-5.0.0.1/lib/active_support/callbacks.rb:101:in `__run_callbacks__'
/usr/local/rvm/gems/ruby-2.3.0/gems/activesupport-5.0.0.1/lib/active_support/callbacks.rb:750:in `_run_save_callbacks'
/usr/local/rvm/gems/ruby-2.3.0/gems/activerecord-5.0.0.1/lib/active_record/callbacks.rb:298:in `create_or_update'
/usr/local/rvm/gems/ruby-2.3.0/gems/activerecord-5.0.0.1/lib/active_record/persistence.rb:125:in `save'
/usr/local/rvm/gems/ruby-2.3.0/gems/activerecord-5.0.0.1/lib/active_record/validations.rb:44:in `save'
/usr/local/rvm/gems/ruby-2.3.0/gems/activerecord-5.0.0.1/lib/active_record/attribute_methods/dirty.rb:22:in `save'
/usr/local/rvm/gems/ruby-2.3.0/gems/activerecord-5.0.0.1/lib/active_record/transactions.rb:319:in `block (2 levels) in save'
/usr/local/rvm/gems/ruby-2.3.0/gems/activerecord-5.0.0.1/lib/active_record/transactions.rb:395:in `block in with_transaction_returning_status'
/usr/local/rvm/gems/ruby-2.3.0/gems/activerecord-5.0.0.1/lib/active_record/connection_adapters/abstract/database_statements.rb:230:in `transaction'
/usr/local/rvm/gems/ruby-2.3.0/gems/activerecord-5.0.0.1/lib/active_record/transactions.rb:211:in `transaction'
/usr/local/rvm/gems/ruby-2.3.0/gems/activerecord-5.0.0.1/lib/active_record/transactions.rb:392:in `with_transaction_returning_status'
/usr/local/rvm/gems/ruby-2.3.0/gems/activerecord-5.0.0.1/lib/active_record/transactions.rb:319:in `block in save'
/usr/local/rvm/gems/ruby-2.3.0/gems/activerecord-5.0.0.1/lib/active_record/transactions.rb:334:in `rollback_active_record_state!'
/usr/local/rvm/gems/ruby-2.3.0/gems/activerecord-5.0.0.1/lib/active_record/transactions.rb:318:in `save'
/usr/local/rvm/gems/ruby-2.3.0/gems/activerecord-5.0.0.1/lib/active_record/suppressor.rb:41:in `save'
/usr/local/rvm/gems/ruby-2.3.0/gems/activerecord-5.0.0.1/lib/active_record/persistence.rb:266:in `block in update'
/usr/local/rvm/gems/ruby-2.3.0/gems/activerecord-5.0.0.1/lib/active_record/transactions.rb:395:in `block in with_transaction_returning_status'
/usr/local/rvm/gems/ruby-2.3.0/gems/activerecord-5.0.0.1/lib/active_record/connection_adapters/abstract/database_statements.rb:230:in `transaction'
/usr/local/rvm/gems/ruby-2.3.0/gems/activerecord-5.0.0.1/lib/active_record/transactions.rb:211:in `transaction'
/usr/local/rvm/gems/ruby-2.3.0/gems/activerecord-5.0.0.1/lib/active_record/transactions.rb:392:in `with_transaction_returning_status'
/usr/local/rvm/gems/ruby-2.3.0/gems/activerecord-5.0.0.1/lib/active_record/persistence.rb:264:in `update'
/home/ubuntu/workspace/matchme/app/models/match.rb:25:in `add_percent'
/usr/local/rvm/gems/ruby-2.3.0/gems/activesupport-5.0.0.1/lib/active_support/callbacks.rb:382:in `block in make_lambda'
/usr/local/rvm/gems/ruby-2.3.0/gems/activesupport-5.0.0.1/lib/active_support/callbacks.rb:207:in `block in halting_and_conditional'
/usr/local/rvm/gems/ruby-2.3.0/gems/activesupport-5.0.0.1/lib/active_support/callbacks.rb:456:in `block in call'
/usr/local/rvm/gems/ruby-2.3.0/gems/activesupport-5.0.0.1/lib/active_support/callbacks.rb:456:in `each'
/usr/local/rvm/gems/ruby-2.3.0/gems/activesupport-5.0.0.1/lib/active_support/callbacks.rb:456:in `call'
/usr/local/rvm/gems/ruby-2.3.0/gems/activesupport-5.0.0.1/lib/active_support/callbacks.rb:101:in `__run_callbacks__'
/usr/local/rvm/gems/ruby-2.3.0/gems/activesupport-5.0.0.1/lib/active_support/callbacks.rb:750:in `_run_save_callbacks'
/usr/local/rvm/gems/ruby-2.3.0/gems/activerecord-5.0.0.1/lib/active_record/callbacks.rb:298:in `create_or_update'
/usr/local/rvm/gems/ruby-2.3.0/gems/activerecord-5.0.0.1/lib/active_record/persistence.rb:125:in `save'
/usr/local/rvm/gems/ruby-2.3.0/gems/activerecord-5.0.0.1/lib/active_record/validations.rb:44:in `save'
/usr/local/rvm/gems/ruby-2.3.0/gems/activerecord-5.0.0.1/lib/active_record/attribute_methods/dirty.rb:22:in `save'
/usr/local/rvm/gems/ruby-2.3.0/gems/activerecord-5.0.0.1/lib/active_record/transactions.rb:319:in `block (2 levels) in save'
/usr/local/rvm/gems/ruby-2.3.0/gems/activerecord-5.0.0.1/lib/active_record/transactions.rb:395:in `block in with_transaction_returning_status'
/usr/local/rvm/gems/ruby-2.3.0/gems/activerecord-5.0.0.1/lib/active_record/connection_adapters/abstract/database_statements.rb:230:in `transaction'
/usr/local/rvm/gems/ruby-2.3.0/gems/activerecord-5.0.0.1/lib/active_record/transactions.rb:211:in `transaction'
/usr/local/rvm/gems/ruby-2.3.0/gems/activerecord-5.0.0.1/lib/active_record/transactions.rb:392:in `with_transaction_returning_status'
/usr/local/rvm/gems/ruby-2.3.0/gems/activerecord-5.0.0.1/lib/active_record/transactions.rb:319:in `block in save'
/usr/local/rvm/gems/ruby-2.3.0/gems/activerecord-5.0.0.1/lib/active_record/transactions.rb:334:in `rollback_active_record_state!'
/usr/local/rvm/gems/ruby-2.3.0/gems/activerecord-5.0.0.1/lib/active_record/transactions.rb:318:in `save'
/usr/local/rvm/gems/ruby-2.3.0/gems/activerecord-5.0.0.1/lib/active_record/suppressor.rb:41:in `save'
/usr/local/rvm/gems/ruby-2.3.0/gems/activerecord-5.0.0.1/lib/active_record/persistence.rb:266:in `block in update'
/usr/local/rvm/gems/ruby-2.3.0/gems/activerecord-5.0.0.1/lib/active_record/transactions.rb:395:in `block in with_transaction_returning_status'
/usr/local/rvm/gems/ruby-2.3.0/gems/activerecord-5.0.0.1/lib/active_record/connection_adapters/abstract/database_statements.rb:230:in `transaction'
/usr/local/rvm/gems/ruby-2.3.0/gems/activerecord-5.0.0.1/lib/active_record/transactions.rb:211:in `transaction'
/usr/local/rvm/gems/ruby-2.3.0/gems/activerecord-5.0.0.1/lib/active_record/transactions.rb:392:in `with_transaction_returning_status'
/usr/local/rvm/gems/ruby-2.3.0/gems/activerecord-5.0.0.1/lib/active_record/persistence.rb:264:in `update'
/home/ubuntu/workspace/matchme/app/models/match.rb:25:in `add_percent'
/usr/local/rvm/gems/ruby-2.3.0/gems/activesupport-5.0.0.1/lib/active_support/callbacks.rb:382:in `block in make_lambda'
/usr/local/rvm/gems/ruby-2.3.0/gems/activesupport-5.0.0.1/lib/active_support/callbacks.rb:207:in `block in halting_and_conditional'
/usr/local/rvm/gems/ruby-2.3.0/gems/activesupport-5.0.0.1/lib/active_support/callbacks.rb:456:in `block in call'
/usr/local/rvm/gems/ruby-2.3.0/gems/activesupport-5.0.0.1/lib/active_support/callbacks.rb:456:in `each'
/usr/local/rvm/gems/ruby-2.3.0/gems/activesupport-5.0.0.1/lib/active_support/callbacks.rb:456:in `call'
/usr/local/rvm/gems/ruby-2.3.0/gems/activesupport-5.0.0.1/lib/active_support/callbacks.rb:101:in `__run_callbacks__'
/usr/local/rvm/gems/ruby-2.3.0/gems/activesupport-5.0.0.1/lib/active_support/callbacks.rb:750:in `_run_save_callbacks'
/usr/local/rvm/gems/ruby-2.3.0/gems/activerecord-5.0.0.1/lib/active_record/callbacks.rb:298:in `create_or_update'
/usr/local/rvm/gems/ruby-2.3.0/gems/activerecord-5.0.0.1/lib/active_record/persistence.rb:125:in `save'
/usr/local/rvm/gems/ruby-2.3.0/gems/activerecord-5.0.0.1/lib/active_record/validations.rb:44:in `save'
/usr/local/rvm/gems/ruby-2.3.0/gems/activerecord-5.0.0.1/lib/active_record/attribute_methods/dirty.rb:22:in `save'
/usr/local/rvm/gems/ruby-2.3.0/gems/activerecord-5.0.0.1/lib/active_record/transactions.rb:319:in `block (2 levels) in save'
/usr/local/rvm/gems/ruby-2.3.0/gems/activerecord-5.0.0.1/lib/active_record/transactions.rb:395:in `block in with_transaction_returning_status'
/usr/local/rvm/gems/ruby-2.3.0/gems/activerecord-5.0.0.1/lib/active_record/connection_adapters/abstract/database_statements.rb:230:in `transaction'
/usr/local/rvm/gems/ruby-2.3.0/gems/activerecord-5.0.0.1/lib/active_record/transactions.rb:211:in `transaction'
/usr/local/rvm/gems/ruby-2.3.0/gems/activerecord-5.0.0.1/lib/active_record/transactions.rb:392:in `with_transaction_returning_status'
/usr/local/rvm/gems/ruby-2.3.0/gems/activerecord-5.0.0.1/lib/active_record/transactions.rb:319:in `block in save'
/usr/local/rvm/gems/ruby-2.3.0/gems/activerecord-5.0.0.1/lib/active_record/transactions.rb:334:in `rollback_active_record_state!'
/usr/local/rvm/gems/ruby-2.3.0/gems/activerecord-5.0.0.1/lib/active_record/transactions.rb:318:in `save'
/usr/local/rvm/gems/ruby-2.3.0/gems/activerecord-5.0.0.1/lib/active_record/suppressor.rb:41:in `save'
/usr/local/rvm/gems/ruby-2.3.0/gems/activerecord-5.0.0.1/lib/active_record/persistence.rb:266:in `block in update'
/usr/local/rvm/gems/ruby-2.3.0/gems/activerecord-5.0.0.1/lib/active_record/transactions.rb:395:in `block in with_transaction_returning_status'
/usr/local/rvm/gems/ruby-2.3.0/gems/activerecord-5.0.0.1/lib/active_record/connection_adapters/abstract/database_statements.rb:230:in `transaction'
/usr/local/rvm/gems/ruby-2.3.0/gems/activerecord-5.0.0.1/lib/active_record/transactions.rb:211:in `transaction'
/usr/local/rvm/gems/ruby-2.3.0/gems/activerecord-5.0.0.1/lib/active_record/transactions.rb:392:in `with_transaction_returning_status'
/usr/local/rvm/gems/ruby-2.3.0/gems/activerecord-5.0.0.1/lib/active_record/persistence.rb:264:in `update'
/home/ubuntu/workspace/matchme/app/models/match.rb:25:in `add_percent'
/usr/local/rvm/gems/ruby-2.3.0/gems/activesupport-5.0.0.1/lib/active_support/callbacks.rb:382:in `block in make_lambda'
/usr/local/rvm/gems/ruby-2.3.0/gems/activesupport-5.0.0.1/lib/active_support/callbacks.rb:207:in `block in halting_and_conditional'
/usr/local/rvm/gems/ruby-2.3.0/gems/activesupport-5.0.0.1/lib/active_support/callbacks.rb:456:in `block in call'
/usr/local/rvm/gems/ruby-2.3.0/gems/activesupport-5.0.0.1/lib/active_support/callbacks.rb:456:in `each'
/usr/local/rvm/gems/ruby-2.3.0/gems/activesupport-5.0.0.1/lib/active_support/callbacks.rb:456:in `call'
/usr/local/rvm/gems/ruby-2.3.0/gems/activesupport-5.0.0.1/lib/active_support/callbacks.rb:101:in `__run_callbacks__'
/usr/local/rvm/gems/ruby-2.3.0/gems/activesupport-5.0.0.1/lib/active_support/callbacks.rb:750:in `_run_save_callbacks'
/usr/local/rvm/gems/ruby-2.3.0/gems/activerecord-5.0.0.1/lib/active_record/callbacks.rb:298:in `create_or_update'
/usr/local/rvm/gems/ruby-2.3.0/gems/activerecord-5.0.0.1/lib/active_record/persistence.rb:125:in `save'
/usr/local/rvm/gems/ruby-2.3.0/gems/activerecord-5.0.0.1/lib/active_record/validations.rb:44:in `save'
/usr/local/rvm/gems/ruby-2.3.0/gems/activerecord-5.0.0.1/lib/active_record/attribute_methods/dirty.rb:22:in `save'
/usr/local/rvm/gems/ruby-2.3.0/gems/activerecord-5.0.0.1/lib/active_record/transactions.rb:319:in `block (2 levels) in save'
/usr/local/rvm/gems/ruby-2.3.0/gems/activerecord-5.0.0.1/lib/active_record/transactions.rb:395:in `block in with_transaction_returning_status'
/usr/local/rvm/gems/ruby-2.3.0/gems/activerecord-5.0.0.1/lib/active_record/connection_adapters/abstract/database_statements.rb:230:in `transaction'
/usr/local/rvm/gems/ruby-2.3.0/gems/activerecord-5.0.0.1/lib/active_record/transactions.rb:211:in `transaction'
/usr/local/rvm/gems/ruby-2.3.0/gems/activerecord-5.0.0.1/lib/active_record/transactions.rb:392:in `with_transaction_returning_status'
/usr/local/rvm/gems/ruby-2.3.0/gems/activerecord-5.0.0.1/lib/active_record/transactions.rb:319:in `block in save'
/usr/local/rvm/gems/ruby-2.3.0/gems/activerecord-5.0.0.1/lib/active_record/transactions.rb:334:in `rollback_active_record_state!'
/usr/local/rvm/gems/ruby-2.3.0/gems/activerecord-5.0.0.1/lib/active_record/transactions.rb:318:in `save'
/usr/local/rvm/gems/ruby-2.3.0/gems/activerecord-5.0.0.1/lib/active_record/suppressor.rb:41:in `save'
/usr/local/rvm/gems/ruby-2.3.0/gems/activerecord-5.0.0.1/lib/active_record/persistence.rb:266:in `block in update'
/usr/local/rvm/gems/ruby-2.3.0/gems/activerecord-5.0.0.1/lib/active_record/transactions.rb:395:in `block in with_transaction_returning_status'
/usr/local/rvm/gems/ruby-2.3.0/gems/activerecord-5.0.0.1/lib/active_record/connection_adapters/abstract/database_statements.rb:230:in `transaction'
/usr/local/rvm/gems/ruby-2.3.0/gems/activerecord-5.0.0.1/lib/active_record/transactions.rb:211:in `transaction'
/usr/local/rvm/gems/ruby-2.3.0/gems/activerecord-5.0.0.1/lib/active_record/transactions.rb:392:in `with_transaction_returning_status'
/usr/local/rvm/gems/ruby-2.3.0/gems/activerecord-5.0.0.1/lib/active_record/persistence.rb:264:in `update'
/home/ubuntu/workspace/matchme/app/models/match.rb:25:in `add_percent'
/usr/local/rvm/gems/ruby-2.3.0/gems/activesupport-5.0.0.1/lib/active_support/callbacks.rb:382:in `block in make_lambda'
/usr/local/rvm/gems/ruby-2.3.0/gems/activesupport-5.0.0.1/lib/active_support/callbacks.rb:207:in `block in halting_and_conditional'
/usr/local/rvm/gems/ruby-2.3.0/gems/activesupport-5.0.0.1/lib/active_support/callbacks.rb:456:in `block in call'
/usr/local/rvm/gems/ruby-2.3.0/gems/activesupport-5.0.0.1/lib/active_support/callbacks.rb:456:in `each'
/usr/local/rvm/gems/ruby-2.3.0/gems/activesupport-5.0.0.1/lib/active_support/callbacks.rb:456:in `call'
/usr/local/rvm/gems/ruby-2.3.0/gems/activesupport-5.0.0.1/lib/active_support/callbacks.rb:101:in `__run_callbacks__'
/usr/local/rvm/gems/ruby-2.3.0/gems/activesupport-5.0.0.1/lib/active_support/callbacks.rb:750:in `_run_save_callbacks'
/usr/local/rvm/gems/ruby-2.3.0/gems/activerecord-5.0.0.1/lib/active_record/callbacks.rb:298:in `create_or_update'
/usr/local/rvm/gems/ruby-2.3.0/gems/activerecord-5.0.0.1/lib/active_record/persistence.rb:125:in `save'
/usr/local/rvm/gems/ruby-2.3.0/gems/activerecord-5.0.0.1/lib/active_record/validations.rb:44:in `save'
/usr/local/rvm/gems/ruby-2.3.0/gems/activerecord-5.0.0.1/lib/active_record/attribute_methods/dirty.rb:22:in `save'
/usr/local/rvm/gems/ruby-2.3.0/gems/activerecord-5.0.0.1/lib/active_record/transactions.rb:319:in `block (2 levels) in save'
/usr/local/rvm/gems/ruby-2.3.0/gems/activerecord-5.0.0.1/lib/active_record/transactions.rb:395:in `block in with_transaction_returning_status'
/usr/local/rvm/gems/ruby-2.3.0/gems/activerecord-5.0.0.1/lib/active_record/connection_adapters/abstract/database_statements.rb:230:in `transaction'
/usr/local/rvm/gems/ruby-2.3.0/gems/activerecord-5.0.0.1/lib/active_record/transactions.rb:211:in `transaction'
/usr/local/rvm/gems/ruby-2.3.0/gems/activerecord-5.0.0.1/lib/active_record/transactions.rb:392:in `with_transaction_returning_status'
/usr/local/rvm/gems/ruby-2.3.0/gems/activerecord-5.0.0.1/lib/active_record/transactions.rb:319:in `block in save'
/usr/local/rvm/gems/ruby-2.3.0/gems/activerecord-5.0.0.1/lib/active_record/transactions.rb:334:in `rollback_active_record_state!'
/usr/local/rvm/gems/ruby-2.3.0/gems/activerecord-5.0.0.1/lib/active_record/transactions.rb:318:in `save'
/usr/local/rvm/gems/ruby-2.3.0/gems/activerecord-5.0.0.1/lib/active_record/suppressor.rb:41:in `save'
/usr/local/rvm/gems/ruby-2.3.0/gems/activerecord-5.0.0.1/lib/active_record/persistence.rb:266:in `block in update'
/usr/local/rvm/gems/ruby-2.3.0/gems/activerecord-5.0.0.1/lib/active_record/transactions.rb:395:in `block in with_transaction_returning_status'
/usr/local/rvm/gems/ruby-2.3.0/gems/activerecord-5.0.0.1/lib/active_record/connection_adapters/abstract/database_statements.rb:230:in `transaction'
/usr/local/rvm/gems/ruby-2.3.0/gems/activerecord-5.0.0.1/lib/active_record/transactions.rb:211:in `transaction'
/usr/local/rvm/gems/ruby-2.3.0/gems/activerecord-5.0.0.1/lib/active_record/transactions.rb:392:in `with_transaction_returning_status'
/usr/local/rvm/gems/ruby-2.3.0/gems/activerecord-5.0.0.1/lib/active_record/persistence.rb:264:in `update'
/home/ubuntu/workspace/matchme/app/models/match.rb:25:in `add_percent'
/usr/local/rvm/gems/ruby-2.3.0/gems/activesupport-5.0.0.1/lib/active_support/callbacks.rb:382:in `block in make_lambda'
/usr/local/rvm/gems/ruby-2.3.0/gems/activesupport-5.0.0.1/lib/active_support/callbacks.rb:207:in `block in halting_and_conditional'
/usr/local/rvm/gems/ruby-2.3.0/gems/activesupport-5.0.0.1/lib/active_support/callbacks.rb:456:in `block in call'
/usr/local/rvm/gems/ruby-2.3.0/gems/activesupport-5.0.0.1/lib/active_support/callbacks.rb:456:in `each'
/usr/local/rvm/gems/ruby-2.3.0/gems/activesupport-5.0.0.1/lib/active_support/callbacks.rb:456:in `call'
/usr/local/rvm/gems/ruby-2.3.0/gems/activesupport-5.0.0.1/lib/active_support/callbacks.rb:101:in `__run_callbacks__'
/usr/local/rvm/gems/ruby-2.3.0/gems/activesupport-5.0.0.1/lib/active_support/callbacks.rb:750:in `_run_save_callbacks'
/usr/local/rvm/gems/ruby-2.3.0/gems/activerecord-5.0.0.1/lib/active_record/callbacks.rb:298:in `create_or_update'
/usr/local/rvm/gems/ruby-2.3.0/gems/activerecord-5.0.0.1/lib/active_record/persistence.rb:125:in `save'
/usr/local/rvm/gems/ruby-2.3.0/gems/activerecord-5.0.0.1/lib/active_record/validations.rb:44:in `save'
/usr/local/rvm/gems/ruby-2.3.0/gems/activerecord-5.0.0.1/lib/active_record/attribute_methods/dirty.rb:22:in `save'
/usr/local/rvm/gems/ruby-2.3.0/gems/activerecord-5.0.0.1/lib/active_record/transactions.rb:319:in `block (2 levels) in save'
/usr/local/rvm/gems/ruby-2.3.0/gems/activerecord-5.0.0.1/lib/active_record/transactions.rb:395:in `block in with_transaction_returning_status'
/usr/local/rvm/gems/ruby-2.3.0/gems/activerecord-5.0.0.1/lib/active_record/connection_adapters/abstract/database_statements.rb:230:in `transaction'
/usr/local/rvm/gems/ruby-2.3.0/gems/activerecord-5.0.0.1/lib/active_record/transactions.rb:211:in `transaction'
/usr/local/rvm/gems/ruby-2.3.0/gems/activerecord-5.0.0.1/lib/active_record/transactions.rb:392:in `with_transaction_returning_status'
/usr/local/rvm/gems/ruby-2.3.0/gems/activerecord-5.0.0.1/lib/active_record/transactions.rb:319:in `block in save'
/usr/local/rvm/gems/ruby-2.3.0/gems/activerecord-5.0.0.1/lib/active_record/transactions.rb:334:in `rollback_active_record_state!'
/usr/local/rvm/gems/ruby-2.3.0/gems/activerecord-5.0.0.1/lib/active_record/transactions.rb:318:in `save'
/usr/local/rvm/gems/ruby-2.3.0/gems/activerecord-5.0.0.1/lib/active_record/suppressor.rb:41:in `save'
/usr/local/rvm/gems/ruby-2.3.0/gems/activerecord-5.0.0.1/lib/active_record/persistence.rb:266:in `block in update'
/usr/local/rvm/gems/ruby-2.3.0/gems/activerecord-5.0.0.1/lib/active_record/transactions.rb:395:in `block in with_transaction_returning_status'
/usr/local/rvm/gems/ruby-2.3.0/gems/activerecord-5.0.0.1/lib/active_record/connection_adapters/abstract/database_statements.rb:230:in `transaction'
/usr/local/rvm/gems/ruby-2.3.0/gems/activerecord-5.0.0.1/lib/active_record/transactions.rb:211:in `transaction'
/usr/local/rvm/gems/ruby-2.3.0/gems/activerecord-5.0.0.1/lib/active_record/transactions.rb:392:in `with_transaction_returning_status'
/usr/local/rvm/gems/ruby-2.3.0/gems/activerecord-5.0.0.1/lib/active_record/persistence.rb:264:in `update'
/home/ubuntu/workspace/matchme/app/models/match.rb:25:in `add_percent'
/usr/local/rvm/gems/ruby-2.3.0/gems/activesupport-5.0.0.1/lib/active_support/callbacks.rb:382:in `block in make_lambda'
/usr/local/rvm/gems/ruby-2.3.0/gems/activesupport-5.0.0.1/lib/active_support/callbacks.rb:207:in `block in halting_and_conditional'
/usr/local/rvm/gems/ruby-2.3.0/gems/activesupport-5.0.0.1/lib/active_support/callbacks.rb:456:in `block in call'
/usr/local/rvm/gems/ruby-2.3.0/gems/activesupport-5.0.0.1/lib/active_support/callbacks.rb:456:in `each'
/usr/local/rvm/gems/ruby-2.3.0/gems/activesupport-5.0.0.1/lib/active_support/callbacks.rb:456:in `call'
/usr/local/rvm/gems/ruby-2.3.0/gems/activesupport-5.0.0.1/lib/active_support/callbacks.rb:101:in `__run_callbacks__'
/usr/local/rvm/gems/ruby-2.3.0/gems/activesupport-5.0.0.1/lib/active_support/callbacks.rb:750:in `_run_save_callbacks'
/usr/local/rvm/gems/ruby-2.3.0/gems/activerecord-5.0.0.1/lib/active_record/callbacks.rb:298:in `create_or_update'
/usr/local/rvm/gems/ruby-2.3.0/gems/activerecord-5.0.0.1/lib/active_record/persistence.rb:125:in `save'
/usr/local/rvm/gems/ruby-2.3.0/gems/activerecord-5.0.0.1/lib/active_record/validations.rb:44:in `save'
/usr/local/rvm/gems/ruby-2.3.0/gems/activerecord-5.0.0.1/lib/active_record/attribute_methods/dirty.rb:22:in `save'
/usr/local/rvm/gems/ruby-2.3.0/gems/activerecord-5.0.0.1/lib/active_record/transactions.rb:319:in `block (2 levels) in save'
/usr/local/rvm/gems/ruby-2.3.0/gems/activerecord-5.0.0.1/lib/active_record/transactions.rb:395:in `block in with_transaction_returning_status'
/usr/local/rvm/gems/ruby-2.3.0/gems/activerecord-5.0.0.1/lib/active_record/connection_adapters/abstract/database_statements.rb:230:in `transaction'
/usr/local/rvm/gems/ruby-2.3.0/gems/activerecord-5.0.0.1/lib/active_record/transactions.rb:211:in `transaction'
/usr/local/rvm/gems/ruby-2.3.0/gems/activerecord-5.0.0.1/lib/active_record/transactions.rb:392:in `with_transaction_returning_status'
/usr/local/rvm/gems/ruby-2.3.0/gems/activerecord-5.0.0.1/lib/active_record/transactions.rb:319:in `block in save'
/usr/local/rvm/gems/ruby-2.3.0/gems/activerecord-5.0.0.1/lib/active_record/transactions.rb:334:in `rollback_active_record_state!'
/usr/local/rvm/gems/ruby-2.3.0/gems/activerecord-5.0.0.1/lib/active_record/transactions.rb:318:in `save'
/usr/local/rvm/gems/ruby-2.3.0/gems/activerecord-5.0.0.1/lib/active_record/suppressor.rb:41:in `save'
/usr/local/rvm/gems/ruby-2.3.0/gems/activerecord-5.0.0.1/lib/active_record/persistence.rb:266:in `block in update'
/usr/local/rvm/gems/ruby-2.3.0/gems/activerecord-5.0.0.1/lib/active_record/transactions.rb:395:in `block in with_transaction_returning_status'
/usr/local/rvm/gems/ruby-2.3.0/gems/activerecord-5.0.0.1/lib/active_record/connection_adapters/abstract/database_statements.rb:230:in `transaction'
/usr/local/rvm/gems/ruby-2.3.0/gems/activerecord-5.0.0.1/lib/active_record/transactions.rb:211:in `transaction'
/usr/local/rvm/gems/ruby-2.3.0/gems/activerecord-5.0.0.1/lib/active_record/transactions.rb:392:in `with_transaction_returning_status'
/usr/local/rvm/gems/ruby-2.3.0/gems/activerecord-5.0.0.1/lib/active_record/persistence.rb:264:in `update'
/home/ubuntu/workspace/matchme/app/models/match.rb:25:in `add_percent'
/usr/local/rvm/gems/ruby-2.3.0/gems/activesupport-5.0.0.1/lib/active_support/callbacks.rb:382:in `block in make_lambda'
/usr/local/rvm/gems/ruby-2.3.0/gems/activesupport-5.0.0.1/lib/active_support/callbacks.rb:207:in `block in halting_and_conditional'
/usr/local/rvm/gems/ruby-2.3.0/gems/activesupport-5.0.0.1/lib/active_support/callbacks.rb:456:in `block in call'
/usr/local/rvm/gems/ruby-2.3.0/gems/activesupport-5.0.0.1/lib/active_support/callbacks.rb:456:in `each'
/usr/local/rvm/gems/ruby-2.3.0/gems/activesupport-5.0.0.1/lib/active_support/callbacks.rb:456:in `call'
/usr/local/rvm/gems/ruby-2.3.0/gems/activesupport-5.0.0.1/lib/active_support/callbacks.rb:101:in `__run_callbacks__'
/usr/local/rvm/gems/ruby-2.3.0/gems/activesupport-5.0.0.1/lib/active_support/callbacks.rb:750:in `_run_save_callbacks'
/usr/local/rvm/gems/ruby-2.3.0/gems/activerecord-5.0.0.1/lib/active_record/callbacks.rb:298:in `create_or_update'
/usr/local/rvm/gems/ruby-2.3.0/gems/activerecord-5.0.0.1/lib/active_record/persistence.rb:125:in `save'
/usr/local/rvm/gems/ruby-2.3.0/gems/activerecord-5.0.0.1/lib/active_record/validations.rb:44:in `save'
/usr/local/rvm/gems/ruby-2.3.0/gems/activerecord-5.0.0.1/lib/active_record/attribute_methods/dirty.rb:22:in `save'
/usr/local/rvm/gems/ruby-2.3.0/gems/activerecord-5.0.0.1/lib/active_record/transactions.rb:319:in `block (2 levels) in save'
/usr/local/rvm/gems/ruby-2.3.0/gems/activerecord-5.0.0.1/lib/active_record/transactions.rb:395:in `block in with_transaction_returning_status'
/usr/local/rvm/gems/ruby-2.3.0/gems/activerecord-5.0.0.1/lib/active_record/connection_adapters/abstract/database_statements.rb:230:in `transaction'
/usr/local/rvm/gems/ruby-2.3.0/gems/activerecord-5.0.0.1/lib/active_record/transactions.rb:211:in `transaction'
/usr/local/rvm/gems/ruby-2.3.0/gems/activerecord-5.0.0.1/lib/active_record/transactions.rb:392:in `with_transaction_returning_status'
/usr/local/rvm/gems/ruby-2.3.0/gems/activerecord-5.0.0.1/lib/active_record/transactions.rb:319:in `block in save'
/usr/local/rvm/gems/ruby-2.3.0/gems/activerecord-5.0.0.1/lib/active_record/transactions.rb:334:in `rollback_active_record_state!'
/usr/local/rvm/gems/ruby-2.3.0/gems/activerecord-5.0.0.1/lib/active_record/transactions.rb:318:in `save'
/usr/local/rvm/gems/ruby-2.3.0/gems/activerecord-5.0.0.1/lib/active_record/suppressor.rb:41:in `save'
/usr/local/rvm/gems/ruby-2.3.0/gems/activerecord-5.0.0.1/lib/active_record/persistence.rb:266:in `block in update'
/usr/local/rvm/gems/ruby-2.3.0/gems/activerecord-5.0.0.1/lib/active_record/transactions.rb:395:in `block in with_transaction_returning_status'
/usr/local/rvm/gems/ruby-2.3.0/gems/activerecord-5.0.0.1/lib/active_record/connection_adapters/abstract/database_statements.rb:230:in `transaction'
/usr/local/rvm/gems/ruby-2.3.0/gems/activerecord-5.0.0.1/lib/active_record/transactions.rb:211:in `transaction'
/usr/local/rvm/gems/ruby-2.3.0/gems/activerecord-5.0.0.1/lib/active_record/transactions.rb:392:in `with_transaction_returning_status'
/usr/local/rvm/gems/ruby-2.3.0/gems/activerecord-5.0.0.1/lib/active_record/persistence.rb:264:in `update'
/home/ubuntu/workspace/matchme/app/models/match.rb:25:in `add_percent'
/usr/local/rvm/gems/ruby-2.3.0/gems/activesupport-5.0.0.1/lib/active_support/callbacks.rb:382:in `block in make_lambda'
/usr/local/rvm/gems/ruby-2.3.0/gems/activesupport-5.0.0.1/lib/active_support/callbacks.rb:207:in `block in halting_and_conditional'
/usr/local/rvm/gems/ruby-2.3.0/gems/activesupport-5.0.0.1/lib/active_support/callbacks.rb:456:in `block in call'
/usr/local/rvm/gems/ruby-2.3.0/gems/activesupport-5.0.0.1/lib/active_support/callbacks.rb:456:in `each'
/usr/local/rvm/gems/ruby-2.3.0/gems/activesupport-5.0.0.1/lib/active_support/callbacks.rb:456:in `call'
/usr/local/rvm/gems/ruby-2.3.0/gems/activesupport-5.0.0.1/lib/active_support/callbacks.rb:101:in `__run_callbacks__'
/usr/local/rvm/gems/ruby-2.3.0/gems/activesupport-5.0.0.1/lib/active_support/callbacks.rb:750:in `_run_save_callbacks'
/usr/local/rvm/gems/ruby-2.3.0/gems/activerecord-5.0.0.1/lib/active_record/callbacks.rb:298:in `create_or_update'
/usr/local/rvm/gems/ruby-2.3.0/gems/activerecord-5.0.0.1/lib/active_record/persistence.rb:125:in `save'
/usr/local/rvm/gems/ruby-2.3.0/gems/activerecord-5.0.0.1/lib/active_record/validations.rb:44:in `save'
/usr/local/rvm/gems/ruby-2.3.0/gems/activerecord-5.0.0.1/lib/active_record/attribute_methods/dirty.rb:22:in `save'
/usr/local/rvm/gems/ruby-2.3.0/gems/activerecord-5.0.0.1/lib/active_record/transactions.rb:319:in `block (2 levels) in save'
/usr/local/rvm/gems/ruby-2.3.0/gems/activerecord-5.0.0.1/lib/active_record/transactions.rb:395:in `block in with_transaction_returning_status'
/usr/local/rvm/gems/ruby-2.3.0/gems/activerecord-5.0.0.1/lib/active_record/connection_adapters/abstract/database_statements.rb:230:in `transaction'
/usr/local/rvm/gems/ruby-2.3.0/gems/activerecord-5.0.0.1/lib/active_record/transactions.rb:211:in `transaction'
/usr/local/rvm/gems/ruby-2.3.0/gems/activerecord-5.0.0.1/lib/active_record/transactions.rb:392:in `with_transaction_returning_status'
/usr/local/rvm/gems/ruby-2.3.0/gems/activerecord-5.0.0.1/lib/active_record/transactions.rb:319:in `block in save'
/usr/local/rvm/gems/ruby-2.3.0/gems/activerecord-5.0.0.1/lib/active_record/transactions.rb:334:in `rollback_active_record_state!'
/usr/local/rvm/gems/ruby-2.3.0/gems/activerecord-5.0.0.1/lib/active_record/transactions.rb:318:in `save'
/usr/local/rvm/gems/ruby-2.3.0/gems/activerecord-5.0.0.1/lib/active_record/suppressor.rb:41:in `save'
/usr/local/rvm/gems/ruby-2.3.0/gems/activerecord-5.0.0.1/lib/active_record/persistence.rb:266:in `block in update'
/usr/local/rvm/gems/ruby-2.3.0/gems/activerecord-5.0.0.1/lib/active_record/transactions.rb:395:in `block in with_transaction_returning_status'
/usr/local/rvm/gems/ruby-2.3.0/gems/activerecord-5.0.0.1/lib/active_record/connection_adapters/abstract/database_statements.rb:230:in `transaction'
/usr/local/rvm/gems/ruby-2.3.0/gems/activerecord-5.0.0.1/lib/active_record/transactions.rb:211:in `transaction'
/usr/local/rvm/gems/ruby-2.3.0/gems/activerecord-5.0.0.1/lib/active_record/transactions.rb:392:in `with_transaction_returning_status'
/usr/local/rvm/gems/ruby-2.3.0/gems/activerecord-5.0.0.1/lib/active_record/persistence.rb:264:in `update'
/home/ubuntu/workspace/matchme/app/models/match.rb:25:in `add_percent'
/usr/local/rvm/gems/ruby-2.3.0/gems/activesupport-5.0.0.1/lib/active_support/callbacks.rb:382:in `block in make_lambda'
/usr/local/rvm/gems/ruby-2.3.0/gems/activesupport-5.0.0.1/lib/active_support/callbacks.rb:207:in `block in halting_and_conditional'
/usr/local/rvm/gems/ruby-2.3.0/gems/activesupport-5.0.0.1/lib/active_support/callbacks.rb:456:in `block in call'
/usr/local/rvm/gems/ruby-2.3.0/gems/activesupport-5.0.0.1/lib/active_support/callbacks.rb:456:in `each'
/usr/local/rvm/gems/ruby-2.3.0/gems/activesupport-5.0.0.1/lib/active_support/callbacks.rb:456:in `call'
/usr/local/rvm/gems/ruby-2.3.0/gems/activesupport-5.0.0.1/lib/active_support/callbacks.rb:101:in `__run_callbacks__'
/usr/local/rvm/gems/ruby-2.3.0/gems/activesupport-5.0.0.1/lib/active_support/callbacks.rb:750:in `_run_save_callbacks'
/usr/local/rvm/gems/ruby-2.3.0/gems/activerecord-5.0.0.1/lib/active_record/callbacks.rb:298:in `create_or_update'
/usr/local/rvm/gems/ruby-2.3.0/gems/activerecord-5.0.0.1/lib/active_record/persistence.rb:125:in `save'
/usr/local/rvm/gems/ruby-2.3.0/gems/activerecord-5.0.0.1/lib/active_record/validations.rb:44:in `save'
/usr/local/rvm/gems/ruby-2.3.0/gems/activerecord-5.0.0.1/lib/active_record/attribute_methods/dirty.rb:22:in `save'
/usr/local/rvm/gems/ruby-2.3.0/gems/activerecord-5.0.0.1/lib/active_record/transactions.rb:319:in `block (2 levels) in save'
/usr/local/rvm/gems/ruby-2.3.0/gems/activerecord-5.0.0.1/lib/active_record/transactions.rb:395:in `block in with_transaction_returning_status'
/usr/local/rvm/gems/ruby-2.3.0/gems/activerecord-5.0.0.1/lib/active_record/connection_adapters/abstract/database_statements.rb:230:in `transaction'
/usr/local/rvm/gems/ruby-2.3.0/gems/activerecord-5.0.0.1/lib/active_record/transactions.rb:211:in `transaction'
/usr/local/rvm/gems/ruby-2.3.0/gems/activerecord-5.0.0.1/lib/active_record/transactions.rb:392:in `with_transaction_returning_status'
/usr/local/rvm/gems/ruby-2.3.0/gems/activerecord-5.0.0.1/lib/active_record/transactions.rb:319:in `block in save'
/usr/local/rvm/gems/ruby-2.3.0/gems/activerecord-5.0.0.1/lib/active_record/transactions.rb:334:in `rollback_active_record_state!'
/usr/local/rvm/gems/ruby-2.3.0/gems/activerecord-5.0.0.1/lib/active_record/transactions.rb:318:in `save'
/usr/local/rvm/gems/ruby-2.3.0/gems/activerecord-5.0.0.1/lib/active_record/suppressor.rb:41:in `save'
/usr/local/rvm/gems/ruby-2.3.0/gems/activerecord-5.0.0.1/lib/active_record/persistence.rb:266:in `block in update'
/usr/local/rvm/gems/ruby-2.3.0/gems/activerecord-5.0.0.1/lib/active_record/transactions.rb:395:in `block in with_transaction_returning_status'
/usr/local/rvm/gems/ruby-2.3.0/gems/activerecord-5.0.0.1/lib/active_record/connection_adapters/abstract/database_statements.rb:230:in `transaction'
/usr/local/rvm/gems/ruby-2.3.0/gems/activerecord-5.0.0.1/lib/active_record/transactions.rb:211:in `transaction'
/usr/local/rvm/gems/ruby-2.3.0/gems/activerecord-5.0.0.1/lib/active_record/transactions.rb:392:in `with_transaction_returning_status'
/usr/local/rvm/gems/ruby-2.3.0/gems/activerecord-5.0.0.1/lib/active_record/persistence.rb:264:in `update'
/home/ubuntu/workspace/matchme/app/models/match.rb:25:in `add_percent'
/usr/local/rvm/gems/ruby-2.3.0/gems/activesupport-5.0.0.1/lib/active_support/callbacks.rb:382:in `block in make_lambda'
/usr/local/rvm/gems/ruby-2.3.0/gems/activesupport-5.0.0.1/lib/active_support/callbacks.rb:207:in `block in halting_and_conditional'
/usr/local/rvm/gems/ruby-2.3.0/gems/activesupport-5.0.0.1/lib/active_support/callbacks.rb:456:in `block in call'
/usr/local/rvm/gems/ruby-2.3.0/gems/activesupport-5.0.0.1/lib/active_support/callbacks.rb:456:in `each'
/usr/local/rvm/gems/ruby-2.3.0/gems/activesupport-5.0.0.1/lib/active_support/callbacks.rb:456:in `call'
/usr/local/rvm/gems/ruby-2.3.0/gems/activesupport-5.0.0.1/lib/active_support/callbacks.rb:101:in `__run_callbacks__'
/usr/local/rvm/gems/ruby-2.3.0/gems/activesupport-5.0.0.1/lib/active_support/callbacks.rb:750:in `_run_save_callbacks'
/usr/local/rvm/gems/ruby-2.3.0/gems/activerecord-5.0.0.1/lib/active_record/callbacks.rb:298:in `create_or_update'
/usr/local/rvm/gems/ruby-2.3.0/gems/activerecord-5.0.0.1/lib/active_record/persistence.rb:125:in `save'
/usr/local/rvm/gems/ruby-2.3.0/gems/activerecord-5.0.0.1/lib/active_record/validations.rb:44:in `save'
/usr/local/rvm/gems/ruby-2.3.0/gems/activerecord-5.0.0.1/lib/active_record/attribute_methods/dirty.rb:22:in `save'
/usr/local/rvm/gems/ruby-2.3.0/gems/activerecord-5.0.0.1/lib/active_record/transactions.rb:319:in `block (2 levels) in save'
/usr/local/rvm/gems/ruby-2.3.0/gems/activerecord-5.0.0.1/lib/active_record/transactions.rb:395:in `block in with_transaction_returning_status'
/usr/local/rvm/gems/ruby-2.3.0/gems/activerecord-5.0.0.1/lib/active_record/connection_adapters/abstract/database_statements.rb:230:in `transaction'
/usr/local/rvm/gems/ruby-2.3.0/gems/activerecord-5.0.0.1/lib/active_record/transactions.rb:211:in `transaction'
/usr/local/rvm/gems/ruby-2.3.0/gems/activerecord-5.0.0.1/lib/active_record/transactions.rb:392:in `with_transaction_returning_status'
/usr/local/rvm/gems/ruby-2.3.0/gems/activerecord-5.0.0.1/lib/active_record/transactions.rb:319:in `block in save'
/usr/local/rvm/gems/ruby-2.3.0/gems/activerecord-5.0.0.1/lib/active_record/transactions.rb:334:in `rollback_active_record_state!'
/usr/local/rvm/gems/ruby-2.3.0/gems/activerecord-5.0.0.1/lib/active_record/transactions.rb:318:in `save'
/usr/local/rvm/gems/ruby-2.3.0/gems/activerecord-5.0.0.1/lib/active_record/suppressor.rb:41:in `save'
/usr/local/rvm/gems/ruby-2.3.0/gems/activerecord-5.0.0.1/lib/active_record/persistence.rb:266:in `block in update'
/usr/local/rvm/gems/ruby-2.3.0/gems/activerecord-5.0.0.1/lib/active_record/transactions.rb:395:in `block in with_transaction_returning_status'
/usr/local/rvm/gems/ruby-2.3.0/gems/activerecord-5.0.0.1/lib/active_record/connection_adapters/abstract/database_statements.rb:230:in `transaction'
/usr/local/rvm/gems/ruby-2.3.0/gems/activerecord-5.0.0.1/lib/active_record/transactions.rb:211:in `transaction'
/usr/local/rvm/gems/ruby-2.3.0/gems/activerecord-5.0.0.1/lib/active_record/transactions.rb:392:in `with_transaction_returning_status'
/usr/local/rvm/gems/ruby-2.3.0/gems/activerecord-5.0.0.1/lib/active_record/persistence.rb:264:in `update'
/home/ubuntu/workspace/matchme/app/models/match.rb:25:in `add_percent'
/usr/local/rvm/gems/ruby-2.3.0/gems/activesupport-5.0.0.1/lib/active_support/callbacks.rb:382:in `block in make_lambda'
/usr/local/rvm/gems/ruby-2.3.0/gems/activesupport-5.0.0.1/lib/active_support/callbacks.rb:207:in `block in halting_and_conditional'
/usr/local/rvm/gems/ruby-2.3.0/gems/activesupport-5.0.0.1/lib/active_support/callbacks.rb:456:in `block in call'
/usr/local/rvm/gems/ruby-2.3.0/gems/activesupport-5.0.0.1/lib/active_support/callbacks.rb:456:in `each'
/usr/local/rvm/gems/ruby-2.3.0/gems/activesupport-5.0.0.1/lib/active_support/callbacks.rb:456:in `call'
/usr/local/rvm/gems/ruby-2.3.0/gems/activesupport-5.0.0.1/lib/active_support/callbacks.rb:101:in `__run_callbacks__'
/usr/local/rvm/gems/ruby-2.3.0/gems/activesupport-5.0.0.1/lib/active_support/callbacks.rb:750:in `_run_save_callbacks'
/usr/local/rvm/gems/ruby-2.3.0/gems/activerecord-5.0.0.1/lib/active_record/callbacks.rb:298:in `create_or_update'
/usr/local/rvm/gems/ruby-2.3.0/gems/activerecord-5.0.0.1/lib/active_record/persistence.rb:125:in `save'
/usr/local/rvm/gems/ruby-2.3.0/gems/activerecord-5.0.0.1/lib/active_record/validations.rb:44:in `save'
/usr/local/rvm/gems/ruby-2.3.0/gems/activerecord-5.0.0.1/lib/active_record/attribute_methods/dirty.rb:22:in `save'
/usr/local/rvm/gems/ruby-2.3.0/gems/activerecord-5.0.0.1/lib/active_record/transactions.rb:319:in `block (2 levels) in save'
/usr/local/rvm/gems/ruby-2.3.0/gems/activerecord-5.0.0.1/lib/active_record/transactions.rb:395:in `block in with_transaction_returning_status'
/usr/local/rvm/gems/ruby-2.3.0/gems/activerecord-5.0.0.1/lib/active_record/connection_adapters/abstract/database_statements.rb:230:in `transaction'
/usr/local/rvm/gems/ruby-2.3.0/gems/activerecord-5.0.0.1/lib/active_record/transactions.rb:211:in `transaction'
/usr/local/rvm/gems/ruby-2.3.0/gems/activerecord-5.0.0.1/lib/active_record/transactions.rb:392:in `with_transaction_returning_status'
/usr/local/rvm/gems/ruby-2.3.0/gems/activerecord-5.0.0.1/lib/active_record/transactions.rb:319:in `block in save'
/usr/local/rvm/gems/ruby-2.3.0/gems/activerecord-5.0.0.1/lib/active_record/transactions.rb:334:in `rollback_active_record_state!'
/usr/local/rvm/gems/ruby-2.3.0/gems/activerecord-5.0.0.1/lib/active_record/transactions.rb:318:in `save'
/usr/local/rvm/gems/ruby-2.3.0/gems/activerecord-5.0.0.1/lib/active_record/suppressor.rb:41:in `save'
/usr/local/rvm/gems/ruby-2.3.0/gems/activerecord-5.0.0.1/lib/active_record/persistence.rb:266:in `block in update'
/usr/local/rvm/gems/ruby-2.3.0/gems/activerecord-5.0.0.1/lib/active_record/transactions.rb:395:in `block in with_transaction_returning_status'
/usr/local/rvm/gems/ruby-2.3.0/gems/activerecord-5.0.0.1/lib/active_record/connection_adapters/abstract/database_statements.rb:230:in `transaction'
/usr/local/rvm/gems/ruby-2.3.0/gems/activerecord-5.0.0.1/lib/active_record/transactions.rb:211:in `transaction'
/usr/local/rvm/gems/ruby-2.3.0/gems/activerecord-5.0.0.1/lib/active_record/transactions.rb:392:in `with_transaction_returning_status'
/usr/local/rvm/gems/ruby-2.3.0/gems/activerecord-5.0.0.1/lib/active_record/persistence.rb:264:in `update'
/home/ubuntu/workspace/matchme/app/models/match.rb:25:in `add_percent'
/usr/local/rvm/gems/ruby-2.3.0/gems/activesupport-5.0.0.1/lib/active_support/callbacks.rb:382:in `block in make_lambda'
/usr/local/rvm/gems/ruby-2.3.0/gems/activesupport-5.0.0.1/lib/active_support/callbacks.rb:207:in `block in halting_and_conditional'
/usr/local/rvm/gems/ruby-2.3.0/gems/activesupport-5.0.0.1/lib/active_support/callbacks.rb:456:in `block in call'
/usr/local/rvm/gems/ruby-2.3.0/gems/activesupport-5.0.0.1/lib/active_support/callbacks.rb:456:in `each'
/usr/local/rvm/gems/ruby-2.3.0/gems/activesupport-5.0.0.1/lib/active_support/callbacks.rb:456:in `call'
/usr/local/rvm/gems/ruby-2.3.0/gems/activesupport-5.0.0.1/lib/active_support/callbacks.rb:101:in `__run_callbacks__'
/usr/local/rvm/gems/ruby-2.3.0/gems/activesupport-5.0.0.1/lib/active_support/callbacks.rb:750:in `_run_save_callbacks'
/usr/local/rvm/gems/ruby-2.3.0/gems/activerecord-5.0.0.1/lib/active_record/callbacks.rb:298:in `create_or_update'
/usr/local/rvm/gems/ruby-2.3.0/gems/activerecord-5.0.0.1/lib/active_record/persistence.rb:125:in `save'
/usr/local/rvm/gems/ruby-2.3.0/gems/activerecord-5.0.0.1/lib/active_record/validations.rb:44:in `save'
/usr/local/rvm/gems/ruby-2.3.0/gems/activerecord-5.0.0.1/lib/active_record/attribute_methods/dirty.rb:22:in `save'
/usr/local/rvm/gems/ruby-2.3.0/gems/activerecord-5.0.0.1/lib/active_record/transactions.rb:319:in `block (2 levels) in save'
/usr/local/rvm/gems/ruby-2.3.0/gems/activerecord-5.0.0.1/lib/active_record/transactions.rb:395:in `block in with_transaction_returning_status'
/usr/local/rvm/gems/ruby-2.3.0/gems/activerecord-5.0.0.1/lib/active_record/connection_adapters/abstract/database_statements.rb:230:in `transaction'
/usr/local/rvm/gems/ruby-2.3.0/gems/activerecord-5.0.0.1/lib/active_record/transactions.rb:211:in `transaction'
/usr/local/rvm/gems/ruby-2.3.0/gems/activerecord-5.0.0.1/lib/active_record/transactions.rb:392:in `with_transaction_returning_status'
/usr/local/rvm/gems/ruby-2.3.0/gems/activerecord-5.0.0.1/lib/active_record/transactions.rb:319:in `block in save'
/usr/local/rvm/gems/ruby-2.3.0/gems/activerecord-5.0.0.1/lib/active_record/transactions.rb:334:in `rollback_active_record_state!'
/usr/local/rvm/gems/ruby-2.3.0/gems/activerecord-5.0.0.1/lib/active_record/transactions.rb:318:in `save'
/usr/local/rvm/gems/ruby-2.3.0/gems/activerecord-5.0.0.1/lib/active_record/suppressor.rb:41:in `save'
/usr/local/rvm/gems/ruby-2.3.0/gems/activerecord-5.0.0.1/lib/active_record/persistence.rb:266:in `block in update'
/usr/local/rvm/gems/ruby-2.3.0/gems/activerecord-5.0.0.1/lib/active_record/transactions.rb:395:in `block in with_transaction_returning_status'
/usr/local/rvm/gems/ruby-2.3.0/gems/activerecord-5.0.0.1/lib/active_record/connection_adapters/abstract/database_statements.rb:230:in `transaction'
/usr/local/rvm/gems/ruby-2.3.0/gems/activerecord-5.0.0.1/lib/active_record/transactions.rb:211:in `transaction'
/usr/local/rvm/gems/ruby-2.3.0/gems/activerecord-5.0.0.1/lib/active_record/transactions.rb:392:in `with_transaction_returning_status'
/usr/local/rvm/gems/ruby-2.3.0/gems/activerecord-5.0.0.1/lib/active_record/persistence.rb:264:in `update'
/home/ubuntu/workspace/matchme/app/models/match.rb:25:in `add_percent'
/usr/local/rvm/gems/ruby-2.3.0/gems/activesupport-5.0.0.1/lib/active_support/callbacks.rb:382:in `block in make_lambda'
/usr/local/rvm/gems/ruby-2.3.0/gems/activesupport-5.0.0.1/lib/active_support/callbacks.rb:207:in `block in halting_and_conditional'
/usr/local/rvm/gems/ruby-2.3.0/gems/activesupport-5.0.0.1/lib/active_support/callbacks.rb:456:in `block in call'
/usr/local/rvm/gems/ruby-2.3.0/gems/activesupport-5.0.0.1/lib/active_support/callbacks.rb:456:in `each'
/usr/local/rvm/gems/ruby-2.3.0/gems/activesupport-5.0.0.1/lib/active_support/callbacks.rb:456:in `call'
/usr/local/rvm/gems/ruby-2.3.0/gems/activesupport-5.0.0.1/lib/active_support/callbacks.rb:101:in `__run_callbacks__'
/usr/local/rvm/gems/ruby-2.3.0/gems/activesupport-5.0.0.1/lib/active_support/callbacks.rb:750:in `_run_save_callbacks'
/usr/local/rvm/gems/ruby-2.3.0/gems/activerecord-5.0.0.1/lib/active_record/callbacks.rb:298:in `create_or_update'
/usr/local/rvm/gems/ruby-2.3.0/gems/activerecord-5.0.0.1/lib/active_record/persistence.rb:125:in `save'
/usr/local/rvm/gems/ruby-2.3.0/gems/activerecord-5.0.0.1/lib/active_record/validations.rb:44:in `save'
/usr/local/rvm/gems/ruby-2.3.0/gems/activerecord-5.0.0.1/lib/active_record/attribute_methods/dirty.rb:22:in `save'
/usr/local/rvm/gems/ruby-2.3.0/gems/activerecord-5.0.0.1/lib/active_record/transactions.rb:319:in `block (2 levels) in save'
/usr/local/rvm/gems/ruby-2.3.0/gems/activerecord-5.0.0.1/lib/active_record/transactions.rb:395:in `block in with_transaction_returning_status'
/usr/local/rvm/gems/ruby-2.3.0/gems/activerecord-5.0.0.1/lib/active_record/connection_adapters/abstract/database_statements.rb:230:in `transaction'
/usr/local/rvm/gems/ruby-2.3.0/gems/activerecord-5.0.0.1/lib/active_record/transactions.rb:211:in `transaction'
/usr/local/rvm/gems/ruby-2.3.0/gems/activerecord-5.0.0.1/lib/active_record/transactions.rb:392:in `with_transaction_returning_status'
/usr/local/rvm/gems/ruby-2.3.0/gems/activerecord-5.0.0.1/lib/active_record/transactions.rb:319:in `block in save'
/usr/local/rvm/gems/ruby-2.3.0/gems/activerecord-5.0.0.1/lib/active_record/transactions.rb:334:in `rollback_active_record_state!'
/usr/local/rvm/gems/ruby-2.3.0/gems/activerecord-5.0.0.1/lib/active_record/transactions.rb:318:in `save'
/usr/local/rvm/gems/ruby-2.3.0/gems/activerecord-5.0.0.1/lib/active_record/suppressor.rb:41:in `save'
/usr/local/rvm/gems/ruby-2.3.0/gems/activerecord-5.0.0.1/lib/active_record/persistence.rb:266:in `block in update'
/usr/local/rvm/gems/ruby-2.3.0/gems/activerecord-5.0.0.1/lib/active_record/transactions.rb:395:in `block in with_transaction_returning_status'
/usr/local/rvm/gems/ruby-2.3.0/gems/activerecord-5.0.0.1/lib/active_record/connection_adapters/abstract/database_statements.rb:230:in `transaction'
/usr/local/rvm/gems/ruby-2.3.0/gems/activerecord-5.0.0.1/lib/active_record/transactions.rb:211:in `transaction'
/usr/local/rvm/gems/ruby-2.3.0/gems/activerecord-5.0.0.1/lib/active_record/transactions.rb:392:in `with_transaction_returning_status'
/usr/local/rvm/gems/ruby-2.3.0/gems/activerecord-5.0.0.1/lib/active_record/persistence.rb:264:in `update'
/home/ubuntu/workspace/matchme/app/models/match.rb:25:in `add_percent'
/usr/local/rvm/gems/ruby-2.3.0/gems/activesupport-5.0.0.1/lib/active_support/callbacks.rb:382:in `block in make_lambda'
/usr/local/rvm/gems/ruby-2.3.0/gems/activesupport-5.0.0.1/lib/active_support/callbacks.rb:207:in `block in halting_and_conditional'
/usr/local/rvm/gems/ruby-2.3.0/gems/activesupport-5.0.0.1/lib/active_support/callbacks.rb:456:in `block in call'
/usr/local/rvm/gems/ruby-2.3.0/gems/activesupport-5.0.0.1/lib/active_support/callbacks.rb:456:in `each'
/usr/local/rvm/gems/ruby-2.3.0/gems/activesupport-5.0.0.1/lib/active_support/callbacks.rb:456:in `call'
/usr/local/rvm/gems/ruby-2.3.0/gems/activesupport-5.0.0.1/lib/active_support/callbacks.rb:101:in `__run_callbacks__'
/usr/local/rvm/gems/ruby-2.3.0/gems/activesupport-5.0.0.1/lib/active_support/callbacks.rb:750:in `_run_save_callbacks'
/usr/local/rvm/gems/ruby-2.3.0/gems/activerecord-5.0.0.1/lib/active_record/callbacks.rb:298:in `create_or_update'
/usr/local/rvm/gems/ruby-2.3.0/gems/activerecord-5.0.0.1/lib/active_record/persistence.rb:125:in `save'
/usr/local/rvm/gems/ruby-2.3.0/gems/activerecord-5.0.0.1/lib/active_record/validations.rb:44:in `save'
/usr/local/rvm/gems/ruby-2.3.0/gems/activerecord-5.0.0.1/lib/active_record/attribute_methods/dirty.rb:22:in `save'
/usr/local/rvm/gems/ruby-2.3.0/gems/activerecord-5.0.0.1/lib/active_record/transactions.rb:319:in `block (2 levels) in save'
/usr/local/rvm/gems/ruby-2.3.0/gems/activerecord-5.0.0.1/lib/active_record/transactions.rb:395:in `block in with_transaction_returning_status'
/usr/local/rvm/gems/ruby-2.3.0/gems/activerecord-5.0.0.1/lib/active_record/connection_adapters/abstract/database_statements.rb:230:in `transaction'
/usr/local/rvm/gems/ruby-2.3.0/gems/activerecord-5.0.0.1/lib/active_record/transactions.rb:211:in `transaction'
/usr/local/rvm/gems/ruby-2.3.0/gems/activerecord-5.0.0.1/lib/active_record/transactions.rb:392:in `with_transaction_returning_status'
/usr/local/rvm/gems/ruby-2.3.0/gems/activerecord-5.0.0.1/lib/active_record/transactions.rb:319:in `block in save'
/usr/local/rvm/gems/ruby-2.3.0/gems/activerecord-5.0.0.1/lib/active_record/transactions.rb:334:in `rollback_active_record_state!'
/usr/local/rvm/gems/ruby-2.3.0/gems/activerecord-5.0.0.1/lib/active_record/transactions.rb:318:in `save'
/usr/local/rvm/gems/ruby-2.3.0/gems/activerecord-5.0.0.1/lib/active_record/suppressor.rb:41:in `save'
/usr/local/rvm/gems/ruby-2.3.0/gems/activerecord-5.0.0.1/lib/active_record/persistence.rb:266:in `block in update'
/usr/local/rvm/gems/ruby-2.3.0/gems/activerecord-5.0.0.1/lib/active_record/transactions.rb:395:in `block in with_transaction_returning_status'
/usr/local/rvm/gems/ruby-2.3.0/gems/activerecord-5.0.0.1/lib/active_record/connection_adapters/abstract/database_statements.rb:230:in `transaction'
/usr/local/rvm/gems/ruby-2.3.0/gems/activerecord-5.0.0.1/lib/active_record/transactions.rb:211:in `transaction'
/usr/local/rvm/gems/ruby-2.3.0/gems/activerecord-5.0.0.1/lib/active_record/transactions.rb:392:in `with_transaction_returning_status'
/usr/local/rvm/gems/ruby-2.3.0/gems/activerecord-5.0.0.1/lib/active_record/persistence.rb:264:in `update'
/home/ubuntu/workspace/matchme/app/models/match.rb:25:in `add_percent'
/usr/local/rvm/gems/ruby-2.3.0/gems/activesupport-5.0.0.1/lib/active_support/callbacks.rb:382:in `block in make_lambda'
/usr/local/rvm/gems/ruby-2.3.0/gems/activesupport-5.0.0.1/lib/active_support/callbacks.rb:207:in `block in halting_and_conditional'
/usr/local/rvm/gems/ruby-2.3.0/gems/activesupport-5.0.0.1/lib/active_support/callbacks.rb:456:in `block in call'
/usr/local/rvm/gems/ruby-2.3.0/gems/activesupport-5.0.0.1/lib/active_support/callbacks.rb:456:in `each'
/usr/local/rvm/gems/ruby-2.3.0/gems/activesupport-5.0.0.1/lib/active_support/callbacks.rb:456:in `call'
/usr/local/rvm/gems/ruby-2.3.0/gems/activesupport-5.0.0.1/lib/active_support/callbacks.rb:101:in `__run_callbacks__'
/usr/local/rvm/gems/ruby-2.3.0/gems/activesupport-5.0.0.1/lib/active_support/callbacks.rb:750:in `_run_save_callbacks'
/usr/local/rvm/gems/ruby-2.3.0/gems/activerecord-5.0.0.1/lib/active_record/callbacks.rb:298:in `create_or_update'
/usr/local/rvm/gems/ruby-2.3.0/gems/activerecord-5.0.0.1/lib/active_record/persistence.rb:125:in `save'
/usr/local/rvm/gems/ruby-2.3.0/gems/activerecord-5.0.0.1/lib/active_record/validations.rb:44:in `save'
/usr/local/rvm/gems/ruby-2.3.0/gems/activerecord-5.0.0.1/lib/active_record/attribute_methods/dirty.rb:22:in `save'
/usr/local/rvm/gems/ruby-2.3.0/gems/activerecord-5.0.0.1/lib/active_record/transactions.rb:319:in `block (2 levels) in save'
/usr/local/rvm/gems/ruby-2.3.0/gems/activerecord-5.0.0.1/lib/active_record/transactions.rb:395:in `block in with_transaction_returning_status'
/usr/local/rvm/gems/ruby-2.3.0/gems/activerecord-5.0.0.1/lib/active_record/connection_adapters/abstract/database_statements.rb:230:in `transaction'
/usr/local/rvm/gems/ruby-2.3.0/gems/activerecord-5.0.0.1/lib/active_record/transactions.rb:211:in `transaction'
/usr/local/rvm/gems/ruby-2.3.0/gems/activerecord-5.0.0.1/lib/active_record/transactions.rb:392:in `with_transaction_returning_status'
/usr/local/rvm/gems/ruby-2.3.0/gems/activerecord-5.0.0.1/lib/active_record/transactions.rb:319:in `block in save'
/usr/local/rvm/gems/ruby-2.3.0/gems/activerecord-5.0.0.1/lib/active_record/transactions.rb:334:in `rollback_active_record_state!'
/usr/local/rvm/gems/ruby-2.3.0/gems/activerecord-5.0.0.1/lib/active_record/transactions.rb:318:in `save'
/usr/local/rvm/gems/ruby-2.3.0/gems/activerecord-5.0.0.1/lib/active_record/suppressor.rb:41:in `save'
/usr/local/rvm/gems/ruby-2.3.0/gems/activerecord-5.0.0.1/lib/active_record/persistence.rb:266:in `block in update'
/usr/local/rvm/gems/ruby-2.3.0/gems/activerecord-5.0.0.1/lib/active_record/transactions.rb:395:in `block in with_transaction_returning_status'
/usr/local/rvm/gems/ruby-2.3.0/gems/activerecord-5.0.0.1/lib/active_record/connection_adapters/abstract/database_statements.rb:230:in `transaction'
/usr/local/rvm/gems/ruby-2.3.0/gems/activerecord-5.0.0.1/lib/active_record/transactions.rb:211:in `transaction'
/usr/local/rvm/gems/ruby-2.3.0/gems/activerecord-5.0.0.1/lib/active_record/transactions.rb:392:in `with_transaction_returning_status'
/usr/local/rvm/gems/ruby-2.3.0/gems/activerecord-5.0.0.1/lib/active_record/persistence.rb:264:in `update'
/home/ubuntu/workspace/matchme/app/models/match.rb:25:in `add_percent'
/usr/local/rvm/gems/ruby-2.3.0/gems/activesupport-5.0.0.1/lib/active_support/callbacks.rb:382:in `block in make_lambda'
/usr/local/rvm/gems/ruby-2.3.0/gems/activesupport-5.0.0.1/lib/active_support/callbacks.rb:207:in `block in halting_and_conditional'
/usr/local/rvm/gems/ruby-2.3.0/gems/activesupport-5.0.0.1/lib/active_support/callbacks.rb:456:in `block in call'
/usr/local/rvm/gems/ruby-2.3.0/gems/activesupport-5.0.0.1/lib/active_support/callbacks.rb:456:in `each'
/usr/local/rvm/gems/ruby-2.3.0/gems/activesupport-5.0.0.1/lib/active_support/callbacks.rb:456:in `call'
/usr/local/rvm/gems/ruby-2.3.0/gems/activesupport-5.0.0.1/lib/active_support/callbacks.rb:101:in `__run_callbacks__'
/usr/local/rvm/gems/ruby-2.3.0/gems/activesupport-5.0.0.1/lib/active_support/callbacks.rb:750:in `_run_save_callbacks'
/usr/local/rvm/gems/ruby-2.3.0/gems/activerecord-5.0.0.1/lib/active_record/callbacks.rb:298:in `create_or_update'
/usr/local/rvm/gems/ruby-2.3.0/gems/activerecord-5.0.0.1/lib/active_record/persistence.rb:125:in `save'
/usr/local/rvm/gems/ruby-2.3.0/gems/activerecord-5.0.0.1/lib/active_record/validations.rb:44:in `save'
/usr/local/rvm/gems/ruby-2.3.0/gems/activerecord-5.0.0.1/lib/active_record/attribute_methods/dirty.rb:22:in `save'
/usr/local/rvm/gems/ruby-2.3.0/gems/activerecord-5.0.0.1/lib/active_record/transactions.rb:319:in `block (2 levels) in save'
/usr/local/rvm/gems/ruby-2.3.0/gems/activerecord-5.0.0.1/lib/active_record/transactions.rb:395:in `block in with_transaction_returning_status'
/usr/local/rvm/gems/ruby-2.3.0/gems/activerecord-5.0.0.1/lib/active_record/connection_adapters/abstract/database_statements.rb:230:in `transaction'
/usr/local/rvm/gems/ruby-2.3.0/gems/activerecord-5.0.0.1/lib/active_record/transactions.rb:211:in `transaction'
/usr/local/rvm/gems/ruby-2.3.0/gems/activerecord-5.0.0.1/lib/active_record/transactions.rb:392:in `with_transaction_returning_status'
/usr/local/rvm/gems/ruby-2.3.0/gems/activerecord-5.0.0.1/lib/active_record/transactions.rb:319:in `block in save'
/usr/local/rvm/gems/ruby-2.3.0/gems/activerecord-5.0.0.1/lib/active_record/transactions.rb:334:in `rollback_active_record_state!'
/usr/local/rvm/gems/ruby-2.3.0/gems/activerecord-5.0.0.1/lib/active_record/transactions.rb:318:in `save'
/usr/local/rvm/gems/ruby-2.3.0/gems/activerecord-5.0.0.1/lib/active_record/suppressor.rb:41:in `save'
/usr/local/rvm/gems/ruby-2.3.0/gems/activerecord-5.0.0.1/lib/active_record/persistence.rb:266:in `block in update'
/usr/local/rvm/gems/ruby-2.3.0/gems/activerecord-5.0.0.1/lib/active_record/transactions.rb:395:in `block in with_transaction_returning_status'
/usr/local/rvm/gems/ruby-2.3.0/gems/activerecord-5.0.0.1/lib/active_record/connection_adapters/abstract/database_statements.rb:230:in `transaction'
/usr/local/rvm/gems/ruby-2.3.0/gems/activerecord-5.0.0.1/lib/active_record/transactions.rb:211:in `transaction'
/usr/local/rvm/gems/ruby-2.3.0/gems/activerecord-5.0.0.1/lib/active_record/transactions.rb:392:in `with_transaction_returning_status'
/usr/local/rvm/gems/ruby-2.3.0/gems/activerecord-5.0.0.1/lib/active_record/persistence.rb:264:in `update'
/home/ubuntu/workspace/matchme/app/models/match.rb:25:in `add_percent'
/usr/local/rvm/gems/ruby-2.3.0/gems/activesupport-5.0.0.1/lib/active_support/callbacks.rb:382:in `block in make_lambda'
/usr/local/rvm/gems/ruby-2.3.0/gems/activesupport-5.0.0.1/lib/active_support/callbacks.rb:207:in `block in halting_and_conditional'
/usr/local/rvm/gems/ruby-2.3.0/gems/activesupport-5.0.0.1/lib/active_support/callbacks.rb:456:in `block in call'
/usr/local/rvm/gems/ruby-2.3.0/gems/activesupport-5.0.0.1/lib/active_support/callbacks.rb:456:in `each'
/usr/local/rvm/gems/ruby-2.3.0/gems/activesupport-5.0.0.1/lib/active_support/callbacks.rb:456:in `call'
/usr/local/rvm/gems/ruby-2.3.0/gems/activesupport-5.0.0.1/lib/active_support/callbacks.rb:101:in `__run_callbacks__'
/usr/local/rvm/gems/ruby-2.3.0/gems/activesupport-5.0.0.1/lib/active_support/callbacks.rb:750:in `_run_save_callbacks'
/usr/local/rvm/gems/ruby-2.3.0/gems/activerecord-5.0.0.1/lib/active_record/callbacks.rb:298:in `create_or_update'
/usr/local/rvm/gems/ruby-2.3.0/gems/activerecord-5.0.0.1/lib/active_record/persistence.rb:125:in `save'
/usr/local/rvm/gems/ruby-2.3.0/gems/activerecord-5.0.0.1/lib/active_record/validations.rb:44:in `save'
/usr/local/rvm/gems/ruby-2.3.0/gems/activerecord-5.0.0.1/lib/active_record/attribute_methods/dirty.rb:22:in `save'
/usr/local/rvm/gems/ruby-2.3.0/gems/activerecord-5.0.0.1/lib/active_record/transactions.rb:319:in `block (2 levels) in save'
/usr/local/rvm/gems/ruby-2.3.0/gems/activerecord-5.0.0.1/lib/active_record/transactions.rb:395:in `block in with_transaction_returning_status'
/usr/local/rvm/gems/ruby-2.3.0/gems/activerecord-5.0.0.1/lib/active_record/connection_adapters/abstract/database_statements.rb:230:in `transaction'
/usr/local/rvm/gems/ruby-2.3.0/gems/activerecord-5.0.0.1/lib/active_record/transactions.rb:211:in `transaction'
/usr/local/rvm/gems/ruby-2.3.0/gems/activerecord-5.0.0.1/lib/active_record/transactions.rb:392:in `with_transaction_returning_status'
/usr/local/rvm/gems/ruby-2.3.0/gems/activerecord-5.0.0.1/lib/active_record/transactions.rb:319:in `block in save'
/usr/local/rvm/gems/ruby-2.3.0/gems/activerecord-5.0.0.1/lib/active_record/transactions.rb:334:in `rollback_active_record_state!'
/usr/local/rvm/gems/ruby-2.3.0/gems/activerecord-5.0.0.1/lib/active_record/transactions.rb:318:in `save'
/usr/local/rvm/gems/ruby-2.3.0/gems/activerecord-5.0.0.1/lib/active_record/suppressor.rb:41:in `save'
/usr/local/rvm/gems/ruby-2.3.0/gems/activerecord-5.0.0.1/lib/active_record/persistence.rb:266:in `block in update'
/usr/local/rvm/gems/ruby-2.3.0/gems/activerecord-5.0.0.1/lib/active_record/transactions.rb:395:in `block in with_transaction_returning_status'
/usr/local/rvm/gems/ruby-2.3.0/gems/activerecord-5.0.0.1/lib/active_record/connection_adapters/abstract/database_statements.rb:230:in `transaction'
/usr/local/rvm/gems/ruby-2.3.0/gems/activerecord-5.0.0.1/lib/active_record/transactions.rb:211:in `transaction'
/usr/local/rvm/gems/ruby-2.3.0/gems/activerecord-5.0.0.1/lib/active_record/transactions.rb:392:in `with_transaction_returning_status'
/usr/local/rvm/gems/ruby-2.3.0/gems/activerecord-5.0.0.1/lib/active_record/persistence.rb:264:in `update'
/home/ubuntu/workspace/matchme/app/models/match.rb:25:in `add_percent'
/usr/local/rvm/gems/ruby-2.3.0/gems/activesupport-5.0.0.1/lib/active_support/callbacks.rb:382:in `block in make_lambda'
/usr/local/rvm/gems/ruby-2.3.0/gems/activesupport-5.0.0.1/lib/active_support/callbacks.rb:207:in `block in halting_and_conditional'
/usr/local/rvm/gems/ruby-2.3.0/gems/activesupport-5.0.0.1/lib/active_support/callbacks.rb:456:in `block in call'
/usr/local/rvm/gems/ruby-2.3.0/gems/activesupport-5.0.0.1/lib/active_support/callbacks.rb:456:in `each'
/usr/local/rvm/gems/ruby-2.3.0/gems/activesupport-5.0.0.1/lib/active_support/callbacks.rb:456:in `call'
/usr/local/rvm/gems/ruby-2.3.0/gems/activesupport-5.0.0.1/lib/active_support/callbacks.rb:101:in `__run_callbacks__'
/usr/local/rvm/gems/ruby-2.3.0/gems/activesupport-5.0.0.1/lib/active_support/callbacks.rb:750:in `_run_save_callbacks'
/usr/local/rvm/gems/ruby-2.3.0/gems/activerecord-5.0.0.1/lib/active_record/callbacks.rb:298:in `create_or_update'
/usr/local/rvm/gems/ruby-2.3.0/gems/activerecord-5.0.0.1/lib/active_record/persistence.rb:125:in `save'
/usr/local/rvm/gems/ruby-2.3.0/gems/activerecord-5.0.0.1/lib/active_record/validations.rb:44:in `save'
/usr/local/rvm/gems/ruby-2.3.0/gems/activerecord-5.0.0.1/lib/active_record/attribute_methods/dirty.rb:22:in `save'
/usr/local/rvm/gems/ruby-2.3.0/gems/activerecord-5.0.0.1/lib/active_record/transactions.rb:319:in `block (2 levels) in save'
/usr/local/rvm/gems/ruby-2.3.0/gems/activerecord-5.0.0.1/lib/active_record/transactions.rb:395:in `block in with_transaction_returning_status'
/usr/local/rvm/gems/ruby-2.3.0/gems/activerecord-5.0.0.1/lib/active_record/connection_adapters/abstract/database_statements.rb:230:in `transaction'
/usr/local/rvm/gems/ruby-2.3.0/gems/activerecord-5.0.0.1/lib/active_record/transactions.rb:211:in `transaction'
/usr/local/rvm/gems/ruby-2.3.0/gems/activerecord-5.0.0.1/lib/active_record/transactions.rb:392:in `with_transaction_returning_status'
/usr/local/rvm/gems/ruby-2.3.0/gems/activerecord-5.0.0.1/lib/active_record/transactions.rb:319:in `block in save'
/usr/local/rvm/gems/ruby-2.3.0/gems/activerecord-5.0.0.1/lib/active_record/transactions.rb:334:in `rollback_active_record_state!'
/usr/local/rvm/gems/ruby-2.3.0/gems/activerecord-5.0.0.1/lib/active_record/transactions.rb:318:in `save'
/usr/local/rvm/gems/ruby-2.3.0/gems/activerecord-5.0.0.1/lib/active_record/suppressor.rb:41:in `save'
/usr/local/rvm/gems/ruby-2.3.0/gems/activerecord-5.0.0.1/lib/active_record/persistence.rb:266:in `block in update'
/usr/local/rvm/gems/ruby-2.3.0/gems/activerecord-5.0.0.1/lib/active_record/transactions.rb:395:in `block in with_transaction_returning_status'
/usr/local/rvm/gems/ruby-2.3.0/gems/activerecord-5.0.0.1/lib/active_record/connection_adapters/abstract/database_statements.rb:230:in `transaction'
/usr/local/rvm/gems/ruby-2.3.0/gems/activerecord-5.0.0.1/lib/active_record/transactions.rb:211:in `transaction'
/usr/local/rvm/gems/ruby-2.3.0/gems/activerecord-5.0.0.1/lib/active_record/transactions.rb:392:in `with_transaction_returning_status'
/usr/local/rvm/gems/ruby-2.3.0/gems/activerecord-5.0.0.1/lib/active_record/persistence.rb:264:in `update'
/home/ubuntu/workspace/matchme/app/models/match.rb:25:in `add_percent'
/usr/local/rvm/gems/ruby-2.3.0/gems/activesupport-5.0.0.1/lib/active_support/callbacks.rb:382:in `block in make_lambda'
/usr/local/rvm/gems/ruby-2.3.0/gems/activesupport-5.0.0.1/lib/active_support/callbacks.rb:207:in `block in halting_and_conditional'
/usr/local/rvm/gems/ruby-2.3.0/gems/activesupport-5.0.0.1/lib/active_support/callbacks.rb:456:in `block in call'
/usr/local/rvm/gems/ruby-2.3.0/gems/activesupport-5.0.0.1/lib/active_support/callbacks.rb:456:in `each'
/usr/local/rvm/gems/ruby-2.3.0/gems/activesupport-5.0.0.1/lib/active_support/callbacks.rb:456:in `call'
/usr/local/rvm/gems/ruby-2.3.0/gems/activesupport-5.0.0.1/lib/active_support/callbacks.rb:101:in `__run_callbacks__'
/usr/local/rvm/gems/ruby-2.3.0/gems/activesupport-5.0.0.1/lib/active_support/callbacks.rb:750:in `_run_save_callbacks'
/usr/local/rvm/gems/ruby-2.3.0/gems/activerecord-5.0.0.1/lib/active_record/callbacks.rb:298:in `create_or_update'
/usr/local/rvm/gems/ruby-2.3.0/gems/activerecord-5.0.0.1/lib/active_record/persistence.rb:125:in `save'
/usr/local/rvm/gems/ruby-2.3.0/gems/activerecord-5.0.0.1/lib/active_record/validations.rb:44:in `save'
/usr/local/rvm/gems/ruby-2.3.0/gems/activerecord-5.0.0.1/lib/active_record/attribute_methods/dirty.rb:22:in `save'
/usr/local/rvm/gems/ruby-2.3.0/gems/activerecord-5.0.0.1/lib/active_record/transactions.rb:319:in `block (2 levels) in save'
/usr/local/rvm/gems/ruby-2.3.0/gems/activerecord-5.0.0.1/lib/active_record/transactions.rb:395:in `block in with_transaction_returning_status'
/usr/local/rvm/gems/ruby-2.3.0/gems/activerecord-5.0.0.1/lib/active_record/connection_adapters/abstract/database_statements.rb:230:in `transaction'
/usr/local/rvm/gems/ruby-2.3.0/gems/activerecord-5.0.0.1/lib/active_record/transactions.rb:211:in `transaction'
/usr/local/rvm/gems/ruby-2.3.0/gems/activerecord-5.0.0.1/lib/active_record/transactions.rb:392:in `with_transaction_returning_status'
/usr/local/rvm/gems/ruby-2.3.0/gems/activerecord-5.0.0.1/lib/active_record/transactions.rb:319:in `block in save'
/usr/local/rvm/gems/ruby-2.3.0/gems/activerecord-5.0.0.1/lib/active_record/transactions.rb:334:in `rollback_active_record_state!'
/usr/local/rvm/gems/ruby-2.3.0/gems/activerecord-5.0.0.1/lib/active_record/transactions.rb:318:in `save'
/usr/local/rvm/gems/ruby-2.3.0/gems/activerecord-5.0.0.1/lib/active_record/suppressor.rb:41:in `save'
/usr/local/rvm/gems/ruby-2.3.0/gems/activerecord-5.0.0.1/lib/active_record/persistence.rb:266:in `block in update'
/usr/local/rvm/gems/ruby-2.3.0/gems/activerecord-5.0.0.1/lib/active_record/transactions.rb:395:in `block in with_transaction_returning_status'
/usr/local/rvm/gems/ruby-2.3.0/gems/activerecord-5.0.0.1/lib/active_record/connection_adapters/abstract/database_statements.rb:230:in `transaction'
/usr/local/rvm/gems/ruby-2.3.0/gems/activerecord-5.0.0.1/lib/active_record/transactions.rb:211:in `transaction'
/usr/local/rvm/gems/ruby-2.3.0/gems/activerecord-5.0.0.1/lib/active_record/transactions.rb:392:in `with_transaction_returning_status'
/usr/local/rvm/gems/ruby-2.3.0/gems/activerecord-5.0.0.1/lib/active_record/persistence.rb:264:in `update'
/home/ubuntu/workspace/matchme/app/models/match.rb:25:in `add_percent'
/usr/local/rvm/gems/ruby-2.3.0/gems/activesupport-5.0.0.1/lib/active_support/callbacks.rb:382:in `block in make_lambda'
/usr/local/rvm/gems/ruby-2.3.0/gems/activesupport-5.0.0.1/lib/active_support/callbacks.rb:207:in `block in halting_and_conditional'
/usr/local/rvm/gems/ruby-2.3.0/gems/activesupport-5.0.0.1/lib/active_support/callbacks.rb:456:in `block in call'
/usr/local/rvm/gems/ruby-2.3.0/gems/activesupport-5.0.0.1/lib/active_support/callbacks.rb:456:in `each'
/usr/local/rvm/gems/ruby-2.3.0/gems/activesupport-5.0.0.1/lib/active_support/callbacks.rb:456:in `call'
/usr/local/rvm/gems/ruby-2.3.0/gems/activesupport-5.0.0.1/lib/active_support/callbacks.rb:101:in `__run_callbacks__'
/usr/local/rvm/gems/ruby-2.3.0/gems/activesupport-5.0.0.1/lib/active_support/callbacks.rb:750:in `_run_save_callbacks'
/usr/local/rvm/gems/ruby-2.3.0/gems/activerecord-5.0.0.1/lib/active_record/callbacks.rb:298:in `create_or_update'
/usr/local/rvm/gems/ruby-2.3.0/gems/activerecord-5.0.0.1/lib/active_record/persistence.rb:125:in `save'
/usr/local/rvm/gems/ruby-2.3.0/gems/activerecord-5.0.0.1/lib/active_record/validations.rb:44:in `save'
/usr/local/rvm/gems/ruby-2.3.0/gems/activerecord-5.0.0.1/lib/active_record/attribute_methods/dirty.rb:22:in `save'
/usr/local/rvm/gems/ruby-2.3.0/gems/activerecord-5.0.0.1/lib/active_record/transactions.rb:319:in `block (2 levels) in save'
/usr/local/rvm/gems/ruby-2.3.0/gems/activerecord-5.0.0.1/lib/active_record/transactions.rb:395:in `block in with_transaction_returning_status'
/usr/local/rvm/gems/ruby-2.3.0/gems/activerecord-5.0.0.1/lib/active_record/connection_adapters/abstract/database_statements.rb:230:in `transaction'
/usr/local/rvm/gems/ruby-2.3.0/gems/activerecord-5.0.0.1/lib/active_record/transactions.rb:211:in `transaction'
/usr/local/rvm/gems/ruby-2.3.0/gems/activerecord-5.0.0.1/lib/active_record/transactions.rb:392:in `with_transaction_returning_status'
/usr/local/rvm/gems/ruby-2.3.0/gems/activerecord-5.0.0.1/lib/active_record/transactions.rb:319:in `block in save'
/usr/local/rvm/gems/ruby-2.3.0/gems/activerecord-5.0.0.1/lib/active_record/transactions.rb:334:in `rollback_active_record_state!'
/usr/local/rvm/gems/ruby-2.3.0/gems/activerecord-5.0.0.1/lib/active_record/transactions.rb:318:in `save'
/usr/local/rvm/gems/ruby-2.3.0/gems/activerecord-5.0.0.1/lib/active_record/suppressor.rb:41:in `save'
/usr/local/rvm/gems/ruby-2.3.0/gems/activerecord-5.0.0.1/lib/active_record/persistence.rb:266:in `block in update'
/usr/local/rvm/gems/ruby-2.3.0/gems/activerecord-5.0.0.1/lib/active_record/transactions.rb:395:in `block in with_transaction_returning_status'
/usr/local/rvm/gems/ruby-2.3.0/gems/activerecord-5.0.0.1/lib/active_record/connection_adapters/abstract/database_statements.rb:230:in `transaction'
/usr/local/rvm/gems/ruby-2.3.0/gems/activerecord-5.0.0.1/lib/active_record/transactions.rb:211:in `transaction'
/usr/local/rvm/gems/ruby-2.3.0/gems/activerecord-5.0.0.1/lib/active_record/transactions.rb:392:in `with_transaction_returning_status'
/usr/local/rvm/gems/ruby-2.3.0/gems/activerecord-5.0.0.1/lib/active_record/persistence.rb:264:in `update'
/home/ubuntu/workspace/matchme/app/models/match.rb:25:in `add_percent'
/usr/local/rvm/gems/ruby-2.3.0/gems/activesupport-5.0.0.1/lib/active_support/callbacks.rb:382:in `block in make_lambda'
/usr/local/rvm/gems/ruby-2.3.0/gems/activesupport-5.0.0.1/lib/active_support/callbacks.rb:207:in `block in halting_and_conditional'
/usr/local/rvm/gems/ruby-2.3.0/gems/activesupport-5.0.0.1/lib/active_support/callbacks.rb:456:in `block in call'
/usr/local/rvm/gems/ruby-2.3.0/gems/activesupport-5.0.0.1/lib/active_support/callbacks.rb:456:in `each'
/usr/local/rvm/gems/ruby-2.3.0/gems/activesupport-5.0.0.1/lib/active_support/callbacks.rb:456:in `call'
/usr/local/rvm/gems/ruby-2.3.0/gems/activesupport-5.0.0.1/lib/active_support/callbacks.rb:101:in `__run_callbacks__'
/usr/local/rvm/gems/ruby-2.3.0/gems/activesupport-5.0.0.1/lib/active_support/callbacks.rb:750:in `_run_save_callbacks'
/usr/local/rvm/gems/ruby-2.3.0/gems/activerecord-5.0.0.1/lib/active_record/callbacks.rb:298:in `create_or_update'
/usr/local/rvm/gems/ruby-2.3.0/gems/activerecord-5.0.0.1/lib/active_record/persistence.rb:125:in `save'
/usr/local/rvm/gems/ruby-2.3.0/gems/activerecord-5.0.0.1/lib/active_record/validations.rb:44:in `save'
/usr/local/rvm/gems/ruby-2.3.0/gems/activerecord-5.0.0.1/lib/active_record/attribute_methods/dirty.rb:22:in `save'
/usr/local/rvm/gems/ruby-2.3.0/gems/activerecord-5.0.0.1/lib/active_record/transactions.rb:319:in `block (2 levels) in save'
/usr/local/rvm/gems/ruby-2.3.0/gems/activerecord-5.0.0.1/lib/active_record/transactions.rb:395:in `block in with_transaction_returning_status'
/usr/local/rvm/gems/ruby-2.3.0/gems/activerecord-5.0.0.1/lib/active_record/connection_adapters/abstract/database_statements.rb:230:in `transaction'
/usr/local/rvm/gems/ruby-2.3.0/gems/activerecord-5.0.0.1/lib/active_record/transactions.rb:211:in `transaction'
/usr/local/rvm/gems/ruby-2.3.0/gems/activerecord-5.0.0.1/lib/active_record/transactions.rb:392:in `with_transaction_returning_status'
/usr/local/rvm/gems/ruby-2.3.0/gems/activerecord-5.0.0.1/lib/active_record/transactions.rb:319:in `block in save'
/usr/local/rvm/gems/ruby-2.3.0/gems/activerecord-5.0.0.1/lib/active_record/transactions.rb:334:in `rollback_active_record_state!'
/usr/local/rvm/gems/ruby-2.3.0/gems/activerecord-5.0.0.1/lib/active_record/transactions.rb:318:in `save'
/usr/local/rvm/gems/ruby-2.3.0/gems/activerecord-5.0.0.1/lib/active_record/suppressor.rb:41:in `save'
/usr/local/rvm/gems/ruby-2.3.0/gems/activerecord-5.0.0.1/lib/active_record/persistence.rb:266:in `block in update'
/usr/local/rvm/gems/ruby-2.3.0/gems/activerecord-5.0.0.1/lib/active_record/transactions.rb:395:in `block in with_transaction_returning_status'
/usr/local/rvm/gems/ruby-2.3.0/gems/activerecord-5.0.0.1/lib/active_record/connection_adapters/abstract/database_statements.rb:230:in `transaction'
/usr/local/rvm/gems/ruby-2.3.0/gems/activerecord-5.0.0.1/lib/active_record/transactions.rb:211:in `transaction'
/usr/local/rvm/gems/ruby-2.3.0/gems/activerecord-5.0.0.1/lib/active_record/transactions.rb:392:in `with_transaction_returning_status'
/usr/local/rvm/gems/ruby-2.3.0/gems/activerecord-5.0.0.1/lib/active_record/persistence.rb:264:in `update'
/home/ubuntu/workspace/matchme/app/models/match.rb:25:in `add_percent'
/usr/local/rvm/gems/ruby-2.3.0/gems/activesupport-5.0.0.1/lib/active_support/callbacks.rb:382:in `block in make_lambda'
/usr/local/rvm/gems/ruby-2.3.0/gems/activesupport-5.0.0.1/lib/active_support/callbacks.rb:207:in `block in halting_and_conditional'
/usr/local/rvm/gems/ruby-2.3.0/gems/activesupport-5.0.0.1/lib/active_support/callbacks.rb:456:in `block in call'
/usr/local/rvm/gems/ruby-2.3.0/gems/activesupport-5.0.0.1/lib/active_support/callbacks.rb:456:in `each'
/usr/local/rvm/gems/ruby-2.3.0/gems/activesupport-5.0.0.1/lib/active_support/callbacks.rb:456:in `call'
/usr/local/rvm/gems/ruby-2.3.0/gems/activesupport-5.0.0.1/lib/active_support/callbacks.rb:101:in `__run_callbacks__'
/usr/local/rvm/gems/ruby-2.3.0/gems/activesupport-5.0.0.1/lib/active_support/callbacks.rb:750:in `_run_save_callbacks'
/usr/local/rvm/gems/ruby-2.3.0/gems/activerecord-5.0.0.1/lib/active_record/callbacks.rb:298:in `create_or_update'
/usr/local/rvm/gems/ruby-2.3.0/gems/activerecord-5.0.0.1/lib/active_record/persistence.rb:125:in `save'
/usr/local/rvm/gems/ruby-2.3.0/gems/activerecord-5.0.0.1/lib/active_record/validations.rb:44:in `save'
/usr/local/rvm/gems/ruby-2.3.0/gems/activerecord-5.0.0.1/lib/active_record/attribute_methods/dirty.rb:22:in `save'
/usr/local/rvm/gems/ruby-2.3.0/gems/activerecord-5.0.0.1/lib/active_record/transactions.rb:319:in `block (2 levels) in save'
/usr/local/rvm/gems/ruby-2.3.0/gems/activerecord-5.0.0.1/lib/active_record/transactions.rb:395:in `block in with_transaction_returning_status'
/usr/local/rvm/gems/ruby-2.3.0/gems/activerecord-5.0.0.1/lib/active_record/connection_adapters/abstract/database_statements.rb:230:in `transaction'
/usr/local/rvm/gems/ruby-2.3.0/gems/activerecord-5.0.0.1/lib/active_record/transactions.rb:211:in `transaction'
/usr/local/rvm/gems/ruby-2.3.0/gems/activerecord-5.0.0.1/lib/active_record/transactions.rb:392:in `with_transaction_returning_status'
/usr/local/rvm/gems/ruby-2.3.0/gems/activerecord-5.0.0.1/lib/active_record/transactions.rb:319:in `block in save'
/usr/local/rvm/gems/ruby-2.3.0/gems/activerecord-5.0.0.1/lib/active_record/transactions.rb:334:in `rollback_active_record_state!'
/usr/local/rvm/gems/ruby-2.3.0/gems/activerecord-5.0.0.1/lib/active_record/transactions.rb:318:in `save'
/usr/local/rvm/gems/ruby-2.3.0/gems/activerecord-5.0.0.1/lib/active_record/suppressor.rb:41:in `save'
/usr/local/rvm/gems/ruby-2.3.0/gems/activerecord-5.0.0.1/lib/active_record/persistence.rb:266:in `block in update'
/usr/local/rvm/gems/ruby-2.3.0/gems/activerecord-5.0.0.1/lib/active_record/transactions.rb:395:in `block in with_transaction_returning_status'
/usr/local/rvm/gems/ruby-2.3.0/gems/activerecord-5.0.0.1/lib/active_record/connection_adapters/abstract/database_statements.rb:230:in `transaction'
/usr/local/rvm/gems/ruby-2.3.0/gems/activerecord-5.0.0.1/lib/active_record/transactions.rb:211:in `transaction'
/usr/local/rvm/gems/ruby-2.3.0/gems/activerecord-5.0.0.1/lib/active_record/transactions.rb:392:in `with_transaction_returning_status'
/usr/local/rvm/gems/ruby-2.3.0/gems/activerecord-5.0.0.1/lib/active_record/persistence.rb:264:in `update'
/home/ubuntu/workspace/matchme/app/models/match.rb:25:in `add_percent'
/usr/local/rvm/gems/ruby-2.3.0/gems/activesupport-5.0.0.1/lib/active_support/callbacks.rb:382:in `block in make_lambda'
/usr/local/rvm/gems/ruby-2.3.0/gems/activesupport-5.0.0.1/lib/active_support/callbacks.rb:207:in `block in halting_and_conditional'
/usr/local/rvm/gems/ruby-2.3.0/gems/activesupport-5.0.0.1/lib/active_support/callbacks.rb:456:in `block in call'
/usr/local/rvm/gems/ruby-2.3.0/gems/activesupport-5.0.0.1/lib/active_support/callbacks.rb:456:in `each'
/usr/local/rvm/gems/ruby-2.3.0/gems/activesupport-5.0.0.1/lib/active_support/callbacks.rb:456:in `call'
/usr/local/rvm/gems/ruby-2.3.0/gems/activesupport-5.0.0.1/lib/active_support/callbacks.rb:101:in `__run_callbacks__'
/usr/local/rvm/gems/ruby-2.3.0/gems/activesupport-5.0.0.1/lib/active_support/callbacks.rb:750:in `_run_save_callbacks'
/usr/local/rvm/gems/ruby-2.3.0/gems/activerecord-5.0.0.1/lib/active_record/callbacks.rb:298:in `create_or_update'
/usr/local/rvm/gems/ruby-2.3.0/gems/activerecord-5.0.0.1/lib/active_record/persistence.rb:125:in `save'
/usr/local/rvm/gems/ruby-2.3.0/gems/activerecord-5.0.0.1/lib/active_record/validations.rb:44:in `save'
/usr/local/rvm/gems/ruby-2.3.0/gems/activerecord-5.0.0.1/lib/active_record/attribute_methods/dirty.rb:22:in `save'
/usr/local/rvm/gems/ruby-2.3.0/gems/activerecord-5.0.0.1/lib/active_record/transactions.rb:319:in `block (2 levels) in save'
/usr/local/rvm/gems/ruby-2.3.0/gems/activerecord-5.0.0.1/lib/active_record/transactions.rb:395:in `block in with_transaction_returning_status'
/usr/local/rvm/gems/ruby-2.3.0/gems/activerecord-5.0.0.1/lib/active_record/connection_adapters/abstract/database_statements.rb:230:in `transaction'
/usr/local/rvm/gems/ruby-2.3.0/gems/activerecord-5.0.0.1/lib/active_record/transactions.rb:211:in `transaction'
/usr/local/rvm/gems/ruby-2.3.0/gems/activerecord-5.0.0.1/lib/active_record/transactions.rb:392:in `with_transaction_returning_status'
/usr/local/rvm/gems/ruby-2.3.0/gems/activerecord-5.0.0.1/lib/active_record/transactions.rb:319:in `block in save'
/usr/local/rvm/gems/ruby-2.3.0/gems/activerecord-5.0.0.1/lib/active_record/transactions.rb:334:in `rollback_active_record_state!'
/usr/local/rvm/gems/ruby-2.3.0/gems/activerecord-5.0.0.1/lib/active_record/transactions.rb:318:in `save'
/usr/local/rvm/gems/ruby-2.3.0/gems/activerecord-5.0.0.1/lib/active_record/suppressor.rb:41:in `save'
/usr/local/rvm/gems/ruby-2.3.0/gems/activerecord-5.0.0.1/lib/active_record/persistence.rb:266:in `block in update'
/usr/local/rvm/gems/ruby-2.3.0/gems/activerecord-5.0.0.1/lib/active_record/transactions.rb:395:in `block in with_transaction_returning_status'
/usr/local/rvm/gems/ruby-2.3.0/gems/activerecord-5.0.0.1/lib/active_record/connection_adapters/abstract/database_statements.rb:230:in `transaction'
/usr/local/rvm/gems/ruby-2.3.0/gems/activerecord-5.0.0.1/lib/active_record/transactions.rb:211:in `transaction'
/usr/local/rvm/gems/ruby-2.3.0/gems/activerecord-5.0.0.1/lib/active_record/transactions.rb:392:in `with_transaction_returning_status'
/usr/local/rvm/gems/ruby-2.3.0/gems/activerecord-5.0.0.1/lib/active_record/persistence.rb:264:in `update'
/home/ubuntu/workspace/matchme/app/models/match.rb:25:in `add_percent'
/usr/local/rvm/gems/ruby-2.3.0/gems/activesupport-5.0.0.1/lib/active_support/callbacks.rb:382:in `block in make_lambda'
/usr/local/rvm/gems/ruby-2.3.0/gems/activesupport-5.0.0.1/lib/active_support/callbacks.rb:207:in `block in halting_and_conditional'
/usr/local/rvm/gems/ruby-2.3.0/gems/activesupport-5.0.0.1/lib/active_support/callbacks.rb:456:in `block in call'
/usr/local/rvm/gems/ruby-2.3.0/gems/activesupport-5.0.0.1/lib/active_support/callbacks.rb:456:in `each'
/usr/local/rvm/gems/ruby-2.3.0/gems/activesupport-5.0.0.1/lib/active_support/callbacks.rb:456:in `call'
/usr/local/rvm/gems/ruby-2.3.0/gems/activesupport-5.0.0.1/lib/active_support/callbacks.rb:101:in `__run_callbacks__'
/usr/local/rvm/gems/ruby-2.3.0/gems/activesupport-5.0.0.1/lib/active_support/callbacks.rb:750:in `_run_save_callbacks'
/usr/local/rvm/gems/ruby-2.3.0/gems/activerecord-5.0.0.1/lib/active_record/callbacks.rb:298:in `create_or_update'
/usr/local/rvm/gems/ruby-2.3.0/gems/activerecord-5.0.0.1/lib/active_record/persistence.rb:125:in `save'
/usr/local/rvm/gems/ruby-2.3.0/gems/activerecord-5.0.0.1/lib/active_record/validations.rb:44:in `save'
/usr/local/rvm/gems/ruby-2.3.0/gems/activerecord-5.0.0.1/lib/active_record/attribute_methods/dirty.rb:22:in `save'
/usr/local/rvm/gems/ruby-2.3.0/gems/activerecord-5.0.0.1/lib/active_record/transactions.rb:319:in `block (2 levels) in save'
/usr/local/rvm/gems/ruby-2.3.0/gems/activerecord-5.0.0.1/lib/active_record/transactions.rb:395:in `block in with_transaction_returning_status'
/usr/local/rvm/gems/ruby-2.3.0/gems/activerecord-5.0.0.1/lib/active_record/connection_adapters/abstract/database_statements.rb:230:in `transaction'
/usr/local/rvm/gems/ruby-2.3.0/gems/activerecord-5.0.0.1/lib/active_record/transactions.rb:211:in `transaction'
/usr/local/rvm/gems/ruby-2.3.0/gems/activerecord-5.0.0.1/lib/active_record/transactions.rb:392:in `with_transaction_returning_status'
/usr/local/rvm/gems/ruby-2.3.0/gems/activerecord-5.0.0.1/lib/active_record/transactions.rb:319:in `block in save'
/usr/local/rvm/gems/ruby-2.3.0/gems/activerecord-5.0.0.1/lib/active_record/transactions.rb:334:in `rollback_active_record_state!'
/usr/local/rvm/gems/ruby-2.3.0/gems/activerecord-5.0.0.1/lib/active_record/transactions.rb:318:in `save'
/usr/local/rvm/gems/ruby-2.3.0/gems/activerecord-5.0.0.1/lib/active_record/suppressor.rb:41:in `save'
/usr/local/rvm/gems/ruby-2.3.0/gems/activerecord-5.0.0.1/lib/active_record/persistence.rb:266:in `block in update'
/usr/local/rvm/gems/ruby-2.3.0/gems/activerecord-5.0.0.1/lib/active_record/transactions.rb:395:in `block in with_transaction_returning_status'
/usr/local/rvm/gems/ruby-2.3.0/gems/activerecord-5.0.0.1/lib/active_record/connection_adapters/abstract/database_statements.rb:230:in `transaction'
/usr/local/rvm/gems/ruby-2.3.0/gems/activerecord-5.0.0.1/lib/active_record/transactions.rb:211:in `transaction'
/usr/local/rvm/gems/ruby-2.3.0/gems/activerecord-5.0.0.1/lib/active_record/transactions.rb:392:in `with_transaction_returning_status'
/usr/local/rvm/gems/ruby-2.3.0/gems/activerecord-5.0.0.1/lib/active_record/persistence.rb:264:in `update'
/home/ubuntu/workspace/matchme/app/models/match.rb:25:in `add_percent'
/usr/local/rvm/gems/ruby-2.3.0/gems/activesupport-5.0.0.1/lib/active_support/callbacks.rb:382:in `block in make_lambda'
/usr/local/rvm/gems/ruby-2.3.0/gems/activesupport-5.0.0.1/lib/active_support/callbacks.rb:207:in `block in halting_and_conditional'
/usr/local/rvm/gems/ruby-2.3.0/gems/activesupport-5.0.0.1/lib/active_support/callbacks.rb:456:in `block in call'
/usr/local/rvm/gems/ruby-2.3.0/gems/activesupport-5.0.0.1/lib/active_support/callbacks.rb:456:in `each'
/usr/local/rvm/gems/ruby-2.3.0/gems/activesupport-5.0.0.1/lib/active_support/callbacks.rb:456:in `call'
/usr/local/rvm/gems/ruby-2.3.0/gems/activesupport-5.0.0.1/lib/active_support/callbacks.rb:101:in `__run_callbacks__'
/usr/local/rvm/gems/ruby-2.3.0/gems/activesupport-5.0.0.1/lib/active_support/callbacks.rb:750:in `_run_save_callbacks'
/usr/local/rvm/gems/ruby-2.3.0/gems/activerecord-5.0.0.1/lib/active_record/callbacks.rb:298:in `create_or_update'
/usr/local/rvm/gems/ruby-2.3.0/gems/activerecord-5.0.0.1/lib/active_record/persistence.rb:125:in `save'
/usr/local/rvm/gems/ruby-2.3.0/gems/activerecord-5.0.0.1/lib/active_record/validations.rb:44:in `save'
/usr/local/rvm/gems/ruby-2.3.0/gems/activerecord-5.0.0.1/lib/active_record/attribute_methods/dirty.rb:22:in `save'
/usr/local/rvm/gems/ruby-2.3.0/gems/activerecord-5.0.0.1/lib/active_record/transactions.rb:319:in `block (2 levels) in save'
/usr/local/rvm/gems/ruby-2.3.0/gems/activerecord-5.0.0.1/lib/active_record/transactions.rb:395:in `block in with_transaction_returning_status'
/usr/local/rvm/gems/ruby-2.3.0/gems/activerecord-5.0.0.1/lib/active_record/connection_adapters/abstract/database_statements.rb:230:in `transaction'
/usr/local/rvm/gems/ruby-2.3.0/gems/activerecord-5.0.0.1/lib/active_record/transactions.rb:211:in `transaction'
/usr/local/rvm/gems/ruby-2.3.0/gems/activerecord-5.0.0.1/lib/active_record/transactions.rb:392:in `with_transaction_returning_status'
/usr/local/rvm/gems/ruby-2.3.0/gems/activerecord-5.0.0.1/lib/active_record/transactions.rb:319:in `block in save'
/usr/local/rvm/gems/ruby-2.3.0/gems/activerecord-5.0.0.1/lib/active_record/transactions.rb:334:in `rollback_active_record_state!'
/usr/local/rvm/gems/ruby-2.3.0/gems/activerecord-5.0.0.1/lib/active_record/transactions.rb:318:in `save'
/usr/local/rvm/gems/ruby-2.3.0/gems/activerecord-5.0.0.1/lib/active_record/suppressor.rb:41:in `save'
/usr/local/rvm/gems/ruby-2.3.0/gems/activerecord-5.0.0.1/lib/active_record/persistence.rb:266:in `block in update'
/usr/local/rvm/gems/ruby-2.3.0/gems/activerecord-5.0.0.1/lib/active_record/transactions.rb:395:in `block in with_transaction_returning_status'
/usr/local/rvm/gems/ruby-2.3.0/gems/activerecord-5.0.0.1/lib/active_record/connection_adapters/abstract/database_statements.rb:230:in `transaction'
/usr/local/rvm/gems/ruby-2.3.0/gems/activerecord-5.0.0.1/lib/active_record/transactions.rb:211:in `transaction'
/usr/local/rvm/gems/ruby-2.3.0/gems/activerecord-5.0.0.1/lib/active_record/transactions.rb:392:in `with_transaction_returning_status'
/usr/local/rvm/gems/ruby-2.3.0/gems/activerecord-5.0.0.1/lib/active_record/persistence.rb:264:in `update'
/home/ubuntu/workspace/matchme/app/models/match.rb:25:in `add_percent'
/usr/local/rvm/gems/ruby-2.3.0/gems/activesupport-5.0.0.1/lib/active_support/callbacks.rb:382:in `block in make_lambda'
/usr/local/rvm/gems/ruby-2.3.0/gems/activesupport-5.0.0.1/lib/active_support/callbacks.rb:207:in `block in halting_and_conditional'
/usr/local/rvm/gems/ruby-2.3.0/gems/activesupport-5.0.0.1/lib/active_support/callbacks.rb:456:in `block in call'
/usr/local/rvm/gems/ruby-2.3.0/gems/activesupport-5.0.0.1/lib/active_support/callbacks.rb:456:in `each'
/usr/local/rvm/gems/ruby-2.3.0/gems/activesupport-5.0.0.1/lib/active_support/callbacks.rb:456:in `call'
/usr/local/rvm/gems/ruby-2.3.0/gems/activesupport-5.0.0.1/lib/active_support/callbacks.rb:101:in `__run_callbacks__'
/usr/local/rvm/gems/ruby-2.3.0/gems/activesupport-5.0.0.1/lib/active_support/callbacks.rb:750:in `_run_save_callbacks'
/usr/local/rvm/gems/ruby-2.3.0/gems/activerecord-5.0.0.1/lib/active_record/callbacks.rb:298:in `create_or_update'
/usr/local/rvm/gems/ruby-2.3.0/gems/activerecord-5.0.0.1/lib/active_record/persistence.rb:125:in `save'
/usr/local/rvm/gems/ruby-2.3.0/gems/activerecord-5.0.0.1/lib/active_record/validations.rb:44:in `save'
/usr/local/rvm/gems/ruby-2.3.0/gems/activerecord-5.0.0.1/lib/active_record/attribute_methods/dirty.rb:22:in `save'
/usr/local/rvm/gems/ruby-2.3.0/gems/activerecord-5.0.0.1/lib/active_record/transactions.rb:319:in `block (2 levels) in save'
/usr/local/rvm/gems/ruby-2.3.0/gems/activerecord-5.0.0.1/lib/active_record/transactions.rb:395:in `block in with_transaction_returning_status'
/usr/local/rvm/gems/ruby-2.3.0/gems/activerecord-5.0.0.1/lib/active_record/connection_adapters/abstract/database_statements.rb:230:in `transaction'
/usr/local/rvm/gems/ruby-2.3.0/gems/activerecord-5.0.0.1/lib/active_record/transactions.rb:211:in `transaction'
/usr/local/rvm/gems/ruby-2.3.0/gems/activerecord-5.0.0.1/lib/active_record/transactions.rb:392:in `with_transaction_returning_status'
/usr/local/rvm/gems/ruby-2.3.0/gems/activerecord-5.0.0.1/lib/active_record/transactions.rb:319:in `block in save'
/usr/local/rvm/gems/ruby-2.3.0/gems/activerecord-5.0.0.1/lib/active_record/transactions.rb:334:in `rollback_active_record_state!'
/usr/local/rvm/gems/ruby-2.3.0/gems/activerecord-5.0.0.1/lib/active_record/transactions.rb:318:in `save'
/usr/local/rvm/gems/ruby-2.3.0/gems/activerecord-5.0.0.1/lib/active_record/suppressor.rb:41:in `save'
/usr/local/rvm/gems/ruby-2.3.0/gems/activerecord-5.0.0.1/lib/active_record/persistence.rb:266:in `block in update'
/usr/local/rvm/gems/ruby-2.3.0/gems/activerecord-5.0.0.1/lib/active_record/transactions.rb:395:in `block in with_transaction_returning_status'
/usr/local/rvm/gems/ruby-2.3.0/gems/activerecord-5.0.0.1/lib/active_record/connection_adapters/abstract/database_statements.rb:230:in `transaction'
/usr/local/rvm/gems/ruby-2.3.0/gems/activerecord-5.0.0.1/lib/active_record/transactions.rb:211:in `transaction'
/usr/local/rvm/gems/ruby-2.3.0/gems/activerecord-5.0.0.1/lib/active_record/transactions.rb:392:in `with_transaction_returning_status'
/usr/local/rvm/gems/ruby-2.3.0/gems/activerecord-5.0.0.1/lib/active_record/persistence.rb:264:in `update'
/home/ubuntu/workspace/matchme/app/models/match.rb:25:in `add_percent'
/usr/local/rvm/gems/ruby-2.3.0/gems/activesupport-5.0.0.1/lib/active_support/callbacks.rb:382:in `block in make_lambda'
/usr/local/rvm/gems/ruby-2.3.0/gems/activesupport-5.0.0.1/lib/active_support/callbacks.rb:207:in `block in halting_and_conditional'
/usr/local/rvm/gems/ruby-2.3.0/gems/activesupport-5.0.0.1/lib/active_support/callbacks.rb:456:in `block in call'
/usr/local/rvm/gems/ruby-2.3.0/gems/activesupport-5.0.0.1/lib/active_support/callbacks.rb:456:in `each'
/usr/local/rvm/gems/ruby-2.3.0/gems/activesupport-5.0.0.1/lib/active_support/callbacks.rb:456:in `call'
/usr/local/rvm/gems/ruby-2.3.0/gems/activesupport-5.0.0.1/lib/active_support/callbacks.rb:101:in `__run_callbacks__'
/usr/local/rvm/gems/ruby-2.3.0/gems/activesupport-5.0.0.1/lib/active_support/callbacks.rb:750:in `_run_save_callbacks'
/usr/local/rvm/gems/ruby-2.3.0/gems/activerecord-5.0.0.1/lib/active_record/callbacks.rb:298:in `create_or_update'
/usr/local/rvm/gems/ruby-2.3.0/gems/activerecord-5.0.0.1/lib/active_record/persistence.rb:125:in `save'
/usr/local/rvm/gems/ruby-2.3.0/gems/activerecord-5.0.0.1/lib/active_record/validations.rb:44:in `save'
/usr/local/rvm/gems/ruby-2.3.0/gems/activerecord-5.0.0.1/lib/active_record/attribute_methods/dirty.rb:22:in `save'
/usr/local/rvm/gems/ruby-2.3.0/gems/activerecord-5.0.0.1/lib/active_record/transactions.rb:319:in `block (2 levels) in save'
/usr/local/rvm/gems/ruby-2.3.0/gems/activerecord-5.0.0.1/lib/active_record/transactions.rb:395:in `block in with_transaction_returning_status'
/usr/local/rvm/gems/ruby-2.3.0/gems/activerecord-5.0.0.1/lib/active_record/connection_adapters/abstract/database_statements.rb:230:in `transaction'
/usr/local/rvm/gems/ruby-2.3.0/gems/activerecord-5.0.0.1/lib/active_record/transactions.rb:211:in `transaction'
/usr/local/rvm/gems/ruby-2.3.0/gems/activerecord-5.0.0.1/lib/active_record/transactions.rb:392:in `with_transaction_returning_status'
/usr/local/rvm/gems/ruby-2.3.0/gems/activerecord-5.0.0.1/lib/active_record/transactions.rb:319:in `block in save'
/usr/local/rvm/gems/ruby-2.3.0/gems/activerecord-5.0.0.1/lib/active_record/transactions.rb:334:in `rollback_active_record_state!'
/usr/local/rvm/gems/ruby-2.3.0/gems/activerecord-5.0.0.1/lib/active_record/transactions.rb:318:in `save'
/usr/local/rvm/gems/ruby-2.3.0/gems/activerecord-5.0.0.1/lib/active_record/suppressor.rb:41:in `save'
/usr/local/rvm/gems/ruby-2.3.0/gems/activerecord-5.0.0.1/lib/active_record/persistence.rb:266:in `block in update'
/usr/local/rvm/gems/ruby-2.3.0/gems/activerecord-5.0.0.1/lib/active_record/transactions.rb:395:in `block in with_transaction_returning_status'
/usr/local/rvm/gems/ruby-2.3.0/gems/activerecord-5.0.0.1/lib/active_record/connection_adapters/abstract/database_statements.rb:230:in `transaction'
/usr/local/rvm/gems/ruby-2.3.0/gems/activerecord-5.0.0.1/lib/active_record/transactions.rb:211:in `transaction'
/usr/local/rvm/gems/ruby-2.3.0/gems/activerecord-5.0.0.1/lib/active_record/transactions.rb:392:in `with_transaction_returning_status'
/usr/local/rvm/gems/ruby-2.3.0/gems/activerecord-5.0.0.1/lib/active_record/persistence.rb:264:in `update'
/home/ubuntu/workspace/matchme/app/models/match.rb:25:in `add_percent'
/usr/local/rvm/gems/ruby-2.3.0/gems/activesupport-5.0.0.1/lib/active_support/callbacks.rb:382:in `block in make_lambda'
/usr/local/rvm/gems/ruby-2.3.0/gems/activesupport-5.0.0.1/lib/active_support/callbacks.rb:207:in `block in halting_and_conditional'
/usr/local/rvm/gems/ruby-2.3.0/gems/activesupport-5.0.0.1/lib/active_support/callbacks.rb:456:in `block in call'
/usr/local/rvm/gems/ruby-2.3.0/gems/activesupport-5.0.0.1/lib/active_support/callbacks.rb:456:in `each'
/usr/local/rvm/gems/ruby-2.3.0/gems/activesupport-5.0.0.1/lib/active_support/callbacks.rb:456:in `call'
/usr/local/rvm/gems/ruby-2.3.0/gems/activesupport-5.0.0.1/lib/active_support/callbacks.rb:101:in `__run_callbacks__'
/usr/local/rvm/gems/ruby-2.3.0/gems/activesupport-5.0.0.1/lib/active_support/callbacks.rb:750:in `_run_save_callbacks'
/usr/local/rvm/gems/ruby-2.3.0/gems/activerecord-5.0.0.1/lib/active_record/callbacks.rb:298:in `create_or_update'
/usr/local/rvm/gems/ruby-2.3.0/gems/activerecord-5.0.0.1/lib/active_record/persistence.rb:125:in `save'
/usr/local/rvm/gems/ruby-2.3.0/gems/activerecord-5.0.0.1/lib/active_record/validations.rb:44:in `save'
/usr/local/rvm/gems/ruby-2.3.0/gems/activerecord-5.0.0.1/lib/active_record/attribute_methods/dirty.rb:22:in `save'
/usr/local/rvm/gems/ruby-2.3.0/gems/activerecord-5.0.0.1/lib/active_record/transactions.rb:319:in `block (2 levels) in save'
/usr/local/rvm/gems/ruby-2.3.0/gems/activerecord-5.0.0.1/lib/active_record/transactions.rb:395:in `block in with_transaction_returning_status'
/usr/local/rvm/gems/ruby-2.3.0/gems/activerecord-5.0.0.1/lib/active_record/connection_adapters/abstract/database_statements.rb:230:in `transaction'
/usr/local/rvm/gems/ruby-2.3.0/gems/activerecord-5.0.0.1/lib/active_record/transactions.rb:211:in `transaction'
/usr/local/rvm/gems/ruby-2.3.0/gems/activerecord-5.0.0.1/lib/active_record/transactions.rb:392:in `with_transaction_returning_status'
/usr/local/rvm/gems/ruby-2.3.0/gems/activerecord-5.0.0.1/lib/active_record/transactions.rb:319:in `block in save'
/usr/local/rvm/gems/ruby-2.3.0/gems/activerecord-5.0.0.1/lib/active_record/transactions.rb:334:in `rollback_active_record_state!'
/usr/local/rvm/gems/ruby-2.3.0/gems/activerecord-5.0.0.1/lib/active_record/transactions.rb:318:in `save'
/usr/local/rvm/gems/ruby-2.3.0/gems/activerecord-5.0.0.1/lib/active_record/suppressor.rb:41:in `save'
/usr/local/rvm/gems/ruby-2.3.0/gems/activerecord-5.0.0.1/lib/active_record/persistence.rb:266:in `block in update'
/usr/local/rvm/gems/ruby-2.3.0/gems/activerecord-5.0.0.1/lib/active_record/transactions.rb:395:in `block in with_transaction_returning_status'
/usr/local/rvm/gems/ruby-2.3.0/gems/activerecord-5.0.0.1/lib/active_record/connection_adapters/abstract/database_statements.rb:230:in `transaction'
/usr/local/rvm/gems/ruby-2.3.0/gems/activerecord-5.0.0.1/lib/active_record/transactions.rb:211:in `transaction'
/usr/local/rvm/gems/ruby-2.3.0/gems/activerecord-5.0.0.1/lib/active_record/transactions.rb:392:in `with_transaction_returning_status'
/usr/local/rvm/gems/ruby-2.3.0/gems/activerecord-5.0.0.1/lib/active_record/persistence.rb:264:in `update'
/home/ubuntu/workspace/matchme/app/models/match.rb:25:in `add_percent'
/usr/local/rvm/gems/ruby-2.3.0/gems/activesupport-5.0.0.1/lib/active_support/callbacks.rb:382:in `block in make_lambda'
/usr/local/rvm/gems/ruby-2.3.0/gems/activesupport-5.0.0.1/lib/active_support/callbacks.rb:207:in `block in halting_and_conditional'
/usr/local/rvm/gems/ruby-2.3.0/gems/activesupport-5.0.0.1/lib/active_support/callbacks.rb:456:in `block in call'
/usr/local/rvm/gems/ruby-2.3.0/gems/activesupport-5.0.0.1/lib/active_support/callbacks.rb:456:in `each'
/usr/local/rvm/gems/ruby-2.3.0/gems/activesupport-5.0.0.1/lib/active_support/callbacks.rb:456:in `call'
/usr/local/rvm/gems/ruby-2.3.0/gems/activesupport-5.0.0.1/lib/active_support/callbacks.rb:101:in `__run_callbacks__'
/usr/local/rvm/gems/ruby-2.3.0/gems/activesupport-5.0.0.1/lib/active_support/callbacks.rb:750:in `_run_save_callbacks'
/usr/local/rvm/gems/ruby-2.3.0/gems/activerecord-5.0.0.1/lib/active_record/callbacks.rb:298:in `create_or_update'
/usr/local/rvm/gems/ruby-2.3.0/gems/activerecord-5.0.0.1/lib/active_record/persistence.rb:125:in `save'
/usr/local/rvm/gems/ruby-2.3.0/gems/activerecord-5.0.0.1/lib/active_record/validations.rb:44:in `save'
/usr/local/rvm/gems/ruby-2.3.0/gems/activerecord-5.0.0.1/lib/active_record/attribute_methods/dirty.rb:22:in `save'
/usr/local/rvm/gems/ruby-2.3.0/gems/activerecord-5.0.0.1/lib/active_record/transactions.rb:319:in `block (2 levels) in save'
/usr/local/rvm/gems/ruby-2.3.0/gems/activerecord-5.0.0.1/lib/active_record/transactions.rb:395:in `block in with_transaction_returning_status'
/usr/local/rvm/gems/ruby-2.3.0/gems/activerecord-5.0.0.1/lib/active_record/connection_adapters/abstract/database_statements.rb:230:in `transaction'
/usr/local/rvm/gems/ruby-2.3.0/gems/activerecord-5.0.0.1/lib/active_record/transactions.rb:211:in `transaction'
/usr/local/rvm/gems/ruby-2.3.0/gems/activerecord-5.0.0.1/lib/active_record/transactions.rb:392:in `with_transaction_returning_status'
/usr/local/rvm/gems/ruby-2.3.0/gems/activerecord-5.0.0.1/lib/active_record/transactions.rb:319:in `block in save'
/usr/local/rvm/gems/ruby-2.3.0/gems/activerecord-5.0.0.1/lib/active_record/transactions.rb:334:in `rollback_active_record_state!'
/usr/local/rvm/gems/ruby-2.3.0/gems/activerecord-5.0.0.1/lib/active_record/transactions.rb:318:in `save'
/usr/local/rvm/gems/ruby-2.3.0/gems/activerecord-5.0.0.1/lib/active_record/suppressor.rb:41:in `save'
/usr/local/rvm/gems/ruby-2.3.0/gems/activerecord-5.0.0.1/lib/active_record/persistence.rb:266:in `block in update'
/usr/local/rvm/gems/ruby-2.3.0/gems/activerecord-5.0.0.1/lib/active_record/transactions.rb:395:in `block in with_transaction_returning_status'
/usr/local/rvm/gems/ruby-2.3.0/gems/activerecord-5.0.0.1/lib/active_record/connection_adapters/abstract/database_statements.rb:230:in `transaction'
/usr/local/rvm/gems/ruby-2.3.0/gems/activerecord-5.0.0.1/lib/active_record/transactions.rb:211:in `transaction'
/usr/local/rvm/gems/ruby-2.3.0/gems/activerecord-5.0.0.1/lib/active_record/transactions.rb:392:in `with_transaction_returning_status'
/usr/local/rvm/gems/ruby-2.3.0/gems/activerecord-5.0.0.1/lib/active_record/persistence.rb:264:in `update'
/home/ubuntu/workspace/matchme/app/models/match.rb:25:in `add_percent'
/usr/local/rvm/gems/ruby-2.3.0/gems/activesupport-5.0.0.1/lib/active_support/callbacks.rb:382:in `block in make_lambda'
/usr/local/rvm/gems/ruby-2.3.0/gems/activesupport-5.0.0.1/lib/active_support/callbacks.rb:207:in `block in halting_and_conditional'
/usr/local/rvm/gems/ruby-2.3.0/gems/activesupport-5.0.0.1/lib/active_support/callbacks.rb:456:in `block in call'
/usr/local/rvm/gems/ruby-2.3.0/gems/activesupport-5.0.0.1/lib/active_support/callbacks.rb:456:in `each'
/usr/local/rvm/gems/ruby-2.3.0/gems/activesupport-5.0.0.1/lib/active_support/callbacks.rb:456:in `call'
/usr/local/rvm/gems/ruby-2.3.0/gems/activesupport-5.0.0.1/lib/active_support/callbacks.rb:101:in `__run_callbacks__'
/usr/local/rvm/gems/ruby-2.3.0/gems/activesupport-5.0.0.1/lib/active_support/callbacks.rb:750:in `_run_save_callbacks'
/usr/local/rvm/gems/ruby-2.3.0/gems/activerecord-5.0.0.1/lib/active_record/callbacks.rb:298:in `create_or_update'
/usr/local/rvm/gems/ruby-2.3.0/gems/activerecord-5.0.0.1/lib/active_record/persistence.rb:125:in `save'
/usr/local/rvm/gems/ruby-2.3.0/gems/activerecord-5.0.0.1/lib/active_record/validations.rb:44:in `save'
/usr/local/rvm/gems/ruby-2.3.0/gems/activerecord-5.0.0.1/lib/active_record/attribute_methods/dirty.rb:22:in `save'
/usr/local/rvm/gems/ruby-2.3.0/gems/activerecord-5.0.0.1/lib/active_record/transactions.rb:319:in `block (2 levels) in save'
/usr/local/rvm/gems/ruby-2.3.0/gems/activerecord-5.0.0.1/lib/active_record/transactions.rb:395:in `block in with_transaction_returning_status'
/usr/local/rvm/gems/ruby-2.3.0/gems/activerecord-5.0.0.1/lib/active_record/connection_adapters/abstract/database_statements.rb:230:in `transaction'
/usr/local/rvm/gems/ruby-2.3.0/gems/activerecord-5.0.0.1/lib/active_record/transactions.rb:211:in `transaction'
/usr/local/rvm/gems/ruby-2.3.0/gems/activerecord-5.0.0.1/lib/active_record/transactions.rb:392:in `with_transaction_returning_status'
/usr/local/rvm/gems/ruby-2.3.0/gems/activerecord-5.0.0.1/lib/active_record/transactions.rb:319:in `block in save'
/usr/local/rvm/gems/ruby-2.3.0/gems/activerecord-5.0.0.1/lib/active_record/transactions.rb:334:in `rollback_active_record_state!'
/usr/local/rvm/gems/ruby-2.3.0/gems/activerecord-5.0.0.1/lib/active_record/transactions.rb:318:in `save'
/usr/local/rvm/gems/ruby-2.3.0/gems/activerecord-5.0.0.1/lib/active_record/suppressor.rb:41:in `save'
/usr/local/rvm/gems/ruby-2.3.0/gems/activerecord-5.0.0.1/lib/active_record/persistence.rb:266:in `block in update'
/usr/local/rvm/gems/ruby-2.3.0/gems/activerecord-5.0.0.1/lib/active_record/transactions.rb:395:in `block in with_transaction_returning_status'
/usr/local/rvm/gems/ruby-2.3.0/gems/activerecord-5.0.0.1/lib/active_record/connection_adapters/abstract/database_statements.rb:230:in `transaction'
/usr/local/rvm/gems/ruby-2.3.0/gems/activerecord-5.0.0.1/lib/active_record/transactions.rb:211:in `transaction'
/usr/local/rvm/gems/ruby-2.3.0/gems/activerecord-5.0.0.1/lib/active_record/transactions.rb:392:in `with_transaction_returning_status'
/usr/local/rvm/gems/ruby-2.3.0/gems/activerecord-5.0.0.1/lib/active_record/persistence.rb:264:in `update'
/home/ubuntu/workspace/matchme/app/models/match.rb:25:in `add_percent'
/usr/local/rvm/gems/ruby-2.3.0/gems/activesupport-5.0.0.1/lib/active_support/callbacks.rb:382:in `block in make_lambda'
/usr/local/rvm/gems/ruby-2.3.0/gems/activesupport-5.0.0.1/lib/active_support/callbacks.rb:207:in `block in halting_and_conditional'
/usr/local/rvm/gems/ruby-2.3.0/gems/activesupport-5.0.0.1/lib/active_support/callbacks.rb:456:in `block in call'
/usr/local/rvm/gems/ruby-2.3.0/gems/activesupport-5.0.0.1/lib/active_support/callbacks.rb:456:in `each'
/usr/local/rvm/gems/ruby-2.3.0/gems/activesupport-5.0.0.1/lib/active_support/callbacks.rb:456:in `call'
/usr/local/rvm/gems/ruby-2.3.0/gems/activesupport-5.0.0.1/lib/active_support/callbacks.rb:101:in `__run_callbacks__'
/usr/local/rvm/gems/ruby-2.3.0/gems/activesupport-5.0.0.1/lib/active_support/callbacks.rb:750:in `_run_save_callbacks'
/usr/local/rvm/gems/ruby-2.3.0/gems/activerecord-5.0.0.1/lib/active_record/callbacks.rb:298:in `create_or_update'
/usr/local/rvm/gems/ruby-2.3.0/gems/activerecord-5.0.0.1/lib/active_record/persistence.rb:125:in `save'
/usr/local/rvm/gems/ruby-2.3.0/gems/activerecord-5.0.0.1/lib/active_record/validations.rb:44:in `save'
/usr/local/rvm/gems/ruby-2.3.0/gems/activerecord-5.0.0.1/lib/active_record/attribute_methods/dirty.rb:22:in `save'
/usr/local/rvm/gems/ruby-2.3.0/gems/activerecord-5.0.0.1/lib/active_record/transactions.rb:319:in `block (2 levels) in save'
/usr/local/rvm/gems/ruby-2.3.0/gems/activerecord-5.0.0.1/lib/active_record/transactions.rb:395:in `block in with_transaction_returning_status'
/usr/local/rvm/gems/ruby-2.3.0/gems/activerecord-5.0.0.1/lib/active_record/connection_adapters/abstract/database_statements.rb:230:in `transaction'
/usr/local/rvm/gems/ruby-2.3.0/gems/activerecord-5.0.0.1/lib/active_record/transactions.rb:211:in `transaction'
/usr/local/rvm/gems/ruby-2.3.0/gems/activerecord-5.0.0.1/lib/active_record/transactions.rb:392:in `with_transaction_returning_status'
/usr/local/rvm/gems/ruby-2.3.0/gems/activerecord-5.0.0.1/lib/active_record/transactions.rb:319:in `block in save'
/usr/local/rvm/gems/ruby-2.3.0/gems/activerecord-5.0.0.1/lib/active_record/transactions.rb:334:in `rollback_active_record_state!'
/usr/local/rvm/gems/ruby-2.3.0/gems/activerecord-5.0.0.1/lib/active_record/transactions.rb:318:in `save'
/usr/local/rvm/gems/ruby-2.3.0/gems/activerecord-5.0.0.1/lib/active_record/suppressor.rb:41:in `save'
/usr/local/rvm/gems/ruby-2.3.0/gems/activerecord-5.0.0.1/lib/active_record/persistence.rb:266:in `block in update'
/usr/local/rvm/gems/ruby-2.3.0/gems/activerecord-5.0.0.1/lib/active_record/transactions.rb:395:in `block in with_transaction_returning_status'
/usr/local/rvm/gems/ruby-2.3.0/gems/activerecord-5.0.0.1/lib/active_record/connection_adapters/abstract/database_statements.rb:230:in `transaction'
/usr/local/rvm/gems/ruby-2.3.0/gems/activerecord-5.0.0.1/lib/active_record/transactions.rb:211:in `transaction'
/usr/local/rvm/gems/ruby-2.3.0/gems/activerecord-5.0.0.1/lib/active_record/transactions.rb:392:in `with_transaction_returning_status'
/usr/local/rvm/gems/ruby-2.3.0/gems/activerecord-5.0.0.1/lib/active_record/persistence.rb:264:in `update'
/home/ubuntu/workspace/matchme/app/models/match.rb:25:in `add_percent'
/usr/local/rvm/gems/ruby-2.3.0/gems/activesupport-5.0.0.1/lib/active_support/callbacks.rb:382:in `block in make_lambda'
/usr/local/rvm/gems/ruby-2.3.0/gems/activesupport-5.0.0.1/lib/active_support/callbacks.rb:207:in `block in halting_and_conditional'
/usr/local/rvm/gems/ruby-2.3.0/gems/activesupport-5.0.0.1/lib/active_support/callbacks.rb:456:in `block in call'
/usr/local/rvm/gems/ruby-2.3.0/gems/activesupport-5.0.0.1/lib/active_support/callbacks.rb:456:in `each'
/usr/local/rvm/gems/ruby-2.3.0/gems/activesupport-5.0.0.1/lib/active_support/callbacks.rb:456:in `call'
/usr/local/rvm/gems/ruby-2.3.0/gems/activesupport-5.0.0.1/lib/active_support/callbacks.rb:101:in `__run_callbacks__'
/usr/local/rvm/gems/ruby-2.3.0/gems/activesupport-5.0.0.1/lib/active_support/callbacks.rb:750:in `_run_save_callbacks'
/usr/local/rvm/gems/ruby-2.3.0/gems/activerecord-5.0.0.1/lib/active_record/callbacks.rb:298:in `create_or_update'
/usr/local/rvm/gems/ruby-2.3.0/gems/activerecord-5.0.0.1/lib/active_record/persistence.rb:125:in `save'
/usr/local/rvm/gems/ruby-2.3.0/gems/activerecord-5.0.0.1/lib/active_record/validations.rb:44:in `save'
/usr/local/rvm/gems/ruby-2.3.0/gems/activerecord-5.0.0.1/lib/active_record/attribute_methods/dirty.rb:22:in `save'
/usr/local/rvm/gems/ruby-2.3.0/gems/activerecord-5.0.0.1/lib/active_record/transactions.rb:319:in `block (2 levels) in save'
/usr/local/rvm/gems/ruby-2.3.0/gems/activerecord-5.0.0.1/lib/active_record/transactions.rb:395:in `block in with_transaction_returning_status'
/usr/local/rvm/gems/ruby-2.3.0/gems/activerecord-5.0.0.1/lib/active_record/connection_adapters/abstract/database_statements.rb:230:in `transaction'
/usr/local/rvm/gems/ruby-2.3.0/gems/activerecord-5.0.0.1/lib/active_record/transactions.rb:211:in `transaction'
/usr/local/rvm/gems/ruby-2.3.0/gems/activerecord-5.0.0.1/lib/active_record/transactions.rb:392:in `with_transaction_returning_status'
/usr/local/rvm/gems/ruby-2.3.0/gems/activerecord-5.0.0.1/lib/active_record/transactions.rb:319:in `block in save'
/usr/local/rvm/gems/ruby-2.3.0/gems/activerecord-5.0.0.1/lib/active_record/transactions.rb:334:in `rollback_active_record_state!'
/usr/local/rvm/gems/ruby-2.3.0/gems/activerecord-5.0.0.1/lib/active_record/transactions.rb:318:in `save'
/usr/local/rvm/gems/ruby-2.3.0/gems/activerecord-5.0.0.1/lib/active_record/suppressor.rb:41:in `save'
/usr/local/rvm/gems/ruby-2.3.0/gems/activerecord-5.0.0.1/lib/active_record/persistence.rb:266:in `block in update'
/usr/local/rvm/gems/ruby-2.3.0/gems/activerecord-5.0.0.1/lib/active_record/transactions.rb:395:in `block in with_transaction_returning_status'
/usr/local/rvm/gems/ruby-2.3.0/gems/activerecord-5.0.0.1/lib/active_record/connection_adapters/abstract/database_statements.rb:230:in `transaction'
/usr/local/rvm/gems/ruby-2.3.0/gems/activerecord-5.0.0.1/lib/active_record/transactions.rb:211:in `transaction'
/usr/local/rvm/gems/ruby-2.3.0/gems/activerecord-5.0.0.1/lib/active_record/transactions.rb:392:in `with_transaction_returning_status'
/usr/local/rvm/gems/ruby-2.3.0/gems/activerecord-5.0.0.1/lib/active_record/persistence.rb:264:in `update'
/home/ubuntu/workspace/matchme/app/models/match.rb:25:in `add_percent'
/usr/local/rvm/gems/ruby-2.3.0/gems/activesupport-5.0.0.1/lib/active_support/callbacks.rb:382:in `block in make_lambda'
/usr/local/rvm/gems/ruby-2.3.0/gems/activesupport-5.0.0.1/lib/active_support/callbacks.rb:207:in `block in halting_and_conditional'
/usr/local/rvm/gems/ruby-2.3.0/gems/activesupport-5.0.0.1/lib/active_support/callbacks.rb:456:in `block in call'
/usr/local/rvm/gems/ruby-2.3.0/gems/activesupport-5.0.0.1/lib/active_support/callbacks.rb:456:in `each'
/usr/local/rvm/gems/ruby-2.3.0/gems/activesupport-5.0.0.1/lib/active_support/callbacks.rb:456:in `call'
/usr/local/rvm/gems/ruby-2.3.0/gems/activesupport-5.0.0.1/lib/active_support/callbacks.rb:101:in `__run_callbacks__'
/usr/local/rvm/gems/ruby-2.3.0/gems/activesupport-5.0.0.1/lib/active_support/callbacks.rb:750:in `_run_save_callbacks'
/usr/local/rvm/gems/ruby-2.3.0/gems/activerecord-5.0.0.1/lib/active_record/callbacks.rb:298:in `create_or_update'
/usr/local/rvm/gems/ruby-2.3.0/gems/activerecord-5.0.0.1/lib/active_record/persistence.rb:125:in `save'
/usr/local/rvm/gems/ruby-2.3.0/gems/activerecord-5.0.0.1/lib/active_record/validations.rb:44:in `save'
/usr/local/rvm/gems/ruby-2.3.0/gems/activerecord-5.0.0.1/lib/active_record/attribute_methods/dirty.rb:22:in `save'
/usr/local/rvm/gems/ruby-2.3.0/gems/activerecord-5.0.0.1/lib/active_record/transactions.rb:319:in `block (2 levels) in save'
/usr/local/rvm/gems/ruby-2.3.0/gems/activerecord-5.0.0.1/lib/active_record/transactions.rb:395:in `block in with_transaction_returning_status'
/usr/local/rvm/gems/ruby-2.3.0/gems/activerecord-5.0.0.1/lib/active_record/connection_adapters/abstract/database_statements.rb:230:in `transaction'
/usr/local/rvm/gems/ruby-2.3.0/gems/activerecord-5.0.0.1/lib/active_record/transactions.rb:211:in `transaction'
/usr/local/rvm/gems/ruby-2.3.0/gems/activerecord-5.0.0.1/lib/active_record/transactions.rb:392:in `with_transaction_returning_status'
/usr/local/rvm/gems/ruby-2.3.0/gems/activerecord-5.0.0.1/lib/active_record/transactions.rb:319:in `block in save'
/usr/local/rvm/gems/ruby-2.3.0/gems/activerecord-5.0.0.1/lib/active_record/transactions.rb:334:in `rollback_active_record_state!'
/usr/local/rvm/gems/ruby-2.3.0/gems/activerecord-5.0.0.1/lib/active_record/transactions.rb:318:in `save'
/usr/local/rvm/gems/ruby-2.3.0/gems/activerecord-5.0.0.1/lib/active_record/suppressor.rb:41:in `save'
/usr/local/rvm/gems/ruby-2.3.0/gems/activerecord-5.0.0.1/lib/active_record/persistence.rb:266:in `block in update'
/usr/local/rvm/gems/ruby-2.3.0/gems/activerecord-5.0.0.1/lib/active_record/transactions.rb:395:in `block in with_transaction_returning_status'
/usr/local/rvm/gems/ruby-2.3.0/gems/activerecord-5.0.0.1/lib/active_record/connection_adapters/abstract/database_statements.rb:230:in `transaction'
/usr/local/rvm/gems/ruby-2.3.0/gems/activerecord-5.0.0.1/lib/active_record/transactions.rb:211:in `transaction'
/usr/local/rvm/gems/ruby-2.3.0/gems/activerecord-5.0.0.1/lib/active_record/transactions.rb:392:in `with_transaction_returning_status'
/usr/local/rvm/gems/ruby-2.3.0/gems/activerecord-5.0.0.1/lib/active_record/persistence.rb:264:in `update'
/home/ubuntu/workspace/matchme/app/models/match.rb:25:in `add_percent'
/usr/local/rvm/gems/ruby-2.3.0/gems/activesupport-5.0.0.1/lib/active_support/callbacks.rb:382:in `block in make_lambda'
/usr/local/rvm/gems/ruby-2.3.0/gems/activesupport-5.0.0.1/lib/active_support/callbacks.rb:207:in `block in halting_and_conditional'
/usr/local/rvm/gems/ruby-2.3.0/gems/activesupport-5.0.0.1/lib/active_support/callbacks.rb:456:in `block in call'
/usr/local/rvm/gems/ruby-2.3.0/gems/activesupport-5.0.0.1/lib/active_support/callbacks.rb:456:in `each'
/usr/local/rvm/gems/ruby-2.3.0/gems/activesupport-5.0.0.1/lib/active_support/callbacks.rb:456:in `call'
/usr/local/rvm/gems/ruby-2.3.0/gems/activesupport-5.0.0.1/lib/active_support/callbacks.rb:101:in `__run_callbacks__'
/usr/local/rvm/gems/ruby-2.3.0/gems/activesupport-5.0.0.1/lib/active_support/callbacks.rb:750:in `_run_save_callbacks'
/usr/local/rvm/gems/ruby-2.3.0/gems/activerecord-5.0.0.1/lib/active_record/callbacks.rb:298:in `create_or_update'
/usr/local/rvm/gems/ruby-2.3.0/gems/activerecord-5.0.0.1/lib/active_record/persistence.rb:125:in `save'
/usr/local/rvm/gems/ruby-2.3.0/gems/activerecord-5.0.0.1/lib/active_record/validations.rb:44:in `save'
/usr/local/rvm/gems/ruby-2.3.0/gems/activerecord-5.0.0.1/lib/active_record/attribute_methods/dirty.rb:22:in `save'
/usr/local/rvm/gems/ruby-2.3.0/gems/activerecord-5.0.0.1/lib/active_record/transactions.rb:319:in `block (2 levels) in save'
/usr/local/rvm/gems/ruby-2.3.0/gems/activerecord-5.0.0.1/lib/active_record/transactions.rb:395:in `block in with_transaction_returning_status'
/usr/local/rvm/gems/ruby-2.3.0/gems/activerecord-5.0.0.1/lib/active_record/connection_adapters/abstract/database_statements.rb:230:in `transaction'
/usr/local/rvm/gems/ruby-2.3.0/gems/activerecord-5.0.0.1/lib/active_record/transactions.rb:211:in `transaction'
/usr/local/rvm/gems/ruby-2.3.0/gems/activerecord-5.0.0.1/lib/active_record/transactions.rb:392:in `with_transaction_returning_status'
/usr/local/rvm/gems/ruby-2.3.0/gems/activerecord-5.0.0.1/lib/active_record/transactions.rb:319:in `block in save'
/usr/local/rvm/gems/ruby-2.3.0/gems/activerecord-5.0.0.1/lib/active_record/transactions.rb:334:in `rollback_active_record_state!'
/usr/local/rvm/gems/ruby-2.3.0/gems/activerecord-5.0.0.1/lib/active_record/transactions.rb:318:in `save'
/usr/local/rvm/gems/ruby-2.3.0/gems/activerecord-5.0.0.1/lib/active_record/suppressor.rb:41:in `save'
/usr/local/rvm/gems/ruby-2.3.0/gems/activerecord-5.0.0.1/lib/active_record/persistence.rb:266:in `block in update'
/usr/local/rvm/gems/ruby-2.3.0/gems/activerecord-5.0.0.1/lib/active_record/transactions.rb:395:in `block in with_transaction_returning_status'
/usr/local/rvm/gems/ruby-2.3.0/gems/activerecord-5.0.0.1/lib/active_record/connection_adapters/abstract/database_statements.rb:230:in `transaction'
/usr/local/rvm/gems/ruby-2.3.0/gems/activerecord-5.0.0.1/lib/active_record/transactions.rb:211:in `transaction'
/usr/local/rvm/gems/ruby-2.3.0/gems/activerecord-5.0.0.1/lib/active_record/transactions.rb:392:in `with_transaction_returning_status'
/usr/local/rvm/gems/ruby-2.3.0/gems/activerecord-5.0.0.1/lib/active_record/persistence.rb:264:in `update'
/home/ubuntu/workspace/matchme/app/models/match.rb:25:in `add_percent'
/usr/local/rvm/gems/ruby-2.3.0/gems/activesupport-5.0.0.1/lib/active_support/callbacks.rb:382:in `block in make_lambda'
/usr/local/rvm/gems/ruby-2.3.0/gems/activesupport-5.0.0.1/lib/active_support/callbacks.rb:207:in `block in halting_and_conditional'
/usr/local/rvm/gems/ruby-2.3.0/gems/activesupport-5.0.0.1/lib/active_support/callbacks.rb:456:in `block in call'
/usr/local/rvm/gems/ruby-2.3.0/gems/activesupport-5.0.0.1/lib/active_support/callbacks.rb:456:in `each'
/usr/local/rvm/gems/ruby-2.3.0/gems/activesupport-5.0.0.1/lib/active_support/callbacks.rb:456:in `call'
/usr/local/rvm/gems/ruby-2.3.0/gems/activesupport-5.0.0.1/lib/active_support/callbacks.rb:101:in `__run_callbacks__'
/usr/local/rvm/gems/ruby-2.3.0/gems/activesupport-5.0.0.1/lib/active_support/callbacks.rb:750:in `_run_save_callbacks'
/usr/local/rvm/gems/ruby-2.3.0/gems/activerecord-5.0.0.1/lib/active_record/callbacks.rb:298:in `create_or_update'
/usr/local/rvm/gems/ruby-2.3.0/gems/activerecord-5.0.0.1/lib/active_record/persistence.rb:125:in `save'
/usr/local/rvm/gems/ruby-2.3.0/gems/activerecord-5.0.0.1/lib/active_record/validations.rb:44:in `save'
/usr/local/rvm/gems/ruby-2.3.0/gems/activerecord-5.0.0.1/lib/active_record/attribute_methods/dirty.rb:22:in `save'
/usr/local/rvm/gems/ruby-2.3.0/gems/activerecord-5.0.0.1/lib/active_record/transactions.rb:319:in `block (2 levels) in save'
/usr/local/rvm/gems/ruby-2.3.0/gems/activerecord-5.0.0.1/lib/active_record/transactions.rb:395:in `block in with_transaction_returning_status'
/usr/local/rvm/gems/ruby-2.3.0/gems/activerecord-5.0.0.1/lib/active_record/connection_adapters/abstract/database_statements.rb:230:in `transaction'
/usr/local/rvm/gems/ruby-2.3.0/gems/activerecord-5.0.0.1/lib/active_record/transactions.rb:211:in `transaction'
/usr/local/rvm/gems/ruby-2.3.0/gems/activerecord-5.0.0.1/lib/active_record/transactions.rb:392:in `with_transaction_returning_status'
/usr/local/rvm/gems/ruby-2.3.0/gems/activerecord-5.0.0.1/lib/active_record/transactions.rb:319:in `block in save'
/usr/local/rvm/gems/ruby-2.3.0/gems/activerecord-5.0.0.1/lib/active_record/transactions.rb:334:in `rollback_active_record_state!'
/usr/local/rvm/gems/ruby-2.3.0/gems/activerecord-5.0.0.1/lib/active_record/transactions.rb:318:in `save'
/usr/local/rvm/gems/ruby-2.3.0/gems/activerecord-5.0.0.1/lib/active_record/suppressor.rb:41:in `save'
/usr/local/rvm/gems/ruby-2.3.0/gems/activerecord-5.0.0.1/lib/active_record/persistence.rb:266:in `block in update'
/usr/local/rvm/gems/ruby-2.3.0/gems/activerecord-5.0.0.1/lib/active_record/transactions.rb:395:in `block in with_transaction_returning_status'
/usr/local/rvm/gems/ruby-2.3.0/gems/activerecord-5.0.0.1/lib/active_record/connection_adapters/abstract/database_statements.rb:230:in `transaction'
/usr/local/rvm/gems/ruby-2.3.0/gems/activerecord-5.0.0.1/lib/active_record/transactions.rb:211:in `transaction'
/usr/local/rvm/gems/ruby-2.3.0/gems/activerecord-5.0.0.1/lib/active_record/transactions.rb:392:in `with_transaction_returning_status'
/usr/local/rvm/gems/ruby-2.3.0/gems/activerecord-5.0.0.1/lib/active_record/persistence.rb:264:in `update'
/home/ubuntu/workspace/matchme/app/models/match.rb:25:in `add_percent'
/usr/local/rvm/gems/ruby-2.3.0/gems/activesupport-5.0.0.1/lib/active_support/callbacks.rb:382:in `block in make_lambda'
/usr/local/rvm/gems/ruby-2.3.0/gems/activesupport-5.0.0.1/lib/active_support/callbacks.rb:207:in `block in halting_and_conditional'
/usr/local/rvm/gems/ruby-2.3.0/gems/activesupport-5.0.0.1/lib/active_support/callbacks.rb:456:in `block in call'
/usr/local/rvm/gems/ruby-2.3.0/gems/activesupport-5.0.0.1/lib/active_support/callbacks.rb:456:in `each'
/usr/local/rvm/gems/ruby-2.3.0/gems/activesupport-5.0.0.1/lib/active_support/callbacks.rb:456:in `call'
/usr/local/rvm/gems/ruby-2.3.0/gems/activesupport-5.0.0.1/lib/active_support/callbacks.rb:101:in `__run_callbacks__'
/usr/local/rvm/gems/ruby-2.3.0/gems/activesupport-5.0.0.1/lib/active_support/callbacks.rb:750:in `_run_save_callbacks'
/usr/local/rvm/gems/ruby-2.3.0/gems/activerecord-5.0.0.1/lib/active_record/callbacks.rb:298:in `create_or_update'
/usr/local/rvm/gems/ruby-2.3.0/gems/activerecord-5.0.0.1/lib/active_record/persistence.rb:125:in `save'
/usr/local/rvm/gems/ruby-2.3.0/gems/activerecord-5.0.0.1/lib/active_record/validations.rb:44:in `save'
/usr/local/rvm/gems/ruby-2.3.0/gems/activerecord-5.0.0.1/lib/active_record/attribute_methods/dirty.rb:22:in `save'
/usr/local/rvm/gems/ruby-2.3.0/gems/activerecord-5.0.0.1/lib/active_record/transactions.rb:319:in `block (2 levels) in save'
/usr/local/rvm/gems/ruby-2.3.0/gems/activerecord-5.0.0.1/lib/active_record/transactions.rb:395:in `block in with_transaction_returning_status'
/usr/local/rvm/gems/ruby-2.3.0/gems/activerecord-5.0.0.1/lib/active_record/connection_adapters/abstract/database_statements.rb:230:in `transaction'
/usr/local/rvm/gems/ruby-2.3.0/gems/activerecord-5.0.0.1/lib/active_record/transactions.rb:211:in `transaction'
/usr/local/rvm/gems/ruby-2.3.0/gems/activerecord-5.0.0.1/lib/active_record/transactions.rb:392:in `with_transaction_returning_status'
/usr/local/rvm/gems/ruby-2.3.0/gems/activerecord-5.0.0.1/lib/active_record/transactions.rb:319:in `block in save'
/usr/local/rvm/gems/ruby-2.3.0/gems/activerecord-5.0.0.1/lib/active_record/transactions.rb:334:in `rollback_active_record_state!'
/usr/local/rvm/gems/ruby-2.3.0/gems/activerecord-5.0.0.1/lib/active_record/transactions.rb:318:in `save'
/usr/local/rvm/gems/ruby-2.3.0/gems/activerecord-5.0.0.1/lib/active_record/suppressor.rb:41:in `save'
/usr/local/rvm/gems/ruby-2.3.0/gems/activerecord-5.0.0.1/lib/active_record/persistence.rb:266:in `block in update'
/usr/local/rvm/gems/ruby-2.3.0/gems/activerecord-5.0.0.1/lib/active_record/transactions.rb:395:in `block in with_transaction_returning_status'
/usr/local/rvm/gems/ruby-2.3.0/gems/activerecord-5.0.0.1/lib/active_record/connection_adapters/abstract/database_statements.rb:230:in `transaction'
/usr/local/rvm/gems/ruby-2.3.0/gems/activerecord-5.0.0.1/lib/active_record/transactions.rb:211:in `transaction'
/usr/local/rvm/gems/ruby-2.3.0/gems/activerecord-5.0.0.1/lib/active_record/transactions.rb:392:in `with_transaction_returning_status'
/usr/local/rvm/gems/ruby-2.3.0/gems/activerecord-5.0.0.1/lib/active_record/persistence.rb:264:in `update'
/home/ubuntu/workspace/matchme/app/models/match.rb:25:in `add_percent'
/usr/local/rvm/gems/ruby-2.3.0/gems/activesupport-5.0.0.1/lib/active_support/callbacks.rb:382:in `block in make_lambda'
/usr/local/rvm/gems/ruby-2.3.0/gems/activesupport-5.0.0.1/lib/active_support/callbacks.rb:207:in `block in halting_and_conditional'
/usr/local/rvm/gems/ruby-2.3.0/gems/activesupport-5.0.0.1/lib/active_support/callbacks.rb:456:in `block in call'
/usr/local/rvm/gems/ruby-2.3.0/gems/activesupport-5.0.0.1/lib/active_support/callbacks.rb:456:in `each'
/usr/local/rvm/gems/ruby-2.3.0/gems/activesupport-5.0.0.1/lib/active_support/callbacks.rb:456:in `call'
/usr/local/rvm/gems/ruby-2.3.0/gems/activesupport-5.0.0.1/lib/active_support/callbacks.rb:101:in `__run_callbacks__'
/usr/local/rvm/gems/ruby-2.3.0/gems/activesupport-5.0.0.1/lib/active_support/callbacks.rb:750:in `_run_save_callbacks'
/usr/local/rvm/gems/ruby-2.3.0/gems/activerecord-5.0.0.1/lib/active_record/callbacks.rb:298:in `create_or_update'
/usr/local/rvm/gems/ruby-2.3.0/gems/activerecord-5.0.0.1/lib/active_record/persistence.rb:125:in `save'
/usr/local/rvm/gems/ruby-2.3.0/gems/activerecord-5.0.0.1/lib/active_record/validations.rb:44:in `save'
/usr/local/rvm/gems/ruby-2.3.0/gems/activerecord-5.0.0.1/lib/active_record/attribute_methods/dirty.rb:22:in `save'
/usr/local/rvm/gems/ruby-2.3.0/gems/activerecord-5.0.0.1/lib/active_record/transactions.rb:319:in `block (2 levels) in save'
/usr/local/rvm/gems/ruby-2.3.0/gems/activerecord-5.0.0.1/lib/active_record/transactions.rb:395:in `block in with_transaction_returning_status'
/usr/local/rvm/gems/ruby-2.3.0/gems/activerecord-5.0.0.1/lib/active_record/connection_adapters/abstract/database_statements.rb:230:in `transaction'
/usr/local/rvm/gems/ruby-2.3.0/gems/activerecord-5.0.0.1/lib/active_record/transactions.rb:211:in `transaction'
/usr/local/rvm/gems/ruby-2.3.0/gems/activerecord-5.0.0.1/lib/active_record/transactions.rb:392:in `with_transaction_returning_status'
/usr/local/rvm/gems/ruby-2.3.0/gems/activerecord-5.0.0.1/lib/active_record/transactions.rb:319:in `block in save'
/usr/local/rvm/gems/ruby-2.3.0/gems/activerecord-5.0.0.1/lib/active_record/transactions.rb:334:in `rollback_active_record_state!'
/usr/local/rvm/gems/ruby-2.3.0/gems/activerecord-5.0.0.1/lib/active_record/transactions.rb:318:in `save'
/usr/local/rvm/gems/ruby-2.3.0/gems/activerecord-5.0.0.1/lib/active_record/suppressor.rb:41:in `save'
/usr/local/rvm/gems/ruby-2.3.0/gems/activerecord-5.0.0.1/lib/active_record/persistence.rb:266:in `block in update'
/usr/local/rvm/gems/ruby-2.3.0/gems/activerecord-5.0.0.1/lib/active_record/transactions.rb:395:in `block in with_transaction_returning_status'
/usr/local/rvm/gems/ruby-2.3.0/gems/activerecord-5.0.0.1/lib/active_record/connection_adapters/abstract/database_statements.rb:230:in `transaction'
/usr/local/rvm/gems/ruby-2.3.0/gems/activerecord-5.0.0.1/lib/active_record/transactions.rb:211:in `transaction'
/usr/local/rvm/gems/ruby-2.3.0/gems/activerecord-5.0.0.1/lib/active_record/transactions.rb:392:in `with_transaction_returning_status'
/usr/local/rvm/gems/ruby-2.3.0/gems/activerecord-5.0.0.1/lib/active_record/persistence.rb:264:in `update'
/home/ubuntu/workspace/matchme/app/models/match.rb:25:in `add_percent'
/usr/local/rvm/gems/ruby-2.3.0/gems/activesupport-5.0.0.1/lib/active_support/callbacks.rb:382:in `block in make_lambda'
/usr/local/rvm/gems/ruby-2.3.0/gems/activesupport-5.0.0.1/lib/active_support/callbacks.rb:207:in `block in halting_and_conditional'
/usr/local/rvm/gems/ruby-2.3.0/gems/activesupport-5.0.0.1/lib/active_support/callbacks.rb:456:in `block in call'
/usr/local/rvm/gems/ruby-2.3.0/gems/activesupport-5.0.0.1/lib/active_support/callbacks.rb:456:in `each'
/usr/local/rvm/gems/ruby-2.3.0/gems/activesupport-5.0.0.1/lib/active_support/callbacks.rb:456:in `call'
/usr/local/rvm/gems/ruby-2.3.0/gems/activesupport-5.0.0.1/lib/active_support/callbacks.rb:101:in `__run_callbacks__'
/usr/local/rvm/gems/ruby-2.3.0/gems/activesupport-5.0.0.1/lib/active_support/callbacks.rb:750:in `_run_save_callbacks'
/usr/local/rvm/gems/ruby-2.3.0/gems/activerecord-5.0.0.1/lib/active_record/callbacks.rb:298:in `create_or_update'
/usr/local/rvm/gems/ruby-2.3.0/gems/activerecord-5.0.0.1/lib/active_record/persistence.rb:125:in `save'
/usr/local/rvm/gems/ruby-2.3.0/gems/activerecord-5.0.0.1/lib/active_record/validations.rb:44:in `save'
/usr/local/rvm/gems/ruby-2.3.0/gems/activerecord-5.0.0.1/lib/active_record/attribute_methods/dirty.rb:22:in `save'
/usr/local/rvm/gems/ruby-2.3.0/gems/activerecord-5.0.0.1/lib/active_record/transactions.rb:319:in `block (2 levels) in save'
/usr/local/rvm/gems/ruby-2.3.0/gems/activerecord-5.0.0.1/lib/active_record/transactions.rb:395:in `block in with_transaction_returning_status'
/usr/local/rvm/gems/ruby-2.3.0/gems/activerecord-5.0.0.1/lib/active_record/connection_adapters/abstract/database_statements.rb:230:in `transaction'
/usr/local/rvm/gems/ruby-2.3.0/gems/activerecord-5.0.0.1/lib/active_record/transactions.rb:211:in `transaction'
/usr/local/rvm/gems/ruby-2.3.0/gems/activerecord-5.0.0.1/lib/active_record/transactions.rb:392:in `with_transaction_returning_status'
/usr/local/rvm/gems/ruby-2.3.0/gems/activerecord-5.0.0.1/lib/active_record/transactions.rb:319:in `block in save'
/usr/local/rvm/gems/ruby-2.3.0/gems/activerecord-5.0.0.1/lib/active_record/transactions.rb:334:in `rollback_active_record_state!'
/usr/local/rvm/gems/ruby-2.3.0/gems/activerecord-5.0.0.1/lib/active_record/transactions.rb:318:in `save'
/usr/local/rvm/gems/ruby-2.3.0/gems/activerecord-5.0.0.1/lib/active_record/suppressor.rb:41:in `save'
/usr/local/rvm/gems/ruby-2.3.0/gems/activerecord-5.0.0.1/lib/active_record/persistence.rb:266:in `block in update'
/usr/local/rvm/gems/ruby-2.3.0/gems/activerecord-5.0.0.1/lib/active_record/transactions.rb:395:in `block in with_transaction_returning_status'
/usr/local/rvm/gems/ruby-2.3.0/gems/activerecord-5.0.0.1/lib/active_record/connection_adapters/abstract/database_statements.rb:230:in `transaction'
/usr/local/rvm/gems/ruby-2.3.0/gems/activerecord-5.0.0.1/lib/active_record/transactions.rb:211:in `transaction'
/usr/local/rvm/gems/ruby-2.3.0/gems/activerecord-5.0.0.1/lib/active_record/transactions.rb:392:in `with_transaction_returning_status'
/usr/local/rvm/gems/ruby-2.3.0/gems/activerecord-5.0.0.1/lib/active_record/persistence.rb:264:in `update'
/home/ubuntu/workspace/matchme/app/models/match.rb:25:in `add_percent'
/usr/local/rvm/gems/ruby-2.3.0/gems/activesupport-5.0.0.1/lib/active_support/callbacks.rb:382:in `block in make_lambda'
/usr/local/rvm/gems/ruby-2.3.0/gems/activesupport-5.0.0.1/lib/active_support/callbacks.rb:207:in `block in halting_and_conditional'
/usr/local/rvm/gems/ruby-2.3.0/gems/activesupport-5.0.0.1/lib/active_support/callbacks.rb:456:in `block in call'
/usr/local/rvm/gems/ruby-2.3.0/gems/activesupport-5.0.0.1/lib/active_support/callbacks.rb:456:in `each'
/usr/local/rvm/gems/ruby-2.3.0/gems/activesupport-5.0.0.1/lib/active_support/callbacks.rb:456:in `call'
/usr/local/rvm/gems/ruby-2.3.0/gems/activesupport-5.0.0.1/lib/active_support/callbacks.rb:101:in `__run_callbacks__'
/usr/local/rvm/gems/ruby-2.3.0/gems/activesupport-5.0.0.1/lib/active_support/callbacks.rb:750:in `_run_save_callbacks'
/usr/local/rvm/gems/ruby-2.3.0/gems/activerecord-5.0.0.1/lib/active_record/callbacks.rb:298:in `create_or_update'
/usr/local/rvm/gems/ruby-2.3.0/gems/activerecord-5.0.0.1/lib/active_record/persistence.rb:125:in `save'
/usr/local/rvm/gems/ruby-2.3.0/gems/activerecord-5.0.0.1/lib/active_record/validations.rb:44:in `save'
/usr/local/rvm/gems/ruby-2.3.0/gems/activerecord-5.0.0.1/lib/active_record/attribute_methods/dirty.rb:22:in `save'
/usr/local/rvm/gems/ruby-2.3.0/gems/activerecord-5.0.0.1/lib/active_record/transactions.rb:319:in `block (2 levels) in save'
/usr/local/rvm/gems/ruby-2.3.0/gems/activerecord-5.0.0.1/lib/active_record/transactions.rb:395:in `block in with_transaction_returning_status'
/usr/local/rvm/gems/ruby-2.3.0/gems/activerecord-5.0.0.1/lib/active_record/connection_adapters/abstract/database_statements.rb:230:in `transaction'
/usr/local/rvm/gems/ruby-2.3.0/gems/activerecord-5.0.0.1/lib/active_record/transactions.rb:211:in `transaction'
/usr/local/rvm/gems/ruby-2.3.0/gems/activerecord-5.0.0.1/lib/active_record/transactions.rb:392:in `with_transaction_returning_status'
/usr/local/rvm/gems/ruby-2.3.0/gems/activerecord-5.0.0.1/lib/active_record/transactions.rb:319:in `block in save'
/usr/local/rvm/gems/ruby-2.3.0/gems/activerecord-5.0.0.1/lib/active_record/transactions.rb:334:in `rollback_active_record_state!'
/usr/local/rvm/gems/ruby-2.3.0/gems/activerecord-5.0.0.1/lib/active_record/transactions.rb:318:in `save'
/usr/local/rvm/gems/ruby-2.3.0/gems/activerecord-5.0.0.1/lib/active_record/suppressor.rb:41:in `save'
/usr/local/rvm/gems/ruby-2.3.0/gems/activerecord-5.0.0.1/lib/active_record/persistence.rb:266:in `block in update'
/usr/local/rvm/gems/ruby-2.3.0/gems/activerecord-5.0.0.1/lib/active_record/transactions.rb:395:in `block in with_transaction_returning_status'
/usr/local/rvm/gems/ruby-2.3.0/gems/activerecord-5.0.0.1/lib/active_record/connection_adapters/abstract/database_statements.rb:230:in `transaction'
/usr/local/rvm/gems/ruby-2.3.0/gems/activerecord-5.0.0.1/lib/active_record/transactions.rb:211:in `transaction'
/usr/local/rvm/gems/ruby-2.3.0/gems/activerecord-5.0.0.1/lib/active_record/transactions.rb:392:in `with_transaction_returning_status'
/usr/local/rvm/gems/ruby-2.3.0/gems/activerecord-5.0.0.1/lib/active_record/persistence.rb:264:in `update'
/home/ubuntu/workspace/matchme/app/models/match.rb:25:in `add_percent'
/usr/local/rvm/gems/ruby-2.3.0/gems/activesupport-5.0.0.1/lib/active_support/callbacks.rb:382:in `block in make_lambda'
/usr/local/rvm/gems/ruby-2.3.0/gems/activesupport-5.0.0.1/lib/active_support/callbacks.rb:207:in `block in halting_and_conditional'
/usr/local/rvm/gems/ruby-2.3.0/gems/activesupport-5.0.0.1/lib/active_support/callbacks.rb:456:in `block in call'
/usr/local/rvm/gems/ruby-2.3.0/gems/activesupport-5.0.0.1/lib/active_support/callbacks.rb:456:in `each'
/usr/local/rvm/gems/ruby-2.3.0/gems/activesupport-5.0.0.1/lib/active_support/callbacks.rb:456:in `call'
/usr/local/rvm/gems/ruby-2.3.0/gems/activesupport-5.0.0.1/lib/active_support/callbacks.rb:101:in `__run_callbacks__'
/usr/local/rvm/gems/ruby-2.3.0/gems/activesupport-5.0.0.1/lib/active_support/callbacks.rb:750:in `_run_save_callbacks'
/usr/local/rvm/gems/ruby-2.3.0/gems/activerecord-5.0.0.1/lib/active_record/callbacks.rb:298:in `create_or_update'
/usr/local/rvm/gems/ruby-2.3.0/gems/activerecord-5.0.0.1/lib/active_record/persistence.rb:125:in `save'
/usr/local/rvm/gems/ruby-2.3.0/gems/activerecord-5.0.0.1/lib/active_record/validations.rb:44:in `save'
/usr/local/rvm/gems/ruby-2.3.0/gems/activerecord-5.0.0.1/lib/active_record/attribute_methods/dirty.rb:22:in `save'
/usr/local/rvm/gems/ruby-2.3.0/gems/activerecord-5.0.0.1/lib/active_record/transactions.rb:319:in `block (2 levels) in save'
/usr/local/rvm/gems/ruby-2.3.0/gems/activerecord-5.0.0.1/lib/active_record/transactions.rb:395:in `block in with_transaction_returning_status'
/usr/local/rvm/gems/ruby-2.3.0/gems/activerecord-5.0.0.1/lib/active_record/connection_adapters/abstract/database_statements.rb:230:in `transaction'
/usr/local/rvm/gems/ruby-2.3.0/gems/activerecord-5.0.0.1/lib/active_record/transactions.rb:211:in `transaction'
/usr/local/rvm/gems/ruby-2.3.0/gems/activerecord-5.0.0.1/lib/active_record/transactions.rb:392:in `with_transaction_returning_status'
/usr/local/rvm/gems/ruby-2.3.0/gems/activerecord-5.0.0.1/lib/active_record/transactions.rb:319:in `block in save'
/usr/local/rvm/gems/ruby-2.3.0/gems/activerecord-5.0.0.1/lib/active_record/transactions.rb:334:in `rollback_active_record_state!'
/usr/local/rvm/gems/ruby-2.3.0/gems/activerecord-5.0.0.1/lib/active_record/transactions.rb:318:in `save'
/usr/local/rvm/gems/ruby-2.3.0/gems/activerecord-5.0.0.1/lib/active_record/suppressor.rb:41:in `save'
/usr/local/rvm/gems/ruby-2.3.0/gems/activerecord-5.0.0.1/lib/active_record/persistence.rb:266:in `block in update'
/usr/local/rvm/gems/ruby-2.3.0/gems/activerecord-5.0.0.1/lib/active_record/transactions.rb:395:in `block in with_transaction_returning_status'
/usr/local/rvm/gems/ruby-2.3.0/gems/activerecord-5.0.0.1/lib/active_record/connection_adapters/abstract/database_statements.rb:230:in `transaction'
/usr/local/rvm/gems/ruby-2.3.0/gems/activerecord-5.0.0.1/lib/active_record/transactions.rb:211:in `transaction'
/usr/local/rvm/gems/ruby-2.3.0/gems/activerecord-5.0.0.1/lib/active_record/transactions.rb:392:in `with_transaction_returning_status'
/usr/local/rvm/gems/ruby-2.3.0/gems/activerecord-5.0.0.1/lib/active_record/persistence.rb:264:in `update'
/home/ubuntu/workspace/matchme/app/models/match.rb:25:in `add_percent'
/usr/local/rvm/gems/ruby-2.3.0/gems/activesupport-5.0.0.1/lib/active_support/callbacks.rb:382:in `block in make_lambda'
/usr/local/rvm/gems/ruby-2.3.0/gems/activesupport-5.0.0.1/lib/active_support/callbacks.rb:207:in `block in halting_and_conditional'
/usr/local/rvm/gems/ruby-2.3.0/gems/activesupport-5.0.0.1/lib/active_support/callbacks.rb:456:in `block in call'
/usr/local/rvm/gems/ruby-2.3.0/gems/activesupport-5.0.0.1/lib/active_support/callbacks.rb:456:in `each'
/usr/local/rvm/gems/ruby-2.3.0/gems/activesupport-5.0.0.1/lib/active_support/callbacks.rb:456:in `call'
/usr/local/rvm/gems/ruby-2.3.0/gems/activesupport-5.0.0.1/lib/active_support/callbacks.rb:101:in `__run_callbacks__'
/usr/local/rvm/gems/ruby-2.3.0/gems/activesupport-5.0.0.1/lib/active_support/callbacks.rb:750:in `_run_save_callbacks'
/usr/local/rvm/gems/ruby-2.3.0/gems/activerecord-5.0.0.1/lib/active_record/callbacks.rb:298:in `create_or_update'
/usr/local/rvm/gems/ruby-2.3.0/gems/activerecord-5.0.0.1/lib/active_record/persistence.rb:125:in `save'
/usr/local/rvm/gems/ruby-2.3.0/gems/activerecord-5.0.0.1/lib/active_record/validations.rb:44:in `save'
/usr/local/rvm/gems/ruby-2.3.0/gems/activerecord-5.0.0.1/lib/active_record/attribute_methods/dirty.rb:22:in `save'
/usr/local/rvm/gems/ruby-2.3.0/gems/activerecord-5.0.0.1/lib/active_record/transactions.rb:319:in `block (2 levels) in save'
/usr/local/rvm/gems/ruby-2.3.0/gems/activerecord-5.0.0.1/lib/active_record/transactions.rb:395:in `block in with_transaction_returning_status'
/usr/local/rvm/gems/ruby-2.3.0/gems/activerecord-5.0.0.1/lib/active_record/connection_adapters/abstract/database_statements.rb:230:in `transaction'
/usr/local/rvm/gems/ruby-2.3.0/gems/activerecord-5.0.0.1/lib/active_record/transactions.rb:211:in `transaction'
/usr/local/rvm/gems/ruby-2.3.0/gems/activerecord-5.0.0.1/lib/active_record/transactions.rb:392:in `with_transaction_returning_status'
/usr/local/rvm/gems/ruby-2.3.0/gems/activerecord-5.0.0.1/lib/active_record/transactions.rb:319:in `block in save'
/usr/local/rvm/gems/ruby-2.3.0/gems/activerecord-5.0.0.1/lib/active_record/transactions.rb:334:in `rollback_active_record_state!'
/usr/local/rvm/gems/ruby-2.3.0/gems/activerecord-5.0.0.1/lib/active_record/transactions.rb:318:in `save'
/usr/local/rvm/gems/ruby-2.3.0/gems/activerecord-5.0.0.1/lib/active_record/suppressor.rb:41:in `save'
/usr/local/rvm/gems/ruby-2.3.0/gems/activerecord-5.0.0.1/lib/active_record/persistence.rb:266:in `block in update'
/usr/local/rvm/gems/ruby-2.3.0/gems/activerecord-5.0.0.1/lib/active_record/transactions.rb:395:in `block in with_transaction_returning_status'
/usr/local/rvm/gems/ruby-2.3.0/gems/activerecord-5.0.0.1/lib/active_record/connection_adapters/abstract/database_statements.rb:230:in `transaction'
/usr/local/rvm/gems/ruby-2.3.0/gems/activerecord-5.0.0.1/lib/active_record/transactions.rb:211:in `transaction'
/usr/local/rvm/gems/ruby-2.3.0/gems/activerecord-5.0.0.1/lib/active_record/transactions.rb:392:in `with_transaction_returning_status'
/usr/local/rvm/gems/ruby-2.3.0/gems/activerecord-5.0.0.1/lib/active_record/persistence.rb:264:in `update'
/home/ubuntu/workspace/matchme/app/models/match.rb:25:in `add_percent'
/usr/local/rvm/gems/ruby-2.3.0/gems/activesupport-5.0.0.1/lib/active_support/callbacks.rb:382:in `block in make_lambda'
/usr/local/rvm/gems/ruby-2.3.0/gems/activesupport-5.0.0.1/lib/active_support/callbacks.rb:207:in `block in halting_and_conditional'
/usr/local/rvm/gems/ruby-2.3.0/gems/activesupport-5.0.0.1/lib/active_support/callbacks.rb:456:in `block in call'
/usr/local/rvm/gems/ruby-2.3.0/gems/activesupport-5.0.0.1/lib/active_support/callbacks.rb:456:in `each'
/usr/local/rvm/gems/ruby-2.3.0/gems/activesupport-5.0.0.1/lib/active_support/callbacks.rb:456:in `call'
/usr/local/rvm/gems/ruby-2.3.0/gems/activesupport-5.0.0.1/lib/active_support/callbacks.rb:101:in `__run_callbacks__'
/usr/local/rvm/gems/ruby-2.3.0/gems/activesupport-5.0.0.1/lib/active_support/callbacks.rb:750:in `_run_save_callbacks'
/usr/local/rvm/gems/ruby-2.3.0/gems/activerecord-5.0.0.1/lib/active_record/callbacks.rb:298:in `create_or_update'
/usr/local/rvm/gems/ruby-2.3.0/gems/activerecord-5.0.0.1/lib/active_record/persistence.rb:125:in `save'
/usr/local/rvm/gems/ruby-2.3.0/gems/activerecord-5.0.0.1/lib/active_record/validations.rb:44:in `save'
/usr/local/rvm/gems/ruby-2.3.0/gems/activerecord-5.0.0.1/lib/active_record/attribute_methods/dirty.rb:22:in `save'
/usr/local/rvm/gems/ruby-2.3.0/gems/activerecord-5.0.0.1/lib/active_record/transactions.rb:319:in `block (2 levels) in save'
/usr/local/rvm/gems/ruby-2.3.0/gems/activerecord-5.0.0.1/lib/active_record/transactions.rb:395:in `block in with_transaction_returning_status'
/usr/local/rvm/gems/ruby-2.3.0/gems/activerecord-5.0.0.1/lib/active_record/connection_adapters/abstract/database_statements.rb:230:in `transaction'
/usr/local/rvm/gems/ruby-2.3.0/gems/activerecord-5.0.0.1/lib/active_record/transactions.rb:211:in `transaction'
/usr/local/rvm/gems/ruby-2.3.0/gems/activerecord-5.0.0.1/lib/active_record/transactions.rb:392:in `with_transaction_returning_status'
/usr/local/rvm/gems/ruby-2.3.0/gems/activerecord-5.0.0.1/lib/active_record/transactions.rb:319:in `block in save'
/usr/local/rvm/gems/ruby-2.3.0/gems/activerecord-5.0.0.1/lib/active_record/transactions.rb:334:in `rollback_active_record_state!'
/usr/local/rvm/gems/ruby-2.3.0/gems/activerecord-5.0.0.1/lib/active_record/transactions.rb:318:in `save'
/usr/local/rvm/gems/ruby-2.3.0/gems/activerecord-5.0.0.1/lib/active_record/suppressor.rb:41:in `save'
/usr/local/rvm/gems/ruby-2.3.0/gems/activerecord-5.0.0.1/lib/active_record/persistence.rb:266:in `block in update'
/usr/local/rvm/gems/ruby-2.3.0/gems/activerecord-5.0.0.1/lib/active_record/transactions.rb:395:in `block in with_transaction_returning_status'
/usr/local/rvm/gems/ruby-2.3.0/gems/activerecord-5.0.0.1/lib/active_record/connection_adapters/abstract/database_statements.rb:230:in `transaction'
/usr/local/rvm/gems/ruby-2.3.0/gems/activerecord-5.0.0.1/lib/active_record/transactions.rb:211:in `transaction'
/usr/local/rvm/gems/ruby-2.3.0/gems/activerecord-5.0.0.1/lib/active_record/transactions.rb:392:in `with_transaction_returning_status'
/usr/local/rvm/gems/ruby-2.3.0/gems/activerecord-5.0.0.1/lib/active_record/persistence.rb:264:in `update'
/home/ubuntu/workspace/matchme/app/models/match.rb:25:in `add_percent'
/usr/local/rvm/gems/ruby-2.3.0/gems/activesupport-5.0.0.1/lib/active_support/callbacks.rb:382:in `block in make_lambda'
/usr/local/rvm/gems/ruby-2.3.0/gems/activesupport-5.0.0.1/lib/active_support/callbacks.rb:207:in `block in halting_and_conditional'
/usr/local/rvm/gems/ruby-2.3.0/gems/activesupport-5.0.0.1/lib/active_support/callbacks.rb:456:in `block in call'
/usr/local/rvm/gems/ruby-2.3.0/gems/activesupport-5.0.0.1/lib/active_support/callbacks.rb:456:in `each'
/usr/local/rvm/gems/ruby-2.3.0/gems/activesupport-5.0.0.1/lib/active_support/callbacks.rb:456:in `call'
/usr/local/rvm/gems/ruby-2.3.0/gems/activesupport-5.0.0.1/lib/active_support/callbacks.rb:101:in `__run_callbacks__'
/usr/local/rvm/gems/ruby-2.3.0/gems/activesupport-5.0.0.1/lib/active_support/callbacks.rb:750:in `_run_save_callbacks'
/usr/local/rvm/gems/ruby-2.3.0/gems/activerecord-5.0.0.1/lib/active_record/callbacks.rb:298:in `create_or_update'
/usr/local/rvm/gems/ruby-2.3.0/gems/activerecord-5.0.0.1/lib/active_record/persistence.rb:125:in `save'
/usr/local/rvm/gems/ruby-2.3.0/gems/activerecord-5.0.0.1/lib/active_record/validations.rb:44:in `save'
/usr/local/rvm/gems/ruby-2.3.0/gems/activerecord-5.0.0.1/lib/active_record/attribute_methods/dirty.rb:22:in `save'
/usr/local/rvm/gems/ruby-2.3.0/gems/activerecord-5.0.0.1/lib/active_record/transactions.rb:319:in `block (2 levels) in save'
/usr/local/rvm/gems/ruby-2.3.0/gems/activerecord-5.0.0.1/lib/active_record/transactions.rb:395:in `block in with_transaction_returning_status'
/usr/local/rvm/gems/ruby-2.3.0/gems/activerecord-5.0.0.1/lib/active_record/connection_adapters/abstract/database_statements.rb:230:in `transaction'
/usr/local/rvm/gems/ruby-2.3.0/gems/activerecord-5.0.0.1/lib/active_record/transactions.rb:211:in `transaction'
/usr/local/rvm/gems/ruby-2.3.0/gems/activerecord-5.0.0.1/lib/active_record/transactions.rb:392:in `with_transaction_returning_status'
/usr/local/rvm/gems/ruby-2.3.0/gems/activerecord-5.0.0.1/lib/active_record/transactions.rb:319:in `block in save'
/usr/local/rvm/gems/ruby-2.3.0/gems/activerecord-5.0.0.1/lib/active_record/transactions.rb:334:in `rollback_active_record_state!'
/usr/local/rvm/gems/ruby-2.3.0/gems/activerecord-5.0.0.1/lib/active_record/transactions.rb:318:in `save'
/usr/local/rvm/gems/ruby-2.3.0/gems/activerecord-5.0.0.1/lib/active_record/suppressor.rb:41:in `save'
/usr/local/rvm/gems/ruby-2.3.0/gems/activerecord-5.0.0.1/lib/active_record/persistence.rb:266:in `block in update'
/usr/local/rvm/gems/ruby-2.3.0/gems/activerecord-5.0.0.1/lib/active_record/transactions.rb:395:in `block in with_transaction_returning_status'
/usr/local/rvm/gems/ruby-2.3.0/gems/activerecord-5.0.0.1/lib/active_record/connection_adapters/abstract/database_statements.rb:230:in `transaction'
/usr/local/rvm/gems/ruby-2.3.0/gems/activerecord-5.0.0.1/lib/active_record/transactions.rb:211:in `transaction'
/usr/local/rvm/gems/ruby-2.3.0/gems/activerecord-5.0.0.1/lib/active_record/transactions.rb:392:in `with_transaction_returning_status'
/usr/local/rvm/gems/ruby-2.3.0/gems/activerecord-5.0.0.1/lib/active_record/persistence.rb:264:in `update'
/home/ubuntu/workspace/matchme/app/models/match.rb:25:in `add_percent'
/usr/local/rvm/gems/ruby-2.3.0/gems/activesupport-5.0.0.1/lib/active_support/callbacks.rb:382:in `block in make_lambda'
/usr/local/rvm/gems/ruby-2.3.0/gems/activesupport-5.0.0.1/lib/active_support/callbacks.rb:207:in `block in halting_and_conditional'
/usr/local/rvm/gems/ruby-2.3.0/gems/activesupport-5.0.0.1/lib/active_support/callbacks.rb:456:in `block in call'
/usr/local/rvm/gems/ruby-2.3.0/gems/activesupport-5.0.0.1/lib/active_support/callbacks.rb:456:in `each'
/usr/local/rvm/gems/ruby-2.3.0/gems/activesupport-5.0.0.1/lib/active_support/callbacks.rb:456:in `call'
/usr/local/rvm/gems/ruby-2.3.0/gems/activesupport-5.0.0.1/lib/active_support/callbacks.rb:101:in `__run_callbacks__'
/usr/local/rvm/gems/ruby-2.3.0/gems/activesupport-5.0.0.1/lib/active_support/callbacks.rb:750:in `_run_save_callbacks'
/usr/local/rvm/gems/ruby-2.3.0/gems/activerecord-5.0.0.1/lib/active_record/callbacks.rb:298:in `create_or_update'
/usr/local/rvm/gems/ruby-2.3.0/gems/activerecord-5.0.0.1/lib/active_record/persistence.rb:125:in `save'
/usr/local/rvm/gems/ruby-2.3.0/gems/activerecord-5.0.0.1/lib/active_record/validations.rb:44:in `save'
/usr/local/rvm/gems/ruby-2.3.0/gems/activerecord-5.0.0.1/lib/active_record/attribute_methods/dirty.rb:22:in `save'
/usr/local/rvm/gems/ruby-2.3.0/gems/activerecord-5.0.0.1/lib/active_record/transactions.rb:319:in `block (2 levels) in save'
/usr/local/rvm/gems/ruby-2.3.0/gems/activerecord-5.0.0.1/lib/active_record/transactions.rb:395:in `block in with_transaction_returning_status'
/usr/local/rvm/gems/ruby-2.3.0/gems/activerecord-5.0.0.1/lib/active_record/connection_adapters/abstract/database_statements.rb:230:in `transaction'
/usr/local/rvm/gems/ruby-2.3.0/gems/activerecord-5.0.0.1/lib/active_record/transactions.rb:211:in `transaction'
/usr/local/rvm/gems/ruby-2.3.0/gems/activerecord-5.0.0.1/lib/active_record/transactions.rb:392:in `with_transaction_returning_status'
/usr/local/rvm/gems/ruby-2.3.0/gems/activerecord-5.0.0.1/lib/active_record/transactions.rb:319:in `block in save'
/usr/local/rvm/gems/ruby-2.3.0/gems/activerecord-5.0.0.1/lib/active_record/transactions.rb:334:in `rollback_active_record_state!'
/usr/local/rvm/gems/ruby-2.3.0/gems/activerecord-5.0.0.1/lib/active_record/transactions.rb:318:in `save'
/usr/local/rvm/gems/ruby-2.3.0/gems/activerecord-5.0.0.1/lib/active_record/suppressor.rb:41:in `save'
/usr/local/rvm/gems/ruby-2.3.0/gems/activerecord-5.0.0.1/lib/active_record/persistence.rb:266:in `block in update'
/usr/local/rvm/gems/ruby-2.3.0/gems/activerecord-5.0.0.1/lib/active_record/transactions.rb:395:in `block in with_transaction_returning_status'
/usr/local/rvm/gems/ruby-2.3.0/gems/activerecord-5.0.0.1/lib/active_record/connection_adapters/abstract/database_statements.rb:230:in `transaction'
/usr/local/rvm/gems/ruby-2.3.0/gems/activerecord-5.0.0.1/lib/active_record/transactions.rb:211:in `transaction'
/usr/local/rvm/gems/ruby-2.3.0/gems/activerecord-5.0.0.1/lib/active_record/transactions.rb:392:in `with_transaction_returning_status'
/usr/local/rvm/gems/ruby-2.3.0/gems/activerecord-5.0.0.1/lib/active_record/persistence.rb:264:in `update'
/home/ubuntu/workspace/matchme/app/models/match.rb:25:in `add_percent'
/usr/local/rvm/gems/ruby-2.3.0/gems/activesupport-5.0.0.1/lib/active_support/callbacks.rb:382:in `block in make_lambda'
/usr/local/rvm/gems/ruby-2.3.0/gems/activesupport-5.0.0.1/lib/active_support/callbacks.rb:207:in `block in halting_and_conditional'
/usr/local/rvm/gems/ruby-2.3.0/gems/activesupport-5.0.0.1/lib/active_support/callbacks.rb:456:in `block in call'
/usr/local/rvm/gems/ruby-2.3.0/gems/activesupport-5.0.0.1/lib/active_support/callbacks.rb:456:in `each'
/usr/local/rvm/gems/ruby-2.3.0/gems/activesupport-5.0.0.1/lib/active_support/callbacks.rb:456:in `call'
/usr/local/rvm/gems/ruby-2.3.0/gems/activesupport-5.0.0.1/lib/active_support/callbacks.rb:101:in `__run_callbacks__'
/usr/local/rvm/gems/ruby-2.3.0/gems/activesupport-5.0.0.1/lib/active_support/callbacks.rb:750:in `_run_save_callbacks'
/usr/local/rvm/gems/ruby-2.3.0/gems/activerecord-5.0.0.1/lib/active_record/callbacks.rb:298:in `create_or_update'
/usr/local/rvm/gems/ruby-2.3.0/gems/activerecord-5.0.0.1/lib/active_record/persistence.rb:125:in `save'
/usr/local/rvm/gems/ruby-2.3.0/gems/activerecord-5.0.0.1/lib/active_record/validations.rb:44:in `save'
/usr/local/rvm/gems/ruby-2.3.0/gems/activerecord-5.0.0.1/lib/active_record/attribute_methods/dirty.rb:22:in `save'
/usr/local/rvm/gems/ruby-2.3.0/gems/activerecord-5.0.0.1/lib/active_record/transactions.rb:319:in `block (2 levels) in save'
/usr/local/rvm/gems/ruby-2.3.0/gems/activerecord-5.0.0.1/lib/active_record/transactions.rb:395:in `block in with_transaction_returning_status'
/usr/local/rvm/gems/ruby-2.3.0/gems/activerecord-5.0.0.1/lib/active_record/connection_adapters/abstract/database_statements.rb:230:in `transaction'
/usr/local/rvm/gems/ruby-2.3.0/gems/activerecord-5.0.0.1/lib/active_record/transactions.rb:211:in `transaction'
/usr/local/rvm/gems/ruby-2.3.0/gems/activerecord-5.0.0.1/lib/active_record/transactions.rb:392:in `with_transaction_returning_status'
/usr/local/rvm/gems/ruby-2.3.0/gems/activerecord-5.0.0.1/lib/active_record/transactions.rb:319:in `block in save'
/usr/local/rvm/gems/ruby-2.3.0/gems/activerecord-5.0.0.1/lib/active_record/transactions.rb:334:in `rollback_active_record_state!'
/usr/local/rvm/gems/ruby-2.3.0/gems/activerecord-5.0.0.1/lib/active_record/transactions.rb:318:in `save'
/usr/local/rvm/gems/ruby-2.3.0/gems/activerecord-5.0.0.1/lib/active_record/suppressor.rb:41:in `save'
/usr/local/rvm/gems/ruby-2.3.0/gems/activerecord-5.0.0.1/lib/active_record/persistence.rb:266:in `block in update'
/usr/local/rvm/gems/ruby-2.3.0/gems/activerecord-5.0.0.1/lib/active_record/transactions.rb:395:in `block in with_transaction_returning_status'
/usr/local/rvm/gems/ruby-2.3.0/gems/activerecord-5.0.0.1/lib/active_record/connection_adapters/abstract/database_statements.rb:230:in `transaction'
/usr/local/rvm/gems/ruby-2.3.0/gems/activerecord-5.0.0.1/lib/active_record/transactions.rb:211:in `transaction'
/usr/local/rvm/gems/ruby-2.3.0/gems/activerecord-5.0.0.1/lib/active_record/transactions.rb:392:in `with_transaction_returning_status'
/usr/local/rvm/gems/ruby-2.3.0/gems/activerecord-5.0.0.1/lib/active_record/persistence.rb:264:in `update'
/home/ubuntu/workspace/matchme/app/models/match.rb:25:in `add_percent'
/usr/local/rvm/gems/ruby-2.3.0/gems/activesupport-5.0.0.1/lib/active_support/callbacks.rb:382:in `block in make_lambda'
/usr/local/rvm/gems/ruby-2.3.0/gems/activesupport-5.0.0.1/lib/active_support/callbacks.rb:207:in `block in halting_and_conditional'
/usr/local/rvm/gems/ruby-2.3.0/gems/activesupport-5.0.0.1/lib/active_support/callbacks.rb:456:in `block in call'
/usr/local/rvm/gems/ruby-2.3.0/gems/activesupport-5.0.0.1/lib/active_support/callbacks.rb:456:in `each'
/usr/local/rvm/gems/ruby-2.3.0/gems/activesupport-5.0.0.1/lib/active_support/callbacks.rb:456:in `call'
/usr/local/rvm/gems/ruby-2.3.0/gems/activesupport-5.0.0.1/lib/active_support/callbacks.rb:101:in `__run_callbacks__'
/usr/local/rvm/gems/ruby-2.3.0/gems/activesupport-5.0.0.1/lib/active_support/callbacks.rb:750:in `_run_save_callbacks'
/usr/local/rvm/gems/ruby-2.3.0/gems/activerecord-5.0.0.1/lib/active_record/callbacks.rb:298:in `create_or_update'
/usr/local/rvm/gems/ruby-2.3.0/gems/activerecord-5.0.0.1/lib/active_record/persistence.rb:125:in `save'
/usr/local/rvm/gems/ruby-2.3.0/gems/activerecord-5.0.0.1/lib/active_record/validations.rb:44:in `save'
/usr/local/rvm/gems/ruby-2.3.0/gems/activerecord-5.0.0.1/lib/active_record/attribute_methods/dirty.rb:22:in `save'
/usr/local/rvm/gems/ruby-2.3.0/gems/activerecord-5.0.0.1/lib/active_record/transactions.rb:319:in `block (2 levels) in save'
/usr/local/rvm/gems/ruby-2.3.0/gems/activerecord-5.0.0.1/lib/active_record/transactions.rb:395:in `block in with_transaction_returning_status'
/usr/local/rvm/gems/ruby-2.3.0/gems/activerecord-5.0.0.1/lib/active_record/connection_adapters/abstract/database_statements.rb:230:in `transaction'
/usr/local/rvm/gems/ruby-2.3.0/gems/activerecord-5.0.0.1/lib/active_record/transactions.rb:211:in `transaction'
/usr/local/rvm/gems/ruby-2.3.0/gems/activerecord-5.0.0.1/lib/active_record/transactions.rb:392:in `with_transaction_returning_status'
/usr/local/rvm/gems/ruby-2.3.0/gems/activerecord-5.0.0.1/lib/active_record/transactions.rb:319:in `block in save'
/usr/local/rvm/gems/ruby-2.3.0/gems/activerecord-5.0.0.1/lib/active_record/transactions.rb:334:in `rollback_active_record_state!'
/usr/local/rvm/gems/ruby-2.3.0/gems/activerecord-5.0.0.1/lib/active_record/transactions.rb:318:in `save'
/usr/local/rvm/gems/ruby-2.3.0/gems/activerecord-5.0.0.1/lib/active_record/suppressor.rb:41:in `save'
/usr/local/rvm/gems/ruby-2.3.0/gems/activerecord-5.0.0.1/lib/active_record/persistence.rb:266:in `block in update'
/usr/local/rvm/gems/ruby-2.3.0/gems/activerecord-5.0.0.1/lib/active_record/transactions.rb:395:in `block in with_transaction_returning_status'
/usr/local/rvm/gems/ruby-2.3.0/gems/activerecord-5.0.0.1/lib/active_record/connection_adapters/abstract/database_statements.rb:230:in `transaction'
/usr/local/rvm/gems/ruby-2.3.0/gems/activerecord-5.0.0.1/lib/active_record/transactions.rb:211:in `transaction'
/usr/local/rvm/gems/ruby-2.3.0/gems/activerecord-5.0.0.1/lib/active_record/transactions.rb:392:in `with_transaction_returning_status'
/usr/local/rvm/gems/ruby-2.3.0/gems/activerecord-5.0.0.1/lib/active_record/persistence.rb:264:in `update'
/home/ubuntu/workspace/matchme/app/models/match.rb:25:in `add_percent'
/usr/local/rvm/gems/ruby-2.3.0/gems/activesupport-5.0.0.1/lib/active_support/callbacks.rb:382:in `block in make_lambda'
/usr/local/rvm/gems/ruby-2.3.0/gems/activesupport-5.0.0.1/lib/active_support/callbacks.rb:207:in `block in halting_and_conditional'
/usr/local/rvm/gems/ruby-2.3.0/gems/activesupport-5.0.0.1/lib/active_support/callbacks.rb:456:in `block in call'
/usr/local/rvm/gems/ruby-2.3.0/gems/activesupport-5.0.0.1/lib/active_support/callbacks.rb:456:in `each'
/usr/local/rvm/gems/ruby-2.3.0/gems/activesupport-5.0.0.1/lib/active_support/callbacks.rb:456:in `call'
/usr/local/rvm/gems/ruby-2.3.0/gems/activesupport-5.0.0.1/lib/active_support/callbacks.rb:101:in `__run_callbacks__'
/usr/local/rvm/gems/ruby-2.3.0/gems/activesupport-5.0.0.1/lib/active_support/callbacks.rb:750:in `_run_save_callbacks'
/usr/local/rvm/gems/ruby-2.3.0/gems/activerecord-5.0.0.1/lib/active_record/callbacks.rb:298:in `create_or_update'
/usr/local/rvm/gems/ruby-2.3.0/gems/activerecord-5.0.0.1/lib/active_record/persistence.rb:125:in `save'
/usr/local/rvm/gems/ruby-2.3.0/gems/activerecord-5.0.0.1/lib/active_record/validations.rb:44:in `save'
/usr/local/rvm/gems/ruby-2.3.0/gems/activerecord-5.0.0.1/lib/active_record/attribute_methods/dirty.rb:22:in `save'
/usr/local/rvm/gems/ruby-2.3.0/gems/activerecord-5.0.0.1/lib/active_record/transactions.rb:319:in `block (2 levels) in save'
/usr/local/rvm/gems/ruby-2.3.0/gems/activerecord-5.0.0.1/lib/active_record/transactions.rb:395:in `block in with_transaction_returning_status'
/usr/local/rvm/gems/ruby-2.3.0/gems/activerecord-5.0.0.1/lib/active_record/connection_adapters/abstract/database_statements.rb:230:in `transaction'
/usr/local/rvm/gems/ruby-2.3.0/gems/activerecord-5.0.0.1/lib/active_record/transactions.rb:211:in `transaction'
/usr/local/rvm/gems/ruby-2.3.0/gems/activerecord-5.0.0.1/lib/active_record/transactions.rb:392:in `with_transaction_returning_status'
/usr/local/rvm/gems/ruby-2.3.0/gems/activerecord-5.0.0.1/lib/active_record/transactions.rb:319:in `block in save'
/usr/local/rvm/gems/ruby-2.3.0/gems/activerecord-5.0.0.1/lib/active_record/transactions.rb:334:in `rollback_active_record_state!'
/usr/local/rvm/gems/ruby-2.3.0/gems/activerecord-5.0.0.1/lib/active_record/transactions.rb:318:in `save'
/usr/local/rvm/gems/ruby-2.3.0/gems/activerecord-5.0.0.1/lib/active_record/suppressor.rb:41:in `save'
/usr/local/rvm/gems/ruby-2.3.0/gems/activerecord-5.0.0.1/lib/active_record/persistence.rb:266:in `block in update'
/usr/local/rvm/gems/ruby-2.3.0/gems/activerecord-5.0.0.1/lib/active_record/transactions.rb:395:in `block in with_transaction_returning_status'
/usr/local/rvm/gems/ruby-2.3.0/gems/activerecord-5.0.0.1/lib/active_record/connection_adapters/abstract/database_statements.rb:230:in `transaction'
/usr/local/rvm/gems/ruby-2.3.0/gems/activerecord-5.0.0.1/lib/active_record/transactions.rb:211:in `transaction'
/usr/local/rvm/gems/ruby-2.3.0/gems/activerecord-5.0.0.1/lib/active_record/transactions.rb:392:in `with_transaction_returning_status'
/usr/local/rvm/gems/ruby-2.3.0/gems/activerecord-5.0.0.1/lib/active_record/persistence.rb:264:in `update'
/home/ubuntu/workspace/matchme/app/models/match.rb:25:in `add_percent'
/usr/local/rvm/gems/ruby-2.3.0/gems/activesupport-5.0.0.1/lib/active_support/callbacks.rb:382:in `block in make_lambda'
/usr/local/rvm/gems/ruby-2.3.0/gems/activesupport-5.0.0.1/lib/active_support/callbacks.rb:207:in `block in halting_and_conditional'
/usr/local/rvm/gems/ruby-2.3.0/gems/activesupport-5.0.0.1/lib/active_support/callbacks.rb:456:in `block in call'
/usr/local/rvm/gems/ruby-2.3.0/gems/activesupport-5.0.0.1/lib/active_support/callbacks.rb:456:in `each'
/usr/local/rvm/gems/ruby-2.3.0/gems/activesupport-5.0.0.1/lib/active_support/callbacks.rb:456:in `call'
/usr/local/rvm/gems/ruby-2.3.0/gems/activesupport-5.0.0.1/lib/active_support/callbacks.rb:101:in `__run_callbacks__'
/usr/local/rvm/gems/ruby-2.3.0/gems/activesupport-5.0.0.1/lib/active_support/callbacks.rb:750:in `_run_save_callbacks'
/usr/local/rvm/gems/ruby-2.3.0/gems/activerecord-5.0.0.1/lib/active_record/callbacks.rb:298:in `create_or_update'
/usr/local/rvm/gems/ruby-2.3.0/gems/activerecord-5.0.0.1/lib/active_record/persistence.rb:125:in `save'
/usr/local/rvm/gems/ruby-2.3.0/gems/activerecord-5.0.0.1/lib/active_record/validations.rb:44:in `save'
/usr/local/rvm/gems/ruby-2.3.0/gems/activerecord-5.0.0.1/lib/active_record/attribute_methods/dirty.rb:22:in `save'
/usr/local/rvm/gems/ruby-2.3.0/gems/activerecord-5.0.0.1/lib/active_record/transactions.rb:319:in `block (2 levels) in save'
/usr/local/rvm/gems/ruby-2.3.0/gems/activerecord-5.0.0.1/lib/active_record/transactions.rb:395:in `block in with_transaction_returning_status'
/usr/local/rvm/gems/ruby-2.3.0/gems/activerecord-5.0.0.1/lib/active_record/connection_adapters/abstract/database_statements.rb:230:in `transaction'
/usr/local/rvm/gems/ruby-2.3.0/gems/activerecord-5.0.0.1/lib/active_record/transactions.rb:211:in `transaction'
/usr/local/rvm/gems/ruby-2.3.0/gems/activerecord-5.0.0.1/lib/active_record/transactions.rb:392:in `with_transaction_returning_status'
/usr/local/rvm/gems/ruby-2.3.0/gems/activerecord-5.0.0.1/lib/active_record/transactions.rb:319:in `block in save'
/usr/local/rvm/gems/ruby-2.3.0/gems/activerecord-5.0.0.1/lib/active_record/transactions.rb:334:in `rollback_active_record_state!'
/usr/local/rvm/gems/ruby-2.3.0/gems/activerecord-5.0.0.1/lib/active_record/transactions.rb:318:in `save'
/usr/local/rvm/gems/ruby-2.3.0/gems/activerecord-5.0.0.1/lib/active_record/suppressor.rb:41:in `save'
/usr/local/rvm/gems/ruby-2.3.0/gems/activerecord-5.0.0.1/lib/active_record/persistence.rb:266:in `block in update'
/usr/local/rvm/gems/ruby-2.3.0/gems/activerecord-5.0.0.1/lib/active_record/transactions.rb:395:in `block in with_transaction_returning_status'
/usr/local/rvm/gems/ruby-2.3.0/gems/activerecord-5.0.0.1/lib/active_record/connection_adapters/abstract/database_statements.rb:230:in `transaction'
/usr/local/rvm/gems/ruby-2.3.0/gems/activerecord-5.0.0.1/lib/active_record/transactions.rb:211:in `transaction'
/usr/local/rvm/gems/ruby-2.3.0/gems/activerecord-5.0.0.1/lib/active_record/transactions.rb:392:in `with_transaction_returning_status'
/usr/local/rvm/gems/ruby-2.3.0/gems/activerecord-5.0.0.1/lib/active_record/persistence.rb:264:in `update'
/home/ubuntu/workspace/matchme/app/models/match.rb:25:in `add_percent'
/usr/local/rvm/gems/ruby-2.3.0/gems/activesupport-5.0.0.1/lib/active_support/callbacks.rb:382:in `block in make_lambda'
/usr/local/rvm/gems/ruby-2.3.0/gems/activesupport-5.0.0.1/lib/active_support/callbacks.rb:207:in `block in halting_and_conditional'
/usr/local/rvm/gems/ruby-2.3.0/gems/activesupport-5.0.0.1/lib/active_support/callbacks.rb:456:in `block in call'
/usr/local/rvm/gems/ruby-2.3.0/gems/activesupport-5.0.0.1/lib/active_support/callbacks.rb:456:in `each'
/usr/local/rvm/gems/ruby-2.3.0/gems/activesupport-5.0.0.1/lib/active_support/callbacks.rb:456:in `call'
/usr/local/rvm/gems/ruby-2.3.0/gems/activesupport-5.0.0.1/lib/active_support/callbacks.rb:101:in `__run_callbacks__'
/usr/local/rvm/gems/ruby-2.3.0/gems/activesupport-5.0.0.1/lib/active_support/callbacks.rb:750:in `_run_save_callbacks'
/usr/local/rvm/gems/ruby-2.3.0/gems/activerecord-5.0.0.1/lib/active_record/callbacks.rb:298:in `create_or_update'
/usr/local/rvm/gems/ruby-2.3.0/gems/activerecord-5.0.0.1/lib/active_record/persistence.rb:125:in `save'
/usr/local/rvm/gems/ruby-2.3.0/gems/activerecord-5.0.0.1/lib/active_record/validations.rb:44:in `save'
/usr/local/rvm/gems/ruby-2.3.0/gems/activerecord-5.0.0.1/lib/active_record/attribute_methods/dirty.rb:22:in `save'
/usr/local/rvm/gems/ruby-2.3.0/gems/activerecord-5.0.0.1/lib/active_record/transactions.rb:319:in `block (2 levels) in save'
/usr/local/rvm/gems/ruby-2.3.0/gems/activerecord-5.0.0.1/lib/active_record/transactions.rb:395:in `block in with_transaction_returning_status'
/usr/local/rvm/gems/ruby-2.3.0/gems/activerecord-5.0.0.1/lib/active_record/connection_adapters/abstract/database_statements.rb:230:in `transaction'
/usr/local/rvm/gems/ruby-2.3.0/gems/activerecord-5.0.0.1/lib/active_record/transactions.rb:211:in `transaction'
/usr/local/rvm/gems/ruby-2.3.0/gems/activerecord-5.0.0.1/lib/active_record/transactions.rb:392:in `with_transaction_returning_status'
/usr/local/rvm/gems/ruby-2.3.0/gems/activerecord-5.0.0.1/lib/active_record/transactions.rb:319:in `block in save'
/usr/local/rvm/gems/ruby-2.3.0/gems/activerecord-5.0.0.1/lib/active_record/transactions.rb:334:in `rollback_active_record_state!'
/usr/local/rvm/gems/ruby-2.3.0/gems/activerecord-5.0.0.1/lib/active_record/transactions.rb:318:in `save'
/usr/local/rvm/gems/ruby-2.3.0/gems/activerecord-5.0.0.1/lib/active_record/suppressor.rb:41:in `save'
/usr/local/rvm/gems/ruby-2.3.0/gems/activerecord-5.0.0.1/lib/active_record/persistence.rb:266:in `block in update'
/usr/local/rvm/gems/ruby-2.3.0/gems/activerecord-5.0.0.1/lib/active_record/transactions.rb:395:in `block in with_transaction_returning_status'
/usr/local/rvm/gems/ruby-2.3.0/gems/activerecord-5.0.0.1/lib/active_record/connection_adapters/abstract/database_statements.rb:230:in `transaction'
/usr/local/rvm/gems/ruby-2.3.0/gems/activerecord-5.0.0.1/lib/active_record/transactions.rb:211:in `transaction'
/usr/local/rvm/gems/ruby-2.3.0/gems/activerecord-5.0.0.1/lib/active_record/transactions.rb:392:in `with_transaction_returning_status'
/usr/local/rvm/gems/ruby-2.3.0/gems/activerecord-5.0.0.1/lib/active_record/persistence.rb:264:in `update'
/home/ubuntu/workspace/matchme/app/models/match.rb:25:in `add_percent'
/usr/local/rvm/gems/ruby-2.3.0/gems/activesupport-5.0.0.1/lib/active_support/callbacks.rb:382:in `block in make_lambda'
/usr/local/rvm/gems/ruby-2.3.0/gems/activesupport-5.0.0.1/lib/active_support/callbacks.rb:207:in `block in halting_and_conditional'
/usr/local/rvm/gems/ruby-2.3.0/gems/activesupport-5.0.0.1/lib/active_support/callbacks.rb:456:in `block in call'
/usr/local/rvm/gems/ruby-2.3.0/gems/activesupport-5.0.0.1/lib/active_support/callbacks.rb:456:in `each'
/usr/local/rvm/gems/ruby-2.3.0/gems/activesupport-5.0.0.1/lib/active_support/callbacks.rb:456:in `call'
/usr/local/rvm/gems/ruby-2.3.0/gems/activesupport-5.0.0.1/lib/active_support/callbacks.rb:101:in `__run_callbacks__'
/usr/local/rvm/gems/ruby-2.3.0/gems/activesupport-5.0.0.1/lib/active_support/callbacks.rb:750:in `_run_save_callbacks'
/usr/local/rvm/gems/ruby-2.3.0/gems/activerecord-5.0.0.1/lib/active_record/callbacks.rb:298:in `create_or_update'
/usr/local/rvm/gems/ruby-2.3.0/gems/activerecord-5.0.0.1/lib/active_record/persistence.rb:125:in `save'
/usr/local/rvm/gems/ruby-2.3.0/gems/activerecord-5.0.0.1/lib/active_record/validations.rb:44:in `save'
/usr/local/rvm/gems/ruby-2.3.0/gems/activerecord-5.0.0.1/lib/active_record/attribute_methods/dirty.rb:22:in `save'
/usr/local/rvm/gems/ruby-2.3.0/gems/activerecord-5.0.0.1/lib/active_record/transactions.rb:319:in `block (2 levels) in save'
/usr/local/rvm/gems/ruby-2.3.0/gems/activerecord-5.0.0.1/lib/active_record/transactions.rb:395:in `block in with_transaction_returning_status'
/usr/local/rvm/gems/ruby-2.3.0/gems/activerecord-5.0.0.1/lib/active_record/connection_adapters/abstract/database_statements.rb:230:in `transaction'
/usr/local/rvm/gems/ruby-2.3.0/gems/activerecord-5.0.0.1/lib/active_record/transactions.rb:211:in `transaction'
/usr/local/rvm/gems/ruby-2.3.0/gems/activerecord-5.0.0.1/lib/active_record/transactions.rb:392:in `with_transaction_returning_status'
/usr/local/rvm/gems/ruby-2.3.0/gems/activerecord-5.0.0.1/lib/active_record/transactions.rb:319:in `block in save'
/usr/local/rvm/gems/ruby-2.3.0/gems/activerecord-5.0.0.1/lib/active_record/transactions.rb:334:in `rollback_active_record_state!'
/usr/local/rvm/gems/ruby-2.3.0/gems/activerecord-5.0.0.1/lib/active_record/transactions.rb:318:in `save'
/usr/local/rvm/gems/ruby-2.3.0/gems/activerecord-5.0.0.1/lib/active_record/suppressor.rb:41:in `save'
/usr/local/rvm/gems/ruby-2.3.0/gems/activerecord-5.0.0.1/lib/active_record/persistence.rb:266:in `block in update'
/usr/local/rvm/gems/ruby-2.3.0/gems/activerecord-5.0.0.1/lib/active_record/transactions.rb:395:in `block in with_transaction_returning_status'
/usr/local/rvm/gems/ruby-2.3.0/gems/activerecord-5.0.0.1/lib/active_record/connection_adapters/abstract/database_statements.rb:230:in `transaction'
/usr/local/rvm/gems/ruby-2.3.0/gems/activerecord-5.0.0.1/lib/active_record/transactions.rb:211:in `transaction'
/usr/local/rvm/gems/ruby-2.3.0/gems/activerecord-5.0.0.1/lib/active_record/transactions.rb:392:in `with_transaction_returning_status'
/usr/local/rvm/gems/ruby-2.3.0/gems/activerecord-5.0.0.1/lib/active_record/persistence.rb:264:in `update'
/home/ubuntu/workspace/matchme/app/models/match.rb:25:in `add_percent'
/usr/local/rvm/gems/ruby-2.3.0/gems/activesupport-5.0.0.1/lib/active_support/callbacks.rb:382:in `block in make_lambda'
/usr/local/rvm/gems/ruby-2.3.0/gems/activesupport-5.0.0.1/lib/active_support/callbacks.rb:207:in `block in halting_and_conditional'
/usr/local/rvm/gems/ruby-2.3.0/gems/activesupport-5.0.0.1/lib/active_support/callbacks.rb:456:in `block in call'
/usr/local/rvm/gems/ruby-2.3.0/gems/activesupport-5.0.0.1/lib/active_support/callbacks.rb:456:in `each'
/usr/local/rvm/gems/ruby-2.3.0/gems/activesupport-5.0.0.1/lib/active_support/callbacks.rb:456:in `call'
/usr/local/rvm/gems/ruby-2.3.0/gems/activesupport-5.0.0.1/lib/active_support/callbacks.rb:101:in `__run_callbacks__'
/usr/local/rvm/gems/ruby-2.3.0/gems/activesupport-5.0.0.1/lib/active_support/callbacks.rb:750:in `_run_save_callbacks'
/usr/local/rvm/gems/ruby-2.3.0/gems/activerecord-5.0.0.1/lib/active_record/callbacks.rb:298:in `create_or_update'
/usr/local/rvm/gems/ruby-2.3.0/gems/activerecord-5.0.0.1/lib/active_record/persistence.rb:125:in `save'
/usr/local/rvm/gems/ruby-2.3.0/gems/activerecord-5.0.0.1/lib/active_record/validations.rb:44:in `save'
/usr/local/rvm/gems/ruby-2.3.0/gems/activerecord-5.0.0.1/lib/active_record/attribute_methods/dirty.rb:22:in `save'
/usr/local/rvm/gems/ruby-2.3.0/gems/activerecord-5.0.0.1/lib/active_record/transactions.rb:319:in `block (2 levels) in save'
/usr/local/rvm/gems/ruby-2.3.0/gems/activerecord-5.0.0.1/lib/active_record/transactions.rb:395:in `block in with_transaction_returning_status'
/usr/local/rvm/gems/ruby-2.3.0/gems/activerecord-5.0.0.1/lib/active_record/connection_adapters/abstract/database_statements.rb:230:in `transaction'
/usr/local/rvm/gems/ruby-2.3.0/gems/activerecord-5.0.0.1/lib/active_record/transactions.rb:211:in `transaction'
/usr/local/rvm/gems/ruby-2.3.0/gems/activerecord-5.0.0.1/lib/active_record/transactions.rb:392:in `with_transaction_returning_status'
/usr/local/rvm/gems/ruby-2.3.0/gems/activerecord-5.0.0.1/lib/active_record/transactions.rb:319:in `block in save'
/usr/local/rvm/gems/ruby-2.3.0/gems/activerecord-5.0.0.1/lib/active_record/transactions.rb:334:in `rollback_active_record_state!'
/usr/local/rvm/gems/ruby-2.3.0/gems/activerecord-5.0.0.1/lib/active_record/transactions.rb:318:in `save'
/usr/local/rvm/gems/ruby-2.3.0/gems/activerecord-5.0.0.1/lib/active_record/suppressor.rb:41:in `save'
/usr/local/rvm/gems/ruby-2.3.0/gems/activerecord-5.0.0.1/lib/active_record/persistence.rb:266:in `block in update'
/usr/local/rvm/gems/ruby-2.3.0/gems/activerecord-5.0.0.1/lib/active_record/transactions.rb:395:in `block in with_transaction_returning_status'
/usr/local/rvm/gems/ruby-2.3.0/gems/activerecord-5.0.0.1/lib/active_record/connection_adapters/abstract/database_statements.rb:230:in `transaction'
/usr/local/rvm/gems/ruby-2.3.0/gems/activerecord-5.0.0.1/lib/active_record/transactions.rb:211:in `transaction'
/usr/local/rvm/gems/ruby-2.3.0/gems/activerecord-5.0.0.1/lib/active_record/transactions.rb:392:in `with_transaction_returning_status'
/usr/local/rvm/gems/ruby-2.3.0/gems/activerecord-5.0.0.1/lib/active_record/persistence.rb:264:in `update'
/home/ubuntu/workspace/matchme/app/models/match.rb:25:in `add_percent'
/usr/local/rvm/gems/ruby-2.3.0/gems/activesupport-5.0.0.1/lib/active_support/callbacks.rb:382:in `block in make_lambda'
/usr/local/rvm/gems/ruby-2.3.0/gems/activesupport-5.0.0.1/lib/active_support/callbacks.rb:207:in `block in halting_and_conditional'
/usr/local/rvm/gems/ruby-2.3.0/gems/activesupport-5.0.0.1/lib/active_support/callbacks.rb:456:in `block in call'
/usr/local/rvm/gems/ruby-2.3.0/gems/activesupport-5.0.0.1/lib/active_support/callbacks.rb:456:in `each'
/usr/local/rvm/gems/ruby-2.3.0/gems/activesupport-5.0.0.1/lib/active_support/callbacks.rb:456:in `call'
/usr/local/rvm/gems/ruby-2.3.0/gems/activesupport-5.0.0.1/lib/active_support/callbacks.rb:101:in `__run_callbacks__'
/usr/local/rvm/gems/ruby-2.3.0/gems/activesupport-5.0.0.1/lib/active_support/callbacks.rb:750:in `_run_save_callbacks'
/usr/local/rvm/gems/ruby-2.3.0/gems/activerecord-5.0.0.1/lib/active_record/callbacks.rb:298:in `create_or_update'
/usr/local/rvm/gems/ruby-2.3.0/gems/activerecord-5.0.0.1/lib/active_record/persistence.rb:125:in `save'
/usr/local/rvm/gems/ruby-2.3.0/gems/activerecord-5.0.0.1/lib/active_record/validations.rb:44:in `save'
/usr/local/rvm/gems/ruby-2.3.0/gems/activerecord-5.0.0.1/lib/active_record/attribute_methods/dirty.rb:22:in `save'
/usr/local/rvm/gems/ruby-2.3.0/gems/activerecord-5.0.0.1/lib/active_record/transactions.rb:319:in `block (2 levels) in save'
/usr/local/rvm/gems/ruby-2.3.0/gems/activerecord-5.0.0.1/lib/active_record/transactions.rb:395:in `block in with_transaction_returning_status'
/usr/local/rvm/gems/ruby-2.3.0/gems/activerecord-5.0.0.1/lib/active_record/connection_adapters/abstract/database_statements.rb:230:in `transaction'
/usr/local/rvm/gems/ruby-2.3.0/gems/activerecord-5.0.0.1/lib/active_record/transactions.rb:211:in `transaction'
/usr/local/rvm/gems/ruby-2.3.0/gems/activerecord-5.0.0.1/lib/active_record/transactions.rb:392:in `with_transaction_returning_status'
/usr/local/rvm/gems/ruby-2.3.0/gems/activerecord-5.0.0.1/lib/active_record/transactions.rb:319:in `block in save'
/usr/local/rvm/gems/ruby-2.3.0/gems/activerecord-5.0.0.1/lib/active_record/transactions.rb:334:in `rollback_active_record_state!'
/usr/local/rvm/gems/ruby-2.3.0/gems/activerecord-5.0.0.1/lib/active_record/transactions.rb:318:in `save'
/usr/local/rvm/gems/ruby-2.3.0/gems/activerecord-5.0.0.1/lib/active_record/suppressor.rb:41:in `save'
/usr/local/rvm/gems/ruby-2.3.0/gems/activerecord-5.0.0.1/lib/active_record/persistence.rb:266:in `block in update'
/usr/local/rvm/gems/ruby-2.3.0/gems/activerecord-5.0.0.1/lib/active_record/transactions.rb:395:in `block in with_transaction_returning_status'
/usr/local/rvm/gems/ruby-2.3.0/gems/activerecord-5.0.0.1/lib/active_record/connection_adapters/abstract/database_statements.rb:230:in `transaction'
/usr/local/rvm/gems/ruby-2.3.0/gems/activerecord-5.0.0.1/lib/active_record/transactions.rb:211:in `transaction'
/usr/local/rvm/gems/ruby-2.3.0/gems/activerecord-5.0.0.1/lib/active_record/transactions.rb:392:in `with_transaction_returning_status'
/usr/local/rvm/gems/ruby-2.3.0/gems/activerecord-5.0.0.1/lib/active_record/persistence.rb:264:in `update'
/home/ubuntu/workspace/matchme/app/models/match.rb:25:in `add_percent'
/usr/local/rvm/gems/ruby-2.3.0/gems/activesupport-5.0.0.1/lib/active_support/callbacks.rb:382:in `block in make_lambda'
/usr/local/rvm/gems/ruby-2.3.0/gems/activesupport-5.0.0.1/lib/active_support/callbacks.rb:207:in `block in halting_and_conditional'
/usr/local/rvm/gems/ruby-2.3.0/gems/activesupport-5.0.0.1/lib/active_support/callbacks.rb:456:in `block in call'
/usr/local/rvm/gems/ruby-2.3.0/gems/activesupport-5.0.0.1/lib/active_support/callbacks.rb:456:in `each'
/usr/local/rvm/gems/ruby-2.3.0/gems/activesupport-5.0.0.1/lib/active_support/callbacks.rb:456:in `call'
/usr/local/rvm/gems/ruby-2.3.0/gems/activesupport-5.0.0.1/lib/active_support/callbacks.rb:101:in `__run_callbacks__'
/usr/local/rvm/gems/ruby-2.3.0/gems/activesupport-5.0.0.1/lib/active_support/callbacks.rb:750:in `_run_save_callbacks'
/usr/local/rvm/gems/ruby-2.3.0/gems/activerecord-5.0.0.1/lib/active_record/callbacks.rb:298:in `create_or_update'
/usr/local/rvm/gems/ruby-2.3.0/gems/activerecord-5.0.0.1/lib/active_record/persistence.rb:125:in `save'
/usr/local/rvm/gems/ruby-2.3.0/gems/activerecord-5.0.0.1/lib/active_record/validations.rb:44:in `save'
/usr/local/rvm/gems/ruby-2.3.0/gems/activerecord-5.0.0.1/lib/active_record/attribute_methods/dirty.rb:22:in `save'
/usr/local/rvm/gems/ruby-2.3.0/gems/activerecord-5.0.0.1/lib/active_record/transactions.rb:319:in `block (2 levels) in save'
/usr/local/rvm/gems/ruby-2.3.0/gems/activerecord-5.0.0.1/lib/active_record/transactions.rb:395:in `block in with_transaction_returning_status'
/usr/local/rvm/gems/ruby-2.3.0/gems/activerecord-5.0.0.1/lib/active_record/connection_adapters/abstract/database_statements.rb:230:in `transaction'
/usr/local/rvm/gems/ruby-2.3.0/gems/activerecord-5.0.0.1/lib/active_record/transactions.rb:211:in `transaction'
/usr/local/rvm/gems/ruby-2.3.0/gems/activerecord-5.0.0.1/lib/active_record/transactions.rb:392:in `with_transaction_returning_status'
/usr/local/rvm/gems/ruby-2.3.0/gems/activerecord-5.0.0.1/lib/active_record/transactions.rb:319:in `block in save'
/usr/local/rvm/gems/ruby-2.3.0/gems/activerecord-5.0.0.1/lib/active_record/transactions.rb:334:in `rollback_active_record_state!'
/usr/local/rvm/gems/ruby-2.3.0/gems/activerecord-5.0.0.1/lib/active_record/transactions.rb:318:in `save'
/usr/local/rvm/gems/ruby-2.3.0/gems/activerecord-5.0.0.1/lib/active_record/suppressor.rb:41:in `save'
/usr/local/rvm/gems/ruby-2.3.0/gems/activerecord-5.0.0.1/lib/active_record/persistence.rb:266:in `block in update'
/usr/local/rvm/gems/ruby-2.3.0/gems/activerecord-5.0.0.1/lib/active_record/transactions.rb:395:in `block in with_transaction_returning_status'
/usr/local/rvm/gems/ruby-2.3.0/gems/activerecord-5.0.0.1/lib/active_record/connection_adapters/abstract/database_statements.rb:230:in `transaction'
/usr/local/rvm/gems/ruby-2.3.0/gems/activerecord-5.0.0.1/lib/active_record/transactions.rb:211:in `transaction'
/usr/local/rvm/gems/ruby-2.3.0/gems/activerecord-5.0.0.1/lib/active_record/transactions.rb:392:in `with_transaction_returning_status'
/usr/local/rvm/gems/ruby-2.3.0/gems/activerecord-5.0.0.1/lib/active_record/persistence.rb:264:in `update'
/home/ubuntu/workspace/matchme/app/models/match.rb:25:in `add_percent'
/usr/local/rvm/gems/ruby-2.3.0/gems/activesupport-5.0.0.1/lib/active_support/callbacks.rb:382:in `block in make_lambda'
/usr/local/rvm/gems/ruby-2.3.0/gems/activesupport-5.0.0.1/lib/active_support/callbacks.rb:207:in `block in halting_and_conditional'
/usr/local/rvm/gems/ruby-2.3.0/gems/activesupport-5.0.0.1/lib/active_support/callbacks.rb:456:in `block in call'
/usr/local/rvm/gems/ruby-2.3.0/gems/activesupport-5.0.0.1/lib/active_support/callbacks.rb:456:in `each'
/usr/local/rvm/gems/ruby-2.3.0/gems/activesupport-5.0.0.1/lib/active_support/callbacks.rb:456:in `call'
/usr/local/rvm/gems/ruby-2.3.0/gems/activesupport-5.0.0.1/lib/active_support/callbacks.rb:101:in `__run_callbacks__'
/usr/local/rvm/gems/ruby-2.3.0/gems/activesupport-5.0.0.1/lib/active_support/callbacks.rb:750:in `_run_save_callbacks'
/usr/local/rvm/gems/ruby-2.3.0/gems/activerecord-5.0.0.1/lib/active_record/callbacks.rb:298:in `create_or_update'
/usr/local/rvm/gems/ruby-2.3.0/gems/activerecord-5.0.0.1/lib/active_record/persistence.rb:125:in `save'
/usr/local/rvm/gems/ruby-2.3.0/gems/activerecord-5.0.0.1/lib/active_record/validations.rb:44:in `save'
/usr/local/rvm/gems/ruby-2.3.0/gems/activerecord-5.0.0.1/lib/active_record/attribute_methods/dirty.rb:22:in `save'
/usr/local/rvm/gems/ruby-2.3.0/gems/activerecord-5.0.0.1/lib/active_record/transactions.rb:319:in `block (2 levels) in save'
/usr/local/rvm/gems/ruby-2.3.0/gems/activerecord-5.0.0.1/lib/active_record/transactions.rb:395:in `block in with_transaction_returning_status'
/usr/local/rvm/gems/ruby-2.3.0/gems/activerecord-5.0.0.1/lib/active_record/connection_adapters/abstract/database_statements.rb:230:in `transaction'
/usr/local/rvm/gems/ruby-2.3.0/gems/activerecord-5.0.0.1/lib/active_record/transactions.rb:211:in `transaction'
/usr/local/rvm/gems/ruby-2.3.0/gems/activerecord-5.0.0.1/lib/active_record/transactions.rb:392:in `with_transaction_returning_status'
/usr/local/rvm/gems/ruby-2.3.0/gems/activerecord-5.0.0.1/lib/active_record/transactions.rb:319:in `block in save'
/usr/local/rvm/gems/ruby-2.3.0/gems/activerecord-5.0.0.1/lib/active_record/transactions.rb:334:in `rollback_active_record_state!'
/usr/local/rvm/gems/ruby-2.3.0/gems/activerecord-5.0.0.1/lib/active_record/transactions.rb:318:in `save'
/usr/local/rvm/gems/ruby-2.3.0/gems/activerecord-5.0.0.1/lib/active_record/suppressor.rb:41:in `save'
/usr/local/rvm/gems/ruby-2.3.0/gems/activerecord-5.0.0.1/lib/active_record/persistence.rb:266:in `block in update'
/usr/local/rvm/gems/ruby-2.3.0/gems/activerecord-5.0.0.1/lib/active_record/transactions.rb:395:in `block in with_transaction_returning_status'
/usr/local/rvm/gems/ruby-2.3.0/gems/activerecord-5.0.0.1/lib/active_record/connection_adapters/abstract/database_statements.rb:230:in `transaction'
/usr/local/rvm/gems/ruby-2.3.0/gems/activerecord-5.0.0.1/lib/active_record/transactions.rb:211:in `transaction'
/usr/local/rvm/gems/ruby-2.3.0/gems/activerecord-5.0.0.1/lib/active_record/transactions.rb:392:in `with_transaction_returning_status'
/usr/local/rvm/gems/ruby-2.3.0/gems/activerecord-5.0.0.1/lib/active_record/persistence.rb:264:in `update'
/home/ubuntu/workspace/matchme/app/models/match.rb:25:in `add_percent'
/usr/local/rvm/gems/ruby-2.3.0/gems/activesupport-5.0.0.1/lib/active_support/callbacks.rb:382:in `block in make_lambda'
/usr/local/rvm/gems/ruby-2.3.0/gems/activesupport-5.0.0.1/lib/active_support/callbacks.rb:207:in `block in halting_and_conditional'
/usr/local/rvm/gems/ruby-2.3.0/gems/activesupport-5.0.0.1/lib/active_support/callbacks.rb:456:in `block in call'
/usr/local/rvm/gems/ruby-2.3.0/gems/activesupport-5.0.0.1/lib/active_support/callbacks.rb:456:in `each'
/usr/local/rvm/gems/ruby-2.3.0/gems/activesupport-5.0.0.1/lib/active_support/callbacks.rb:456:in `call'
/usr/local/rvm/gems/ruby-2.3.0/gems/activesupport-5.0.0.1/lib/active_support/callbacks.rb:101:in `__run_callbacks__'
/usr/local/rvm/gems/ruby-2.3.0/gems/activesupport-5.0.0.1/lib/active_support/callbacks.rb:750:in `_run_save_callbacks'
/usr/local/rvm/gems/ruby-2.3.0/gems/activerecord-5.0.0.1/lib/active_record/callbacks.rb:298:in `create_or_update'
/usr/local/rvm/gems/ruby-2.3.0/gems/activerecord-5.0.0.1/lib/active_record/persistence.rb:125:in `save'
/usr/local/rvm/gems/ruby-2.3.0/gems/activerecord-5.0.0.1/lib/active_record/validations.rb:44:in `save'
/usr/local/rvm/gems/ruby-2.3.0/gems/activerecord-5.0.0.1/lib/active_record/attribute_methods/dirty.rb:22:in `save'
/usr/local/rvm/gems/ruby-2.3.0/gems/activerecord-5.0.0.1/lib/active_record/transactions.rb:319:in `block (2 levels) in save'
/usr/local/rvm/gems/ruby-2.3.0/gems/activerecord-5.0.0.1/lib/active_record/transactions.rb:395:in `block in with_transaction_returning_status'
/usr/local/rvm/gems/ruby-2.3.0/gems/activerecord-5.0.0.1/lib/active_record/connection_adapters/abstract/database_statements.rb:230:in `transaction'
/usr/local/rvm/gems/ruby-2.3.0/gems/activerecord-5.0.0.1/lib/active_record/transactions.rb:211:in `transaction'
/usr/local/rvm/gems/ruby-2.3.0/gems/activerecord-5.0.0.1/lib/active_record/transactions.rb:392:in `with_transaction_returning_status'
/usr/local/rvm/gems/ruby-2.3.0/gems/activerecord-5.0.0.1/lib/active_record/transactions.rb:319:in `block in save'
/usr/local/rvm/gems/ruby-2.3.0/gems/activerecord-5.0.0.1/lib/active_record/transactions.rb:334:in `rollback_active_record_state!'
/usr/local/rvm/gems/ruby-2.3.0/gems/activerecord-5.0.0.1/lib/active_record/transactions.rb:318:in `save'
/usr/local/rvm/gems/ruby-2.3.0/gems/activerecord-5.0.0.1/lib/active_record/suppressor.rb:41:in `save'
/usr/local/rvm/gems/ruby-2.3.0/gems/activerecord-5.0.0.1/lib/active_record/persistence.rb:266:in `block in update'
/usr/local/rvm/gems/ruby-2.3.0/gems/activerecord-5.0.0.1/lib/active_record/transactions.rb:395:in `block in with_transaction_returning_status'
/usr/local/rvm/gems/ruby-2.3.0/gems/activerecord-5.0.0.1/lib/active_record/connection_adapters/abstract/database_statements.rb:230:in `transaction'
/usr/local/rvm/gems/ruby-2.3.0/gems/activerecord-5.0.0.1/lib/active_record/transactions.rb:211:in `transaction'
/usr/local/rvm/gems/ruby-2.3.0/gems/activerecord-5.0.0.1/lib/active_record/transactions.rb:392:in `with_transaction_returning_status'
/usr/local/rvm/gems/ruby-2.3.0/gems/activerecord-5.0.0.1/lib/active_record/persistence.rb:264:in `update'
/home/ubuntu/workspace/matchme/app/models/match.rb:25:in `add_percent'
/usr/local/rvm/gems/ruby-2.3.0/gems/activesupport-5.0.0.1/lib/active_support/callbacks.rb:382:in `block in make_lambda'
/usr/local/rvm/gems/ruby-2.3.0/gems/activesupport-5.0.0.1/lib/active_support/callbacks.rb:207:in `block in halting_and_conditional'
/usr/local/rvm/gems/ruby-2.3.0/gems/activesupport-5.0.0.1/lib/active_support/callbacks.rb:456:in `block in call'
/usr/local/rvm/gems/ruby-2.3.0/gems/activesupport-5.0.0.1/lib/active_support/callbacks.rb:456:in `each'
/usr/local/rvm/gems/ruby-2.3.0/gems/activesupport-5.0.0.1/lib/active_support/callbacks.rb:456:in `call'
/usr/local/rvm/gems/ruby-2.3.0/gems/activesupport-5.0.0.1/lib/active_support/callbacks.rb:101:in `__run_callbacks__'
/usr/local/rvm/gems/ruby-2.3.0/gems/activesupport-5.0.0.1/lib/active_support/callbacks.rb:750:in `_run_save_callbacks'
/usr/local/rvm/gems/ruby-2.3.0/gems/activerecord-5.0.0.1/lib/active_record/callbacks.rb:298:in `create_or_update'
/usr/local/rvm/gems/ruby-2.3.0/gems/activerecord-5.0.0.1/lib/active_record/persistence.rb:125:in `save'
/usr/local/rvm/gems/ruby-2.3.0/gems/activerecord-5.0.0.1/lib/active_record/validations.rb:44:in `save'
/usr/local/rvm/gems/ruby-2.3.0/gems/activerecord-5.0.0.1/lib/active_record/attribute_methods/dirty.rb:22:in `save'
/usr/local/rvm/gems/ruby-2.3.0/gems/activerecord-5.0.0.1/lib/active_record/transactions.rb:319:in `block (2 levels) in save'
/usr/local/rvm/gems/ruby-2.3.0/gems/activerecord-5.0.0.1/lib/active_record/transactions.rb:395:in `block in with_transaction_returning_status'
/usr/local/rvm/gems/ruby-2.3.0/gems/activerecord-5.0.0.1/lib/active_record/connection_adapters/abstract/database_statements.rb:230:in `transaction'
/usr/local/rvm/gems/ruby-2.3.0/gems/activerecord-5.0.0.1/lib/active_record/transactions.rb:211:in `transaction'
/usr/local/rvm/gems/ruby-2.3.0/gems/activerecord-5.0.0.1/lib/active_record/transactions.rb:392:in `with_transaction_returning_status'
/usr/local/rvm/gems/ruby-2.3.0/gems/activerecord-5.0.0.1/lib/active_record/transactions.rb:319:in `block in save'
/usr/local/rvm/gems/ruby-2.3.0/gems/activerecord-5.0.0.1/lib/active_record/transactions.rb:334:in `rollback_active_record_state!'
/usr/local/rvm/gems/ruby-2.3.0/gems/activerecord-5.0.0.1/lib/active_record/transactions.rb:318:in `save'
/usr/local/rvm/gems/ruby-2.3.0/gems/activerecord-5.0.0.1/lib/active_record/suppressor.rb:41:in `save'
/usr/local/rvm/gems/ruby-2.3.0/gems/activerecord-5.0.0.1/lib/active_record/persistence.rb:266:in `block in update'
/usr/local/rvm/gems/ruby-2.3.0/gems/activerecord-5.0.0.1/lib/active_record/transactions.rb:395:in `block in with_transaction_returning_status'
/usr/local/rvm/gems/ruby-2.3.0/gems/activerecord-5.0.0.1/lib/active_record/connection_adapters/abstract/database_statements.rb:230:in `transaction'
/usr/local/rvm/gems/ruby-2.3.0/gems/activerecord-5.0.0.1/lib/active_record/transactions.rb:211:in `transaction'
/usr/local/rvm/gems/ruby-2.3.0/gems/activerecord-5.0.0.1/lib/active_record/transactions.rb:392:in `with_transaction_returning_status'
/usr/local/rvm/gems/ruby-2.3.0/gems/activerecord-5.0.0.1/lib/active_record/persistence.rb:264:in `update'
/home/ubuntu/workspace/matchme/app/models/match.rb:25:in `add_percent'
/usr/local/rvm/gems/ruby-2.3.0/gems/activesupport-5.0.0.1/lib/active_support/callbacks.rb:382:in `block in make_lambda'
/usr/local/rvm/gems/ruby-2.3.0/gems/activesupport-5.0.0.1/lib/active_support/callbacks.rb:207:in `block in halting_and_conditional'
/usr/local/rvm/gems/ruby-2.3.0/gems/activesupport-5.0.0.1/lib/active_support/callbacks.rb:456:in `block in call'
/usr/local/rvm/gems/ruby-2.3.0/gems/activesupport-5.0.0.1/lib/active_support/callbacks.rb:456:in `each'
/usr/local/rvm/gems/ruby-2.3.0/gems/activesupport-5.0.0.1/lib/active_support/callbacks.rb:456:in `call'
/usr/local/rvm/gems/ruby-2.3.0/gems/activesupport-5.0.0.1/lib/active_support/callbacks.rb:101:in `__run_callbacks__'
/usr/local/rvm/gems/ruby-2.3.0/gems/activesupport-5.0.0.1/lib/active_support/callbacks.rb:750:in `_run_save_callbacks'
/usr/local/rvm/gems/ruby-2.3.0/gems/activerecord-5.0.0.1/lib/active_record/callbacks.rb:298:in `create_or_update'
/usr/local/rvm/gems/ruby-2.3.0/gems/activerecord-5.0.0.1/lib/active_record/persistence.rb:125:in `save'
/usr/local/rvm/gems/ruby-2.3.0/gems/activerecord-5.0.0.1/lib/active_record/validations.rb:44:in `save'
/usr/local/rvm/gems/ruby-2.3.0/gems/activerecord-5.0.0.1/lib/active_record/attribute_methods/dirty.rb:22:in `save'
/usr/local/rvm/gems/ruby-2.3.0/gems/activerecord-5.0.0.1/lib/active_record/transactions.rb:319:in `block (2 levels) in save'
/usr/local/rvm/gems/ruby-2.3.0/gems/activerecord-5.0.0.1/lib/active_record/transactions.rb:395:in `block in with_transaction_returning_status'
/usr/local/rvm/gems/ruby-2.3.0/gems/activerecord-5.0.0.1/lib/active_record/connection_adapters/abstract/database_statements.rb:230:in `transaction'
/usr/local/rvm/gems/ruby-2.3.0/gems/activerecord-5.0.0.1/lib/active_record/transactions.rb:211:in `transaction'
/usr/local/rvm/gems/ruby-2.3.0/gems/activerecord-5.0.0.1/lib/active_record/transactions.rb:392:in `with_transaction_returning_status'
/usr/local/rvm/gems/ruby-2.3.0/gems/activerecord-5.0.0.1/lib/active_record/transactions.rb:319:in `block in save'
/usr/local/rvm/gems/ruby-2.3.0/gems/activerecord-5.0.0.1/lib/active_record/transactions.rb:334:in `rollback_active_record_state!'
/usr/local/rvm/gems/ruby-2.3.0/gems/activerecord-5.0.0.1/lib/active_record/transactions.rb:318:in `save'
/usr/local/rvm/gems/ruby-2.3.0/gems/activerecord-5.0.0.1/lib/active_record/suppressor.rb:41:in `save'
/usr/local/rvm/gems/ruby-2.3.0/gems/activerecord-5.0.0.1/lib/active_record/persistence.rb:266:in `block in update'
/usr/local/rvm/gems/ruby-2.3.0/gems/activerecord-5.0.0.1/lib/active_record/transactions.rb:395:in `block in with_transaction_returning_status'
/usr/local/rvm/gems/ruby-2.3.0/gems/activerecord-5.0.0.1/lib/active_record/connection_adapters/abstract/database_statements.rb:230:in `transaction'
/usr/local/rvm/gems/ruby-2.3.0/gems/activerecord-5.0.0.1/lib/active_record/transactions.rb:211:in `transaction'
/usr/local/rvm/gems/ruby-2.3.0/gems/activerecord-5.0.0.1/lib/active_record/transactions.rb:392:in `with_transaction_returning_status'
/usr/local/rvm/gems/ruby-2.3.0/gems/activerecord-5.0.0.1/lib/active_record/persistence.rb:264:in `update'
/home/ubuntu/workspace/matchme/app/models/match.rb:25:in `add_percent'
/usr/local/rvm/gems/ruby-2.3.0/gems/activesupport-5.0.0.1/lib/active_support/callbacks.rb:382:in `block in make_lambda'
/usr/local/rvm/gems/ruby-2.3.0/gems/activesupport-5.0.0.1/lib/active_support/callbacks.rb:207:in `block in halting_and_conditional'
/usr/local/rvm/gems/ruby-2.3.0/gems/activesupport-5.0.0.1/lib/active_support/callbacks.rb:456:in `block in call'
/usr/local/rvm/gems/ruby-2.3.0/gems/activesupport-5.0.0.1/lib/active_support/callbacks.rb:456:in `each'
/usr/local/rvm/gems/ruby-2.3.0/gems/activesupport-5.0.0.1/lib/active_support/callbacks.rb:456:in `call'
/usr/local/rvm/gems/ruby-2.3.0/gems/activesupport-5.0.0.1/lib/active_support/callbacks.rb:101:in `__run_callbacks__'
/usr/local/rvm/gems/ruby-2.3.0/gems/activesupport-5.0.0.1/lib/active_support/callbacks.rb:750:in `_run_save_callbacks'
/usr/local/rvm/gems/ruby-2.3.0/gems/activerecord-5.0.0.1/lib/active_record/callbacks.rb:298:in `create_or_update'
/usr/local/rvm/gems/ruby-2.3.0/gems/activerecord-5.0.0.1/lib/active_record/persistence.rb:125:in `save'
/usr/local/rvm/gems/ruby-2.3.0/gems/activerecord-5.0.0.1/lib/active_record/validations.rb:44:in `save'
/usr/local/rvm/gems/ruby-2.3.0/gems/activerecord-5.0.0.1/lib/active_record/attribute_methods/dirty.rb:22:in `save'
/usr/local/rvm/gems/ruby-2.3.0/gems/activerecord-5.0.0.1/lib/active_record/transactions.rb:319:in `block (2 levels) in save'
/usr/local/rvm/gems/ruby-2.3.0/gems/activerecord-5.0.0.1/lib/active_record/transactions.rb:395:in `block in with_transaction_returning_status'
/usr/local/rvm/gems/ruby-2.3.0/gems/activerecord-5.0.0.1/lib/active_record/connection_adapters/abstract/database_statements.rb:230:in `transaction'
/usr/local/rvm/gems/ruby-2.3.0/gems/activerecord-5.0.0.1/lib/active_record/transactions.rb:211:in `transaction'
/usr/local/rvm/gems/ruby-2.3.0/gems/activerecord-5.0.0.1/lib/active_record/transactions.rb:392:in `with_transaction_returning_status'
/usr/local/rvm/gems/ruby-2.3.0/gems/activerecord-5.0.0.1/lib/active_record/transactions.rb:319:in `block in save'
/usr/local/rvm/gems/ruby-2.3.0/gems/activerecord-5.0.0.1/lib/active_record/transactions.rb:334:in `rollback_active_record_state!'
/usr/local/rvm/gems/ruby-2.3.0/gems/activerecord-5.0.0.1/lib/active_record/transactions.rb:318:in `save'
/usr/local/rvm/gems/ruby-2.3.0/gems/activerecord-5.0.0.1/lib/active_record/suppressor.rb:41:in `save'
/usr/local/rvm/gems/ruby-2.3.0/gems/activerecord-5.0.0.1/lib/active_record/persistence.rb:266:in `block in update'
/usr/local/rvm/gems/ruby-2.3.0/gems/activerecord-5.0.0.1/lib/active_record/transactions.rb:395:in `block in with_transaction_returning_status'
/usr/local/rvm/gems/ruby-2.3.0/gems/activerecord-5.0.0.1/lib/active_record/connection_adapters/abstract/database_statements.rb:230:in `transaction'
/usr/local/rvm/gems/ruby-2.3.0/gems/activerecord-5.0.0.1/lib/active_record/transactions.rb:211:in `transaction'
/usr/local/rvm/gems/ruby-2.3.0/gems/activerecord-5.0.0.1/lib/active_record/transactions.rb:392:in `with_transaction_returning_status'
/usr/local/rvm/gems/ruby-2.3.0/gems/activerecord-5.0.0.1/lib/active_record/persistence.rb:264:in `update'
/home/ubuntu/workspace/matchme/app/models/match.rb:25:in `add_percent'
/usr/local/rvm/gems/ruby-2.3.0/gems/activesupport-5.0.0.1/lib/active_support/callbacks.rb:382:in `block in make_lambda'
/usr/local/rvm/gems/ruby-2.3.0/gems/activesupport-5.0.0.1/lib/active_support/callbacks.rb:207:in `block in halting_and_conditional'
/usr/local/rvm/gems/ruby-2.3.0/gems/activesupport-5.0.0.1/lib/active_support/callbacks.rb:456:in `block in call'
/usr/local/rvm/gems/ruby-2.3.0/gems/activesupport-5.0.0.1/lib/active_support/callbacks.rb:456:in `each'
/usr/local/rvm/gems/ruby-2.3.0/gems/activesupport-5.0.0.1/lib/active_support/callbacks.rb:456:in `call'
/usr/local/rvm/gems/ruby-2.3.0/gems/activesupport-5.0.0.1/lib/active_support/callbacks.rb:101:in `__run_callbacks__'
/usr/local/rvm/gems/ruby-2.3.0/gems/activesupport-5.0.0.1/lib/active_support/callbacks.rb:750:in `_run_save_callbacks'
/usr/local/rvm/gems/ruby-2.3.0/gems/activerecord-5.0.0.1/lib/active_record/callbacks.rb:298:in `create_or_update'
/usr/local/rvm/gems/ruby-2.3.0/gems/activerecord-5.0.0.1/lib/active_record/persistence.rb:125:in `save'
/usr/local/rvm/gems/ruby-2.3.0/gems/activerecord-5.0.0.1/lib/active_record/validations.rb:44:in `save'
/usr/local/rvm/gems/ruby-2.3.0/gems/activerecord-5.0.0.1/lib/active_record/attribute_methods/dirty.rb:22:in `save'
/usr/local/rvm/gems/ruby-2.3.0/gems/activerecord-5.0.0.1/lib/active_record/transactions.rb:319:in `block (2 levels) in save'
/usr/local/rvm/gems/ruby-2.3.0/gems/activerecord-5.0.0.1/lib/active_record/transactions.rb:395:in `block in with_transaction_returning_status'
/usr/local/rvm/gems/ruby-2.3.0/gems/activerecord-5.0.0.1/lib/active_record/connection_adapters/abstract/database_statements.rb:230:in `transaction'
/usr/local/rvm/gems/ruby-2.3.0/gems/activerecord-5.0.0.1/lib/active_record/transactions.rb:211:in `transaction'
/usr/local/rvm/gems/ruby-2.3.0/gems/activerecord-5.0.0.1/lib/active_record/transactions.rb:392:in `with_transaction_returning_status'
/usr/local/rvm/gems/ruby-2.3.0/gems/activerecord-5.0.0.1/lib/active_record/transactions.rb:319:in `block in save'
/usr/local/rvm/gems/ruby-2.3.0/gems/activerecord-5.0.0.1/lib/active_record/transactions.rb:334:in `rollback_active_record_state!'
/usr/local/rvm/gems/ruby-2.3.0/gems/activerecord-5.0.0.1/lib/active_record/transactions.rb:318:in `save'
/usr/local/rvm/gems/ruby-2.3.0/gems/activerecord-5.0.0.1/lib/active_record/suppressor.rb:41:in `save'
/usr/local/rvm/gems/ruby-2.3.0/gems/activerecord-5.0.0.1/lib/active_record/persistence.rb:266:in `block in update'
/usr/local/rvm/gems/ruby-2.3.0/gems/activerecord-5.0.0.1/lib/active_record/transactions.rb:395:in `block in with_transaction_returning_status'
/usr/local/rvm/gems/ruby-2.3.0/gems/activerecord-5.0.0.1/lib/active_record/connection_adapters/abstract/database_statements.rb:230:in `transaction'
/usr/local/rvm/gems/ruby-2.3.0/gems/activerecord-5.0.0.1/lib/active_record/transactions.rb:211:in `transaction'
/usr/local/rvm/gems/ruby-2.3.0/gems/activerecord-5.0.0.1/lib/active_record/transactions.rb:392:in `with_transaction_returning_status'
/usr/local/rvm/gems/ruby-2.3.0/gems/activerecord-5.0.0.1/lib/active_record/persistence.rb:264:in `update'
/home/ubuntu/workspace/matchme/app/models/match.rb:25:in `add_percent'
/usr/local/rvm/gems/ruby-2.3.0/gems/activesupport-5.0.0.1/lib/active_support/callbacks.rb:382:in `block in make_lambda'
/usr/local/rvm/gems/ruby-2.3.0/gems/activesupport-5.0.0.1/lib/active_support/callbacks.rb:207:in `block in halting_and_conditional'
/usr/local/rvm/gems/ruby-2.3.0/gems/activesupport-5.0.0.1/lib/active_support/callbacks.rb:456:in `block in call'
/usr/local/rvm/gems/ruby-2.3.0/gems/activesupport-5.0.0.1/lib/active_support/callbacks.rb:456:in `each'
/usr/local/rvm/gems/ruby-2.3.0/gems/activesupport-5.0.0.1/lib/active_support/callbacks.rb:456:in `call'
/usr/local/rvm/gems/ruby-2.3.0/gems/activesupport-5.0.0.1/lib/active_support/callbacks.rb:101:in `__run_callbacks__'
/usr/local/rvm/gems/ruby-2.3.0/gems/activesupport-5.0.0.1/lib/active_support/callbacks.rb:750:in `_run_save_callbacks'
/usr/local/rvm/gems/ruby-2.3.0/gems/activerecord-5.0.0.1/lib/active_record/callbacks.rb:298:in `create_or_update'
/usr/local/rvm/gems/ruby-2.3.0/gems/activerecord-5.0.0.1/lib/active_record/persistence.rb:125:in `save'
/usr/local/rvm/gems/ruby-2.3.0/gems/activerecord-5.0.0.1/lib/active_record/validations.rb:44:in `save'
/usr/local/rvm/gems/ruby-2.3.0/gems/activerecord-5.0.0.1/lib/active_record/attribute_methods/dirty.rb:22:in `save'
/usr/local/rvm/gems/ruby-2.3.0/gems/activerecord-5.0.0.1/lib/active_record/transactions.rb:319:in `block (2 levels) in save'
/usr/local/rvm/gems/ruby-2.3.0/gems/activerecord-5.0.0.1/lib/active_record/transactions.rb:395:in `block in with_transaction_returning_status'
/usr/local/rvm/gems/ruby-2.3.0/gems/activerecord-5.0.0.1/lib/active_record/connection_adapters/abstract/database_statements.rb:230:in `transaction'
/usr/local/rvm/gems/ruby-2.3.0/gems/activerecord-5.0.0.1/lib/active_record/transactions.rb:211:in `transaction'
/usr/local/rvm/gems/ruby-2.3.0/gems/activerecord-5.0.0.1/lib/active_record/transactions.rb:392:in `with_transaction_returning_status'
/usr/local/rvm/gems/ruby-2.3.0/gems/activerecord-5.0.0.1/lib/active_record/transactions.rb:319:in `block in save'
/usr/local/rvm/gems/ruby-2.3.0/gems/activerecord-5.0.0.1/lib/active_record/transactions.rb:334:in `rollback_active_record_state!'
/usr/local/rvm/gems/ruby-2.3.0/gems/activerecord-5.0.0.1/lib/active_record/transactions.rb:318:in `save'
/usr/local/rvm/gems/ruby-2.3.0/gems/activerecord-5.0.0.1/lib/active_record/suppressor.rb:41:in `save'
/usr/local/rvm/gems/ruby-2.3.0/gems/activerecord-5.0.0.1/lib/active_record/persistence.rb:266:in `block in update'
/usr/local/rvm/gems/ruby-2.3.0/gems/activerecord-5.0.0.1/lib/active_record/transactions.rb:395:in `block in with_transaction_returning_status'
/usr/local/rvm/gems/ruby-2.3.0/gems/activerecord-5.0.0.1/lib/active_record/connection_adapters/abstract/database_statements.rb:230:in `transaction'
/usr/local/rvm/gems/ruby-2.3.0/gems/activerecord-5.0.0.1/lib/active_record/transactions.rb:211:in `transaction'
/usr/local/rvm/gems/ruby-2.3.0/gems/activerecord-5.0.0.1/lib/active_record/transactions.rb:392:in `with_transaction_returning_status'
/usr/local/rvm/gems/ruby-2.3.0/gems/activerecord-5.0.0.1/lib/active_record/persistence.rb:264:in `update'
/home/ubuntu/workspace/matchme/app/models/match.rb:25:in `add_percent'
/usr/local/rvm/gems/ruby-2.3.0/gems/activesupport-5.0.0.1/lib/active_support/callbacks.rb:382:in `block in make_lambda'
/usr/local/rvm/gems/ruby-2.3.0/gems/activesupport-5.0.0.1/lib/active_support/callbacks.rb:207:in `block in halting_and_conditional'
/usr/local/rvm/gems/ruby-2.3.0/gems/activesupport-5.0.0.1/lib/active_support/callbacks.rb:456:in `block in call'
/usr/local/rvm/gems/ruby-2.3.0/gems/activesupport-5.0.0.1/lib/active_support/callbacks.rb:456:in `each'
/usr/local/rvm/gems/ruby-2.3.0/gems/activesupport-5.0.0.1/lib/active_support/callbacks.rb:456:in `call'
/usr/local/rvm/gems/ruby-2.3.0/gems/activesupport-5.0.0.1/lib/active_support/callbacks.rb:101:in `__run_callbacks__'
/usr/local/rvm/gems/ruby-2.3.0/gems/activesupport-5.0.0.1/lib/active_support/callbacks.rb:750:in `_run_save_callbacks'
/usr/local/rvm/gems/ruby-2.3.0/gems/activerecord-5.0.0.1/lib/active_record/callbacks.rb:298:in `create_or_update'
/usr/local/rvm/gems/ruby-2.3.0/gems/activerecord-5.0.0.1/lib/active_record/persistence.rb:125:in `save'
/usr/local/rvm/gems/ruby-2.3.0/gems/activerecord-5.0.0.1/lib/active_record/validations.rb:44:in `save'
/usr/local/rvm/gems/ruby-2.3.0/gems/activerecord-5.0.0.1/lib/active_record/attribute_methods/dirty.rb:22:in `save'
/usr/local/rvm/gems/ruby-2.3.0/gems/activerecord-5.0.0.1/lib/active_record/transactions.rb:319:in `block (2 levels) in save'
/usr/local/rvm/gems/ruby-2.3.0/gems/activerecord-5.0.0.1/lib/active_record/transactions.rb:395:in `block in with_transaction_returning_status'
/usr/local/rvm/gems/ruby-2.3.0/gems/activerecord-5.0.0.1/lib/active_record/connection_adapters/abstract/database_statements.rb:230:in `transaction'
/usr/local/rvm/gems/ruby-2.3.0/gems/activerecord-5.0.0.1/lib/active_record/transactions.rb:211:in `transaction'
/usr/local/rvm/gems/ruby-2.3.0/gems/activerecord-5.0.0.1/lib/active_record/transactions.rb:392:in `with_transaction_returning_status'
/usr/local/rvm/gems/ruby-2.3.0/gems/activerecord-5.0.0.1/lib/active_record/transactions.rb:319:in `block in save'
/usr/local/rvm/gems/ruby-2.3.0/gems/activerecord-5.0.0.1/lib/active_record/transactions.rb:334:in `rollback_active_record_state!'
/usr/local/rvm/gems/ruby-2.3.0/gems/activerecord-5.0.0.1/lib/active_record/transactions.rb:318:in `save'
/usr/local/rvm/gems/ruby-2.3.0/gems/activerecord-5.0.0.1/lib/active_record/suppressor.rb:41:in `save'
/usr/local/rvm/gems/ruby-2.3.0/gems/activerecord-5.0.0.1/lib/active_record/persistence.rb:266:in `block in update'
/usr/local/rvm/gems/ruby-2.3.0/gems/activerecord-5.0.0.1/lib/active_record/transactions.rb:395:in `block in with_transaction_returning_status'
/usr/local/rvm/gems/ruby-2.3.0/gems/activerecord-5.0.0.1/lib/active_record/connection_adapters/abstract/database_statements.rb:230:in `transaction'
/usr/local/rvm/gems/ruby-2.3.0/gems/activerecord-5.0.0.1/lib/active_record/transactions.rb:211:in `transaction'
/usr/local/rvm/gems/ruby-2.3.0/gems/activerecord-5.0.0.1/lib/active_record/transactions.rb:392:in `with_transaction_returning_status'
/usr/local/rvm/gems/ruby-2.3.0/gems/activerecord-5.0.0.1/lib/active_record/persistence.rb:264:in `update'
/home/ubuntu/workspace/matchme/app/models/match.rb:25:in `add_percent'
/usr/local/rvm/gems/ruby-2.3.0/gems/activesupport-5.0.0.1/lib/active_support/callbacks.rb:382:in `block in make_lambda'
/usr/local/rvm/gems/ruby-2.3.0/gems/activesupport-5.0.0.1/lib/active_support/callbacks.rb:207:in `block in halting_and_conditional'
/usr/local/rvm/gems/ruby-2.3.0/gems/activesupport-5.0.0.1/lib/active_support/callbacks.rb:456:in `block in call'
/usr/local/rvm/gems/ruby-2.3.0/gems/activesupport-5.0.0.1/lib/active_support/callbacks.rb:456:in `each'
/usr/local/rvm/gems/ruby-2.3.0/gems/activesupport-5.0.0.1/lib/active_support/callbacks.rb:456:in `call'
/usr/local/rvm/gems/ruby-2.3.0/gems/activesupport-5.0.0.1/lib/active_support/callbacks.rb:101:in `__run_callbacks__'
/usr/local/rvm/gems/ruby-2.3.0/gems/activesupport-5.0.0.1/lib/active_support/callbacks.rb:750:in `_run_save_callbacks'
/usr/local/rvm/gems/ruby-2.3.0/gems/activerecord-5.0.0.1/lib/active_record/callbacks.rb:298:in `create_or_update'
/usr/local/rvm/gems/ruby-2.3.0/gems/activerecord-5.0.0.1/lib/active_record/persistence.rb:125:in `save'
/usr/local/rvm/gems/ruby-2.3.0/gems/activerecord-5.0.0.1/lib/active_record/validations.rb:44:in `save'
/usr/local/rvm/gems/ruby-2.3.0/gems/activerecord-5.0.0.1/lib/active_record/attribute_methods/dirty.rb:22:in `save'
/usr/local/rvm/gems/ruby-2.3.0/gems/activerecord-5.0.0.1/lib/active_record/transactions.rb:319:in `block (2 levels) in save'
/usr/local/rvm/gems/ruby-2.3.0/gems/activerecord-5.0.0.1/lib/active_record/transactions.rb:395:in `block in with_transaction_returning_status'
/usr/local/rvm/gems/ruby-2.3.0/gems/activerecord-5.0.0.1/lib/active_record/connection_adapters/abstract/database_statements.rb:230:in `transaction'
/usr/local/rvm/gems/ruby-2.3.0/gems/activerecord-5.0.0.1/lib/active_record/transactions.rb:211:in `transaction'
/usr/local/rvm/gems/ruby-2.3.0/gems/activerecord-5.0.0.1/lib/active_record/transactions.rb:392:in `with_transaction_returning_status'
/usr/local/rvm/gems/ruby-2.3.0/gems/activerecord-5.0.0.1/lib/active_record/transactions.rb:319:in `block in save'
/usr/local/rvm/gems/ruby-2.3.0/gems/activerecord-5.0.0.1/lib/active_record/transactions.rb:334:in `rollback_active_record_state!'
/usr/local/rvm/gems/ruby-2.3.0/gems/activerecord-5.0.0.1/lib/active_record/transactions.rb:318:in `save'
/usr/local/rvm/gems/ruby-2.3.0/gems/activerecord-5.0.0.1/lib/active_record/suppressor.rb:41:in `save'
/usr/local/rvm/gems/ruby-2.3.0/gems/activerecord-5.0.0.1/lib/active_record/persistence.rb:266:in `block in update'
/usr/local/rvm/gems/ruby-2.3.0/gems/activerecord-5.0.0.1/lib/active_record/transactions.rb:395:in `block in with_transaction_returning_status'
/usr/local/rvm/gems/ruby-2.3.0/gems/activerecord-5.0.0.1/lib/active_record/connection_adapters/abstract/database_statements.rb:230:in `transaction'
/usr/local/rvm/gems/ruby-2.3.0/gems/activerecord-5.0.0.1/lib/active_record/transactions.rb:211:in `transaction'
/usr/local/rvm/gems/ruby-2.3.0/gems/activerecord-5.0.0.1/lib/active_record/transactions.rb:392:in `with_transaction_returning_status'
/usr/local/rvm/gems/ruby-2.3.0/gems/activerecord-5.0.0.1/lib/active_record/persistence.rb:264:in `update'
/home/ubuntu/workspace/matchme/app/models/match.rb:25:in `add_percent'
/usr/local/rvm/gems/ruby-2.3.0/gems/activesupport-5.0.0.1/lib/active_support/callbacks.rb:382:in `block in make_lambda'
/usr/local/rvm/gems/ruby-2.3.0/gems/activesupport-5.0.0.1/lib/active_support/callbacks.rb:207:in `block in halting_and_conditional'
/usr/local/rvm/gems/ruby-2.3.0/gems/activesupport-5.0.0.1/lib/active_support/callbacks.rb:456:in `block in call'
/usr/local/rvm/gems/ruby-2.3.0/gems/activesupport-5.0.0.1/lib/active_support/callbacks.rb:456:in `each'
/usr/local/rvm/gems/ruby-2.3.0/gems/activesupport-5.0.0.1/lib/active_support/callbacks.rb:456:in `call'
/usr/local/rvm/gems/ruby-2.3.0/gems/activesupport-5.0.0.1/lib/active_support/callbacks.rb:101:in `__run_callbacks__'
/usr/local/rvm/gems/ruby-2.3.0/gems/activesupport-5.0.0.1/lib/active_support/callbacks.rb:750:in `_run_save_callbacks'
/usr/local/rvm/gems/ruby-2.3.0/gems/activerecord-5.0.0.1/lib/active_record/callbacks.rb:298:in `create_or_update'
/usr/local/rvm/gems/ruby-2.3.0/gems/activerecord-5.0.0.1/lib/active_record/persistence.rb:125:in `save'
/usr/local/rvm/gems/ruby-2.3.0/gems/activerecord-5.0.0.1/lib/active_record/validations.rb:44:in `save'
/usr/local/rvm/gems/ruby-2.3.0/gems/activerecord-5.0.0.1/lib/active_record/attribute_methods/dirty.rb:22:in `save'
/usr/local/rvm/gems/ruby-2.3.0/gems/activerecord-5.0.0.1/lib/active_record/transactions.rb:319:in `block (2 levels) in save'
/usr/local/rvm/gems/ruby-2.3.0/gems/activerecord-5.0.0.1/lib/active_record/transactions.rb:395:in `block in with_transaction_returning_status'
/usr/local/rvm/gems/ruby-2.3.0/gems/activerecord-5.0.0.1/lib/active_record/connection_adapters/abstract/database_statements.rb:230:in `transaction'
/usr/local/rvm/gems/ruby-2.3.0/gems/activerecord-5.0.0.1/lib/active_record/transactions.rb:211:in `transaction'
/usr/local/rvm/gems/ruby-2.3.0/gems/activerecord-5.0.0.1/lib/active_record/transactions.rb:392:in `with_transaction_returning_status'
/usr/local/rvm/gems/ruby-2.3.0/gems/activerecord-5.0.0.1/lib/active_record/transactions.rb:319:in `block in save'
/usr/local/rvm/gems/ruby-2.3.0/gems/activerecord-5.0.0.1/lib/active_record/transactions.rb:334:in `rollback_active_record_state!'
/usr/local/rvm/gems/ruby-2.3.0/gems/activerecord-5.0.0.1/lib/active_record/transactions.rb:318:in `save'
/usr/local/rvm/gems/ruby-2.3.0/gems/activerecord-5.0.0.1/lib/active_record/suppressor.rb:41:in `save'
/usr/local/rvm/gems/ruby-2.3.0/gems/activerecord-5.0.0.1/lib/active_record/persistence.rb:266:in `block in update'
/usr/local/rvm/gems/ruby-2.3.0/gems/activerecord-5.0.0.1/lib/active_record/transactions.rb:395:in `block in with_transaction_returning_status'
/usr/local/rvm/gems/ruby-2.3.0/gems/activerecord-5.0.0.1/lib/active_record/connection_adapters/abstract/database_statements.rb:230:in `transaction'
/usr/local/rvm/gems/ruby-2.3.0/gems/activerecord-5.0.0.1/lib/active_record/transactions.rb:211:in `transaction'
/usr/local/rvm/gems/ruby-2.3.0/gems/activerecord-5.0.0.1/lib/active_record/transactions.rb:392:in `with_transaction_returning_status'
/usr/local/rvm/gems/ruby-2.3.0/gems/activerecord-5.0.0.1/lib/active_record/persistence.rb:264:in `update'
/home/ubuntu/workspace/matchme/app/models/match.rb:25:in `add_percent'
/usr/local/rvm/gems/ruby-2.3.0/gems/activesupport-5.0.0.1/lib/active_support/callbacks.rb:382:in `block in make_lambda'
/usr/local/rvm/gems/ruby-2.3.0/gems/activesupport-5.0.0.1/lib/active_support/callbacks.rb:207:in `block in halting_and_conditional'
/usr/local/rvm/gems/ruby-2.3.0/gems/activesupport-5.0.0.1/lib/active_support/callbacks.rb:456:in `block in call'
/usr/local/rvm/gems/ruby-2.3.0/gems/activesupport-5.0.0.1/lib/active_support/callbacks.rb:456:in `each'
/usr/local/rvm/gems/ruby-2.3.0/gems/activesupport-5.0.0.1/lib/active_support/callbacks.rb:456:in `call'
/usr/local/rvm/gems/ruby-2.3.0/gems/activesupport-5.0.0.1/lib/active_support/callbacks.rb:101:in `__run_callbacks__'
/usr/local/rvm/gems/ruby-2.3.0/gems/activesupport-5.0.0.1/lib/active_support/callbacks.rb:750:in `_run_save_callbacks'
/usr/local/rvm/gems/ruby-2.3.0/gems/activerecord-5.0.0.1/lib/active_record/callbacks.rb:298:in `create_or_update'
/usr/local/rvm/gems/ruby-2.3.0/gems/activerecord-5.0.0.1/lib/active_record/persistence.rb:125:in `save'
/usr/local/rvm/gems/ruby-2.3.0/gems/activerecord-5.0.0.1/lib/active_record/validations.rb:44:in `save'
/usr/local/rvm/gems/ruby-2.3.0/gems/activerecord-5.0.0.1/lib/active_record/attribute_methods/dirty.rb:22:in `save'
/usr/local/rvm/gems/ruby-2.3.0/gems/activerecord-5.0.0.1/lib/active_record/transactions.rb:319:in `block (2 levels) in save'
/usr/local/rvm/gems/ruby-2.3.0/gems/activerecord-5.0.0.1/lib/active_record/transactions.rb:395:in `block in with_transaction_returning_status'
/usr/local/rvm/gems/ruby-2.3.0/gems/activerecord-5.0.0.1/lib/active_record/connection_adapters/abstract/database_statements.rb:230:in `transaction'
/usr/local/rvm/gems/ruby-2.3.0/gems/activerecord-5.0.0.1/lib/active_record/transactions.rb:211:in `transaction'
/usr/local/rvm/gems/ruby-2.3.0/gems/activerecord-5.0.0.1/lib/active_record/transactions.rb:392:in `with_transaction_returning_status'
/usr/local/rvm/gems/ruby-2.3.0/gems/activerecord-5.0.0.1/lib/active_record/transactions.rb:319:in `block in save'
/usr/local/rvm/gems/ruby-2.3.0/gems/activerecord-5.0.0.1/lib/active_record/transactions.rb:334:in `rollback_active_record_state!'
/usr/local/rvm/gems/ruby-2.3.0/gems/activerecord-5.0.0.1/lib/active_record/transactions.rb:318:in `save'
/usr/local/rvm/gems/ruby-2.3.0/gems/activerecord-5.0.0.1/lib/active_record/suppressor.rb:41:in `save'
/usr/local/rvm/gems/ruby-2.3.0/gems/activerecord-5.0.0.1/lib/active_record/persistence.rb:266:in `block in update'
/usr/local/rvm/gems/ruby-2.3.0/gems/activerecord-5.0.0.1/lib/active_record/transactions.rb:395:in `block in with_transaction_returning_status'
/usr/local/rvm/gems/ruby-2.3.0/gems/activerecord-5.0.0.1/lib/active_record/connection_adapters/abstract/database_statements.rb:230:in `transaction'
/usr/local/rvm/gems/ruby-2.3.0/gems/activerecord-5.0.0.1/lib/active_record/transactions.rb:211:in `transaction'
/usr/local/rvm/gems/ruby-2.3.0/gems/activerecord-5.0.0.1/lib/active_record/transactions.rb:392:in `with_transaction_returning_status'
/usr/local/rvm/gems/ruby-2.3.0/gems/activerecord-5.0.0.1/lib/active_record/persistence.rb:264:in `update'
/home/ubuntu/workspace/matchme/app/models/match.rb:25:in `add_percent'
/usr/local/rvm/gems/ruby-2.3.0/gems/activesupport-5.0.0.1/lib/active_support/callbacks.rb:382:in `block in make_lambda'
/usr/local/rvm/gems/ruby-2.3.0/gems/activesupport-5.0.0.1/lib/active_support/callbacks.rb:207:in `block in halting_and_conditional'
/usr/local/rvm/gems/ruby-2.3.0/gems/activesupport-5.0.0.1/lib/active_support/callbacks.rb:456:in `block in call'
/usr/local/rvm/gems/ruby-2.3.0/gems/activesupport-5.0.0.1/lib/active_support/callbacks.rb:456:in `each'
/usr/local/rvm/gems/ruby-2.3.0/gems/activesupport-5.0.0.1/lib/active_support/callbacks.rb:456:in `call'
/usr/local/rvm/gems/ruby-2.3.0/gems/activesupport-5.0.0.1/lib/active_support/callbacks.rb:101:in `__run_callbacks__'
/usr/local/rvm/gems/ruby-2.3.0/gems/activesupport-5.0.0.1/lib/active_support/callbacks.rb:750:in `_run_save_callbacks'
/usr/local/rvm/gems/ruby-2.3.0/gems/activerecord-5.0.0.1/lib/active_record/callbacks.rb:298:in `create_or_update'
/usr/local/rvm/gems/ruby-2.3.0/gems/activerecord-5.0.0.1/lib/active_record/persistence.rb:125:in `save'
/usr/local/rvm/gems/ruby-2.3.0/gems/activerecord-5.0.0.1/lib/active_record/validations.rb:44:in `save'
/usr/local/rvm/gems/ruby-2.3.0/gems/activerecord-5.0.0.1/lib/active_record/attribute_methods/dirty.rb:22:in `save'
/usr/local/rvm/gems/ruby-2.3.0/gems/activerecord-5.0.0.1/lib/active_record/transactions.rb:319:in `block (2 levels) in save'
/usr/local/rvm/gems/ruby-2.3.0/gems/activerecord-5.0.0.1/lib/active_record/transactions.rb:395:in `block in with_transaction_returning_status'
/usr/local/rvm/gems/ruby-2.3.0/gems/activerecord-5.0.0.1/lib/active_record/connection_adapters/abstract/database_statements.rb:230:in `transaction'
/usr/local/rvm/gems/ruby-2.3.0/gems/activerecord-5.0.0.1/lib/active_record/transactions.rb:211:in `transaction'
/usr/local/rvm/gems/ruby-2.3.0/gems/activerecord-5.0.0.1/lib/active_record/transactions.rb:392:in `with_transaction_returning_status'
/usr/local/rvm/gems/ruby-2.3.0/gems/activerecord-5.0.0.1/lib/active_record/transactions.rb:319:in `block in save'
/usr/local/rvm/gems/ruby-2.3.0/gems/activerecord-5.0.0.1/lib/active_record/transactions.rb:334:in `rollback_active_record_state!'
/usr/local/rvm/gems/ruby-2.3.0/gems/activerecord-5.0.0.1/lib/active_record/transactions.rb:318:in `save'
/usr/local/rvm/gems/ruby-2.3.0/gems/activerecord-5.0.0.1/lib/active_record/suppressor.rb:41:in `save'
/usr/local/rvm/gems/ruby-2.3.0/gems/activerecord-5.0.0.1/lib/active_record/persistence.rb:266:in `block in update'
/usr/local/rvm/gems/ruby-2.3.0/gems/activerecord-5.0.0.1/lib/active_record/transactions.rb:395:in `block in with_transaction_returning_status'
/usr/local/rvm/gems/ruby-2.3.0/gems/activerecord-5.0.0.1/lib/active_record/connection_adapters/abstract/database_statements.rb:230:in `transaction'
/usr/local/rvm/gems/ruby-2.3.0/gems/activerecord-5.0.0.1/lib/active_record/transactions.rb:211:in `transaction'
/usr/local/rvm/gems/ruby-2.3.0/gems/activerecord-5.0.0.1/lib/active_record/transactions.rb:392:in `with_transaction_returning_status'
/usr/local/rvm/gems/ruby-2.3.0/gems/activerecord-5.0.0.1/lib/active_record/persistence.rb:264:in `update'
/home/ubuntu/workspace/matchme/app/models/match.rb:25:in `add_percent'
/usr/local/rvm/gems/ruby-2.3.0/gems/activesupport-5.0.0.1/lib/active_support/callbacks.rb:382:in `block in make_lambda'
/usr/local/rvm/gems/ruby-2.3.0/gems/activesupport-5.0.0.1/lib/active_support/callbacks.rb:207:in `block in halting_and_conditional'
/usr/local/rvm/gems/ruby-2.3.0/gems/activesupport-5.0.0.1/lib/active_support/callbacks.rb:456:in `block in call'
/usr/local/rvm/gems/ruby-2.3.0/gems/activesupport-5.0.0.1/lib/active_support/callbacks.rb:456:in `each'
/usr/local/rvm/gems/ruby-2.3.0/gems/activesupport-5.0.0.1/lib/active_support/callbacks.rb:456:in `call'
/usr/local/rvm/gems/ruby-2.3.0/gems/activesupport-5.0.0.1/lib/active_support/callbacks.rb:101:in `__run_callbacks__'
/usr/local/rvm/gems/ruby-2.3.0/gems/activesupport-5.0.0.1/lib/active_support/callbacks.rb:750:in `_run_save_callbacks'
/usr/local/rvm/gems/ruby-2.3.0/gems/activerecord-5.0.0.1/lib/active_record/callbacks.rb:298:in `create_or_update'
/usr/local/rvm/gems/ruby-2.3.0/gems/activerecord-5.0.0.1/lib/active_record/persistence.rb:125:in `save'
/usr/local/rvm/gems/ruby-2.3.0/gems/activerecord-5.0.0.1/lib/active_record/validations.rb:44:in `save'
/usr/local/rvm/gems/ruby-2.3.0/gems/activerecord-5.0.0.1/lib/active_record/attribute_methods/dirty.rb:22:in `save'
/usr/local/rvm/gems/ruby-2.3.0/gems/activerecord-5.0.0.1/lib/active_record/transactions.rb:319:in `block (2 levels) in save'
/usr/local/rvm/gems/ruby-2.3.0/gems/activerecord-5.0.0.1/lib/active_record/transactions.rb:395:in `block in with_transaction_returning_status'
/usr/local/rvm/gems/ruby-2.3.0/gems/activerecord-5.0.0.1/lib/active_record/connection_adapters/abstract/database_statements.rb:230:in `transaction'
/usr/local/rvm/gems/ruby-2.3.0/gems/activerecord-5.0.0.1/lib/active_record/transactions.rb:211:in `transaction'
/usr/local/rvm/gems/ruby-2.3.0/gems/activerecord-5.0.0.1/lib/active_record/transactions.rb:392:in `with_transaction_returning_status'
/usr/local/rvm/gems/ruby-2.3.0/gems/activerecord-5.0.0.1/lib/active_record/transactions.rb:319:in `block in save'
/usr/local/rvm/gems/ruby-2.3.0/gems/activerecord-5.0.0.1/lib/active_record/transactions.rb:334:in `rollback_active_record_state!'
/usr/local/rvm/gems/ruby-2.3.0/gems/activerecord-5.0.0.1/lib/active_record/transactions.rb:318:in `save'
/usr/local/rvm/gems/ruby-2.3.0/gems/activerecord-5.0.0.1/lib/active_record/suppressor.rb:41:in `save'
/usr/local/rvm/gems/ruby-2.3.0/gems/activerecord-5.0.0.1/lib/active_record/persistence.rb:266:in `block in update'
/usr/local/rvm/gems/ruby-2.3.0/gems/activerecord-5.0.0.1/lib/active_record/transactions.rb:395:in `block in with_transaction_returning_status'
/usr/local/rvm/gems/ruby-2.3.0/gems/activerecord-5.0.0.1/lib/active_record/connection_adapters/abstract/database_statements.rb:230:in `transaction'
/usr/local/rvm/gems/ruby-2.3.0/gems/activerecord-5.0.0.1/lib/active_record/transactions.rb:211:in `transaction'
/usr/local/rvm/gems/ruby-2.3.0/gems/activerecord-5.0.0.1/lib/active_record/transactions.rb:392:in `with_transaction_returning_status'
/usr/local/rvm/gems/ruby-2.3.0/gems/activerecord-5.0.0.1/lib/active_record/persistence.rb:264:in `update'
/home/ubuntu/workspace/matchme/app/models/match.rb:25:in `add_percent'
/usr/local/rvm/gems/ruby-2.3.0/gems/activesupport-5.0.0.1/lib/active_support/callbacks.rb:382:in `block in make_lambda'
/usr/local/rvm/gems/ruby-2.3.0/gems/activesupport-5.0.0.1/lib/active_support/callbacks.rb:207:in `block in halting_and_conditional'
/usr/local/rvm/gems/ruby-2.3.0/gems/activesupport-5.0.0.1/lib/active_support/callbacks.rb:456:in `block in call'
/usr/local/rvm/gems/ruby-2.3.0/gems/activesupport-5.0.0.1/lib/active_support/callbacks.rb:456:in `each'
/usr/local/rvm/gems/ruby-2.3.0/gems/activesupport-5.0.0.1/lib/active_support/callbacks.rb:456:in `call'
/usr/local/rvm/gems/ruby-2.3.0/gems/activesupport-5.0.0.1/lib/active_support/callbacks.rb:101:in `__run_callbacks__'
/usr/local/rvm/gems/ruby-2.3.0/gems/activesupport-5.0.0.1/lib/active_support/callbacks.rb:750:in `_run_save_callbacks'
/usr/local/rvm/gems/ruby-2.3.0/gems/activerecord-5.0.0.1/lib/active_record/callbacks.rb:298:in `create_or_update'
/usr/local/rvm/gems/ruby-2.3.0/gems/activerecord-5.0.0.1/lib/active_record/persistence.rb:125:in `save'
/usr/local/rvm/gems/ruby-2.3.0/gems/activerecord-5.0.0.1/lib/active_record/validations.rb:44:in `save'
/usr/local/rvm/gems/ruby-2.3.0/gems/activerecord-5.0.0.1/lib/active_record/attribute_methods/dirty.rb:22:in `save'
/usr/local/rvm/gems/ruby-2.3.0/gems/activerecord-5.0.0.1/lib/active_record/transactions.rb:319:in `block (2 levels) in save'
/usr/local/rvm/gems/ruby-2.3.0/gems/activerecord-5.0.0.1/lib/active_record/transactions.rb:395:in `block in with_transaction_returning_status'
/usr/local/rvm/gems/ruby-2.3.0/gems/activerecord-5.0.0.1/lib/active_record/connection_adapters/abstract/database_statements.rb:230:in `transaction'
/usr/local/rvm/gems/ruby-2.3.0/gems/activerecord-5.0.0.1/lib/active_record/transactions.rb:211:in `transaction'
/usr/local/rvm/gems/ruby-2.3.0/gems/activerecord-5.0.0.1/lib/active_record/transactions.rb:392:in `with_transaction_returning_status'
/usr/local/rvm/gems/ruby-2.3.0/gems/activerecord-5.0.0.1/lib/active_record/transactions.rb:319:in `block in save'
/usr/local/rvm/gems/ruby-2.3.0/gems/activerecord-5.0.0.1/lib/active_record/transactions.rb:334:in `rollback_active_record_state!'
/usr/local/rvm/gems/ruby-2.3.0/gems/activerecord-5.0.0.1/lib/active_record/transactions.rb:318:in `save'
/usr/local/rvm/gems/ruby-2.3.0/gems/activerecord-5.0.0.1/lib/active_record/suppressor.rb:41:in `save'
/usr/local/rvm/gems/ruby-2.3.0/gems/activerecord-5.0.0.1/lib/active_record/persistence.rb:266:in `block in update'
/usr/local/rvm/gems/ruby-2.3.0/gems/activerecord-5.0.0.1/lib/active_record/transactions.rb:395:in `block in with_transaction_returning_status'
/usr/local/rvm/gems/ruby-2.3.0/gems/activerecord-5.0.0.1/lib/active_record/connection_adapters/abstract/database_statements.rb:230:in `transaction'
/usr/local/rvm/gems/ruby-2.3.0/gems/activerecord-5.0.0.1/lib/active_record/transactions.rb:211:in `transaction'
/usr/local/rvm/gems/ruby-2.3.0/gems/activerecord-5.0.0.1/lib/active_record/transactions.rb:392:in `with_transaction_returning_status'
/usr/local/rvm/gems/ruby-2.3.0/gems/activerecord-5.0.0.1/lib/active_record/persistence.rb:264:in `update'
/home/ubuntu/workspace/matchme/app/models/match.rb:25:in `add_percent'
/usr/local/rvm/gems/ruby-2.3.0/gems/activesupport-5.0.0.1/lib/active_support/callbacks.rb:382:in `block in make_lambda'
/usr/local/rvm/gems/ruby-2.3.0/gems/activesupport-5.0.0.1/lib/active_support/callbacks.rb:207:in `block in halting_and_conditional'
/usr/local/rvm/gems/ruby-2.3.0/gems/activesupport-5.0.0.1/lib/active_support/callbacks.rb:456:in `block in call'
/usr/local/rvm/gems/ruby-2.3.0/gems/activesupport-5.0.0.1/lib/active_support/callbacks.rb:456:in `each'
/usr/local/rvm/gems/ruby-2.3.0/gems/activesupport-5.0.0.1/lib/active_support/callbacks.rb:456:in `call'
/usr/local/rvm/gems/ruby-2.3.0/gems/activesupport-5.0.0.1/lib/active_support/callbacks.rb:101:in `__run_callbacks__'
/usr/local/rvm/gems/ruby-2.3.0/gems/activesupport-5.0.0.1/lib/active_support/callbacks.rb:750:in `_run_save_callbacks'
/usr/local/rvm/gems/ruby-2.3.0/gems/activerecord-5.0.0.1/lib/active_record/callbacks.rb:298:in `create_or_update'
/usr/local/rvm/gems/ruby-2.3.0/gems/activerecord-5.0.0.1/lib/active_record/persistence.rb:125:in `save'
/usr/local/rvm/gems/ruby-2.3.0/gems/activerecord-5.0.0.1/lib/active_record/validations.rb:44:in `save'
/usr/local/rvm/gems/ruby-2.3.0/gems/activerecord-5.0.0.1/lib/active_record/attribute_methods/dirty.rb:22:in `save'
/usr/local/rvm/gems/ruby-2.3.0/gems/activerecord-5.0.0.1/lib/active_record/transactions.rb:319:in `block (2 levels) in save'
/usr/local/rvm/gems/ruby-2.3.0/gems/activerecord-5.0.0.1/lib/active_record/transactions.rb:395:in `block in with_transaction_returning_status'
/usr/local/rvm/gems/ruby-2.3.0/gems/activerecord-5.0.0.1/lib/active_record/connection_adapters/abstract/database_statements.rb:230:in `transaction'
/usr/local/rvm/gems/ruby-2.3.0/gems/activerecord-5.0.0.1/lib/active_record/transactions.rb:211:in `transaction'
/usr/local/rvm/gems/ruby-2.3.0/gems/activerecord-5.0.0.1/lib/active_record/transactions.rb:392:in `with_transaction_returning_status'
/usr/local/rvm/gems/ruby-2.3.0/gems/activerecord-5.0.0.1/lib/active_record/transactions.rb:319:in `block in save'
/usr/local/rvm/gems/ruby-2.3.0/gems/activerecord-5.0.0.1/lib/active_record/transactions.rb:334:in `rollback_active_record_state!'
/usr/local/rvm/gems/ruby-2.3.0/gems/activerecord-5.0.0.1/lib/active_record/transactions.rb:318:in `save'
/usr/local/rvm/gems/ruby-2.3.0/gems/activerecord-5.0.0.1/lib/active_record/suppressor.rb:41:in `save'
/usr/local/rvm/gems/ruby-2.3.0/gems/activerecord-5.0.0.1/lib/active_record/persistence.rb:266:in `block in update'
/usr/local/rvm/gems/ruby-2.3.0/gems/activerecord-5.0.0.1/lib/active_record/transactions.rb:395:in `block in with_transaction_returning_status'
/usr/local/rvm/gems/ruby-2.3.0/gems/activerecord-5.0.0.1/lib/active_record/connection_adapters/abstract/database_statements.rb:230:in `transaction'
/usr/local/rvm/gems/ruby-2.3.0/gems/activerecord-5.0.0.1/lib/active_record/transactions.rb:211:in `transaction'
/usr/local/rvm/gems/ruby-2.3.0/gems/activerecord-5.0.0.1/lib/active_record/transactions.rb:392:in `with_transaction_returning_status'
/usr/local/rvm/gems/ruby-2.3.0/gems/activerecord-5.0.0.1/lib/active_record/persistence.rb:264:in `update'
/home/ubuntu/workspace/matchme/app/models/match.rb:25:in `add_percent'
/usr/local/rvm/gems/ruby-2.3.0/gems/activesupport-5.0.0.1/lib/active_support/callbacks.rb:382:in `block in make_lambda'
/usr/local/rvm/gems/ruby-2.3.0/gems/activesupport-5.0.0.1/lib/active_support/callbacks.rb:207:in `block in halting_and_conditional'
/usr/local/rvm/gems/ruby-2.3.0/gems/activesupport-5.0.0.1/lib/active_support/callbacks.rb:456:in `block in call'
/usr/local/rvm/gems/ruby-2.3.0/gems/activesupport-5.0.0.1/lib/active_support/callbacks.rb:456:in `each'
/usr/local/rvm/gems/ruby-2.3.0/gems/activesupport-5.0.0.1/lib/active_support/callbacks.rb:456:in `call'
/usr/local/rvm/gems/ruby-2.3.0/gems/activesupport-5.0.0.1/lib/active_support/callbacks.rb:101:in `__run_callbacks__'
/usr/local/rvm/gems/ruby-2.3.0/gems/activesupport-5.0.0.1/lib/active_support/callbacks.rb:750:in `_run_save_callbacks'
/usr/local/rvm/gems/ruby-2.3.0/gems/activerecord-5.0.0.1/lib/active_record/callbacks.rb:298:in `create_or_update'
/usr/local/rvm/gems/ruby-2.3.0/gems/activerecord-5.0.0.1/lib/active_record/persistence.rb:125:in `save'
/usr/local/rvm/gems/ruby-2.3.0/gems/activerecord-5.0.0.1/lib/active_record/validations.rb:44:in `save'
/usr/local/rvm/gems/ruby-2.3.0/gems/activerecord-5.0.0.1/lib/active_record/attribute_methods/dirty.rb:22:in `save'
/usr/local/rvm/gems/ruby-2.3.0/gems/activerecord-5.0.0.1/lib/active_record/transactions.rb:319:in `block (2 levels) in save'
/usr/local/rvm/gems/ruby-2.3.0/gems/activerecord-5.0.0.1/lib/active_record/transactions.rb:395:in `block in with_transaction_returning_status'
/usr/local/rvm/gems/ruby-2.3.0/gems/activerecord-5.0.0.1/lib/active_record/connection_adapters/abstract/database_statements.rb:230:in `transaction'
/usr/local/rvm/gems/ruby-2.3.0/gems/activerecord-5.0.0.1/lib/active_record/transactions.rb:211:in `transaction'
/usr/local/rvm/gems/ruby-2.3.0/gems/activerecord-5.0.0.1/lib/active_record/transactions.rb:392:in `with_transaction_returning_status'
/usr/local/rvm/gems/ruby-2.3.0/gems/activerecord-5.0.0.1/lib/active_record/transactions.rb:319:in `block in save'
/usr/local/rvm/gems/ruby-2.3.0/gems/activerecord-5.0.0.1/lib/active_record/transactions.rb:334:in `rollback_active_record_state!'
/usr/local/rvm/gems/ruby-2.3.0/gems/activerecord-5.0.0.1/lib/active_record/transactions.rb:318:in `save'
/usr/local/rvm/gems/ruby-2.3.0/gems/activerecord-5.0.0.1/lib/active_record/suppressor.rb:41:in `save'
/usr/local/rvm/gems/ruby-2.3.0/gems/activerecord-5.0.0.1/lib/active_record/persistence.rb:266:in `block in update'
/usr/local/rvm/gems/ruby-2.3.0/gems/activerecord-5.0.0.1/lib/active_record/transactions.rb:395:in `block in with_transaction_returning_status'
/usr/local/rvm/gems/ruby-2.3.0/gems/activerecord-5.0.0.1/lib/active_record/connection_adapters/abstract/database_statements.rb:230:in `transaction'
/usr/local/rvm/gems/ruby-2.3.0/gems/activerecord-5.0.0.1/lib/active_record/transactions.rb:211:in `transaction'
/usr/local/rvm/gems/ruby-2.3.0/gems/activerecord-5.0.0.1/lib/active_record/transactions.rb:392:in `with_transaction_returning_status'
/usr/local/rvm/gems/ruby-2.3.0/gems/activerecord-5.0.0.1/lib/active_record/persistence.rb:264:in `update'
/home/ubuntu/workspace/matchme/app/models/match.rb:25:in `add_percent'
/usr/local/rvm/gems/ruby-2.3.0/gems/activesupport-5.0.0.1/lib/active_support/callbacks.rb:382:in `block in make_lambda'
/usr/local/rvm/gems/ruby-2.3.0/gems/activesupport-5.0.0.1/lib/active_support/callbacks.rb:207:in `block in halting_and_conditional'
/usr/local/rvm/gems/ruby-2.3.0/gems/activesupport-5.0.0.1/lib/active_support/callbacks.rb:456:in `block in call'
/usr/local/rvm/gems/ruby-2.3.0/gems/activesupport-5.0.0.1/lib/active_support/callbacks.rb:456:in `each'
/usr/local/rvm/gems/ruby-2.3.0/gems/activesupport-5.0.0.1/lib/active_support/callbacks.rb:456:in `call'
/usr/local/rvm/gems/ruby-2.3.0/gems/activesupport-5.0.0.1/lib/active_support/callbacks.rb:101:in `__run_callbacks__'
/usr/local/rvm/gems/ruby-2.3.0/gems/activesupport-5.0.0.1/lib/active_support/callbacks.rb:750:in `_run_save_callbacks'
/usr/local/rvm/gems/ruby-2.3.0/gems/activerecord-5.0.0.1/lib/active_record/callbacks.rb:298:in `create_or_update'
/usr/local/rvm/gems/ruby-2.3.0/gems/activerecord-5.0.0.1/lib/active_record/persistence.rb:125:in `save'
/usr/local/rvm/gems/ruby-2.3.0/gems/activerecord-5.0.0.1/lib/active_record/validations.rb:44:in `save'
/usr/local/rvm/gems/ruby-2.3.0/gems/activerecord-5.0.0.1/lib/active_record/attribute_methods/dirty.rb:22:in `save'
/usr/local/rvm/gems/ruby-2.3.0/gems/activerecord-5.0.0.1/lib/active_record/transactions.rb:319:in `block (2 levels) in save'
/usr/local/rvm/gems/ruby-2.3.0/gems/activerecord-5.0.0.1/lib/active_record/transactions.rb:395:in `block in with_transaction_returning_status'
/usr/local/rvm/gems/ruby-2.3.0/gems/activerecord-5.0.0.1/lib/active_record/connection_adapters/abstract/database_statements.rb:230:in `transaction'
/usr/local/rvm/gems/ruby-2.3.0/gems/activerecord-5.0.0.1/lib/active_record/transactions.rb:211:in `transaction'
/usr/local/rvm/gems/ruby-2.3.0/gems/activerecord-5.0.0.1/lib/active_record/transactions.rb:392:in `with_transaction_returning_status'
/usr/local/rvm/gems/ruby-2.3.0/gems/activerecord-5.0.0.1/lib/active_record/transactions.rb:319:in `block in save'
/usr/local/rvm/gems/ruby-2.3.0/gems/activerecord-5.0.0.1/lib/active_record/transactions.rb:334:in `rollback_active_record_state!'
/usr/local/rvm/gems/ruby-2.3.0/gems/activerecord-5.0.0.1/lib/active_record/transactions.rb:318:in `save'
/usr/local/rvm/gems/ruby-2.3.0/gems/activerecord-5.0.0.1/lib/active_record/suppressor.rb:41:in `save'
/usr/local/rvm/gems/ruby-2.3.0/gems/activerecord-5.0.0.1/lib/active_record/persistence.rb:266:in `block in update'
/usr/local/rvm/gems/ruby-2.3.0/gems/activerecord-5.0.0.1/lib/active_record/transactions.rb:395:in `block in with_transaction_returning_status'
/usr/local/rvm/gems/ruby-2.3.0/gems/activerecord-5.0.0.1/lib/active_record/connection_adapters/abstract/database_statements.rb:230:in `transaction'
/usr/local/rvm/gems/ruby-2.3.0/gems/activerecord-5.0.0.1/lib/active_record/transactions.rb:211:in `transaction'
/usr/local/rvm/gems/ruby-2.3.0/gems/activerecord-5.0.0.1/lib/active_record/transactions.rb:392:in `with_transaction_returning_status'
/usr/local/rvm/gems/ruby-2.3.0/gems/activerecord-5.0.0.1/lib/active_record/persistence.rb:264:in `update'
/home/ubuntu/workspace/matchme/app/models/match.rb:25:in `add_percent'
/usr/local/rvm/gems/ruby-2.3.0/gems/activesupport-5.0.0.1/lib/active_support/callbacks.rb:382:in `block in make_lambda'
/usr/local/rvm/gems/ruby-2.3.0/gems/activesupport-5.0.0.1/lib/active_support/callbacks.rb:207:in `block in halting_and_conditional'
/usr/local/rvm/gems/ruby-2.3.0/gems/activesupport-5.0.0.1/lib/active_support/callbacks.rb:456:in `block in call'
/usr/local/rvm/gems/ruby-2.3.0/gems/activesupport-5.0.0.1/lib/active_support/callbacks.rb:456:in `each'
/usr/local/rvm/gems/ruby-2.3.0/gems/activesupport-5.0.0.1/lib/active_support/callbacks.rb:456:in `call'
/usr/local/rvm/gems/ruby-2.3.0/gems/activesupport-5.0.0.1/lib/active_support/callbacks.rb:101:in `__run_callbacks__'
/usr/local/rvm/gems/ruby-2.3.0/gems/activesupport-5.0.0.1/lib/active_support/callbacks.rb:750:in `_run_save_callbacks'
/usr/local/rvm/gems/ruby-2.3.0/gems/activerecord-5.0.0.1/lib/active_record/callbacks.rb:298:in `create_or_update'
/usr/local/rvm/gems/ruby-2.3.0/gems/activerecord-5.0.0.1/lib/active_record/persistence.rb:125:in `save'
/usr/local/rvm/gems/ruby-2.3.0/gems/activerecord-5.0.0.1/lib/active_record/validations.rb:44:in `save'
/usr/local/rvm/gems/ruby-2.3.0/gems/activerecord-5.0.0.1/lib/active_record/attribute_methods/dirty.rb:22:in `save'
/usr/local/rvm/gems/ruby-2.3.0/gems/activerecord-5.0.0.1/lib/active_record/transactions.rb:319:in `block (2 levels) in save'
/usr/local/rvm/gems/ruby-2.3.0/gems/activerecord-5.0.0.1/lib/active_record/transactions.rb:395:in `block in with_transaction_returning_status'
/usr/local/rvm/gems/ruby-2.3.0/gems/activerecord-5.0.0.1/lib/active_record/connection_adapters/abstract/database_statements.rb:230:in `transaction'
/usr/local/rvm/gems/ruby-2.3.0/gems/activerecord-5.0.0.1/lib/active_record/transactions.rb:211:in `transaction'
/usr/local/rvm/gems/ruby-2.3.0/gems/activerecord-5.0.0.1/lib/active_record/transactions.rb:392:in `with_transaction_returning_status'
/usr/local/rvm/gems/ruby-2.3.0/gems/activerecord-5.0.0.1/lib/active_record/transactions.rb:319:in `block in save'
/usr/local/rvm/gems/ruby-2.3.0/gems/activerecord-5.0.0.1/lib/active_record/transactions.rb:334:in `rollback_active_record_state!'
/usr/local/rvm/gems/ruby-2.3.0/gems/activerecord-5.0.0.1/lib/active_record/transactions.rb:318:in `save'
/usr/local/rvm/gems/ruby-2.3.0/gems/activerecord-5.0.0.1/lib/active_record/suppressor.rb:41:in `save'
/usr/local/rvm/gems/ruby-2.3.0/gems/activerecord-5.0.0.1/lib/active_record/persistence.rb:266:in `block in update'
/usr/local/rvm/gems/ruby-2.3.0/gems/activerecord-5.0.0.1/lib/active_record/transactions.rb:395:in `block in with_transaction_returning_status'
/usr/local/rvm/gems/ruby-2.3.0/gems/activerecord-5.0.0.1/lib/active_record/connection_adapters/abstract/database_statements.rb:230:in `transaction'
/usr/local/rvm/gems/ruby-2.3.0/gems/activerecord-5.0.0.1/lib/active_record/transactions.rb:211:in `transaction'
/usr/local/rvm/gems/ruby-2.3.0/gems/activerecord-5.0.0.1/lib/active_record/transactions.rb:392:in `with_transaction_returning_status'
/usr/local/rvm/gems/ruby-2.3.0/gems/activerecord-5.0.0.1/lib/active_record/persistence.rb:264:in `update'
/home/ubuntu/workspace/matchme/app/models/match.rb:25:in `add_percent'
/usr/local/rvm/gems/ruby-2.3.0/gems/activesupport-5.0.0.1/lib/active_support/callbacks.rb:382:in `block in make_lambda'
/usr/local/rvm/gems/ruby-2.3.0/gems/activesupport-5.0.0.1/lib/active_support/callbacks.rb:207:in `block in halting_and_conditional'
/usr/local/rvm/gems/ruby-2.3.0/gems/activesupport-5.0.0.1/lib/active_support/callbacks.rb:456:in `block in call'
/usr/local/rvm/gems/ruby-2.3.0/gems/activesupport-5.0.0.1/lib/active_support/callbacks.rb:456:in `each'
/usr/local/rvm/gems/ruby-2.3.0/gems/activesupport-5.0.0.1/lib/active_support/callbacks.rb:456:in `call'
/usr/local/rvm/gems/ruby-2.3.0/gems/activesupport-5.0.0.1/lib/active_support/callbacks.rb:101:in `__run_callbacks__'
/usr/local/rvm/gems/ruby-2.3.0/gems/activesupport-5.0.0.1/lib/active_support/callbacks.rb:750:in `_run_save_callbacks'
/usr/local/rvm/gems/ruby-2.3.0/gems/activerecord-5.0.0.1/lib/active_record/callbacks.rb:298:in `create_or_update'
/usr/local/rvm/gems/ruby-2.3.0/gems/activerecord-5.0.0.1/lib/active_record/persistence.rb:125:in `save'
/usr/local/rvm/gems/ruby-2.3.0/gems/activerecord-5.0.0.1/lib/active_record/validations.rb:44:in `save'
/usr/local/rvm/gems/ruby-2.3.0/gems/activerecord-5.0.0.1/lib/active_record/attribute_methods/dirty.rb:22:in `save'
/usr/local/rvm/gems/ruby-2.3.0/gems/activerecord-5.0.0.1/lib/active_record/transactions.rb:319:in `block (2 levels) in save'
/usr/local/rvm/gems/ruby-2.3.0/gems/activerecord-5.0.0.1/lib/active_record/transactions.rb:395:in `block in with_transaction_returning_status'
/usr/local/rvm/gems/ruby-2.3.0/gems/activerecord-5.0.0.1/lib/active_record/connection_adapters/abstract/database_statements.rb:230:in `transaction'
/usr/local/rvm/gems/ruby-2.3.0/gems/activerecord-5.0.0.1/lib/active_record/transactions.rb:211:in `transaction'
/usr/local/rvm/gems/ruby-2.3.0/gems/activerecord-5.0.0.1/lib/active_record/transactions.rb:392:in `with_transaction_returning_status'
/usr/local/rvm/gems/ruby-2.3.0/gems/activerecord-5.0.0.1/lib/active_record/transactions.rb:319:in `block in save'
/usr/local/rvm/gems/ruby-2.3.0/gems/activerecord-5.0.0.1/lib/active_record/transactions.rb:334:in `rollback_active_record_state!'
/usr/local/rvm/gems/ruby-2.3.0/gems/activerecord-5.0.0.1/lib/active_record/transactions.rb:318:in `save'
/usr/local/rvm/gems/ruby-2.3.0/gems/activerecord-5.0.0.1/lib/active_record/suppressor.rb:41:in `save'
/usr/local/rvm/gems/ruby-2.3.0/gems/activerecord-5.0.0.1/lib/active_record/persistence.rb:266:in `block in update'
/usr/local/rvm/gems/ruby-2.3.0/gems/activerecord-5.0.0.1/lib/active_record/transactions.rb:395:in `block in with_transaction_returning_status'
/usr/local/rvm/gems/ruby-2.3.0/gems/activerecord-5.0.0.1/lib/active_record/connection_adapters/abstract/database_statements.rb:230:in `transaction'
/usr/local/rvm/gems/ruby-2.3.0/gems/activerecord-5.0.0.1/lib/active_record/transactions.rb:211:in `transaction'
/usr/local/rvm/gems/ruby-2.3.0/gems/activerecord-5.0.0.1/lib/active_record/transactions.rb:392:in `with_transaction_returning_status'
/usr/local/rvm/gems/ruby-2.3.0/gems/activerecord-5.0.0.1/lib/active_record/persistence.rb:264:in `update'
/home/ubuntu/workspace/matchme/app/models/match.rb:25:in `add_percent'
/usr/local/rvm/gems/ruby-2.3.0/gems/activesupport-5.0.0.1/lib/active_support/callbacks.rb:382:in `block in make_lambda'
/usr/local/rvm/gems/ruby-2.3.0/gems/activesupport-5.0.0.1/lib/active_support/callbacks.rb:207:in `block in halting_and_conditional'
/usr/local/rvm/gems/ruby-2.3.0/gems/activesupport-5.0.0.1/lib/active_support/callbacks.rb:456:in `block in call'
/usr/local/rvm/gems/ruby-2.3.0/gems/activesupport-5.0.0.1/lib/active_support/callbacks.rb:456:in `each'
/usr/local/rvm/gems/ruby-2.3.0/gems/activesupport-5.0.0.1/lib/active_support/callbacks.rb:456:in `call'
/usr/local/rvm/gems/ruby-2.3.0/gems/activesupport-5.0.0.1/lib/active_support/callbacks.rb:101:in `__run_callbacks__'
/usr/local/rvm/gems/ruby-2.3.0/gems/activesupport-5.0.0.1/lib/active_support/callbacks.rb:750:in `_run_save_callbacks'
/usr/local/rvm/gems/ruby-2.3.0/gems/activerecord-5.0.0.1/lib/active_record/callbacks.rb:298:in `create_or_update'
/usr/local/rvm/gems/ruby-2.3.0/gems/activerecord-5.0.0.1/lib/active_record/persistence.rb:125:in `save'
/usr/local/rvm/gems/ruby-2.3.0/gems/activerecord-5.0.0.1/lib/active_record/validations.rb:44:in `save'
/usr/local/rvm/gems/ruby-2.3.0/gems/activerecord-5.0.0.1/lib/active_record/attribute_methods/dirty.rb:22:in `save'
/usr/local/rvm/gems/ruby-2.3.0/gems/activerecord-5.0.0.1/lib/active_record/transactions.rb:319:in `block (2 levels) in save'
/usr/local/rvm/gems/ruby-2.3.0/gems/activerecord-5.0.0.1/lib/active_record/transactions.rb:395:in `block in with_transaction_returning_status'
/usr/local/rvm/gems/ruby-2.3.0/gems/activerecord-5.0.0.1/lib/active_record/connection_adapters/abstract/database_statements.rb:230:in `transaction'
/usr/local/rvm/gems/ruby-2.3.0/gems/activerecord-5.0.0.1/lib/active_record/transactions.rb:211:in `transaction'
/usr/local/rvm/gems/ruby-2.3.0/gems/activerecord-5.0.0.1/lib/active_record/transactions.rb:392:in `with_transaction_returning_status'
/usr/local/rvm/gems/ruby-2.3.0/gems/activerecord-5.0.0.1/lib/active_record/transactions.rb:319:in `block in save'
/usr/local/rvm/gems/ruby-2.3.0/gems/activerecord-5.0.0.1/lib/active_record/transactions.rb:334:in `rollback_active_record_state!'
/usr/local/rvm/gems/ruby-2.3.0/gems/activerecord-5.0.0.1/lib/active_record/transactions.rb:318:in `save'
/usr/local/rvm/gems/ruby-2.3.0/gems/activerecord-5.0.0.1/lib/active_record/suppressor.rb:41:in `save'
/usr/local/rvm/gems/ruby-2.3.0/gems/activerecord-5.0.0.1/lib/active_record/persistence.rb:266:in `block in update'
/usr/local/rvm/gems/ruby-2.3.0/gems/activerecord-5.0.0.1/lib/active_record/transactions.rb:395:in `block in with_transaction_returning_status'
/usr/local/rvm/gems/ruby-2.3.0/gems/activerecord-5.0.0.1/lib/active_record/connection_adapters/abstract/database_statements.rb:230:in `transaction'
/usr/local/rvm/gems/ruby-2.3.0/gems/activerecord-5.0.0.1/lib/active_record/transactions.rb:211:in `transaction'
/usr/local/rvm/gems/ruby-2.3.0/gems/activerecord-5.0.0.1/lib/active_record/transactions.rb:392:in `with_transaction_returning_status'
/usr/local/rvm/gems/ruby-2.3.0/gems/activerecord-5.0.0.1/lib/active_record/persistence.rb:264:in `update'
/home/ubuntu/workspace/matchme/app/models/match.rb:25:in `add_percent'
/usr/local/rvm/gems/ruby-2.3.0/gems/activesupport-5.0.0.1/lib/active_support/callbacks.rb:382:in `block in make_lambda'
/usr/local/rvm/gems/ruby-2.3.0/gems/activesupport-5.0.0.1/lib/active_support/callbacks.rb:207:in `block in halting_and_conditional'
/usr/local/rvm/gems/ruby-2.3.0/gems/activesupport-5.0.0.1/lib/active_support/callbacks.rb:456:in `block in call'
/usr/local/rvm/gems/ruby-2.3.0/gems/activesupport-5.0.0.1/lib/active_support/callbacks.rb:456:in `each'
/usr/local/rvm/gems/ruby-2.3.0/gems/activesupport-5.0.0.1/lib/active_support/callbacks.rb:456:in `call'
/usr/local/rvm/gems/ruby-2.3.0/gems/activesupport-5.0.0.1/lib/active_support/callbacks.rb:101:in `__run_callbacks__'
/usr/local/rvm/gems/ruby-2.3.0/gems/activesupport-5.0.0.1/lib/active_support/callbacks.rb:750:in `_run_save_callbacks'
/usr/local/rvm/gems/ruby-2.3.0/gems/activerecord-5.0.0.1/lib/active_record/callbacks.rb:298:in `create_or_update'
/usr/local/rvm/gems/ruby-2.3.0/gems/activerecord-5.0.0.1/lib/active_record/persistence.rb:125:in `save'
/usr/local/rvm/gems/ruby-2.3.0/gems/activerecord-5.0.0.1/lib/active_record/validations.rb:44:in `save'
/usr/local/rvm/gems/ruby-2.3.0/gems/activerecord-5.0.0.1/lib/active_record/attribute_methods/dirty.rb:22:in `save'
/usr/local/rvm/gems/ruby-2.3.0/gems/activerecord-5.0.0.1/lib/active_record/transactions.rb:319:in `block (2 levels) in save'
/usr/local/rvm/gems/ruby-2.3.0/gems/activerecord-5.0.0.1/lib/active_record/transactions.rb:395:in `block in with_transaction_returning_status'
/usr/local/rvm/gems/ruby-2.3.0/gems/activerecord-5.0.0.1/lib/active_record/connection_adapters/abstract/database_statements.rb:230:in `transaction'
/usr/local/rvm/gems/ruby-2.3.0/gems/activerecord-5.0.0.1/lib/active_record/transactions.rb:211:in `transaction'
/usr/local/rvm/gems/ruby-2.3.0/gems/activerecord-5.0.0.1/lib/active_record/transactions.rb:392:in `with_transaction_returning_status'
/usr/local/rvm/gems/ruby-2.3.0/gems/activerecord-5.0.0.1/lib/active_record/transactions.rb:319:in `block in save'
/usr/local/rvm/gems/ruby-2.3.0/gems/activerecord-5.0.0.1/lib/active_record/transactions.rb:334:in `rollback_active_record_state!'
/usr/local/rvm/gems/ruby-2.3.0/gems/activerecord-5.0.0.1/lib/active_record/transactions.rb:318:in `save'
/usr/local/rvm/gems/ruby-2.3.0/gems/activerecord-5.0.0.1/lib/active_record/suppressor.rb:41:in `save'
/usr/local/rvm/gems/ruby-2.3.0/gems/activerecord-5.0.0.1/lib/active_record/persistence.rb:266:in `block in update'
/usr/local/rvm/gems/ruby-2.3.0/gems/activerecord-5.0.0.1/lib/active_record/transactions.rb:395:in `block in with_transaction_returning_status'
/usr/local/rvm/gems/ruby-2.3.0/gems/activerecord-5.0.0.1/lib/active_record/connection_adapters/abstract/database_statements.rb:230:in `transaction'
/usr/local/rvm/gems/ruby-2.3.0/gems/activerecord-5.0.0.1/lib/active_record/transactions.rb:211:in `transaction'
/usr/local/rvm/gems/ruby-2.3.0/gems/activerecord-5.0.0.1/lib/active_record/transactions.rb:392:in `with_transaction_returning_status'
/usr/local/rvm/gems/ruby-2.3.0/gems/activerecord-5.0.0.1/lib/active_record/persistence.rb:264:in `update'
/home/ubuntu/workspace/matchme/app/models/match.rb:25:in `add_percent'
/usr/local/rvm/gems/ruby-2.3.0/gems/activesupport-5.0.0.1/lib/active_support/callbacks.rb:382:in `block in make_lambda'
/usr/local/rvm/gems/ruby-2.3.0/gems/activesupport-5.0.0.1/lib/active_support/callbacks.rb:207:in `block in halting_and_conditional'
/usr/local/rvm/gems/ruby-2.3.0/gems/activesupport-5.0.0.1/lib/active_support/callbacks.rb:456:in `block in call'
/usr/local/rvm/gems/ruby-2.3.0/gems/activesupport-5.0.0.1/lib/active_support/callbacks.rb:456:in `each'
/usr/local/rvm/gems/ruby-2.3.0/gems/activesupport-5.0.0.1/lib/active_support/callbacks.rb:456:in `call'
/usr/local/rvm/gems/ruby-2.3.0/gems/activesupport-5.0.0.1/lib/active_support/callbacks.rb:101:in `__run_callbacks__'
/usr/local/rvm/gems/ruby-2.3.0/gems/activesupport-5.0.0.1/lib/active_support/callbacks.rb:750:in `_run_save_callbacks'
/usr/local/rvm/gems/ruby-2.3.0/gems/activerecord-5.0.0.1/lib/active_record/callbacks.rb:298:in `create_or_update'
/usr/local/rvm/gems/ruby-2.3.0/gems/activerecord-5.0.0.1/lib/active_record/persistence.rb:125:in `save'
/usr/local/rvm/gems/ruby-2.3.0/gems/activerecord-5.0.0.1/lib/active_record/validations.rb:44:in `save'
/usr/local/rvm/gems/ruby-2.3.0/gems/activerecord-5.0.0.1/lib/active_record/attribute_methods/dirty.rb:22:in `save'
/usr/local/rvm/gems/ruby-2.3.0/gems/activerecord-5.0.0.1/lib/active_record/transactions.rb:319:in `block (2 levels) in save'
/usr/local/rvm/gems/ruby-2.3.0/gems/activerecord-5.0.0.1/lib/active_record/transactions.rb:395:in `block in with_transaction_returning_status'
/usr/local/rvm/gems/ruby-2.3.0/gems/activerecord-5.0.0.1/lib/active_record/connection_adapters/abstract/database_statements.rb:230:in `transaction'
/usr/local/rvm/gems/ruby-2.3.0/gems/activerecord-5.0.0.1/lib/active_record/transactions.rb:211:in `transaction'
/usr/local/rvm/gems/ruby-2.3.0/gems/activerecord-5.0.0.1/lib/active_record/transactions.rb:392:in `with_transaction_returning_status'
/usr/local/rvm/gems/ruby-2.3.0/gems/activerecord-5.0.0.1/lib/active_record/transactions.rb:319:in `block in save'
/usr/local/rvm/gems/ruby-2.3.0/gems/activerecord-5.0.0.1/lib/active_record/transactions.rb:334:in `rollback_active_record_state!'
/usr/local/rvm/gems/ruby-2.3.0/gems/activerecord-5.0.0.1/lib/active_record/transactions.rb:318:in `save'
/usr/local/rvm/gems/ruby-2.3.0/gems/activerecord-5.0.0.1/lib/active_record/suppressor.rb:41:in `save'
/usr/local/rvm/gems/ruby-2.3.0/gems/activerecord-5.0.0.1/lib/active_record/persistence.rb:266:in `block in update'
/usr/local/rvm/gems/ruby-2.3.0/gems/activerecord-5.0.0.1/lib/active_record/transactions.rb:395:in `block in with_transaction_returning_status'
/usr/local/rvm/gems/ruby-2.3.0/gems/activerecord-5.0.0.1/lib/active_record/connection_adapters/abstract/database_statements.rb:230:in `transaction'
/usr/local/rvm/gems/ruby-2.3.0/gems/activerecord-5.0.0.1/lib/active_record/transactions.rb:211:in `transaction'
/usr/local/rvm/gems/ruby-2.3.0/gems/activerecord-5.0.0.1/lib/active_record/transactions.rb:392:in `with_transaction_returning_status'
/usr/local/rvm/gems/ruby-2.3.0/gems/activerecord-5.0.0.1/lib/active_record/persistence.rb:264:in `update'
/home/ubuntu/workspace/matchme/app/models/match.rb:25:in `add_percent'
/usr/local/rvm/gems/ruby-2.3.0/gems/activesupport-5.0.0.1/lib/active_support/callbacks.rb:382:in `block in make_lambda'
/usr/local/rvm/gems/ruby-2.3.0/gems/activesupport-5.0.0.1/lib/active_support/callbacks.rb:207:in `block in halting_and_conditional'
/usr/local/rvm/gems/ruby-2.3.0/gems/activesupport-5.0.0.1/lib/active_support/callbacks.rb:456:in `block in call'
/usr/local/rvm/gems/ruby-2.3.0/gems/activesupport-5.0.0.1/lib/active_support/callbacks.rb:456:in `each'
/usr/local/rvm/gems/ruby-2.3.0/gems/activesupport-5.0.0.1/lib/active_support/callbacks.rb:456:in `call'
/usr/local/rvm/gems/ruby-2.3.0/gems/activesupport-5.0.0.1/lib/active_support/callbacks.rb:101:in `__run_callbacks__'
/usr/local/rvm/gems/ruby-2.3.0/gems/activesupport-5.0.0.1/lib/active_support/callbacks.rb:750:in `_run_save_callbacks'
/usr/local/rvm/gems/ruby-2.3.0/gems/activerecord-5.0.0.1/lib/active_record/callbacks.rb:298:in `create_or_update'
/usr/local/rvm/gems/ruby-2.3.0/gems/activerecord-5.0.0.1/lib/active_record/persistence.rb:125:in `save'
/usr/local/rvm/gems/ruby-2.3.0/gems/activerecord-5.0.0.1/lib/active_record/validations.rb:44:in `save'
/usr/local/rvm/gems/ruby-2.3.0/gems/activerecord-5.0.0.1/lib/active_record/attribute_methods/dirty.rb:22:in `save'
/usr/local/rvm/gems/ruby-2.3.0/gems/activerecord-5.0.0.1/lib/active_record/transactions.rb:319:in `block (2 levels) in save'
/usr/local/rvm/gems/ruby-2.3.0/gems/activerecord-5.0.0.1/lib/active_record/transactions.rb:395:in `block in with_transaction_returning_status'
/usr/local/rvm/gems/ruby-2.3.0/gems/activerecord-5.0.0.1/lib/active_record/connection_adapters/abstract/database_statements.rb:230:in `transaction'
/usr/local/rvm/gems/ruby-2.3.0/gems/activerecord-5.0.0.1/lib/active_record/transactions.rb:211:in `transaction'
/usr/local/rvm/gems/ruby-2.3.0/gems/activerecord-5.0.0.1/lib/active_record/transactions.rb:392:in `with_transaction_returning_status'
/usr/local/rvm/gems/ruby-2.3.0/gems/activerecord-5.0.0.1/lib/active_record/transactions.rb:319:in `block in save'
/usr/local/rvm/gems/ruby-2.3.0/gems/activerecord-5.0.0.1/lib/active_record/transactions.rb:334:in `rollback_active_record_state!'
/usr/local/rvm/gems/ruby-2.3.0/gems/activerecord-5.0.0.1/lib/active_record/transactions.rb:318:in `save'
/usr/local/rvm/gems/ruby-2.3.0/gems/activerecord-5.0.0.1/lib/active_record/suppressor.rb:41:in `save'
/usr/local/rvm/gems/ruby-2.3.0/gems/activerecord-5.0.0.1/lib/active_record/persistence.rb:266:in `block in update'
/usr/local/rvm/gems/ruby-2.3.0/gems/activerecord-5.0.0.1/lib/active_record/transactions.rb:395:in `block in with_transaction_returning_status'
/usr/local/rvm/gems/ruby-2.3.0/gems/activerecord-5.0.0.1/lib/active_record/connection_adapters/abstract/database_statements.rb:230:in `transaction'
/usr/local/rvm/gems/ruby-2.3.0/gems/activerecord-5.0.0.1/lib/active_record/transactions.rb:211:in `transaction'
/usr/local/rvm/gems/ruby-2.3.0/gems/activerecord-5.0.0.1/lib/active_record/transactions.rb:392:in `with_transaction_returning_status'
/usr/local/rvm/gems/ruby-2.3.0/gems/activerecord-5.0.0.1/lib/active_record/persistence.rb:264:in `update'
/home/ubuntu/workspace/matchme/app/models/match.rb:25:in `add_percent'
/usr/local/rvm/gems/ruby-2.3.0/gems/activesupport-5.0.0.1/lib/active_support/callbacks.rb:382:in `block in make_lambda'
/usr/local/rvm/gems/ruby-2.3.0/gems/activesupport-5.0.0.1/lib/active_support/callbacks.rb:207:in `block in halting_and_conditional'
/usr/local/rvm/gems/ruby-2.3.0/gems/activesupport-5.0.0.1/lib/active_support/callbacks.rb:456:in `block in call'
/usr/local/rvm/gems/ruby-2.3.0/gems/activesupport-5.0.0.1/lib/active_support/callbacks.rb:456:in `each'
/usr/local/rvm/gems/ruby-2.3.0/gems/activesupport-5.0.0.1/lib/active_support/callbacks.rb:456:in `call'
/usr/local/rvm/gems/ruby-2.3.0/gems/activesupport-5.0.0.1/lib/active_support/callbacks.rb:101:in `__run_callbacks__'
/usr/local/rvm/gems/ruby-2.3.0/gems/activesupport-5.0.0.1/lib/active_support/callbacks.rb:750:in `_run_save_callbacks'
/usr/local/rvm/gems/ruby-2.3.0/gems/activerecord-5.0.0.1/lib/active_record/callbacks.rb:298:in `create_or_update'
/usr/local/rvm/gems/ruby-2.3.0/gems/activerecord-5.0.0.1/lib/active_record/persistence.rb:125:in `save'
/usr/local/rvm/gems/ruby-2.3.0/gems/activerecord-5.0.0.1/lib/active_record/validations.rb:44:in `save'
/usr/local/rvm/gems/ruby-2.3.0/gems/activerecord-5.0.0.1/lib/active_record/attribute_methods/dirty.rb:22:in `save'
/usr/local/rvm/gems/ruby-2.3.0/gems/activerecord-5.0.0.1/lib/active_record/transactions.rb:319:in `block (2 levels) in save'
/usr/local/rvm/gems/ruby-2.3.0/gems/activerecord-5.0.0.1/lib/active_record/transactions.rb:395:in `block in with_transaction_returning_status'
/usr/local/rvm/gems/ruby-2.3.0/gems/activerecord-5.0.0.1/lib/active_record/connection_adapters/abstract/database_statements.rb:230:in `transaction'
/usr/local/rvm/gems/ruby-2.3.0/gems/activerecord-5.0.0.1/lib/active_record/transactions.rb:211:in `transaction'
/usr/local/rvm/gems/ruby-2.3.0/gems/activerecord-5.0.0.1/lib/active_record/transactions.rb:392:in `with_transaction_returning_status'
/usr/local/rvm/gems/ruby-2.3.0/gems/activerecord-5.0.0.1/lib/active_record/transactions.rb:319:in `block in save'
/usr/local/rvm/gems/ruby-2.3.0/gems/activerecord-5.0.0.1/lib/active_record/transactions.rb:334:in `rollback_active_record_state!'
/usr/local/rvm/gems/ruby-2.3.0/gems/activerecord-5.0.0.1/lib/active_record/transactions.rb:318:in `save'
/usr/local/rvm/gems/ruby-2.3.0/gems/activerecord-5.0.0.1/lib/active_record/suppressor.rb:41:in `save'
/usr/local/rvm/gems/ruby-2.3.0/gems/activerecord-5.0.0.1/lib/active_record/persistence.rb:266:in `block in update'
/usr/local/rvm/gems/ruby-2.3.0/gems/activerecord-5.0.0.1/lib/active_record/transactions.rb:395:in `block in with_transaction_returning_status'
/usr/local/rvm/gems/ruby-2.3.0/gems/activerecord-5.0.0.1/lib/active_record/connection_adapters/abstract/database_statements.rb:230:in `transaction'
/usr/local/rvm/gems/ruby-2.3.0/gems/activerecord-5.0.0.1/lib/active_record/transactions.rb:211:in `transaction'
/usr/local/rvm/gems/ruby-2.3.0/gems/activerecord-5.0.0.1/lib/active_record/transactions.rb:392:in `with_transaction_returning_status'
/usr/local/rvm/gems/ruby-2.3.0/gems/activerecord-5.0.0.1/lib/active_record/persistence.rb:264:in `update'
/home/ubuntu/workspace/matchme/app/models/match.rb:25:in `add_percent'
/usr/local/rvm/gems/ruby-2.3.0/gems/activesupport-5.0.0.1/lib/active_support/callbacks.rb:382:in `block in make_lambda'
/usr/local/rvm/gems/ruby-2.3.0/gems/activesupport-5.0.0.1/lib/active_support/callbacks.rb:207:in `block in halting_and_conditional'
/usr/local/rvm/gems/ruby-2.3.0/gems/activesupport-5.0.0.1/lib/active_support/callbacks.rb:456:in `block in call'
/usr/local/rvm/gems/ruby-2.3.0/gems/activesupport-5.0.0.1/lib/active_support/callbacks.rb:456:in `each'
/usr/local/rvm/gems/ruby-2.3.0/gems/activesupport-5.0.0.1/lib/active_support/callbacks.rb:456:in `call'
/usr/local/rvm/gems/ruby-2.3.0/gems/activesupport-5.0.0.1/lib/active_support/callbacks.rb:101:in `__run_callbacks__'
/usr/local/rvm/gems/ruby-2.3.0/gems/activesupport-5.0.0.1/lib/active_support/callbacks.rb:750:in `_run_save_callbacks'
/usr/local/rvm/gems/ruby-2.3.0/gems/activerecord-5.0.0.1/lib/active_record/callbacks.rb:298:in `create_or_update'
/usr/local/rvm/gems/ruby-2.3.0/gems/activerecord-5.0.0.1/lib/active_record/persistence.rb:125:in `save'
/usr/local/rvm/gems/ruby-2.3.0/gems/activerecord-5.0.0.1/lib/active_record/validations.rb:44:in `save'
/usr/local/rvm/gems/ruby-2.3.0/gems/activerecord-5.0.0.1/lib/active_record/attribute_methods/dirty.rb:22:in `save'
/usr/local/rvm/gems/ruby-2.3.0/gems/activerecord-5.0.0.1/lib/active_record/transactions.rb:319:in `block (2 levels) in save'
/usr/local/rvm/gems/ruby-2.3.0/gems/activerecord-5.0.0.1/lib/active_record/transactions.rb:395:in `block in with_transaction_returning_status'
/usr/local/rvm/gems/ruby-2.3.0/gems/activerecord-5.0.0.1/lib/active_record/connection_adapters/abstract/database_statements.rb:230:in `transaction'
/usr/local/rvm/gems/ruby-2.3.0/gems/activerecord-5.0.0.1/lib/active_record/transactions.rb:211:in `transaction'
/usr/local/rvm/gems/ruby-2.3.0/gems/activerecord-5.0.0.1/lib/active_record/transactions.rb:392:in `with_transaction_returning_status'
/usr/local/rvm/gems/ruby-2.3.0/gems/activerecord-5.0.0.1/lib/active_record/transactions.rb:319:in `block in save'
/usr/local/rvm/gems/ruby-2.3.0/gems/activerecord-5.0.0.1/lib/active_record/transactions.rb:334:in `rollback_active_record_state!'
/usr/local/rvm/gems/ruby-2.3.0/gems/activerecord-5.0.0.1/lib/active_record/transactions.rb:318:in `save'
/usr/local/rvm/gems/ruby-2.3.0/gems/activerecord-5.0.0.1/lib/active_record/suppressor.rb:41:in `save'
/usr/local/rvm/gems/ruby-2.3.0/gems/activerecord-5.0.0.1/lib/active_record/persistence.rb:266:in `block in update'
/usr/local/rvm/gems/ruby-2.3.0/gems/activerecord-5.0.0.1/lib/active_record/transactions.rb:395:in `block in with_transaction_returning_status'
/usr/local/rvm/gems/ruby-2.3.0/gems/activerecord-5.0.0.1/lib/active_record/connection_adapters/abstract/database_statements.rb:230:in `transaction'
/usr/local/rvm/gems/ruby-2.3.0/gems/activerecord-5.0.0.1/lib/active_record/transactions.rb:211:in `transaction'
/usr/local/rvm/gems/ruby-2.3.0/gems/activerecord-5.0.0.1/lib/active_record/transactions.rb:392:in `with_transaction_returning_status'
/usr/local/rvm/gems/ruby-2.3.0/gems/activerecord-5.0.0.1/lib/active_record/persistence.rb:264:in `update'
/home/ubuntu/workspace/matchme/app/models/match.rb:25:in `add_percent'
/usr/local/rvm/gems/ruby-2.3.0/gems/activesupport-5.0.0.1/lib/active_support/callbacks.rb:382:in `block in make_lambda'
/usr/local/rvm/gems/ruby-2.3.0/gems/activesupport-5.0.0.1/lib/active_support/callbacks.rb:207:in `block in halting_and_conditional'
/usr/local/rvm/gems/ruby-2.3.0/gems/activesupport-5.0.0.1/lib/active_support/callbacks.rb:456:in `block in call'
/usr/local/rvm/gems/ruby-2.3.0/gems/activesupport-5.0.0.1/lib/active_support/callbacks.rb:456:in `each'
/usr/local/rvm/gems/ruby-2.3.0/gems/activesupport-5.0.0.1/lib/active_support/callbacks.rb:456:in `call'
/usr/local/rvm/gems/ruby-2.3.0/gems/activesupport-5.0.0.1/lib/active_support/callbacks.rb:101:in `__run_callbacks__'
/usr/local/rvm/gems/ruby-2.3.0/gems/activesupport-5.0.0.1/lib/active_support/callbacks.rb:750:in `_run_save_callbacks'
/usr/local/rvm/gems/ruby-2.3.0/gems/activerecord-5.0.0.1/lib/active_record/callbacks.rb:298:in `create_or_update'
/usr/local/rvm/gems/ruby-2.3.0/gems/activerecord-5.0.0.1/lib/active_record/persistence.rb:125:in `save'
/usr/local/rvm/gems/ruby-2.3.0/gems/activerecord-5.0.0.1/lib/active_record/validations.rb:44:in `save'
/usr/local/rvm/gems/ruby-2.3.0/gems/activerecord-5.0.0.1/lib/active_record/attribute_methods/dirty.rb:22:in `save'
/usr/local/rvm/gems/ruby-2.3.0/gems/activerecord-5.0.0.1/lib/active_record/transactions.rb:319:in `block (2 levels) in save'
/usr/local/rvm/gems/ruby-2.3.0/gems/activerecord-5.0.0.1/lib/active_record/transactions.rb:395:in `block in with_transaction_returning_status'
/usr/local/rvm/gems/ruby-2.3.0/gems/activerecord-5.0.0.1/lib/active_record/connection_adapters/abstract/database_statements.rb:230:in `transaction'
/usr/local/rvm/gems/ruby-2.3.0/gems/activerecord-5.0.0.1/lib/active_record/transactions.rb:211:in `transaction'
/usr/local/rvm/gems/ruby-2.3.0/gems/activerecord-5.0.0.1/lib/active_record/transactions.rb:392:in `with_transaction_returning_status'
/usr/local/rvm/gems/ruby-2.3.0/gems/activerecord-5.0.0.1/lib/active_record/transactions.rb:319:in `block in save'
/usr/local/rvm/gems/ruby-2.3.0/gems/activerecord-5.0.0.1/lib/active_record/transactions.rb:334:in `rollback_active_record_state!'
/usr/local/rvm/gems/ruby-2.3.0/gems/activerecord-5.0.0.1/lib/active_record/transactions.rb:318:in `save'
/usr/local/rvm/gems/ruby-2.3.0/gems/activerecord-5.0.0.1/lib/active_record/suppressor.rb:41:in `save'
/usr/local/rvm/gems/ruby-2.3.0/gems/activerecord-5.0.0.1/lib/active_record/persistence.rb:266:in `block in update'
/usr/local/rvm/gems/ruby-2.3.0/gems/activerecord-5.0.0.1/lib/active_record/transactions.rb:395:in `block in with_transaction_returning_status'
/usr/local/rvm/gems/ruby-2.3.0/gems/activerecord-5.0.0.1/lib/active_record/connection_adapters/abstract/database_statements.rb:230:in `transaction'
/usr/local/rvm/gems/ruby-2.3.0/gems/activerecord-5.0.0.1/lib/active_record/transactions.rb:211:in `transaction'
/usr/local/rvm/gems/ruby-2.3.0/gems/activerecord-5.0.0.1/lib/active_record/transactions.rb:392:in `with_transaction_returning_status'
/usr/local/rvm/gems/ruby-2.3.0/gems/activerecord-5.0.0.1/lib/active_record/persistence.rb:264:in `update'
/home/ubuntu/workspace/matchme/app/models/match.rb:25:in `add_percent'
/usr/local/rvm/gems/ruby-2.3.0/gems/activesupport-5.0.0.1/lib/active_support/callbacks.rb:382:in `block in make_lambda'
/usr/local/rvm/gems/ruby-2.3.0/gems/activesupport-5.0.0.1/lib/active_support/callbacks.rb:207:in `block in halting_and_conditional'
/usr/local/rvm/gems/ruby-2.3.0/gems/activesupport-5.0.0.1/lib/active_support/callbacks.rb:456:in `block in call'
/usr/local/rvm/gems/ruby-2.3.0/gems/activesupport-5.0.0.1/lib/active_support/callbacks.rb:456:in `each'
/usr/local/rvm/gems/ruby-2.3.0/gems/activesupport-5.0.0.1/lib/active_support/callbacks.rb:456:in `call'
/usr/local/rvm/gems/ruby-2.3.0/gems/activesupport-5.0.0.1/lib/active_support/callbacks.rb:101:in `__run_callbacks__'
/usr/local/rvm/gems/ruby-2.3.0/gems/activesupport-5.0.0.1/lib/active_support/callbacks.rb:750:in `_run_save_callbacks'
/usr/local/rvm/gems/ruby-2.3.0/gems/activerecord-5.0.0.1/lib/active_record/callbacks.rb:298:in `create_or_update'
/usr/local/rvm/gems/ruby-2.3.0/gems/activerecord-5.0.0.1/lib/active_record/persistence.rb:125:in `save'
/usr/local/rvm/gems/ruby-2.3.0/gems/activerecord-5.0.0.1/lib/active_record/validations.rb:44:in `save'
/usr/local/rvm/gems/ruby-2.3.0/gems/activerecord-5.0.0.1/lib/active_record/attribute_methods/dirty.rb:22:in `save'
/usr/local/rvm/gems/ruby-2.3.0/gems/activerecord-5.0.0.1/lib/active_record/transactions.rb:319:in `block (2 levels) in save'
/usr/local/rvm/gems/ruby-2.3.0/gems/activerecord-5.0.0.1/lib/active_record/transactions.rb:395:in `block in with_transaction_returning_status'
/usr/local/rvm/gems/ruby-2.3.0/gems/activerecord-5.0.0.1/lib/active_record/connection_adapters/abstract/database_statements.rb:230:in `transaction'
/usr/local/rvm/gems/ruby-2.3.0/gems/activerecord-5.0.0.1/lib/active_record/transactions.rb:211:in `transaction'
/usr/local/rvm/gems/ruby-2.3.0/gems/activerecord-5.0.0.1/lib/active_record/transactions.rb:392:in `with_transaction_returning_status'
/usr/local/rvm/gems/ruby-2.3.0/gems/activerecord-5.0.0.1/lib/active_record/transactions.rb:319:in `block in save'
/usr/local/rvm/gems/ruby-2.3.0/gems/activerecord-5.0.0.1/lib/active_record/transactions.rb:334:in `rollback_active_record_state!'
/usr/local/rvm/gems/ruby-2.3.0/gems/activerecord-5.0.0.1/lib/active_record/transactions.rb:318:in `save'
/usr/local/rvm/gems/ruby-2.3.0/gems/activerecord-5.0.0.1/lib/active_record/suppressor.rb:41:in `save'
/usr/local/rvm/gems/ruby-2.3.0/gems/activerecord-5.0.0.1/lib/active_record/persistence.rb:266:in `block in update'
/usr/local/rvm/gems/ruby-2.3.0/gems/activerecord-5.0.0.1/lib/active_record/transactions.rb:395:in `block in with_transaction_returning_status'
/usr/local/rvm/gems/ruby-2.3.0/gems/activerecord-5.0.0.1/lib/active_record/connection_adapters/abstract/database_statements.rb:230:in `transaction'
/usr/local/rvm/gems/ruby-2.3.0/gems/activerecord-5.0.0.1/lib/active_record/transactions.rb:211:in `transaction'
/usr/local/rvm/gems/ruby-2.3.0/gems/activerecord-5.0.0.1/lib/active_record/transactions.rb:392:in `with_transaction_returning_status'
/usr/local/rvm/gems/ruby-2.3.0/gems/activerecord-5.0.0.1/lib/active_record/persistence.rb:264:in `update'
/home/ubuntu/workspace/matchme/app/models/match.rb:25:in `add_percent'
/usr/local/rvm/gems/ruby-2.3.0/gems/activesupport-5.0.0.1/lib/active_support/callbacks.rb:382:in `block in make_lambda'
/usr/local/rvm/gems/ruby-2.3.0/gems/activesupport-5.0.0.1/lib/active_support/callbacks.rb:207:in `block in halting_and_conditional'
/usr/local/rvm/gems/ruby-2.3.0/gems/activesupport-5.0.0.1/lib/active_support/callbacks.rb:456:in `block in call'
/usr/local/rvm/gems/ruby-2.3.0/gems/activesupport-5.0.0.1/lib/active_support/callbacks.rb:456:in `each'
/usr/local/rvm/gems/ruby-2.3.0/gems/activesupport-5.0.0.1/lib/active_support/callbacks.rb:456:in `call'
/usr/local/rvm/gems/ruby-2.3.0/gems/activesupport-5.0.0.1/lib/active_support/callbacks.rb:101:in `__run_callbacks__'
/usr/local/rvm/gems/ruby-2.3.0/gems/activesupport-5.0.0.1/lib/active_support/callbacks.rb:750:in `_run_save_callbacks'
/usr/local/rvm/gems/ruby-2.3.0/gems/activerecord-5.0.0.1/lib/active_record/callbacks.rb:298:in `create_or_update'
/usr/local/rvm/gems/ruby-2.3.0/gems/activerecord-5.0.0.1/lib/active_record/persistence.rb:125:in `save'
/usr/local/rvm/gems/ruby-2.3.0/gems/activerecord-5.0.0.1/lib/active_record/validations.rb:44:in `save'
/usr/local/rvm/gems/ruby-2.3.0/gems/activerecord-5.0.0.1/lib/active_record/attribute_methods/dirty.rb:22:in `save'
/usr/local/rvm/gems/ruby-2.3.0/gems/activerecord-5.0.0.1/lib/active_record/transactions.rb:319:in `block (2 levels) in save'
/usr/local/rvm/gems/ruby-2.3.0/gems/activerecord-5.0.0.1/lib/active_record/transactions.rb:395:in `block in with_transaction_returning_status'
/usr/local/rvm/gems/ruby-2.3.0/gems/activerecord-5.0.0.1/lib/active_record/connection_adapters/abstract/database_statements.rb:230:in `transaction'
/usr/local/rvm/gems/ruby-2.3.0/gems/activerecord-5.0.0.1/lib/active_record/transactions.rb:211:in `transaction'
/usr/local/rvm/gems/ruby-2.3.0/gems/activerecord-5.0.0.1/lib/active_record/transactions.rb:392:in `with_transaction_returning_status'
/usr/local/rvm/gems/ruby-2.3.0/gems/activerecord-5.0.0.1/lib/active_record/transactions.rb:319:in `block in save'
/usr/local/rvm/gems/ruby-2.3.0/gems/activerecord-5.0.0.1/lib/active_record/transactions.rb:334:in `rollback_active_record_state!'
/usr/local/rvm/gems/ruby-2.3.0/gems/activerecord-5.0.0.1/lib/active_record/transactions.rb:318:in `save'
/usr/local/rvm/gems/ruby-2.3.0/gems/activerecord-5.0.0.1/lib/active_record/suppressor.rb:41:in `save'
/usr/local/rvm/gems/ruby-2.3.0/gems/activerecord-5.0.0.1/lib/active_record/persistence.rb:266:in `block in update'
/usr/local/rvm/gems/ruby-2.3.0/gems/activerecord-5.0.0.1/lib/active_record/transactions.rb:395:in `block in with_transaction_returning_status'
/usr/local/rvm/gems/ruby-2.3.0/gems/activerecord-5.0.0.1/lib/active_record/connection_adapters/abstract/database_statements.rb:230:in `transaction'
/usr/local/rvm/gems/ruby-2.3.0/gems/activerecord-5.0.0.1/lib/active_record/transactions.rb:211:in `transaction'
/usr/local/rvm/gems/ruby-2.3.0/gems/activerecord-5.0.0.1/lib/active_record/transactions.rb:392:in `with_transaction_returning_status'
/usr/local/rvm/gems/ruby-2.3.0/gems/activerecord-5.0.0.1/lib/active_record/persistence.rb:264:in `update'
/home/ubuntu/workspace/matchme/app/models/match.rb:25:in `add_percent'
/usr/local/rvm/gems/ruby-2.3.0/gems/activesupport-5.0.0.1/lib/active_support/callbacks.rb:382:in `block in make_lambda'
/usr/local/rvm/gems/ruby-2.3.0/gems/activesupport-5.0.0.1/lib/active_support/callbacks.rb:207:in `block in halting_and_conditional'
/usr/local/rvm/gems/ruby-2.3.0/gems/activesupport-5.0.0.1/lib/active_support/callbacks.rb:456:in `block in call'
/usr/local/rvm/gems/ruby-2.3.0/gems/activesupport-5.0.0.1/lib/active_support/callbacks.rb:456:in `each'
/usr/local/rvm/gems/ruby-2.3.0/gems/activesupport-5.0.0.1/lib/active_support/callbacks.rb:456:in `call'
/usr/local/rvm/gems/ruby-2.3.0/gems/activesupport-5.0.0.1/lib/active_support/callbacks.rb:101:in `__run_callbacks__'
/usr/local/rvm/gems/ruby-2.3.0/gems/activesupport-5.0.0.1/lib/active_support/callbacks.rb:750:in `_run_save_callbacks'
/usr/local/rvm/gems/ruby-2.3.0/gems/activerecord-5.0.0.1/lib/active_record/callbacks.rb:298:in `create_or_update'
/usr/local/rvm/gems/ruby-2.3.0/gems/activerecord-5.0.0.1/lib/active_record/persistence.rb:125:in `save'
/usr/local/rvm/gems/ruby-2.3.0/gems/activerecord-5.0.0.1/lib/active_record/validations.rb:44:in `save'
/usr/local/rvm/gems/ruby-2.3.0/gems/activerecord-5.0.0.1/lib/active_record/attribute_methods/dirty.rb:22:in `save'
/usr/local/rvm/gems/ruby-2.3.0/gems/activerecord-5.0.0.1/lib/active_record/transactions.rb:319:in `block (2 levels) in save'
/usr/local/rvm/gems/ruby-2.3.0/gems/activerecord-5.0.0.1/lib/active_record/transactions.rb:395:in `block in with_transaction_returning_status'
/usr/local/rvm/gems/ruby-2.3.0/gems/activerecord-5.0.0.1/lib/active_record/connection_adapters/abstract/database_statements.rb:230:in `transaction'
/usr/local/rvm/gems/ruby-2.3.0/gems/activerecord-5.0.0.1/lib/active_record/transactions.rb:211:in `transaction'
/usr/local/rvm/gems/ruby-2.3.0/gems/activerecord-5.0.0.1/lib/active_record/transactions.rb:392:in `with_transaction_returning_status'
/usr/local/rvm/gems/ruby-2.3.0/gems/activerecord-5.0.0.1/lib/active_record/transactions.rb:319:in `block in save'
/usr/local/rvm/gems/ruby-2.3.0/gems/activerecord-5.0.0.1/lib/active_record/transactions.rb:334:in `rollback_active_record_state!'
/usr/local/rvm/gems/ruby-2.3.0/gems/activerecord-5.0.0.1/lib/active_record/transactions.rb:318:in `save'
/usr/local/rvm/gems/ruby-2.3.0/gems/activerecord-5.0.0.1/lib/active_record/suppressor.rb:41:in `save'
/usr/local/rvm/gems/ruby-2.3.0/gems/activerecord-5.0.0.1/lib/active_record/persistence.rb:266:in `block in update'
/usr/local/rvm/gems/ruby-2.3.0/gems/activerecord-5.0.0.1/lib/active_record/transactions.rb:395:in `block in with_transaction_returning_status'
/usr/local/rvm/gems/ruby-2.3.0/gems/activerecord-5.0.0.1/lib/active_record/connection_adapters/abstract/database_statements.rb:230:in `transaction'
/usr/local/rvm/gems/ruby-2.3.0/gems/activerecord-5.0.0.1/lib/active_record/transactions.rb:211:in `transaction'
/usr/local/rvm/gems/ruby-2.3.0/gems/activerecord-5.0.0.1/lib/active_record/transactions.rb:392:in `with_transaction_returning_status'
/usr/local/rvm/gems/ruby-2.3.0/gems/activerecord-5.0.0.1/lib/active_record/persistence.rb:264:in `update'
/home/ubuntu/workspace/matchme/app/models/match.rb:25:in `add_percent'
/usr/local/rvm/gems/ruby-2.3.0/gems/activesupport-5.0.0.1/lib/active_support/callbacks.rb:382:in `block in make_lambda'
/usr/local/rvm/gems/ruby-2.3.0/gems/activesupport-5.0.0.1/lib/active_support/callbacks.rb:207:in `block in halting_and_conditional'
/usr/local/rvm/gems/ruby-2.3.0/gems/activesupport-5.0.0.1/lib/active_support/callbacks.rb:456:in `block in call'
/usr/local/rvm/gems/ruby-2.3.0/gems/activesupport-5.0.0.1/lib/active_support/callbacks.rb:456:in `each'
/usr/local/rvm/gems/ruby-2.3.0/gems/activesupport-5.0.0.1/lib/active_support/callbacks.rb:456:in `call'
/usr/local/rvm/gems/ruby-2.3.0/gems/activesupport-5.0.0.1/lib/active_support/callbacks.rb:101:in `__run_callbacks__'
/usr/local/rvm/gems/ruby-2.3.0/gems/activesupport-5.0.0.1/lib/active_support/callbacks.rb:750:in `_run_save_callbacks'
/usr/local/rvm/gems/ruby-2.3.0/gems/activerecord-5.0.0.1/lib/active_record/callbacks.rb:298:in `create_or_update'
/usr/local/rvm/gems/ruby-2.3.0/gems/activerecord-5.0.0.1/lib/active_record/persistence.rb:125:in `save'
/usr/local/rvm/gems/ruby-2.3.0/gems/activerecord-5.0.0.1/lib/active_record/validations.rb:44:in `save'
/usr/local/rvm/gems/ruby-2.3.0/gems/activerecord-5.0.0.1/lib/active_record/attribute_methods/dirty.rb:22:in `save'
/usr/local/rvm/gems/ruby-2.3.0/gems/activerecord-5.0.0.1/lib/active_record/transactions.rb:319:in `block (2 levels) in save'
/usr/local/rvm/gems/ruby-2.3.0/gems/activerecord-5.0.0.1/lib/active_record/transactions.rb:395:in `block in with_transaction_returning_status'
/usr/local/rvm/gems/ruby-2.3.0/gems/activerecord-5.0.0.1/lib/active_record/connection_adapters/abstract/database_statements.rb:230:in `transaction'
/usr/local/rvm/gems/ruby-2.3.0/gems/activerecord-5.0.0.1/lib/active_record/transactions.rb:211:in `transaction'
/usr/local/rvm/gems/ruby-2.3.0/gems/activerecord-5.0.0.1/lib/active_record/transactions.rb:392:in `with_transaction_returning_status'
/usr/local/rvm/gems/ruby-2.3.0/gems/activerecord-5.0.0.1/lib/active_record/transactions.rb:319:in `block in save'
/usr/local/rvm/gems/ruby-2.3.0/gems/activerecord-5.0.0.1/lib/active_record/transactions.rb:334:in `rollback_active_record_state!'
/usr/local/rvm/gems/ruby-2.3.0/gems/activerecord-5.0.0.1/lib/active_record/transactions.rb:318:in `save'
/usr/local/rvm/gems/ruby-2.3.0/gems/activerecord-5.0.0.1/lib/active_record/suppressor.rb:41:in `save'
/usr/local/rvm/gems/ruby-2.3.0/gems/activerecord-5.0.0.1/lib/active_record/persistence.rb:266:in `block in update'
/usr/local/rvm/gems/ruby-2.3.0/gems/activerecord-5.0.0.1/lib/active_record/transactions.rb:395:in `block in with_transaction_returning_status'
/usr/local/rvm/gems/ruby-2.3.0/gems/activerecord-5.0.0.1/lib/active_record/connection_adapters/abstract/database_statements.rb:230:in `transaction'
/usr/local/rvm/gems/ruby-2.3.0/gems/activerecord-5.0.0.1/lib/active_record/transactions.rb:211:in `transaction'
/usr/local/rvm/gems/ruby-2.3.0/gems/activerecord-5.0.0.1/lib/active_record/transactions.rb:392:in `with_transaction_returning_status'
/usr/local/rvm/gems/ruby-2.3.0/gems/activerecord-5.0.0.1/lib/active_record/persistence.rb:264:in `update'
/home/ubuntu/workspace/matchme/app/models/match.rb:25:in `add_percent'
/usr/local/rvm/gems/ruby-2.3.0/gems/activesupport-5.0.0.1/lib/active_support/callbacks.rb:382:in `block in make_lambda'
/usr/local/rvm/gems/ruby-2.3.0/gems/activesupport-5.0.0.1/lib/active_support/callbacks.rb:207:in `block in halting_and_conditional'
/usr/local/rvm/gems/ruby-2.3.0/gems/activesupport-5.0.0.1/lib/active_support/callbacks.rb:456:in `block in call'
/usr/local/rvm/gems/ruby-2.3.0/gems/activesupport-5.0.0.1/lib/active_support/callbacks.rb:456:in `each'
/usr/local/rvm/gems/ruby-2.3.0/gems/activesupport-5.0.0.1/lib/active_support/callbacks.rb:456:in `call'
/usr/local/rvm/gems/ruby-2.3.0/gems/activesupport-5.0.0.1/lib/active_support/callbacks.rb:101:in `__run_callbacks__'
/usr/local/rvm/gems/ruby-2.3.0/gems/activesupport-5.0.0.1/lib/active_support/callbacks.rb:750:in `_run_save_callbacks'
/usr/local/rvm/gems/ruby-2.3.0/gems/activerecord-5.0.0.1/lib/active_record/callbacks.rb:298:in `create_or_update'
/usr/local/rvm/gems/ruby-2.3.0/gems/activerecord-5.0.0.1/lib/active_record/persistence.rb:125:in `save'
/usr/local/rvm/gems/ruby-2.3.0/gems/activerecord-5.0.0.1/lib/active_record/validations.rb:44:in `save'
/usr/local/rvm/gems/ruby-2.3.0/gems/activerecord-5.0.0.1/lib/active_record/attribute_methods/dirty.rb:22:in `save'
/usr/local/rvm/gems/ruby-2.3.0/gems/activerecord-5.0.0.1/lib/active_record/transactions.rb:319:in `block (2 levels) in save'
/usr/local/rvm/gems/ruby-2.3.0/gems/activerecord-5.0.0.1/lib/active_record/transactions.rb:395:in `block in with_transaction_returning_status'
/usr/local/rvm/gems/ruby-2.3.0/gems/activerecord-5.0.0.1/lib/active_record/connection_adapters/abstract/database_statements.rb:230:in `transaction'
/usr/local/rvm/gems/ruby-2.3.0/gems/activerecord-5.0.0.1/lib/active_record/transactions.rb:211:in `transaction'
/usr/local/rvm/gems/ruby-2.3.0/gems/activerecord-5.0.0.1/lib/active_record/transactions.rb:392:in `with_transaction_returning_status'
/usr/local/rvm/gems/ruby-2.3.0/gems/activerecord-5.0.0.1/lib/active_record/transactions.rb:319:in `block in save'
/usr/local/rvm/gems/ruby-2.3.0/gems/activerecord-5.0.0.1/lib/active_record/transactions.rb:334:in `rollback_active_record_state!'
/usr/local/rvm/gems/ruby-2.3.0/gems/activerecord-5.0.0.1/lib/active_record/transactions.rb:318:in `save'
/usr/local/rvm/gems/ruby-2.3.0/gems/activerecord-5.0.0.1/lib/active_record/suppressor.rb:41:in `save'
/usr/local/rvm/gems/ruby-2.3.0/gems/activerecord-5.0.0.1/lib/active_record/persistence.rb:266:in `block in update'
/usr/local/rvm/gems/ruby-2.3.0/gems/activerecord-5.0.0.1/lib/active_record/transactions.rb:395:in `block in with_transaction_returning_status'
/usr/local/rvm/gems/ruby-2.3.0/gems/activerecord-5.0.0.1/lib/active_record/connection_adapters/abstract/database_statements.rb:230:in `transaction'
/usr/local/rvm/gems/ruby-2.3.0/gems/activerecord-5.0.0.1/lib/active_record/transactions.rb:211:in `transaction'
/usr/local/rvm/gems/ruby-2.3.0/gems/activerecord-5.0.0.1/lib/active_record/transactions.rb:392:in `with_transaction_returning_status'
/usr/local/rvm/gems/ruby-2.3.0/gems/activerecord-5.0.0.1/lib/active_record/persistence.rb:264:in `update'
/home/ubuntu/workspace/matchme/app/models/match.rb:25:in `add_percent'
/usr/local/rvm/gems/ruby-2.3.0/gems/activesupport-5.0.0.1/lib/active_support/callbacks.rb:382:in `block in make_lambda'
/usr/local/rvm/gems/ruby-2.3.0/gems/activesupport-5.0.0.1/lib/active_support/callbacks.rb:207:in `block in halting_and_conditional'
/usr/local/rvm/gems/ruby-2.3.0/gems/activesupport-5.0.0.1/lib/active_support/callbacks.rb:456:in `block in call'
/usr/local/rvm/gems/ruby-2.3.0/gems/activesupport-5.0.0.1/lib/active_support/callbacks.rb:456:in `each'
/usr/local/rvm/gems/ruby-2.3.0/gems/activesupport-5.0.0.1/lib/active_support/callbacks.rb:456:in `call'
/usr/local/rvm/gems/ruby-2.3.0/gems/activesupport-5.0.0.1/lib/active_support/callbacks.rb:101:in `__run_callbacks__'
/usr/local/rvm/gems/ruby-2.3.0/gems/activesupport-5.0.0.1/lib/active_support/callbacks.rb:750:in `_run_save_callbacks'
/usr/local/rvm/gems/ruby-2.3.0/gems/activerecord-5.0.0.1/lib/active_record/callbacks.rb:298:in `create_or_update'
/usr/local/rvm/gems/ruby-2.3.0/gems/activerecord-5.0.0.1/lib/active_record/persistence.rb:125:in `save'
/usr/local/rvm/gems/ruby-2.3.0/gems/activerecord-5.0.0.1/lib/active_record/validations.rb:44:in `save'
/usr/local/rvm/gems/ruby-2.3.0/gems/activerecord-5.0.0.1/lib/active_record/attribute_methods/dirty.rb:22:in `save'
/usr/local/rvm/gems/ruby-2.3.0/gems/activerecord-5.0.0.1/lib/active_record/transactions.rb:319:in `block (2 levels) in save'
/usr/local/rvm/gems/ruby-2.3.0/gems/activerecord-5.0.0.1/lib/active_record/transactions.rb:395:in `block in with_transaction_returning_status'
/usr/local/rvm/gems/ruby-2.3.0/gems/activerecord-5.0.0.1/lib/active_record/connection_adapters/abstract/database_statements.rb:230:in `transaction'
/usr/local/rvm/gems/ruby-2.3.0/gems/activerecord-5.0.0.1/lib/active_record/transactions.rb:211:in `transaction'
/usr/local/rvm/gems/ruby-2.3.0/gems/activerecord-5.0.0.1/lib/active_record/transactions.rb:392:in `with_transaction_returning_status'
/usr/local/rvm/gems/ruby-2.3.0/gems/activerecord-5.0.0.1/lib/active_record/transactions.rb:319:in `block in save'
/usr/local/rvm/gems/ruby-2.3.0/gems/activerecord-5.0.0.1/lib/active_record/transactions.rb:334:in `rollback_active_record_state!'
/usr/local/rvm/gems/ruby-2.3.0/gems/activerecord-5.0.0.1/lib/active_record/transactions.rb:318:in `save'
/usr/local/rvm/gems/ruby-2.3.0/gems/activerecord-5.0.0.1/lib/active_record/suppressor.rb:41:in `save'
/usr/local/rvm/gems/ruby-2.3.0/gems/activerecord-5.0.0.1/lib/active_record/persistence.rb:266:in `block in update'
/usr/local/rvm/gems/ruby-2.3.0/gems/activerecord-5.0.0.1/lib/active_record/transactions.rb:395:in `block in with_transaction_returning_status'
/usr/local/rvm/gems/ruby-2.3.0/gems/activerecord-5.0.0.1/lib/active_record/connection_adapters/abstract/database_statements.rb:230:in `transaction'
/usr/local/rvm/gems/ruby-2.3.0/gems/activerecord-5.0.0.1/lib/active_record/transactions.rb:211:in `transaction'
/usr/local/rvm/gems/ruby-2.3.0/gems/activerecord-5.0.0.1/lib/active_record/transactions.rb:392:in `with_transaction_returning_status'
/usr/local/rvm/gems/ruby-2.3.0/gems/activerecord-5.0.0.1/lib/active_record/persistence.rb:264:in `update'
/home/ubuntu/workspace/matchme/app/models/match.rb:25:in `add_percent'
/usr/local/rvm/gems/ruby-2.3.0/gems/activesupport-5.0.0.1/lib/active_support/callbacks.rb:382:in `block in make_lambda'
/usr/local/rvm/gems/ruby-2.3.0/gems/activesupport-5.0.0.1/lib/active_support/callbacks.rb:207:in `block in halting_and_conditional'
/usr/local/rvm/gems/ruby-2.3.0/gems/activesupport-5.0.0.1/lib/active_support/callbacks.rb:456:in `block in call'
/usr/local/rvm/gems/ruby-2.3.0/gems/activesupport-5.0.0.1/lib/active_support/callbacks.rb:456:in `each'
/usr/local/rvm/gems/ruby-2.3.0/gems/activesupport-5.0.0.1/lib/active_support/callbacks.rb:456:in `call'
/usr/local/rvm/gems/ruby-2.3.0/gems/activesupport-5.0.0.1/lib/active_support/callbacks.rb:101:in `__run_callbacks__'
/usr/local/rvm/gems/ruby-2.3.0/gems/activesupport-5.0.0.1/lib/active_support/callbacks.rb:750:in `_run_save_callbacks'
/usr/local/rvm/gems/ruby-2.3.0/gems/activerecord-5.0.0.1/lib/active_record/callbacks.rb:298:in `create_or_update'
/usr/local/rvm/gems/ruby-2.3.0/gems/activerecord-5.0.0.1/lib/active_record/persistence.rb:125:in `save'
/usr/local/rvm/gems/ruby-2.3.0/gems/activerecord-5.0.0.1/lib/active_record/validations.rb:44:in `save'
/usr/local/rvm/gems/ruby-2.3.0/gems/activerecord-5.0.0.1/lib/active_record/attribute_methods/dirty.rb:22:in `save'
/usr/local/rvm/gems/ruby-2.3.0/gems/activerecord-5.0.0.1/lib/active_record/transactions.rb:319:in `block (2 levels) in save'
/usr/local/rvm/gems/ruby-2.3.0/gems/activerecord-5.0.0.1/lib/active_record/transactions.rb:395:in `block in with_transaction_returning_status'
/usr/local/rvm/gems/ruby-2.3.0/gems/activerecord-5.0.0.1/lib/active_record/connection_adapters/abstract/database_statements.rb:230:in `transaction'
/usr/local/rvm/gems/ruby-2.3.0/gems/activerecord-5.0.0.1/lib/active_record/transactions.rb:211:in `transaction'
/usr/local/rvm/gems/ruby-2.3.0/gems/activerecord-5.0.0.1/lib/active_record/transactions.rb:392:in `with_transaction_returning_status'
/usr/local/rvm/gems/ruby-2.3.0/gems/activerecord-5.0.0.1/lib/active_record/transactions.rb:319:in `block in save'
/usr/local/rvm/gems/ruby-2.3.0/gems/activerecord-5.0.0.1/lib/active_record/transactions.rb:334:in `rollback_active_record_state!'
/usr/local/rvm/gems/ruby-2.3.0/gems/activerecord-5.0.0.1/lib/active_record/transactions.rb:318:in `save'
/usr/local/rvm/gems/ruby-2.3.0/gems/activerecord-5.0.0.1/lib/active_record/suppressor.rb:41:in `save'
/usr/local/rvm/gems/ruby-2.3.0/gems/activerecord-5.0.0.1/lib/active_record/persistence.rb:266:in `block in update'
/usr/local/rvm/gems/ruby-2.3.0/gems/activerecord-5.0.0.1/lib/active_record/transactions.rb:395:in `block in with_transaction_returning_status'
/usr/local/rvm/gems/ruby-2.3.0/gems/activerecord-5.0.0.1/lib/active_record/connection_adapters/abstract/database_statements.rb:230:in `transaction'
/usr/local/rvm/gems/ruby-2.3.0/gems/activerecord-5.0.0.1/lib/active_record/transactions.rb:211:in `transaction'
/usr/local/rvm/gems/ruby-2.3.0/gems/activerecord-5.0.0.1/lib/active_record/transactions.rb:392:in `with_transaction_returning_status'
/usr/local/rvm/gems/ruby-2.3.0/gems/activerecord-5.0.0.1/lib/active_record/persistence.rb:264:in `update'
/home/ubuntu/workspace/matchme/app/models/match.rb:25:in `add_percent'
/usr/local/rvm/gems/ruby-2.3.0/gems/activesupport-5.0.0.1/lib/active_support/callbacks.rb:382:in `block in make_lambda'
/usr/local/rvm/gems/ruby-2.3.0/gems/activesupport-5.0.0.1/lib/active_support/callbacks.rb:207:in `block in halting_and_conditional'
/usr/local/rvm/gems/ruby-2.3.0/gems/activesupport-5.0.0.1/lib/active_support/callbacks.rb:456:in `block in call'
/usr/local/rvm/gems/ruby-2.3.0/gems/activesupport-5.0.0.1/lib/active_support/callbacks.rb:456:in `each'
/usr/local/rvm/gems/ruby-2.3.0/gems/activesupport-5.0.0.1/lib/active_support/callbacks.rb:456:in `call'
/usr/local/rvm/gems/ruby-2.3.0/gems/activesupport-5.0.0.1/lib/active_support/callbacks.rb:101:in `__run_callbacks__'
/usr/local/rvm/gems/ruby-2.3.0/gems/activesupport-5.0.0.1/lib/active_support/callbacks.rb:750:in `_run_save_callbacks'
/usr/local/rvm/gems/ruby-2.3.0/gems/activerecord-5.0.0.1/lib/active_record/callbacks.rb:298:in `create_or_update'
/usr/local/rvm/gems/ruby-2.3.0/gems/activerecord-5.0.0.1/lib/active_record/persistence.rb:125:in `save'
/usr/local/rvm/gems/ruby-2.3.0/gems/activerecord-5.0.0.1/lib/active_record/validations.rb:44:in `save'
/usr/local/rvm/gems/ruby-2.3.0/gems/activerecord-5.0.0.1/lib/active_record/attribute_methods/dirty.rb:22:in `save'
/usr/local/rvm/gems/ruby-2.3.0/gems/activerecord-5.0.0.1/lib/active_record/transactions.rb:319:in `block (2 levels) in save'
/usr/local/rvm/gems/ruby-2.3.0/gems/activerecord-5.0.0.1/lib/active_record/transactions.rb:395:in `block in with_transaction_returning_status'
/usr/local/rvm/gems/ruby-2.3.0/gems/activerecord-5.0.0.1/lib/active_record/connection_adapters/abstract/database_statements.rb:230:in `transaction'
/usr/local/rvm/gems/ruby-2.3.0/gems/activerecord-5.0.0.1/lib/active_record/transactions.rb:211:in `transaction'
/usr/local/rvm/gems/ruby-2.3.0/gems/activerecord-5.0.0.1/lib/active_record/transactions.rb:392:in `with_transaction_returning_status'
/usr/local/rvm/gems/ruby-2.3.0/gems/activerecord-5.0.0.1/lib/active_record/transactions.rb:319:in `block in save'
/usr/local/rvm/gems/ruby-2.3.0/gems/activerecord-5.0.0.1/lib/active_record/transactions.rb:334:in `rollback_active_record_state!'
/usr/local/rvm/gems/ruby-2.3.0/gems/activerecord-5.0.0.1/lib/active_record/transactions.rb:318:in `save'
/usr/local/rvm/gems/ruby-2.3.0/gems/activerecord-5.0.0.1/lib/active_record/suppressor.rb:41:in `save'
/usr/local/rvm/gems/ruby-2.3.0/gems/activerecord-5.0.0.1/lib/active_record/persistence.rb:266:in `block in update'
/usr/local/rvm/gems/ruby-2.3.0/gems/activerecord-5.0.0.1/lib/active_record/transactions.rb:395:in `block in with_transaction_returning_status'
/usr/local/rvm/gems/ruby-2.3.0/gems/activerecord-5.0.0.1/lib/active_record/connection_adapters/abstract/database_statements.rb:230:in `transaction'
/usr/local/rvm/gems/ruby-2.3.0/gems/activerecord-5.0.0.1/lib/active_record/transactions.rb:211:in `transaction'
/usr/local/rvm/gems/ruby-2.3.0/gems/activerecord-5.0.0.1/lib/active_record/transactions.rb:392:in `with_transaction_returning_status'
/usr/local/rvm/gems/ruby-2.3.0/gems/activerecord-5.0.0.1/lib/active_record/persistence.rb:264:in `update'
/home/ubuntu/workspace/matchme/app/models/match.rb:25:in `add_percent'
/usr/local/rvm/gems/ruby-2.3.0/gems/activesupport-5.0.0.1/lib/active_support/callbacks.rb:382:in `block in make_lambda'
/usr/local/rvm/gems/ruby-2.3.0/gems/activesupport-5.0.0.1/lib/active_support/callbacks.rb:207:in `block in halting_and_conditional'
/usr/local/rvm/gems/ruby-2.3.0/gems/activesupport-5.0.0.1/lib/active_support/callbacks.rb:456:in `block in call'
/usr/local/rvm/gems/ruby-2.3.0/gems/activesupport-5.0.0.1/lib/active_support/callbacks.rb:456:in `each'
/usr/local/rvm/gems/ruby-2.3.0/gems/activesupport-5.0.0.1/lib/active_support/callbacks.rb:456:in `call'
/usr/local/rvm/gems/ruby-2.3.0/gems/activesupport-5.0.0.1/lib/active_support/callbacks.rb:101:in `__run_callbacks__'
/usr/local/rvm/gems/ruby-2.3.0/gems/activesupport-5.0.0.1/lib/active_support/callbacks.rb:750:in `_run_save_callbacks'
/usr/local/rvm/gems/ruby-2.3.0/gems/activerecord-5.0.0.1/lib/active_record/callbacks.rb:298:in `create_or_update'
/usr/local/rvm/gems/ruby-2.3.0/gems/activerecord-5.0.0.1/lib/active_record/persistence.rb:125:in `save'
/usr/local/rvm/gems/ruby-2.3.0/gems/activerecord-5.0.0.1/lib/active_record/validations.rb:44:in `save'
/usr/local/rvm/gems/ruby-2.3.0/gems/activerecord-5.0.0.1/lib/active_record/attribute_methods/dirty.rb:22:in `save'
/usr/local/rvm/gems/ruby-2.3.0/gems/activerecord-5.0.0.1/lib/active_record/transactions.rb:319:in `block (2 levels) in save'
/usr/local/rvm/gems/ruby-2.3.0/gems/activerecord-5.0.0.1/lib/active_record/transactions.rb:395:in `block in with_transaction_returning_status'
/usr/local/rvm/gems/ruby-2.3.0/gems/activerecord-5.0.0.1/lib/active_record/connection_adapters/abstract/database_statements.rb:230:in `transaction'
/usr/local/rvm/gems/ruby-2.3.0/gems/activerecord-5.0.0.1/lib/active_record/transactions.rb:211:in `transaction'
/usr/local/rvm/gems/ruby-2.3.0/gems/activerecord-5.0.0.1/lib/active_record/transactions.rb:392:in `with_transaction_returning_status'
/usr/local/rvm/gems/ruby-2.3.0/gems/activerecord-5.0.0.1/lib/active_record/transactions.rb:319:in `block in save'
/usr/local/rvm/gems/ruby-2.3.0/gems/activerecord-5.0.0.1/lib/active_record/transactions.rb:334:in `rollback_active_record_state!'
/usr/local/rvm/gems/ruby-2.3.0/gems/activerecord-5.0.0.1/lib/active_record/transactions.rb:318:in `save'
/usr/local/rvm/gems/ruby-2.3.0/gems/activerecord-5.0.0.1/lib/active_record/suppressor.rb:41:in `save'
/usr/local/rvm/gems/ruby-2.3.0/gems/activerecord-5.0.0.1/lib/active_record/persistence.rb:266:in `block in update'
/usr/local/rvm/gems/ruby-2.3.0/gems/activerecord-5.0.0.1/lib/active_record/transactions.rb:395:in `block in with_transaction_returning_status'
/usr/local/rvm/gems/ruby-2.3.0/gems/activerecord-5.0.0.1/lib/active_record/connection_adapters/abstract/database_statements.rb:230:in `transaction'
/usr/local/rvm/gems/ruby-2.3.0/gems/activerecord-5.0.0.1/lib/active_record/transactions.rb:211:in `transaction'
/usr/local/rvm/gems/ruby-2.3.0/gems/activerecord-5.0.0.1/lib/active_record/transactions.rb:392:in `with_transaction_returning_status'
/usr/local/rvm/gems/ruby-2.3.0/gems/activerecord-5.0.0.1/lib/active_record/persistence.rb:264:in `update'
/home/ubuntu/workspace/matchme/app/models/match.rb:25:in `add_percent'
/usr/local/rvm/gems/ruby-2.3.0/gems/activesupport-5.0.0.1/lib/active_support/callbacks.rb:382:in `block in make_lambda'
/usr/local/rvm/gems/ruby-2.3.0/gems/activesupport-5.0.0.1/lib/active_support/callbacks.rb:207:in `block in halting_and_conditional'
/usr/local/rvm/gems/ruby-2.3.0/gems/activesupport-5.0.0.1/lib/active_support/callbacks.rb:456:in `block in call'
/usr/local/rvm/gems/ruby-2.3.0/gems/activesupport-5.0.0.1/lib/active_support/callbacks.rb:456:in `each'
/usr/local/rvm/gems/ruby-2.3.0/gems/activesupport-5.0.0.1/lib/active_support/callbacks.rb:456:in `call'
/usr/local/rvm/gems/ruby-2.3.0/gems/activesupport-5.0.0.1/lib/active_support/callbacks.rb:101:in `__run_callbacks__'
/usr/local/rvm/gems/ruby-2.3.0/gems/activesupport-5.0.0.1/lib/active_support/callbacks.rb:750:in `_run_save_callbacks'
/usr/local/rvm/gems/ruby-2.3.0/gems/activerecord-5.0.0.1/lib/active_record/callbacks.rb:298:in `create_or_update'
/usr/local/rvm/gems/ruby-2.3.0/gems/activerecord-5.0.0.1/lib/active_record/persistence.rb:125:in `save'
/usr/local/rvm/gems/ruby-2.3.0/gems/activerecord-5.0.0.1/lib/active_record/validations.rb:44:in `save'
/usr/local/rvm/gems/ruby-2.3.0/gems/activerecord-5.0.0.1/lib/active_record/attribute_methods/dirty.rb:22:in `save'
/usr/local/rvm/gems/ruby-2.3.0/gems/activerecord-5.0.0.1/lib/active_record/transactions.rb:319:in `block (2 levels) in save'
/usr/local/rvm/gems/ruby-2.3.0/gems/activerecord-5.0.0.1/lib/active_record/transactions.rb:395:in `block in with_transaction_returning_status'
/usr/local/rvm/gems/ruby-2.3.0/gems/activerecord-5.0.0.1/lib/active_record/connection_adapters/abstract/database_statements.rb:230:in `transaction'
/usr/local/rvm/gems/ruby-2.3.0/gems/activerecord-5.0.0.1/lib/active_record/transactions.rb:211:in `transaction'
/usr/local/rvm/gems/ruby-2.3.0/gems/activerecord-5.0.0.1/lib/active_record/transactions.rb:392:in `with_transaction_returning_status'
/usr/local/rvm/gems/ruby-2.3.0/gems/activerecord-5.0.0.1/lib/active_record/transactions.rb:319:in `block in save'
/usr/local/rvm/gems/ruby-2.3.0/gems/activerecord-5.0.0.1/lib/active_record/transactions.rb:334:in `rollback_active_record_state!'
/usr/local/rvm/gems/ruby-2.3.0/gems/activerecord-5.0.0.1/lib/active_record/transactions.rb:318:in `save'
/usr/local/rvm/gems/ruby-2.3.0/gems/activerecord-5.0.0.1/lib/active_record/suppressor.rb:41:in `save'
/usr/local/rvm/gems/ruby-2.3.0/gems/activerecord-5.0.0.1/lib/active_record/persistence.rb:266:in `block in update'
/usr/local/rvm/gems/ruby-2.3.0/gems/activerecord-5.0.0.1/lib/active_record/transactions.rb:395:in `block in with_transaction_returning_status'
/usr/local/rvm/gems/ruby-2.3.0/gems/activerecord-5.0.0.1/lib/active_record/connection_adapters/abstract/database_statements.rb:230:in `transaction'
/usr/local/rvm/gems/ruby-2.3.0/gems/activerecord-5.0.0.1/lib/active_record/transactions.rb:211:in `transaction'
/usr/local/rvm/gems/ruby-2.3.0/gems/activerecord-5.0.0.1/lib/active_record/transactions.rb:392:in `with_transaction_returning_status'
/usr/local/rvm/gems/ruby-2.3.0/gems/activerecord-5.0.0.1/lib/active_record/persistence.rb:264:in `update'
/home/ubuntu/workspace/matchme/app/models/match.rb:25:in `add_percent'
/usr/local/rvm/gems/ruby-2.3.0/gems/activesupport-5.0.0.1/lib/active_support/callbacks.rb:382:in `block in make_lambda'
/usr/local/rvm/gems/ruby-2.3.0/gems/activesupport-5.0.0.1/lib/active_support/callbacks.rb:207:in `block in halting_and_conditional'
/usr/local/rvm/gems/ruby-2.3.0/gems/activesupport-5.0.0.1/lib/active_support/callbacks.rb:456:in `block in call'
/usr/local/rvm/gems/ruby-2.3.0/gems/activesupport-5.0.0.1/lib/active_support/callbacks.rb:456:in `each'
/usr/local/rvm/gems/ruby-2.3.0/gems/activesupport-5.0.0.1/lib/active_support/callbacks.rb:456:in `call'
/usr/local/rvm/gems/ruby-2.3.0/gems/activesupport-5.0.0.1/lib/active_support/callbacks.rb:101:in `__run_callbacks__'
/usr/local/rvm/gems/ruby-2.3.0/gems/activesupport-5.0.0.1/lib/active_support/callbacks.rb:750:in `_run_save_callbacks'
/usr/local/rvm/gems/ruby-2.3.0/gems/activerecord-5.0.0.1/lib/active_record/callbacks.rb:298:in `create_or_update'
/usr/local/rvm/gems/ruby-2.3.0/gems/activerecord-5.0.0.1/lib/active_record/persistence.rb:125:in `save'
/usr/local/rvm/gems/ruby-2.3.0/gems/activerecord-5.0.0.1/lib/active_record/validations.rb:44:in `save'
/usr/local/rvm/gems/ruby-2.3.0/gems/activerecord-5.0.0.1/lib/active_record/attribute_methods/dirty.rb:22:in `save'
/usr/local/rvm/gems/ruby-2.3.0/gems/activerecord-5.0.0.1/lib/active_record/transactions.rb:319:in `block (2 levels) in save'
/usr/local/rvm/gems/ruby-2.3.0/gems/activerecord-5.0.0.1/lib/active_record/transactions.rb:395:in `block in with_transaction_returning_status'
/usr/local/rvm/gems/ruby-2.3.0/gems/activerecord-5.0.0.1/lib/active_record/connection_adapters/abstract/database_statements.rb:230:in `transaction'
/usr/local/rvm/gems/ruby-2.3.0/gems/activerecord-5.0.0.1/lib/active_record/transactions.rb:211:in `transaction'
/usr/local/rvm/gems/ruby-2.3.0/gems/activerecord-5.0.0.1/lib/active_record/transactions.rb:392:in `with_transaction_returning_status'
/usr/local/rvm/gems/ruby-2.3.0/gems/activerecord-5.0.0.1/lib/active_record/transactions.rb:319:in `block in save'
/usr/local/rvm/gems/ruby-2.3.0/gems/activerecord-5.0.0.1/lib/active_record/transactions.rb:334:in `rollback_active_record_state!'
/usr/local/rvm/gems/ruby-2.3.0/gems/activerecord-5.0.0.1/lib/active_record/transactions.rb:318:in `save'
/usr/local/rvm/gems/ruby-2.3.0/gems/activerecord-5.0.0.1/lib/active_record/suppressor.rb:41:in `save'
/usr/local/rvm/gems/ruby-2.3.0/gems/activerecord-5.0.0.1/lib/active_record/persistence.rb:266:in `block in update'
/usr/local/rvm/gems/ruby-2.3.0/gems/activerecord-5.0.0.1/lib/active_record/transactions.rb:395:in `block in with_transaction_returning_status'
/usr/local/rvm/gems/ruby-2.3.0/gems/activerecord-5.0.0.1/lib/active_record/connection_adapters/abstract/database_statements.rb:230:in `transaction'
/usr/local/rvm/gems/ruby-2.3.0/gems/activerecord-5.0.0.1/lib/active_record/transactions.rb:211:in `transaction'
/usr/local/rvm/gems/ruby-2.3.0/gems/activerecord-5.0.0.1/lib/active_record/transactions.rb:392:in `with_transaction_returning_status'
/usr/local/rvm/gems/ruby-2.3.0/gems/activerecord-5.0.0.1/lib/active_record/persistence.rb:264:in `update'
/home/ubuntu/workspace/matchme/app/models/match.rb:25:in `add_percent'
/usr/local/rvm/gems/ruby-2.3.0/gems/activesupport-5.0.0.1/lib/active_support/callbacks.rb:382:in `block in make_lambda'
/usr/local/rvm/gems/ruby-2.3.0/gems/activesupport-5.0.0.1/lib/active_support/callbacks.rb:207:in `block in halting_and_conditional'
/usr/local/rvm/gems/ruby-2.3.0/gems/activesupport-5.0.0.1/lib/active_support/callbacks.rb:456:in `block in call'
/usr/local/rvm/gems/ruby-2.3.0/gems/activesupport-5.0.0.1/lib/active_support/callbacks.rb:456:in `each'
/usr/local/rvm/gems/ruby-2.3.0/gems/activesupport-5.0.0.1/lib/active_support/callbacks.rb:456:in `call'
/usr/local/rvm/gems/ruby-2.3.0/gems/activesupport-5.0.0.1/lib/active_support/callbacks.rb:101:in `__run_callbacks__'
/usr/local/rvm/gems/ruby-2.3.0/gems/activesupport-5.0.0.1/lib/active_support/callbacks.rb:750:in `_run_save_callbacks'
/usr/local/rvm/gems/ruby-2.3.0/gems/activerecord-5.0.0.1/lib/active_record/callbacks.rb:298:in `create_or_update'
/usr/local/rvm/gems/ruby-2.3.0/gems/activerecord-5.0.0.1/lib/active_record/persistence.rb:125:in `save'
/usr/local/rvm/gems/ruby-2.3.0/gems/activerecord-5.0.0.1/lib/active_record/validations.rb:44:in `save'
/usr/local/rvm/gems/ruby-2.3.0/gems/activerecord-5.0.0.1/lib/active_record/attribute_methods/dirty.rb:22:in `save'
/usr/local/rvm/gems/ruby-2.3.0/gems/activerecord-5.0.0.1/lib/active_record/transactions.rb:319:in `block (2 levels) in save'
/usr/local/rvm/gems/ruby-2.3.0/gems/activerecord-5.0.0.1/lib/active_record/transactions.rb:395:in `block in with_transaction_returning_status'
/usr/local/rvm/gems/ruby-2.3.0/gems/activerecord-5.0.0.1/lib/active_record/connection_adapters/abstract/database_statements.rb:230:in `transaction'
/usr/local/rvm/gems/ruby-2.3.0/gems/activerecord-5.0.0.1/lib/active_record/transactions.rb:211:in `transaction'
/usr/local/rvm/gems/ruby-2.3.0/gems/activerecord-5.0.0.1/lib/active_record/transactions.rb:392:in `with_transaction_returning_status'
/usr/local/rvm/gems/ruby-2.3.0/gems/activerecord-5.0.0.1/lib/active_record/transactions.rb:319:in `block in save'
/usr/local/rvm/gems/ruby-2.3.0/gems/activerecord-5.0.0.1/lib/active_record/transactions.rb:334:in `rollback_active_record_state!'
/usr/local/rvm/gems/ruby-2.3.0/gems/activerecord-5.0.0.1/lib/active_record/transactions.rb:318:in `save'
/usr/local/rvm/gems/ruby-2.3.0/gems/activerecord-5.0.0.1/lib/active_record/suppressor.rb:41:in `save'
/usr/local/rvm/gems/ruby-2.3.0/gems/activerecord-5.0.0.1/lib/active_record/persistence.rb:266:in `block in update'
/usr/local/rvm/gems/ruby-2.3.0/gems/activerecord-5.0.0.1/lib/active_record/transactions.rb:395:in `block in with_transaction_returning_status'
/usr/local/rvm/gems/ruby-2.3.0/gems/activerecord-5.0.0.1/lib/active_record/connection_adapters/abstract/database_statements.rb:230:in `transaction'
/usr/local/rvm/gems/ruby-2.3.0/gems/activerecord-5.0.0.1/lib/active_record/transactions.rb:211:in `transaction'
/usr/local/rvm/gems/ruby-2.3.0/gems/activerecord-5.0.0.1/lib/active_record/transactions.rb:392:in `with_transaction_returning_status'
/usr/local/rvm/gems/ruby-2.3.0/gems/activerecord-5.0.0.1/lib/active_record/persistence.rb:264:in `update'
/home/ubuntu/workspace/matchme/app/models/match.rb:25:in `add_percent'
/usr/local/rvm/gems/ruby-2.3.0/gems/activesupport-5.0.0.1/lib/active_support/callbacks.rb:382:in `block in make_lambda'
/usr/local/rvm/gems/ruby-2.3.0/gems/activesupport-5.0.0.1/lib/active_support/callbacks.rb:207:in `block in halting_and_conditional'
/usr/local/rvm/gems/ruby-2.3.0/gems/activesupport-5.0.0.1/lib/active_support/callbacks.rb:456:in `block in call'
/usr/local/rvm/gems/ruby-2.3.0/gems/activesupport-5.0.0.1/lib/active_support/callbacks.rb:456:in `each'
/usr/local/rvm/gems/ruby-2.3.0/gems/activesupport-5.0.0.1/lib/active_support/callbacks.rb:456:in `call'
/usr/local/rvm/gems/ruby-2.3.0/gems/activesupport-5.0.0.1/lib/active_support/callbacks.rb:101:in `__run_callbacks__'
/usr/local/rvm/gems/ruby-2.3.0/gems/activesupport-5.0.0.1/lib/active_support/callbacks.rb:750:in `_run_save_callbacks'
/usr/local/rvm/gems/ruby-2.3.0/gems/activerecord-5.0.0.1/lib/active_record/callbacks.rb:298:in `create_or_update'
/usr/local/rvm/gems/ruby-2.3.0/gems/activerecord-5.0.0.1/lib/active_record/persistence.rb:125:in `save'
/usr/local/rvm/gems/ruby-2.3.0/gems/activerecord-5.0.0.1/lib/active_record/validations.rb:44:in `save'
/usr/local/rvm/gems/ruby-2.3.0/gems/activerecord-5.0.0.1/lib/active_record/attribute_methods/dirty.rb:22:in `save'
/usr/local/rvm/gems/ruby-2.3.0/gems/activerecord-5.0.0.1/lib/active_record/transactions.rb:319:in `block (2 levels) in save'
/usr/local/rvm/gems/ruby-2.3.0/gems/activerecord-5.0.0.1/lib/active_record/transactions.rb:395:in `block in with_transaction_returning_status'
/usr/local/rvm/gems/ruby-2.3.0/gems/activerecord-5.0.0.1/lib/active_record/connection_adapters/abstract/database_statements.rb:230:in `transaction'
/usr/local/rvm/gems/ruby-2.3.0/gems/activerecord-5.0.0.1/lib/active_record/transactions.rb:211:in `transaction'
/usr/local/rvm/gems/ruby-2.3.0/gems/activerecord-5.0.0.1/lib/active_record/transactions.rb:392:in `with_transaction_returning_status'
/usr/local/rvm/gems/ruby-2.3.0/gems/activerecord-5.0.0.1/lib/active_record/transactions.rb:319:in `block in save'
/usr/local/rvm/gems/ruby-2.3.0/gems/activerecord-5.0.0.1/lib/active_record/transactions.rb:334:in `rollback_active_record_state!'
/usr/local/rvm/gems/ruby-2.3.0/gems/activerecord-5.0.0.1/lib/active_record/transactions.rb:318:in `save'
/usr/local/rvm/gems/ruby-2.3.0/gems/activerecord-5.0.0.1/lib/active_record/suppressor.rb:41:in `save'
/usr/local/rvm/gems/ruby-2.3.0/gems/activerecord-5.0.0.1/lib/active_record/persistence.rb:266:in `block in update'
/usr/local/rvm/gems/ruby-2.3.0/gems/activerecord-5.0.0.1/lib/active_record/transactions.rb:395:in `block in with_transaction_returning_status'
/usr/local/rvm/gems/ruby-2.3.0/gems/activerecord-5.0.0.1/lib/active_record/connection_adapters/abstract/database_statements.rb:230:in `transaction'
/usr/local/rvm/gems/ruby-2.3.0/gems/activerecord-5.0.0.1/lib/active_record/transactions.rb:211:in `transaction'
/usr/local/rvm/gems/ruby-2.3.0/gems/activerecord-5.0.0.1/lib/active_record/transactions.rb:392:in `with_transaction_returning_status'
/usr/local/rvm/gems/ruby-2.3.0/gems/activerecord-5.0.0.1/lib/active_record/persistence.rb:264:in `update'
/home/ubuntu/workspace/matchme/app/models/match.rb:25:in `add_percent'
/usr/local/rvm/gems/ruby-2.3.0/gems/activesupport-5.0.0.1/lib/active_support/callbacks.rb:382:in `block in make_lambda'
/usr/local/rvm/gems/ruby-2.3.0/gems/activesupport-5.0.0.1/lib/active_support/callbacks.rb:207:in `block in halting_and_conditional'
/usr/local/rvm/gems/ruby-2.3.0/gems/activesupport-5.0.0.1/lib/active_support/callbacks.rb:456:in `block in call'
/usr/local/rvm/gems/ruby-2.3.0/gems/activesupport-5.0.0.1/lib/active_support/callbacks.rb:456:in `each'
/usr/local/rvm/gems/ruby-2.3.0/gems/activesupport-5.0.0.1/lib/active_support/callbacks.rb:456:in `call'
/usr/local/rvm/gems/ruby-2.3.0/gems/activesupport-5.0.0.1/lib/active_support/callbacks.rb:101:in `__run_callbacks__'
/usr/local/rvm/gems/ruby-2.3.0/gems/activesupport-5.0.0.1/lib/active_support/callbacks.rb:750:in `_run_save_callbacks'
/usr/local/rvm/gems/ruby-2.3.0/gems/activerecord-5.0.0.1/lib/active_record/callbacks.rb:298:in `create_or_update'
/usr/local/rvm/gems/ruby-2.3.0/gems/activerecord-5.0.0.1/lib/active_record/persistence.rb:125:in `save'
/usr/local/rvm/gems/ruby-2.3.0/gems/activerecord-5.0.0.1/lib/active_record/validations.rb:44:in `save'
/usr/local/rvm/gems/ruby-2.3.0/gems/activerecord-5.0.0.1/lib/active_record/attribute_methods/dirty.rb:22:in `save'
/usr/local/rvm/gems/ruby-2.3.0/gems/activerecord-5.0.0.1/lib/active_record/transactions.rb:319:in `block (2 levels) in save'
/usr/local/rvm/gems/ruby-2.3.0/gems/activerecord-5.0.0.1/lib/active_record/transactions.rb:395:in `block in with_transaction_returning_status'
/usr/local/rvm/gems/ruby-2.3.0/gems/activerecord-5.0.0.1/lib/active_record/connection_adapters/abstract/database_statements.rb:230:in `transaction'
/usr/local/rvm/gems/ruby-2.3.0/gems/activerecord-5.0.0.1/lib/active_record/transactions.rb:211:in `transaction'
/usr/local/rvm/gems/ruby-2.3.0/gems/activerecord-5.0.0.1/lib/active_record/transactions.rb:392:in `with_transaction_returning_status'
/usr/local/rvm/gems/ruby-2.3.0/gems/activerecord-5.0.0.1/lib/active_record/transactions.rb:319:in `block in save'
/usr/local/rvm/gems/ruby-2.3.0/gems/activerecord-5.0.0.1/lib/active_record/transactions.rb:334:in `rollback_active_record_state!'
/usr/local/rvm/gems/ruby-2.3.0/gems/activerecord-5.0.0.1/lib/active_record/transactions.rb:318:in `save'
/usr/local/rvm/gems/ruby-2.3.0/gems/activerecord-5.0.0.1/lib/active_record/suppressor.rb:41:in `save'
/usr/local/rvm/gems/ruby-2.3.0/gems/activerecord-5.0.0.1/lib/active_record/persistence.rb:266:in `block in update'
/usr/local/rvm/gems/ruby-2.3.0/gems/activerecord-5.0.0.1/lib/active_record/transactions.rb:395:in `block in with_transaction_returning_status'
/usr/local/rvm/gems/ruby-2.3.0/gems/activerecord-5.0.0.1/lib/active_record/connection_adapters/abstract/database_statements.rb:230:in `transaction'
/usr/local/rvm/gems/ruby-2.3.0/gems/activerecord-5.0.0.1/lib/active_record/transactions.rb:211:in `transaction'
/usr/local/rvm/gems/ruby-2.3.0/gems/activerecord-5.0.0.1/lib/active_record/transactions.rb:392:in `with_transaction_returning_status'
/usr/local/rvm/gems/ruby-2.3.0/gems/activerecord-5.0.0.1/lib/active_record/persistence.rb:264:in `update'
/home/ubuntu/workspace/matchme/app/models/match.rb:25:in `add_percent'
/usr/local/rvm/gems/ruby-2.3.0/gems/activesupport-5.0.0.1/lib/active_support/callbacks.rb:382:in `block in make_lambda'
/usr/local/rvm/gems/ruby-2.3.0/gems/activesupport-5.0.0.1/lib/active_support/callbacks.rb:207:in `block in halting_and_conditional'
/usr/local/rvm/gems/ruby-2.3.0/gems/activesupport-5.0.0.1/lib/active_support/callbacks.rb:456:in `block in call'
/usr/local/rvm/gems/ruby-2.3.0/gems/activesupport-5.0.0.1/lib/active_support/callbacks.rb:456:in `each'
/usr/local/rvm/gems/ruby-2.3.0/gems/activesupport-5.0.0.1/lib/active_support/callbacks.rb:456:in `call'
/usr/local/rvm/gems/ruby-2.3.0/gems/activesupport-5.0.0.1/lib/active_support/callbacks.rb:101:in `__run_callbacks__'
/usr/local/rvm/gems/ruby-2.3.0/gems/activesupport-5.0.0.1/lib/active_support/callbacks.rb:750:in `_run_save_callbacks'
/usr/local/rvm/gems/ruby-2.3.0/gems/activerecord-5.0.0.1/lib/active_record/callbacks.rb:298:in `create_or_update'
/usr/local/rvm/gems/ruby-2.3.0/gems/activerecord-5.0.0.1/lib/active_record/persistence.rb:125:in `save'
/usr/local/rvm/gems/ruby-2.3.0/gems/activerecord-5.0.0.1/lib/active_record/validations.rb:44:in `save'
/usr/local/rvm/gems/ruby-2.3.0/gems/activerecord-5.0.0.1/lib/active_record/attribute_methods/dirty.rb:22:in `save'
/usr/local/rvm/gems/ruby-2.3.0/gems/activerecord-5.0.0.1/lib/active_record/transactions.rb:319:in `block (2 levels) in save'
/usr/local/rvm/gems/ruby-2.3.0/gems/activerecord-5.0.0.1/lib/active_record/transactions.rb:395:in `block in with_transaction_returning_status'
/usr/local/rvm/gems/ruby-2.3.0/gems/activerecord-5.0.0.1/lib/active_record/connection_adapters/abstract/database_statements.rb:230:in `transaction'
/usr/local/rvm/gems/ruby-2.3.0/gems/activerecord-5.0.0.1/lib/active_record/transactions.rb:211:in `transaction'
/usr/local/rvm/gems/ruby-2.3.0/gems/activerecord-5.0.0.1/lib/active_record/transactions.rb:392:in `with_transaction_returning_status'
/usr/local/rvm/gems/ruby-2.3.0/gems/activerecord-5.0.0.1/lib/active_record/transactions.rb:319:in `block in save'
/usr/local/rvm/gems/ruby-2.3.0/gems/activerecord-5.0.0.1/lib/active_record/transactions.rb:334:in `rollback_active_record_state!'
/usr/local/rvm/gems/ruby-2.3.0/gems/activerecord-5.0.0.1/lib/active_record/transactions.rb:318:in `save'
/usr/local/rvm/gems/ruby-2.3.0/gems/activerecord-5.0.0.1/lib/active_record/suppressor.rb:41:in `save'
/usr/local/rvm/gems/ruby-2.3.0/gems/activerecord-5.0.0.1/lib/active_record/persistence.rb:266:in `block in update'
/usr/local/rvm/gems/ruby-2.3.0/gems/activerecord-5.0.0.1/lib/active_record/transactions.rb:395:in `block in with_transaction_returning_status'
/usr/local/rvm/gems/ruby-2.3.0/gems/activerecord-5.0.0.1/lib/active_record/connection_adapters/abstract/database_statements.rb:230:in `transaction'
/usr/local/rvm/gems/ruby-2.3.0/gems/activerecord-5.0.0.1/lib/active_record/transactions.rb:211:in `transaction'
/usr/local/rvm/gems/ruby-2.3.0/gems/activerecord-5.0.0.1/lib/active_record/transactions.rb:392:in `with_transaction_returning_status'
/usr/local/rvm/gems/ruby-2.3.0/gems/activerecord-5.0.0.1/lib/active_record/persistence.rb:264:in `update'
/home/ubuntu/workspace/matchme/app/models/match.rb:25:in `add_percent'
/usr/local/rvm/gems/ruby-2.3.0/gems/activesupport-5.0.0.1/lib/active_support/callbacks.rb:382:in `block in make_lambda'
/usr/local/rvm/gems/ruby-2.3.0/gems/activesupport-5.0.0.1/lib/active_support/callbacks.rb:207:in `block in halting_and_conditional'
/usr/local/rvm/gems/ruby-2.3.0/gems/activesupport-5.0.0.1/lib/active_support/callbacks.rb:456:in `block in call'
/usr/local/rvm/gems/ruby-2.3.0/gems/activesupport-5.0.0.1/lib/active_support/callbacks.rb:456:in `each'
/usr/local/rvm/gems/ruby-2.3.0/gems/activesupport-5.0.0.1/lib/active_support/callbacks.rb:456:in `call'
/usr/local/rvm/gems/ruby-2.3.0/gems/activesupport-5.0.0.1/lib/active_support/callbacks.rb:101:in `__run_callbacks__'
/usr/local/rvm/gems/ruby-2.3.0/gems/activesupport-5.0.0.1/lib/active_support/callbacks.rb:750:in `_run_save_callbacks'
/usr/local/rvm/gems/ruby-2.3.0/gems/activerecord-5.0.0.1/lib/active_record/callbacks.rb:298:in `create_or_update'
/usr/local/rvm/gems/ruby-2.3.0/gems/activerecord-5.0.0.1/lib/active_record/persistence.rb:125:in `save'
/usr/local/rvm/gems/ruby-2.3.0/gems/activerecord-5.0.0.1/lib/active_record/validations.rb:44:in `save'
/usr/local/rvm/gems/ruby-2.3.0/gems/activerecord-5.0.0.1/lib/active_record/attribute_methods/dirty.rb:22:in `save'
/usr/local/rvm/gems/ruby-2.3.0/gems/activerecord-5.0.0.1/lib/active_record/transactions.rb:319:in `block (2 levels) in save'
/usr/local/rvm/gems/ruby-2.3.0/gems/activerecord-5.0.0.1/lib/active_record/transactions.rb:395:in `block in with_transaction_returning_status'
/usr/local/rvm/gems/ruby-2.3.0/gems/activerecord-5.0.0.1/lib/active_record/connection_adapters/abstract/database_statements.rb:230:in `transaction'
/usr/local/rvm/gems/ruby-2.3.0/gems/activerecord-5.0.0.1/lib/active_record/transactions.rb:211:in `transaction'
/usr/local/rvm/gems/ruby-2.3.0/gems/activerecord-5.0.0.1/lib/active_record/transactions.rb:392:in `with_transaction_returning_status'
/usr/local/rvm/gems/ruby-2.3.0/gems/activerecord-5.0.0.1/lib/active_record/transactions.rb:319:in `block in save'
/usr/local/rvm/gems/ruby-2.3.0/gems/activerecord-5.0.0.1/lib/active_record/transactions.rb:334:in `rollback_active_record_state!'
/usr/local/rvm/gems/ruby-2.3.0/gems/activerecord-5.0.0.1/lib/active_record/transactions.rb:318:in `save'
/usr/local/rvm/gems/ruby-2.3.0/gems/activerecord-5.0.0.1/lib/active_record/suppressor.rb:41:in `save'
/usr/local/rvm/gems/ruby-2.3.0/gems/activerecord-5.0.0.1/lib/active_record/persistence.rb:266:in `block in update'
/usr/local/rvm/gems/ruby-2.3.0/gems/activerecord-5.0.0.1/lib/active_record/transactions.rb:395:in `block in with_transaction_returning_status'
/usr/local/rvm/gems/ruby-2.3.0/gems/activerecord-5.0.0.1/lib/active_record/connection_adapters/abstract/database_statements.rb:230:in `transaction'
/usr/local/rvm/gems/ruby-2.3.0/gems/activerecord-5.0.0.1/lib/active_record/transactions.rb:211:in `transaction'
/usr/local/rvm/gems/ruby-2.3.0/gems/activerecord-5.0.0.1/lib/active_record/transactions.rb:392:in `with_transaction_returning_status'
/usr/local/rvm/gems/ruby-2.3.0/gems/activerecord-5.0.0.1/lib/active_record/persistence.rb:264:in `update'
/home/ubuntu/workspace/matchme/app/models/match.rb:25:in `add_percent'
/usr/local/rvm/gems/ruby-2.3.0/gems/activesupport-5.0.0.1/lib/active_support/callbacks.rb:382:in `block in make_lambda'
/usr/local/rvm/gems/ruby-2.3.0/gems/activesupport-5.0.0.1/lib/active_support/callbacks.rb:207:in `block in halting_and_conditional'
/usr/local/rvm/gems/ruby-2.3.0/gems/activesupport-5.0.0.1/lib/active_support/callbacks.rb:456:in `block in call'
/usr/local/rvm/gems/ruby-2.3.0/gems/activesupport-5.0.0.1/lib/active_support/callbacks.rb:456:in `each'
/usr/local/rvm/gems/ruby-2.3.0/gems/activesupport-5.0.0.1/lib/active_support/callbacks.rb:456:in `call'
/usr/local/rvm/gems/ruby-2.3.0/gems/activesupport-5.0.0.1/lib/active_support/callbacks.rb:101:in `__run_callbacks__'
/usr/local/rvm/gems/ruby-2.3.0/gems/activesupport-5.0.0.1/lib/active_support/callbacks.rb:750:in `_run_save_callbacks'
/usr/local/rvm/gems/ruby-2.3.0/gems/activerecord-5.0.0.1/lib/active_record/callbacks.rb:298:in `create_or_update'
/usr/local/rvm/gems/ruby-2.3.0/gems/activerecord-5.0.0.1/lib/active_record/persistence.rb:125:in `save'
/usr/local/rvm/gems/ruby-2.3.0/gems/activerecord-5.0.0.1/lib/active_record/validations.rb:44:in `save'
/usr/local/rvm/gems/ruby-2.3.0/gems/activerecord-5.0.0.1/lib/active_record/attribute_methods/dirty.rb:22:in `save'
/usr/local/rvm/gems/ruby-2.3.0/gems/activerecord-5.0.0.1/lib/active_record/transactions.rb:319:in `block (2 levels) in save'
/usr/local/rvm/gems/ruby-2.3.0/gems/activerecord-5.0.0.1/lib/active_record/transactions.rb:395:in `block in with_transaction_returning_status'
/usr/local/rvm/gems/ruby-2.3.0/gems/activerecord-5.0.0.1/lib/active_record/connection_adapters/abstract/database_statements.rb:230:in `transaction'
/usr/local/rvm/gems/ruby-2.3.0/gems/activerecord-5.0.0.1/lib/active_record/transactions.rb:211:in `transaction'
/usr/local/rvm/gems/ruby-2.3.0/gems/activerecord-5.0.0.1/lib/active_record/transactions.rb:392:in `with_transaction_returning_status'
/usr/local/rvm/gems/ruby-2.3.0/gems/activerecord-5.0.0.1/lib/active_record/transactions.rb:319:in `block in save'
/usr/local/rvm/gems/ruby-2.3.0/gems/activerecord-5.0.0.1/lib/active_record/transactions.rb:334:in `rollback_active_record_state!'
/usr/local/rvm/gems/ruby-2.3.0/gems/activerecord-5.0.0.1/lib/active_record/transactions.rb:318:in `save'
/usr/local/rvm/gems/ruby-2.3.0/gems/activerecord-5.0.0.1/lib/active_record/suppressor.rb:41:in `save'
/usr/local/rvm/gems/ruby-2.3.0/gems/activerecord-5.0.0.1/lib/active_record/persistence.rb:266:in `block in update'
/usr/local/rvm/gems/ruby-2.3.0/gems/activerecord-5.0.0.1/lib/active_record/transactions.rb:395:in `block in with_transaction_returning_status'
/usr/local/rvm/gems/ruby-2.3.0/gems/activerecord-5.0.0.1/lib/active_record/connection_adapters/abstract/database_statements.rb:230:in `transaction'
/usr/local/rvm/gems/ruby-2.3.0/gems/activerecord-5.0.0.1/lib/active_record/transactions.rb:211:in `transaction'
/usr/local/rvm/gems/ruby-2.3.0/gems/activerecord-5.0.0.1/lib/active_record/transactions.rb:392:in `with_transaction_returning_status'
/usr/local/rvm/gems/ruby-2.3.0/gems/activerecord-5.0.0.1/lib/active_record/persistence.rb:264:in `update'
/home/ubuntu/workspace/matchme/app/models/match.rb:25:in `add_percent'
/usr/local/rvm/gems/ruby-2.3.0/gems/activesupport-5.0.0.1/lib/active_support/callbacks.rb:382:in `block in make_lambda'
/usr/local/rvm/gems/ruby-2.3.0/gems/activesupport-5.0.0.1/lib/active_support/callbacks.rb:207:in `block in halting_and_conditional'
/usr/local/rvm/gems/ruby-2.3.0/gems/activesupport-5.0.0.1/lib/active_support/callbacks.rb:456:in `block in call'
/usr/local/rvm/gems/ruby-2.3.0/gems/activesupport-5.0.0.1/lib/active_support/callbacks.rb:456:in `each'
/usr/local/rvm/gems/ruby-2.3.0/gems/activesupport-5.0.0.1/lib/active_support/callbacks.rb:456:in `call'
/usr/local/rvm/gems/ruby-2.3.0/gems/activesupport-5.0.0.1/lib/active_support/callbacks.rb:101:in `__run_callbacks__'
/usr/local/rvm/gems/ruby-2.3.0/gems/activesupport-5.0.0.1/lib/active_support/callbacks.rb:750:in `_run_save_callbacks'
/usr/local/rvm/gems/ruby-2.3.0/gems/activerecord-5.0.0.1/lib/active_record/callbacks.rb:298:in `create_or_update'
/usr/local/rvm/gems/ruby-2.3.0/gems/activerecord-5.0.0.1/lib/active_record/persistence.rb:125:in `save'
/usr/local/rvm/gems/ruby-2.3.0/gems/activerecord-5.0.0.1/lib/active_record/validations.rb:44:in `save'
/usr/local/rvm/gems/ruby-2.3.0/gems/activerecord-5.0.0.1/lib/active_record/attribute_methods/dirty.rb:22:in `save'
/usr/local/rvm/gems/ruby-2.3.0/gems/activerecord-5.0.0.1/lib/active_record/transactions.rb:319:in `block (2 levels) in save'
/usr/local/rvm/gems/ruby-2.3.0/gems/activerecord-5.0.0.1/lib/active_record/transactions.rb:395:in `block in with_transaction_returning_status'
/usr/local/rvm/gems/ruby-2.3.0/gems/activerecord-5.0.0.1/lib/active_record/connection_adapters/abstract/database_statements.rb:230:in `transaction'
/usr/local/rvm/gems/ruby-2.3.0/gems/activerecord-5.0.0.1/lib/active_record/transactions.rb:211:in `transaction'
/usr/local/rvm/gems/ruby-2.3.0/gems/activerecord-5.0.0.1/lib/active_record/transactions.rb:392:in `with_transaction_returning_status'
/usr/local/rvm/gems/ruby-2.3.0/gems/activerecord-5.0.0.1/lib/active_record/transactions.rb:319:in `block in save'
/usr/local/rvm/gems/ruby-2.3.0/gems/activerecord-5.0.0.1/lib/active_record/transactions.rb:334:in `rollback_active_record_state!'
/usr/local/rvm/gems/ruby-2.3.0/gems/activerecord-5.0.0.1/lib/active_record/transactions.rb:318:in `save'
/usr/local/rvm/gems/ruby-2.3.0/gems/activerecord-5.0.0.1/lib/active_record/suppressor.rb:41:in `save'
/usr/local/rvm/gems/ruby-2.3.0/gems/activerecord-5.0.0.1/lib/active_record/persistence.rb:266:in `block in update'
/usr/local/rvm/gems/ruby-2.3.0/gems/activerecord-5.0.0.1/lib/active_record/transactions.rb:395:in `block in with_transaction_returning_status'
/usr/local/rvm/gems/ruby-2.3.0/gems/activerecord-5.0.0.1/lib/active_record/connection_adapters/abstract/database_statements.rb:230:in `transaction'
/usr/local/rvm/gems/ruby-2.3.0/gems/activerecord-5.0.0.1/lib/active_record/transactions.rb:211:in `transaction'
/usr/local/rvm/gems/ruby-2.3.0/gems/activerecord-5.0.0.1/lib/active_record/transactions.rb:392:in `with_transaction_returning_status'
/usr/local/rvm/gems/ruby-2.3.0/gems/activerecord-5.0.0.1/lib/active_record/persistence.rb:264:in `update'
/home/ubuntu/workspace/matchme/app/models/match.rb:25:in `add_percent'
/usr/local/rvm/gems/ruby-2.3.0/gems/activesupport-5.0.0.1/lib/active_support/callbacks.rb:382:in `block in make_lambda'
/usr/local/rvm/gems/ruby-2.3.0/gems/activesupport-5.0.0.1/lib/active_support/callbacks.rb:207:in `block in halting_and_conditional'
/usr/local/rvm/gems/ruby-2.3.0/gems/activesupport-5.0.0.1/lib/active_support/callbacks.rb:456:in `block in call'
/usr/local/rvm/gems/ruby-2.3.0/gems/activesupport-5.0.0.1/lib/active_support/callbacks.rb:456:in `each'
/usr/local/rvm/gems/ruby-2.3.0/gems/activesupport-5.0.0.1/lib/active_support/callbacks.rb:456:in `call'
/usr/local/rvm/gems/ruby-2.3.0/gems/activesupport-5.0.0.1/lib/active_support/callbacks.rb:101:in `__run_callbacks__'
/usr/local/rvm/gems/ruby-2.3.0/gems/activesupport-5.0.0.1/lib/active_support/callbacks.rb:750:in `_run_save_callbacks'
/usr/local/rvm/gems/ruby-2.3.0/gems/activerecord-5.0.0.1/lib/active_record/callbacks.rb:298:in `create_or_update'
/usr/local/rvm/gems/ruby-2.3.0/gems/activerecord-5.0.0.1/lib/active_record/persistence.rb:125:in `save'
/usr/local/rvm/gems/ruby-2.3.0/gems/activerecord-5.0.0.1/lib/active_record/validations.rb:44:in `save'
/usr/local/rvm/gems/ruby-2.3.0/gems/activerecord-5.0.0.1/lib/active_record/attribute_methods/dirty.rb:22:in `save'
/usr/local/rvm/gems/ruby-2.3.0/gems/activerecord-5.0.0.1/lib/active_record/transactions.rb:319:in `block (2 levels) in save'
/usr/local/rvm/gems/ruby-2.3.0/gems/activerecord-5.0.0.1/lib/active_record/transactions.rb:395:in `block in with_transaction_returning_status'
/usr/local/rvm/gems/ruby-2.3.0/gems/activerecord-5.0.0.1/lib/active_record/connection_adapters/abstract/database_statements.rb:230:in `transaction'
/usr/local/rvm/gems/ruby-2.3.0/gems/activerecord-5.0.0.1/lib/active_record/transactions.rb:211:in `transaction'
/usr/local/rvm/gems/ruby-2.3.0/gems/activerecord-5.0.0.1/lib/active_record/transactions.rb:392:in `with_transaction_returning_status'
/usr/local/rvm/gems/ruby-2.3.0/gems/activerecord-5.0.0.1/lib/active_record/transactions.rb:319:in `block in save'
/usr/local/rvm/gems/ruby-2.3.0/gems/activerecord-5.0.0.1/lib/active_record/transactions.rb:334:in `rollback_active_record_state!'
/usr/local/rvm/gems/ruby-2.3.0/gems/activerecord-5.0.0.1/lib/active_record/transactions.rb:318:in `save'
/usr/local/rvm/gems/ruby-2.3.0/gems/activerecord-5.0.0.1/lib/active_record/suppressor.rb:41:in `save'
/usr/local/rvm/gems/ruby-2.3.0/gems/activerecord-5.0.0.1/lib/active_record/persistence.rb:266:in `block in update'
/usr/local/rvm/gems/ruby-2.3.0/gems/activerecord-5.0.0.1/lib/active_record/transactions.rb:395:in `block in with_transaction_returning_status'
/usr/local/rvm/gems/ruby-2.3.0/gems/activerecord-5.0.0.1/lib/active_record/connection_adapters/abstract/database_statements.rb:230:in `transaction'
/usr/local/rvm/gems/ruby-2.3.0/gems/activerecord-5.0.0.1/lib/active_record/transactions.rb:211:in `transaction'
/usr/local/rvm/gems/ruby-2.3.0/gems/activerecord-5.0.0.1/lib/active_record/transactions.rb:392:in `with_transaction_returning_status'
/usr/local/rvm/gems/ruby-2.3.0/gems/activerecord-5.0.0.1/lib/active_record/persistence.rb:264:in `update'
/home/ubuntu/workspace/matchme/app/models/match.rb:25:in `add_percent'
/usr/local/rvm/gems/ruby-2.3.0/gems/activesupport-5.0.0.1/lib/active_support/callbacks.rb:382:in `block in make_lambda'
/usr/local/rvm/gems/ruby-2.3.0/gems/activesupport-5.0.0.1/lib/active_support/callbacks.rb:207:in `block in halting_and_conditional'
/usr/local/rvm/gems/ruby-2.3.0/gems/activesupport-5.0.0.1/lib/active_support/callbacks.rb:456:in `block in call'
/usr/local/rvm/gems/ruby-2.3.0/gems/activesupport-5.0.0.1/lib/active_support/callbacks.rb:456:in `each'
/usr/local/rvm/gems/ruby-2.3.0/gems/activesupport-5.0.0.1/lib/active_support/callbacks.rb:456:in `call'
/usr/local/rvm/gems/ruby-2.3.0/gems/activesupport-5.0.0.1/lib/active_support/callbacks.rb:101:in `__run_callbacks__'
/usr/local/rvm/gems/ruby-2.3.0/gems/activesupport-5.0.0.1/lib/active_support/callbacks.rb:750:in `_run_save_callbacks'
/usr/local/rvm/gems/ruby-2.3.0/gems/activerecord-5.0.0.1/lib/active_record/callbacks.rb:298:in `create_or_update'
/usr/local/rvm/gems/ruby-2.3.0/gems/activerecord-5.0.0.1/lib/active_record/persistence.rb:152:in `save!'
/usr/local/rvm/gems/ruby-2.3.0/gems/activerecord-5.0.0.1/lib/active_record/validations.rb:50:in `save!'
/usr/local/rvm/gems/ruby-2.3.0/gems/activerecord-5.0.0.1/lib/active_record/attribute_methods/dirty.rb:30:in `save!'
/usr/local/rvm/gems/ruby-2.3.0/gems/activerecord-5.0.0.1/lib/active_record/transactions.rb:324:in `block in save!'
/usr/local/rvm/gems/ruby-2.3.0/gems/activerecord-5.0.0.1/lib/active_record/transactions.rb:395:in `block in with_transaction_returning_status'
/usr/local/rvm/gems/ruby-2.3.0/gems/activerecord-5.0.0.1/lib/active_record/connection_adapters/abstract/database_statements.rb:230:in `transaction'
/usr/local/rvm/gems/ruby-2.3.0/gems/activerecord-5.0.0.1/lib/active_record/transactions.rb:211:in `transaction'
/usr/local/rvm/gems/ruby-2.3.0/gems/activerecord-5.0.0.1/lib/active_record/transactions.rb:392:in `with_transaction_returning_status'
/usr/local/rvm/gems/ruby-2.3.0/gems/activerecord-5.0.0.1/lib/active_record/transactions.rb:324:in `save!'
/usr/local/rvm/gems/ruby-2.3.0/gems/activerecord-5.0.0.1/lib/active_record/suppressor.rb:45:in `save!'
/usr/local/rvm/gems/ruby-2.3.0/gems/activerecord-5.0.0.1/lib/active_record/persistence.rb:51:in `create!'
/home/ubuntu/workspace/matchme/app/models/profile.rb:147:in `block in create_matches'
/home/ubuntu/workspace/matchme/app/models/profile.rb:146:in `each'
/home/ubuntu/workspace/matchme/app/models/profile.rb:146:in `create_matches'
/usr/local/rvm/gems/ruby-2.3.0/gems/activesupport-5.0.0.1/lib/active_support/callbacks.rb:382:in `block in make_lambda'
/usr/local/rvm/gems/ruby-2.3.0/gems/activesupport-5.0.0.1/lib/active_support/callbacks.rb:207:in `block in halting_and_conditional'
/usr/local/rvm/gems/ruby-2.3.0/gems/activesupport-5.0.0.1/lib/active_support/callbacks.rb:456:in `block in call'
/usr/local/rvm/gems/ruby-2.3.0/gems/activesupport-5.0.0.1/lib/active_support/callbacks.rb:456:in `each'
/usr/local/rvm/gems/ruby-2.3.0/gems/activesupport-5.0.0.1/lib/active_support/callbacks.rb:456:in `call'
/usr/local/rvm/gems/ruby-2.3.0/gems/activesupport-5.0.0.1/lib/active_support/callbacks.rb:101:in `__run_callbacks__'
/usr/local/rvm/gems/ruby-2.3.0/gems/activesupport-5.0.0.1/lib/active_support/callbacks.rb:750:in `_run_create_callbacks'
/usr/local/rvm/gems/ruby-2.3.0/gems/activerecord-5.0.0.1/lib/active_record/callbacks.rb:302:in `_create_record'
/usr/local/rvm/gems/ruby-2.3.0/gems/activerecord-5.0.0.1/lib/active_record/timestamp.rb:68:in `_create_record'
/usr/local/rvm/gems/ruby-2.3.0/gems/activerecord-5.0.0.1/lib/active_record/persistence.rb:534:in `create_or_update'
/usr/local/rvm/gems/ruby-2.3.0/gems/activerecord-5.0.0.1/lib/active_record/callbacks.rb:298:in `block in create_or_update'
/usr/local/rvm/gems/ruby-2.3.0/gems/activesupport-5.0.0.1/lib/active_support/callbacks.rb:126:in `call'
/usr/local/rvm/gems/ruby-2.3.0/gems/activesupport-5.0.0.1/lib/active_support/callbacks.rb:506:in `block (2 levels) in compile'
/usr/local/rvm/gems/ruby-2.3.0/gems/activesupport-5.0.0.1/lib/active_support/callbacks.rb:455:in `call'
/usr/local/rvm/gems/ruby-2.3.0/gems/activesupport-5.0.0.1/lib/active_support/callbacks.rb:101:in `__run_callbacks__'
/usr/local/rvm/gems/ruby-2.3.0/gems/activesupport-5.0.0.1/lib/active_support/callbacks.rb:750:in `_run_save_callbacks'
/usr/local/rvm/gems/ruby-2.3.0/gems/activerecord-5.0.0.1/lib/active_record/callbacks.rb:298:in `create_or_update'
/usr/local/rvm/gems/ruby-2.3.0/gems/activerecord-5.0.0.1/lib/active_record/persistence.rb:125:in `save'
/usr/local/rvm/gems/ruby-2.3.0/gems/activerecord-5.0.0.1/lib/active_record/validations.rb:44:in `save'
/usr/local/rvm/gems/ruby-2.3.0/gems/activerecord-5.0.0.1/lib/active_record/attribute_methods/dirty.rb:22:in `save'
/usr/local/rvm/gems/ruby-2.3.0/gems/activerecord-5.0.0.1/lib/active_record/transactions.rb:319:in `block (2 levels) in save'
/usr/local/rvm/gems/ruby-2.3.0/gems/activerecord-5.0.0.1/lib/active_record/transactions.rb:395:in `block in with_transaction_returning_status'
/usr/local/rvm/gems/ruby-2.3.0/gems/activerecord-5.0.0.1/lib/active_record/connection_adapters/abstract/database_statements.rb:232:in `block in transaction'
/usr/local/rvm/gems/ruby-2.3.0/gems/activerecord-5.0.0.1/lib/active_record/connection_adapters/abstract/transaction.rb:189:in `within_new_transaction'
/usr/local/rvm/gems/ruby-2.3.0/gems/activerecord-5.0.0.1/lib/active_record/connection_adapters/abstract/database_statements.rb:232:in `transaction'
/usr/local/rvm/gems/ruby-2.3.0/gems/activerecord-5.0.0.1/lib/active_record/transactions.rb:211:in `transaction'
/usr/local/rvm/gems/ruby-2.3.0/gems/activerecord-5.0.0.1/lib/active_record/transactions.rb:392:in `with_transaction_returning_status'
/usr/local/rvm/gems/ruby-2.3.0/gems/activerecord-5.0.0.1/lib/active_record/transactions.rb:319:in `block in save'
/usr/local/rvm/gems/ruby-2.3.0/gems/activerecord-5.0.0.1/lib/active_record/transactions.rb:334:in `rollback_active_record_state!'
/usr/local/rvm/gems/ruby-2.3.0/gems/activerecord-5.0.0.1/lib/active_record/transactions.rb:318:in `save'
/usr/local/rvm/gems/ruby-2.3.0/gems/activerecord-5.0.0.1/lib/active_record/suppressor.rb:41:in `save'
/usr/local/rvm/gems/ruby-2.3.0/gems/activerecord-5.0.0.1/lib/active_record/associations/singular_association.rb:79:in `_create_record'
/usr/local/rvm/gems/ruby-2.3.0/gems/activerecord-5.0.0.1/lib/active_record/associations/singular_association.rb:31:in `create!'
/usr/local/rvm/gems/ruby-2.3.0/gems/activerecord-5.0.0.1/lib/active_record/associations/builder/singular_association.rb:26:in `create_profile!'
/home/ubuntu/workspace/matchme/db/seeds.rb:38:in `<top (required)>'
/usr/local/rvm/gems/ruby-2.3.0/gems/activesupport-5.0.0.1/lib/active_support/dependencies.rb:287:in `load'
/usr/local/rvm/gems/ruby-2.3.0/gems/activesupport-5.0.0.1/lib/active_support/dependencies.rb:287:in `block in load'
/usr/local/rvm/gems/ruby-2.3.0/gems/activesupport-5.0.0.1/lib/active_support/dependencies.rb:259:in `load_dependency'
/usr/local/rvm/gems/ruby-2.3.0/gems/activesupport-5.0.0.1/lib/active_support/dependencies.rb:287:in `load'
/usr/local/rvm/gems/ruby-2.3.0/gems/railties-5.0.0.1/lib/rails/engine.rb:549:in `load_seed'
/usr/local/rvm/gems/ruby-2.3.0/gems/activerecord-5.0.0.1/lib/active_record/tasks/database_tasks.rb:268:in `load_seed'
/usr/local/rvm/gems/ruby-2.3.0/gems/activerecord-5.0.0.1/lib/active_record/railties/databases.rake:196:in `block (2 levels) in <top (required)>'
/usr/local/rvm/gems/ruby-2.3.0/gems/railties-5.0.0.1/lib/rails/commands/rake_proxy.rb:13:in `block in run_rake_task'
/usr/local/rvm/gems/ruby-2.3.0/gems/railties-5.0.0.1/lib/rails/commands/rake_proxy.rb:10:in `run_rake_task'
/usr/local/rvm/gems/ruby-2.3.0/gems/railties-5.0.0.1/lib/rails/commands/commands_tasks.rb:51:in `run_command!'
/usr/local/rvm/gems/ruby-2.3.0/gems/railties-5.0.0.1/lib/rails/commands.rb:18:in `<top (required)>'
/home/ubuntu/workspace/matchme/bin/rails:9:in `require'
/home/ubuntu/workspace/matchme/bin/rails:9:in `<top (required)>'
/usr/local/rvm/gems/ruby-2.3.0/gems/spring-1.7.2/lib/spring/client/rails.rb:28:in `load'
/usr/local/rvm/gems/ruby-2.3.0/gems/spring-1.7.2/lib/spring/client/rails.rb:28:in `call'
/usr/local/rvm/gems/ruby-2.3.0/gems/spring-1.7.2/lib/spring/client/command.rb:7:in `call'
/usr/local/rvm/gems/ruby-2.3.0/gems/spring-1.7.2/lib/spring/client.rb:30:in `run'
/usr/local/rvm/gems/ruby-2.3.0/gems/spring-1.7.2/bin/spring:49:in `<top (required)>'
/usr/local/rvm/gems/ruby-2.3.0/gems/spring-1.7.2/lib/spring/binstub.rb:11:in `load'
/usr/local/rvm/gems/ruby-2.3.0/gems/spring-1.7.2/lib/spring/binstub.rb:11:in `<top (required)>'
/home/ubuntu/workspace/matchme/bin/spring:15:in `require'
/home/ubuntu/workspace/matchme/bin/spring:15:in `<top (required)>'
bin/rails:3:in `load'
bin/rails:3:in `<main>'
Tasks: TOP => db:seed
(See full trace by running task with --trace)
